mode: set
goldbox-rpg/pkg/game/ai_behaviors.go:23.41,24.11 1 1
goldbox-rpg/pkg/game/ai_behaviors.go:25.21,26.19 1 1
goldbox-rpg/pkg/game/ai_behaviors.go:27.21,28.19 1 1
goldbox-rpg/pkg/game/ai_behaviors.go:29.21,30.19 1 1
goldbox-rpg/pkg/game/ai_behaviors.go:31.10,32.19 1 1
goldbox-rpg/pkg/game/ai_behaviors.go:66.75,71.2 1 1
goldbox-rpg/pkg/game/ai_behaviors.go:74.76,81.35 2 1
goldbox-rpg/pkg/game/ai_behaviors.go:81.35,83.30 2 1
goldbox-rpg/pkg/game/ai_behaviors.go:83.30,91.4 2 1
goldbox-rpg/pkg/game/ai_behaviors.go:93.2,93.22 1 1
goldbox-rpg/pkg/game/ai_behaviors.go:105.75,110.2 1 1
goldbox-rpg/pkg/game/ai_behaviors.go:113.76,120.35 2 1
goldbox-rpg/pkg/game/ai_behaviors.go:120.35,122.30 2 1
goldbox-rpg/pkg/game/ai_behaviors.go:122.30,130.4 2 1
goldbox-rpg/pkg/game/ai_behaviors.go:132.2,132.22 1 1
goldbox-rpg/pkg/game/ai_behaviors.go:143.56,145.2 1 1
goldbox-rpg/pkg/game/ai_behaviors.go:148.76,150.16 2 1
goldbox-rpg/pkg/game/ai_behaviors.go:151.21,152.23 1 1
goldbox-rpg/pkg/game/ai_behaviors.go:153.21,154.23 1 1
goldbox-rpg/pkg/game/ai_behaviors.go:155.10,156.16 1 1
goldbox-rpg/pkg/game/ai_behaviors.go:168.63,174.2 1 1
goldbox-rpg/pkg/game/ai_behaviors.go:177.74,178.32 1 1
goldbox-rpg/pkg/game/ai_behaviors.go:178.32,181.3 2 1
goldbox-rpg/pkg/game/ai_behaviors.go:183.2,184.29 2 1
goldbox-rpg/pkg/game/ai_behaviors.go:184.29,187.3 2 1
goldbox-rpg/pkg/game/ai_behaviors.go:189.2,189.29 1 1
goldbox-rpg/pkg/game/ai_behaviors.go:189.29,191.3 1 1
goldbox-rpg/pkg/game/ai_behaviors.go:192.2,192.22 1 1
goldbox-rpg/pkg/game/ai_behaviors.go:202.104,207.2 1 1
goldbox-rpg/pkg/game/ai_behaviors.go:210.77,218.12 3 1
goldbox-rpg/pkg/game/ai_behaviors.go:218.12,220.3 1 1
goldbox-rpg/pkg/game/ai_behaviors.go:221.2,221.22 1 1
goldbox-rpg/pkg/game/ai_behaviors.go:231.105,236.2 1 1
goldbox-rpg/pkg/game/ai_behaviors.go:239.74,246.2 2 1
goldbox-rpg/pkg/game/ai_behaviors.go:251.88,252.51 1 1
goldbox-rpg/pkg/game/ai_behaviors.go:252.51,255.17 3 1
goldbox-rpg/pkg/game/ai_behaviors.go:255.17,257.4 1 1
goldbox-rpg/pkg/game/ai_behaviors.go:258.3,259.27 2 1
goldbox-rpg/pkg/game/ai_behaviors.go:264.87,265.51 1 1
goldbox-rpg/pkg/game/ai_behaviors.go:265.51,266.24 1 1
goldbox-rpg/pkg/game/ai_behaviors.go:266.24,268.4 1 1
goldbox-rpg/pkg/game/ai_behaviors.go:269.3,273.25 4 1
goldbox-rpg/pkg/game/ai_behaviors.go:278.87,279.51 1 0
goldbox-rpg/pkg/game/ai_behaviors.go:279.51,280.24 1 0
goldbox-rpg/pkg/game/ai_behaviors.go:280.24,282.4 1 0
goldbox-rpg/pkg/game/ai_behaviors.go:283.3,287.24 4 0
goldbox-rpg/pkg/game/ai_behaviors.go:292.81,293.51 1 1
goldbox-rpg/pkg/game/ai_behaviors.go:293.51,295.37 2 1
goldbox-rpg/pkg/game/ai_behaviors.go:295.37,296.21 1 1
goldbox-rpg/pkg/game/ai_behaviors.go:296.21,297.13 1 1
goldbox-rpg/pkg/game/ai_behaviors.go:299.4,301.22 2 1
goldbox-rpg/pkg/game/ai_behaviors.go:301.22,303.5 1 1
goldbox-rpg/pkg/game/ai_behaviors.go:305.3,305.15 1 1
goldbox-rpg/pkg/game/ai_behaviors.go:310.94,311.51 1 0
goldbox-rpg/pkg/game/ai_behaviors.go:311.51,314.35 3 0
goldbox-rpg/pkg/game/ai_behaviors.go:314.35,317.22 2 0
goldbox-rpg/pkg/game/ai_behaviors.go:317.22,319.5 1 0
goldbox-rpg/pkg/game/ai_behaviors.go:321.3,321.27 1 0
goldbox-rpg/pkg/game/ai_behaviors.go:326.60,327.51 1 1
goldbox-rpg/pkg/game/ai_behaviors.go:327.51,329.3 1 0
goldbox-rpg/pkg/game/ai_behaviors.go:333.64,334.51 1 1
goldbox-rpg/pkg/game/ai_behaviors.go:334.51,336.3 1 1
goldbox-rpg/pkg/game/ai_behaviors.go:342.73,343.61 1 1
goldbox-rpg/pkg/game/ai_behaviors.go:343.61,344.49 1 0
goldbox-rpg/pkg/game/ai_behaviors.go:344.49,346.4 1 0
goldbox-rpg/pkg/game/ai_behaviors.go:348.3,352.30 4 0
goldbox-rpg/pkg/game/ai_behaviors.go:352.30,354.4 1 0
goldbox-rpg/pkg/game/ai_behaviors.go:357.3,365.23 3 0
goldbox-rpg/pkg/game/ai_behaviors.go:370.75,371.61 1 0
goldbox-rpg/pkg/game/ai_behaviors.go:371.61,372.52 1 0
goldbox-rpg/pkg/game/ai_behaviors.go:372.52,374.4 1 0
goldbox-rpg/pkg/game/ai_behaviors.go:376.3,380.30 4 0
goldbox-rpg/pkg/game/ai_behaviors.go:380.30,382.4 1 0
goldbox-rpg/pkg/game/ai_behaviors.go:385.3,387.23 2 0
goldbox-rpg/pkg/game/ai_behaviors.go:392.73,393.61 1 1
goldbox-rpg/pkg/game/ai_behaviors.go:393.61,394.24 1 0
goldbox-rpg/pkg/game/ai_behaviors.go:394.24,396.4 1 0
goldbox-rpg/pkg/game/ai_behaviors.go:399.3,404.23 5 0
goldbox-rpg/pkg/game/ai_behaviors.go:404.23,407.4 1 0
goldbox-rpg/pkg/game/ai_behaviors.go:410.3,416.23 2 0
goldbox-rpg/pkg/game/ai_behaviors.go:421.65,422.61 1 1
goldbox-rpg/pkg/game/ai_behaviors.go:422.61,423.71 1 0
goldbox-rpg/pkg/game/ai_behaviors.go:423.71,425.4 1 0
goldbox-rpg/pkg/game/ai_behaviors.go:428.3,432.30 4 0
goldbox-rpg/pkg/game/ai_behaviors.go:432.30,434.4 1 0
goldbox-rpg/pkg/game/ai_behaviors.go:436.3,444.23 3 0
goldbox-rpg/pkg/game/ai_behaviors.go:449.87,451.61 2 1
goldbox-rpg/pkg/game/ai_behaviors.go:451.61,452.51 1 0
goldbox-rpg/pkg/game/ai_behaviors.go:452.51,454.4 1 0
goldbox-rpg/pkg/game/ai_behaviors.go:456.3,460.51 3 0
goldbox-rpg/pkg/game/ai_behaviors.go:460.51,463.4 2 0
goldbox-rpg/pkg/game/ai_behaviors.go:466.3,467.30 2 0
goldbox-rpg/pkg/game/ai_behaviors.go:467.30,469.4 1 0
goldbox-rpg/pkg/game/ai_behaviors.go:471.3,472.23 2 0
goldbox-rpg/pkg/game/ai_behaviors.go:477.65,478.61 1 1
goldbox-rpg/pkg/game/ai_behaviors.go:478.61,480.3 1 1
goldbox-rpg/pkg/game/ai_behaviors.go:484.79,485.61 1 1
goldbox-rpg/pkg/game/ai_behaviors.go:485.61,486.28 1 1
goldbox-rpg/pkg/game/ai_behaviors.go:486.28,489.4 2 1
goldbox-rpg/pkg/game/ai_behaviors.go:491.3,495.37 4 1
goldbox-rpg/pkg/game/ai_behaviors.go:495.37,496.21 1 1
goldbox-rpg/pkg/game/ai_behaviors.go:496.21,497.13 1 1
goldbox-rpg/pkg/game/ai_behaviors.go:499.4,501.22 2 1
goldbox-rpg/pkg/game/ai_behaviors.go:501.22,504.5 2 1
goldbox-rpg/pkg/game/ai_behaviors.go:507.3,507.21 1 1
goldbox-rpg/pkg/game/ai_behaviors.go:507.21,510.4 2 1
goldbox-rpg/pkg/game/ai_behaviors.go:512.3,513.23 2 1
goldbox-rpg/pkg/game/ai_behaviors.go:523.52,525.2 1 1
goldbox-rpg/pkg/game/ai_behaviors.go:528.100,531.2 2 1
goldbox-rpg/pkg/game/ai_behaviors.go:534.100,537.2 2 1
goldbox-rpg/pkg/game/ai_behaviors.go:540.52,542.2 1 1
goldbox-rpg/pkg/game/ai_behaviors.go:549.60,578.2 1 1
goldbox-rpg/pkg/game/ai_behaviors.go:582.55,602.2 1 1
goldbox-rpg/pkg/game/ai_behaviors.go:605.76,625.2 1 1
goldbox-rpg/pkg/game/ai_behaviors.go:629.56,646.2 1 1
goldbox-rpg/pkg/game/ai_combat.go:31.67,36.2 1 1
goldbox-rpg/pkg/game/ai_combat.go:40.91,44.23 3 1
goldbox-rpg/pkg/game/ai_combat.go:44.23,46.3 1 1
goldbox-rpg/pkg/game/ai_combat.go:48.2,49.32 2 1
goldbox-rpg/pkg/game/ai_combat.go:49.32,50.64 1 1
goldbox-rpg/pkg/game/ai_combat.go:50.64,52.4 1 1
goldbox-rpg/pkg/game/ai_combat.go:55.2,55.26 1 1
goldbox-rpg/pkg/game/ai_combat.go:55.26,57.3 1 0
goldbox-rpg/pkg/game/ai_combat.go:59.2,59.23 1 1
goldbox-rpg/pkg/game/ai_combat.go:60.24,61.43 1 1
goldbox-rpg/pkg/game/ai_combat.go:62.26,63.49 1 1
goldbox-rpg/pkg/game/ai_combat.go:64.24,65.49 1 1
goldbox-rpg/pkg/game/ai_combat.go:66.10,67.43 1 0
goldbox-rpg/pkg/game/ai_combat.go:73.103,78.36 3 1
goldbox-rpg/pkg/game/ai_combat.go:78.36,80.3 1 1
goldbox-rpg/pkg/game/ai_combat.go:82.2,83.19 2 1
goldbox-rpg/pkg/game/ai_combat.go:83.19,85.3 1 0
goldbox-rpg/pkg/game/ai_combat.go:88.2,91.19 2 1
goldbox-rpg/pkg/game/ai_combat.go:91.19,93.3 1 1
goldbox-rpg/pkg/game/ai_combat.go:96.2,96.78 1 1
goldbox-rpg/pkg/game/ai_combat.go:100.72,105.73 3 1
goldbox-rpg/pkg/game/ai_combat.go:105.73,107.3 1 1
goldbox-rpg/pkg/game/ai_combat.go:110.2,113.23 3 1
goldbox-rpg/pkg/game/ai_combat.go:114.24,115.25 1 1
goldbox-rpg/pkg/game/ai_combat.go:116.26,117.25 1 1
goldbox-rpg/pkg/game/ai_combat.go:118.24,119.25 1 1
goldbox-rpg/pkg/game/ai_combat.go:122.2,122.38 1 1
goldbox-rpg/pkg/game/ai_combat.go:122.38,124.3 1 1
goldbox-rpg/pkg/game/ai_combat.go:127.2,127.41 1 1
goldbox-rpg/pkg/game/ai_combat.go:127.41,129.34 2 1
goldbox-rpg/pkg/game/ai_combat.go:129.34,130.21 1 1
goldbox-rpg/pkg/game/ai_combat.go:130.21,132.5 1 1
goldbox-rpg/pkg/game/ai_combat.go:135.3,135.48 1 1
goldbox-rpg/pkg/game/ai_combat.go:135.48,137.4 1 1
goldbox-rpg/pkg/game/ai_combat.go:140.2,140.14 1 1
goldbox-rpg/pkg/game/ai_combat.go:158.76,159.26 1 1
goldbox-rpg/pkg/game/ai_combat.go:159.26,161.3 1 0
goldbox-rpg/pkg/game/ai_combat.go:162.2,162.47 1 1
goldbox-rpg/pkg/game/ai_combat.go:166.87,167.26 1 1
goldbox-rpg/pkg/game/ai_combat.go:167.26,169.3 1 0
goldbox-rpg/pkg/game/ai_combat.go:171.2,174.43 3 1
goldbox-rpg/pkg/game/ai_combat.go:174.43,176.29 2 1
goldbox-rpg/pkg/game/ai_combat.go:176.29,179.4 2 1
goldbox-rpg/pkg/game/ai_combat.go:182.2,182.16 1 1
goldbox-rpg/pkg/game/ai_combat.go:187.87,188.26 1 1
goldbox-rpg/pkg/game/ai_combat.go:188.26,190.3 1 0
goldbox-rpg/pkg/game/ai_combat.go:192.2,199.39 3 1
goldbox-rpg/pkg/game/ai_combat.go:199.39,202.3 2 1
goldbox-rpg/pkg/game/ai_combat.go:205.2,206.32 2 1
goldbox-rpg/pkg/game/ai_combat.go:206.32,207.28 1 1
goldbox-rpg/pkg/game/ai_combat.go:207.28,209.4 1 1
goldbox-rpg/pkg/game/ai_combat.go:212.2,212.23 1 1
goldbox-rpg/pkg/game/ai_combat.go:216.79,221.25 3 1
goldbox-rpg/pkg/game/ai_combat.go:221.25,223.3 1 1
goldbox-rpg/pkg/game/ai_combat.go:223.8,223.32 1 1
goldbox-rpg/pkg/game/ai_combat.go:223.32,225.3 1 0
goldbox-rpg/pkg/game/ai_combat.go:228.2,235.14 5 1
goldbox-rpg/pkg/game/ai_combat.go:239.56,241.2 1 1
goldbox-rpg/pkg/game/ai_combat.go:244.62,246.2 1 1
goldbox-rpg/pkg/game/ai_combat.go:249.80,251.30 2 1
goldbox-rpg/pkg/game/ai_combat.go:251.30,253.3 1 0
goldbox-rpg/pkg/game/ai_combat.go:256.2,256.19 1 1
goldbox-rpg/pkg/game/ai_combat.go:256.19,258.3 1 1
goldbox-rpg/pkg/game/ai_combat.go:260.2,260.16 1 0
goldbox-rpg/pkg/game/ai_combat.go:264.96,269.33 3 1
goldbox-rpg/pkg/game/ai_combat.go:269.33,270.20 1 1
goldbox-rpg/pkg/game/ai_combat.go:270.20,274.4 3 1
goldbox-rpg/pkg/game/ai_combat.go:277.2,277.24 1 1
goldbox-rpg/pkg/game/ai_combat.go:277.24,279.3 1 0
goldbox-rpg/pkg/game/ai_combat.go:281.2,290.16 6 1
goldbox-rpg/pkg/game/ai_combat.go:290.16,293.3 2 1
goldbox-rpg/pkg/game/ai_combat.go:295.2,302.58 2 1
goldbox-rpg/pkg/game/ai_combat.go:302.58,304.3 1 1
goldbox-rpg/pkg/game/ai_combat.go:307.2,321.33 4 0
goldbox-rpg/pkg/game/ai_combat.go:321.33,322.45 1 0
goldbox-rpg/pkg/game/ai_combat.go:322.45,324.26 2 0
goldbox-rpg/pkg/game/ai_combat.go:324.26,327.5 2 0
goldbox-rpg/pkg/game/ai_combat.go:331.2,331.16 1 0
goldbox-rpg/pkg/game/ai_combat.go:335.71,339.2 3 0
goldbox-rpg/pkg/game/character.go:11.13,14.2 1 1
goldbox-rpg/pkg/game/character.go:93.40,131.38 5 1
goldbox-rpg/pkg/game/character.go:131.38,133.3 1 1
goldbox-rpg/pkg/game/character.go:136.2,151.14 5 1
goldbox-rpg/pkg/game/character.go:162.37,182.2 6 1
goldbox-rpg/pkg/game/character.go:192.39,210.2 4 1
goldbox-rpg/pkg/game/character.go:225.43,240.14 6 1
goldbox-rpg/pkg/game/character.go:240.14,242.3 1 1
goldbox-rpg/pkg/game/character.go:244.2,244.20 1 1
goldbox-rpg/pkg/game/character.go:244.20,246.3 1 1
goldbox-rpg/pkg/game/character.go:248.2,255.31 1 1
goldbox-rpg/pkg/game/character.go:263.43,283.2 6 1
goldbox-rpg/pkg/game/character.go:290.55,304.24 6 1
goldbox-rpg/pkg/game/character.go:304.24,313.3 2 0
goldbox-rpg/pkg/game/character.go:315.2,315.40 1 1
goldbox-rpg/pkg/game/character.go:315.40,325.3 2 0
goldbox-rpg/pkg/game/character.go:327.2,334.37 1 1
goldbox-rpg/pkg/game/character.go:342.46,362.2 6 1
goldbox-rpg/pkg/game/character.go:372.56,384.27 5 1
goldbox-rpg/pkg/game/character.go:384.27,393.3 2 1
goldbox-rpg/pkg/game/character.go:395.2,406.13 3 1
goldbox-rpg/pkg/game/character.go:412.43,432.2 6 1
goldbox-rpg/pkg/game/character.go:440.36,459.2 6 1
goldbox-rpg/pkg/game/character.go:470.38,490.2 6 1
goldbox-rpg/pkg/game/character.go:500.45,520.2 6 1
goldbox-rpg/pkg/game/character.go:527.44,547.2 6 1
goldbox-rpg/pkg/game/character.go:556.53,570.41 5 1
goldbox-rpg/pkg/game/character.go:570.41,579.3 2 1
goldbox-rpg/pkg/game/character.go:581.2,591.12 3 1
goldbox-rpg/pkg/game/character.go:602.92,618.52 5 1
goldbox-rpg/pkg/game/character.go:618.52,630.3 2 0
goldbox-rpg/pkg/game/character.go:632.2,642.12 3 1
goldbox-rpg/pkg/game/character.go:652.37,672.2 6 1
goldbox-rpg/pkg/game/character.go:686.44,707.2 6 1
goldbox-rpg/pkg/game/character.go:723.40,727.2 3 1
goldbox-rpg/pkg/game/character.go:741.46,745.2 3 1
goldbox-rpg/pkg/game/character.go:759.49,763.2 3 1
goldbox-rpg/pkg/game/character.go:780.57,785.19 3 1
goldbox-rpg/pkg/game/character.go:785.19,787.3 1 1
goldbox-rpg/pkg/game/character.go:790.2,793.43 3 1
goldbox-rpg/pkg/game/character.go:793.43,798.3 4 1
goldbox-rpg/pkg/game/character.go:801.2,802.12 2 1
goldbox-rpg/pkg/game/character.go:815.75,819.35 3 1
goldbox-rpg/pkg/game/character.go:819.35,820.24 1 1
goldbox-rpg/pkg/game/character.go:820.24,825.4 3 1
goldbox-rpg/pkg/game/character.go:828.2,828.66 1 1
goldbox-rpg/pkg/game/character.go:841.69,845.35 3 1
goldbox-rpg/pkg/game/character.go:845.35,846.24 1 1
goldbox-rpg/pkg/game/character.go:846.24,848.4 1 1
goldbox-rpg/pkg/game/character.go:850.2,850.16 1 1
goldbox-rpg/pkg/game/character.go:859.43,866.2 5 1
goldbox-rpg/pkg/game/character.go:874.46,879.2 3 1
goldbox-rpg/pkg/game/character.go:882.48,886.35 2 1
goldbox-rpg/pkg/game/character.go:886.35,888.3 1 1
goldbox-rpg/pkg/game/character.go:891.2,891.35 1 1
goldbox-rpg/pkg/game/character.go:891.35,893.3 1 1
goldbox-rpg/pkg/game/character.go:895.2,895.20 1 1
goldbox-rpg/pkg/game/character.go:899.56,904.2 3 1
goldbox-rpg/pkg/game/character.go:915.49,919.35 3 1
goldbox-rpg/pkg/game/character.go:919.35,920.24 1 1
goldbox-rpg/pkg/game/character.go:920.24,922.4 1 1
goldbox-rpg/pkg/game/character.go:924.2,924.14 1 1
goldbox-rpg/pkg/game/character.go:936.53,941.35 4 1
goldbox-rpg/pkg/game/character.go:941.35,942.28 1 1
goldbox-rpg/pkg/game/character.go:942.28,944.4 1 1
goldbox-rpg/pkg/game/character.go:946.2,946.14 1 1
goldbox-rpg/pkg/game/character.go:959.85,961.31 1 1
goldbox-rpg/pkg/game/character.go:961.31,966.3 4 1
goldbox-rpg/pkg/game/character.go:966.8,971.3 4 0
goldbox-rpg/pkg/game/character.go:974.2,976.35 3 1
goldbox-rpg/pkg/game/character.go:976.35,977.24 1 1
goldbox-rpg/pkg/game/character.go:977.24,980.9 3 1
goldbox-rpg/pkg/game/character.go:984.2,984.21 1 1
goldbox-rpg/pkg/game/character.go:984.21,986.3 1 1
goldbox-rpg/pkg/game/character.go:989.2,992.63 3 1
goldbox-rpg/pkg/game/character.go:992.63,994.3 1 0
goldbox-rpg/pkg/game/character.go:997.2,1002.12 3 1
goldbox-rpg/pkg/game/character.go:1007.43,1008.28 1 1
goldbox-rpg/pkg/game/character.go:1008.28,1011.3 2 1
goldbox-rpg/pkg/game/character.go:1015.38,1028.2 1 1
goldbox-rpg/pkg/game/character.go:1031.55,1033.28 2 1
goldbox-rpg/pkg/game/character.go:1033.28,1036.3 2 1
goldbox-rpg/pkg/game/character.go:1037.2,1042.24 5 1
goldbox-rpg/pkg/game/character.go:1048.53,1053.2 4 1
goldbox-rpg/pkg/game/character.go:1056.57,1061.2 4 1
goldbox-rpg/pkg/game/character.go:1064.59,1067.28 3 1
goldbox-rpg/pkg/game/character.go:1067.28,1069.3 1 1
goldbox-rpg/pkg/game/character.go:1070.2,1070.46 1 1
goldbox-rpg/pkg/game/character.go:1074.44,1077.28 3 1
goldbox-rpg/pkg/game/character.go:1077.28,1079.3 1 1
goldbox-rpg/pkg/game/character.go:1080.2,1080.37 1 1
goldbox-rpg/pkg/game/character.go:1084.76,1086.28 2 1
goldbox-rpg/pkg/game/character.go:1086.28,1089.3 2 1
goldbox-rpg/pkg/game/character.go:1090.2,1095.17 5 1
goldbox-rpg/pkg/game/character.go:1099.39,1100.51 1 1
goldbox-rpg/pkg/game/character.go:1100.51,1102.3 1 1
goldbox-rpg/pkg/game/character.go:1106.44,1111.2 4 1
goldbox-rpg/pkg/game/character.go:1114.43,1115.51 1 1
goldbox-rpg/pkg/game/character.go:1115.51,1117.3 1 1
goldbox-rpg/pkg/game/character.go:1128.36,1132.2 3 1
goldbox-rpg/pkg/game/character.go:1140.43,1144.2 3 1
goldbox-rpg/pkg/game/character.go:1156.59,1157.12 1 1
goldbox-rpg/pkg/game/character.go:1157.12,1159.3 1 1
goldbox-rpg/pkg/game/character.go:1161.2,1169.25 6 1
goldbox-rpg/pkg/game/character.go:1169.25,1172.32 2 1
goldbox-rpg/pkg/game/character.go:1172.32,1174.4 1 1
goldbox-rpg/pkg/game/character.go:1175.3,1175.19 1 1
goldbox-rpg/pkg/game/character.go:1178.2,1178.19 1 1
goldbox-rpg/pkg/game/character.go:1190.47,1191.15 1 1
goldbox-rpg/pkg/game/character.go:1191.15,1193.3 1 1
goldbox-rpg/pkg/game/character.go:1195.2,1198.12 4 1
goldbox-rpg/pkg/game/character.go:1210.51,1211.12 1 1
goldbox-rpg/pkg/game/character.go:1211.12,1213.3 1 1
goldbox-rpg/pkg/game/character.go:1215.2,1218.12 4 1
goldbox-rpg/pkg/game/character.go:1227.54,1232.23 4 1
goldbox-rpg/pkg/game/character.go:1232.23,1234.3 1 0
goldbox-rpg/pkg/game/character.go:1236.2,1237.19 2 1
goldbox-rpg/pkg/game/character.go:1237.19,1239.3 1 0
goldbox-rpg/pkg/game/character.go:1240.2,1240.18 1 1
goldbox-rpg/pkg/game/character.go:1245.56,1247.6 2 1
goldbox-rpg/pkg/game/character.go:1247.6,1249.52 2 1
goldbox-rpg/pkg/game/character.go:1249.52,1250.9 1 1
goldbox-rpg/pkg/game/character.go:1252.3,1252.10 1 1
goldbox-rpg/pkg/game/character.go:1254.2,1254.14 1 1
goldbox-rpg/pkg/game/character.go:1259.68,1260.16 1 1
goldbox-rpg/pkg/game/character.go:1260.16,1262.3 1 1
goldbox-rpg/pkg/game/character.go:1263.2,1263.16 1 1
goldbox-rpg/pkg/game/character.go:1263.16,1265.3 1 1
goldbox-rpg/pkg/game/character.go:1269.2,1269.15 1 1
goldbox-rpg/pkg/game/character.go:1270.9,1271.14 1 1
goldbox-rpg/pkg/game/character.go:1272.9,1273.14 1 1
goldbox-rpg/pkg/game/character.go:1274.9,1275.14 1 1
goldbox-rpg/pkg/game/character.go:1276.9,1277.14 1 1
goldbox-rpg/pkg/game/character.go:1278.9,1279.15 1 1
goldbox-rpg/pkg/game/character.go:1280.9,1281.15 1 0
goldbox-rpg/pkg/game/character.go:1282.9,1283.15 1 0
goldbox-rpg/pkg/game/character.go:1284.9,1285.16 1 0
goldbox-rpg/pkg/game/character.go:1286.10,1287.16 1 1
goldbox-rpg/pkg/game/character.go:1288.10,1291.31 2 0
goldbox-rpg/pkg/game/character.go:1291.31,1293.4 1 0
goldbox-rpg/pkg/game/character.go:1294.3,1294.16 1 0
goldbox-rpg/pkg/game/character_creation.go:91.46,93.2 1 1
goldbox-rpg/pkg/game/character_creation.go:108.64,122.2 4 1
goldbox-rpg/pkg/game/character_creation.go:135.101,138.66 2 1
goldbox-rpg/pkg/game/character_creation.go:138.66,140.3 1 1
goldbox-rpg/pkg/game/character_creation.go:142.2,143.16 2 1
goldbox-rpg/pkg/game/character_creation.go:143.16,145.3 1 1
goldbox-rpg/pkg/game/character_creation.go:147.2,154.15 6 1
goldbox-rpg/pkg/game/character_creation.go:158.80,167.2 1 1
goldbox-rpg/pkg/game/character_creation.go:170.122,171.50 1 1
goldbox-rpg/pkg/game/character_creation.go:171.50,174.3 2 1
goldbox-rpg/pkg/game/character_creation.go:175.2,175.12 1 1
goldbox-rpg/pkg/game/character_creation.go:179.145,181.16 2 1
goldbox-rpg/pkg/game/character_creation.go:181.16,184.3 2 0
goldbox-rpg/pkg/game/character_creation.go:186.2,186.79 1 1
goldbox-rpg/pkg/game/character_creation.go:186.79,189.3 2 1
goldbox-rpg/pkg/game/character_creation.go:191.2,191.24 1 1
goldbox-rpg/pkg/game/character_creation.go:195.118,215.2 1 1
goldbox-rpg/pkg/game/character_creation.go:218.139,219.30 1 1
goldbox-rpg/pkg/game/character_creation.go:219.30,223.3 3 1
goldbox-rpg/pkg/game/character_creation.go:227.76,235.2 1 1
goldbox-rpg/pkg/game/character_creation.go:238.150,243.2 4 1
goldbox-rpg/pkg/game/character_creation.go:260.104,263.32 2 1
goldbox-rpg/pkg/game/character_creation.go:264.14,270.46 6 1
goldbox-rpg/pkg/game/character_creation.go:272.18,273.53 1 1
goldbox-rpg/pkg/game/character_creation.go:275.18,276.58 1 1
goldbox-rpg/pkg/game/character_creation.go:278.16,279.37 1 1
goldbox-rpg/pkg/game/character_creation.go:279.37,281.4 1 0
goldbox-rpg/pkg/game/character_creation.go:282.3,282.51 1 1
goldbox-rpg/pkg/game/character_creation.go:282.51,283.31 1 1
goldbox-rpg/pkg/game/character_creation.go:283.31,285.5 1 0
goldbox-rpg/pkg/game/character_creation.go:286.4,286.27 1 1
goldbox-rpg/pkg/game/character_creation.go:289.10,290.81 1 0
goldbox-rpg/pkg/game/character_creation.go:293.2,293.24 1 1
goldbox-rpg/pkg/game/character_creation.go:301.49,303.25 2 1
goldbox-rpg/pkg/game/character_creation.go:303.25,305.3 1 1
goldbox-rpg/pkg/game/character_creation.go:308.2,310.25 3 1
goldbox-rpg/pkg/game/character_creation.go:310.25,311.26 1 1
goldbox-rpg/pkg/game/character_creation.go:311.26,314.4 2 1
goldbox-rpg/pkg/game/character_creation.go:317.2,318.25 2 1
goldbox-rpg/pkg/game/character_creation.go:318.25,319.20 1 1
goldbox-rpg/pkg/game/character_creation.go:319.20,321.4 1 1
goldbox-rpg/pkg/game/character_creation.go:324.2,324.14 1 1
goldbox-rpg/pkg/game/character_creation.go:336.102,350.13 4 1
goldbox-rpg/pkg/game/character_creation.go:350.13,352.3 1 0
goldbox-rpg/pkg/game/character_creation.go:355.2,365.47 2 1
goldbox-rpg/pkg/game/character_creation.go:365.47,366.54 1 1
goldbox-rpg/pkg/game/character_creation.go:366.54,367.63 1 1
goldbox-rpg/pkg/game/character_creation.go:367.63,369.35 2 1
goldbox-rpg/pkg/game/character_creation.go:369.35,371.6 1 1
goldbox-rpg/pkg/game/character_creation.go:372.5,372.37 1 1
goldbox-rpg/pkg/game/character_creation.go:372.37,375.6 2 1
goldbox-rpg/pkg/game/character_creation.go:375.11,377.6 1 0
goldbox-rpg/pkg/game/character_creation.go:383.2,384.53 2 1
goldbox-rpg/pkg/game/character_creation.go:384.53,388.32 3 1
goldbox-rpg/pkg/game/character_creation.go:388.32,390.34 2 1
goldbox-rpg/pkg/game/character_creation.go:390.34,392.5 1 1
goldbox-rpg/pkg/game/character_creation.go:394.4,394.36 1 1
goldbox-rpg/pkg/game/character_creation.go:394.36,397.5 2 1
goldbox-rpg/pkg/game/character_creation.go:397.10,400.5 1 1
goldbox-rpg/pkg/game/character_creation.go:401.9,404.4 1 1
goldbox-rpg/pkg/game/character_creation.go:407.2,407.24 1 1
goldbox-rpg/pkg/game/character_creation.go:423.107,432.45 4 1
goldbox-rpg/pkg/game/character_creation.go:432.45,434.3 1 1
goldbox-rpg/pkg/game/character_creation.go:436.2,436.24 1 1
goldbox-rpg/pkg/game/character_creation.go:442.86,444.15 1 1
goldbox-rpg/pkg/game/character_creation.go:445.20,447.97 1 1
goldbox-rpg/pkg/game/character_creation.go:448.17,450.97 1 0
goldbox-rpg/pkg/game/character_creation.go:451.19,453.97 1 0
goldbox-rpg/pkg/game/character_creation.go:454.18,456.97 1 1
goldbox-rpg/pkg/game/character_creation.go:457.19,459.97 1 0
goldbox-rpg/pkg/game/character_creation.go:460.20,462.97 1 0
goldbox-rpg/pkg/game/character_creation.go:463.10,465.97 1 0
goldbox-rpg/pkg/game/character_creation.go:476.82,477.23 1 1
goldbox-rpg/pkg/game/character_creation.go:477.23,479.3 1 1
goldbox-rpg/pkg/game/character_creation.go:481.2,481.27 1 1
goldbox-rpg/pkg/game/character_creation.go:481.27,483.3 1 1
goldbox-rpg/pkg/game/character_creation.go:485.2,492.43 2 1
goldbox-rpg/pkg/game/character_creation.go:492.43,494.3 1 1
goldbox-rpg/pkg/game/character_creation.go:496.2,496.12 1 1
goldbox-rpg/pkg/game/character_creation.go:507.110,509.13 2 1
goldbox-rpg/pkg/game/character_creation.go:509.13,511.3 1 0
goldbox-rpg/pkg/game/character_creation.go:513.2,513.62 1 1
goldbox-rpg/pkg/game/character_creation.go:513.62,516.3 1 1
goldbox-rpg/pkg/game/character_creation.go:518.2,518.63 1 1
goldbox-rpg/pkg/game/character_creation.go:518.63,521.3 1 1
goldbox-rpg/pkg/game/character_creation.go:523.2,523.66 1 1
goldbox-rpg/pkg/game/character_creation.go:523.66,526.3 1 0
goldbox-rpg/pkg/game/character_creation.go:528.2,528.66 1 1
goldbox-rpg/pkg/game/character_creation.go:528.66,531.3 1 0
goldbox-rpg/pkg/game/character_creation.go:533.2,533.60 1 1
goldbox-rpg/pkg/game/character_creation.go:533.60,536.3 1 0
goldbox-rpg/pkg/game/character_creation.go:538.2,538.62 1 1
goldbox-rpg/pkg/game/character_creation.go:538.62,541.3 1 0
goldbox-rpg/pkg/game/character_creation.go:543.2,543.12 1 1
goldbox-rpg/pkg/game/character_creation.go:551.95,576.2 9 1
goldbox-rpg/pkg/game/character_creation.go:585.79,588.15 2 1
goldbox-rpg/pkg/game/character_creation.go:589.20,591.66 2 1
goldbox-rpg/pkg/game/character_creation.go:592.17,594.8 1 1
goldbox-rpg/pkg/game/character_creation.go:595.19,596.66 1 0
goldbox-rpg/pkg/game/character_creation.go:597.18,598.70 1 1
goldbox-rpg/pkg/game/character_creation.go:599.19,601.66 2 0
goldbox-rpg/pkg/game/character_creation.go:602.20,604.66 2 0
goldbox-rpg/pkg/game/character_creation.go:607.2,607.18 1 1
goldbox-rpg/pkg/game/character_creation.go:611.61,614.2 2 1
goldbox-rpg/pkg/game/character_creation.go:617.91,626.2 1 1
goldbox-rpg/pkg/game/character_creation.go:629.98,630.49 1 1
goldbox-rpg/pkg/game/character_creation.go:630.49,632.3 1 1
goldbox-rpg/pkg/game/character_creation.go:636.71,645.2 1 1
goldbox-rpg/pkg/game/character_creation.go:648.68,657.2 1 1
goldbox-rpg/pkg/game/character_creation.go:660.70,669.2 1 1
goldbox-rpg/pkg/game/character_creation.go:672.69,681.2 1 1
goldbox-rpg/pkg/game/character_creation.go:684.70,693.2 1 1
goldbox-rpg/pkg/game/character_creation.go:696.71,705.2 1 1
goldbox-rpg/pkg/game/character_creation.go:708.112,718.2 1 1
goldbox-rpg/pkg/game/character_creation.go:728.3,744.2 1 1
goldbox-rpg/pkg/game/character_creation.go:767.54,786.2 2 1
goldbox-rpg/pkg/game/character_equipment.go:20.72,25.16 4 1
goldbox-rpg/pkg/game/character_equipment.go:25.16,27.3 1 1
goldbox-rpg/pkg/game/character_equipment.go:29.2,29.71 1 1
goldbox-rpg/pkg/game/character_equipment.go:29.71,31.3 1 1
goldbox-rpg/pkg/game/character_equipment.go:33.2,33.51 1 1
goldbox-rpg/pkg/game/character_equipment.go:33.51,35.3 1 0
goldbox-rpg/pkg/game/character_equipment.go:37.2,40.12 3 1
goldbox-rpg/pkg/game/character_equipment.go:45.75,46.35 1 1
goldbox-rpg/pkg/game/character_equipment.go:46.35,47.24 1 1
goldbox-rpg/pkg/game/character_equipment.go:47.24,49.4 1 1
goldbox-rpg/pkg/game/character_equipment.go:51.2,51.71 1 1
goldbox-rpg/pkg/game/character_equipment.go:56.84,57.39 1 1
goldbox-rpg/pkg/game/character_equipment.go:57.39,59.3 1 1
goldbox-rpg/pkg/game/character_equipment.go:60.2,60.12 1 1
goldbox-rpg/pkg/game/character_equipment.go:65.66,66.55 1 1
goldbox-rpg/pkg/game/character_equipment.go:66.55,67.56 1 0
goldbox-rpg/pkg/game/character_equipment.go:67.56,69.4 1 0
goldbox-rpg/pkg/game/character_equipment.go:71.2,71.12 1 1
goldbox-rpg/pkg/game/character_equipment.go:75.68,77.2 1 1
goldbox-rpg/pkg/game/character_equipment.go:80.63,82.2 1 1
goldbox-rpg/pkg/game/character_equipment.go:94.68,99.2 3 1
goldbox-rpg/pkg/game/character_equipment.go:102.76,105.13 2 1
goldbox-rpg/pkg/game/character_equipment.go:105.13,107.3 1 1
goldbox-rpg/pkg/game/character_equipment.go:110.2,115.27 3 1
goldbox-rpg/pkg/game/character_equipment.go:130.83,137.35 5 1
goldbox-rpg/pkg/game/character_equipment.go:137.35,138.24 1 1
goldbox-rpg/pkg/game/character_equipment.go:138.24,141.9 3 1
goldbox-rpg/pkg/game/character_equipment.go:145.2,145.12 1 1
goldbox-rpg/pkg/game/character_equipment.go:145.12,147.3 1 1
goldbox-rpg/pkg/game/character_equipment.go:149.2,149.53 1 1
goldbox-rpg/pkg/game/character_equipment.go:153.76,154.43 1 1
goldbox-rpg/pkg/game/character_equipment.go:154.43,156.3 1 1
goldbox-rpg/pkg/game/character_equipment.go:158.2,160.26 2 1
goldbox-rpg/pkg/game/character_equipment.go:160.26,162.3 1 1
goldbox-rpg/pkg/game/character_equipment.go:164.2,164.25 1 1
goldbox-rpg/pkg/game/character_equipment.go:164.25,166.3 1 1
goldbox-rpg/pkg/game/character_equipment.go:168.2,168.13 1 0
goldbox-rpg/pkg/game/character_equipment.go:173.80,177.13 3 1
goldbox-rpg/pkg/game/character_equipment.go:177.13,179.3 1 0
goldbox-rpg/pkg/game/character_equipment.go:181.2,181.39 1 1
goldbox-rpg/pkg/game/character_equipment.go:181.39,182.29 1 1
goldbox-rpg/pkg/game/character_equipment.go:182.29,184.4 1 1
goldbox-rpg/pkg/game/character_equipment.go:186.2,186.14 1 1
goldbox-rpg/pkg/game/character_equipment.go:191.68,203.2 1 1
goldbox-rpg/pkg/game/character_equipment.go:207.59,209.2 1 1
goldbox-rpg/pkg/game/character_equipment.go:213.58,215.2 1 1
goldbox-rpg/pkg/game/character_equipment.go:219.112,221.52 1 1
goldbox-rpg/pkg/game/character_equipment.go:221.52,223.3 1 1
goldbox-rpg/pkg/game/character_equipment.go:226.2,226.65 1 1
goldbox-rpg/pkg/game/character_equipment.go:226.65,228.3 1 0
goldbox-rpg/pkg/game/character_equipment.go:231.2,231.58 1 1
goldbox-rpg/pkg/game/character_equipment.go:231.58,232.33 1 1
goldbox-rpg/pkg/game/character_equipment.go:232.33,234.4 1 1
goldbox-rpg/pkg/game/character_equipment.go:237.2,237.14 1 1
goldbox-rpg/pkg/game/character_equipment.go:242.91,243.26 1 1
goldbox-rpg/pkg/game/character_equipment.go:243.26,245.3 1 0
goldbox-rpg/pkg/game/character_equipment.go:247.2,249.56 2 1
goldbox-rpg/pkg/game/character_equipment.go:249.56,250.32 1 1
goldbox-rpg/pkg/game/character_equipment.go:250.32,252.4 1 1
goldbox-rpg/pkg/game/character_equipment.go:254.2,254.14 1 1
goldbox-rpg/pkg/game/character_equipment.go:259.49,261.2 1 1
goldbox-rpg/pkg/game/character_equipment.go:273.71,277.47 3 1
goldbox-rpg/pkg/game/character_equipment.go:277.47,279.3 1 1
goldbox-rpg/pkg/game/character_equipment.go:280.2,280.19 1 1
goldbox-rpg/pkg/game/character_equipment.go:289.66,294.38 4 1
goldbox-rpg/pkg/game/character_equipment.go:294.38,296.3 1 1
goldbox-rpg/pkg/game/character_equipment.go:297.2,297.22 1 1
goldbox-rpg/pkg/game/character_equipment.go:304.57,309.2 1 1
goldbox-rpg/pkg/game/character_equipment.go:318.64,324.35 4 1
goldbox-rpg/pkg/game/character_equipment.go:324.35,327.3 2 1
goldbox-rpg/pkg/game/character_equipment.go:329.2,329.16 1 1
goldbox-rpg/pkg/game/character_equipment.go:333.77,334.43 1 1
goldbox-rpg/pkg/game/character_equipment.go:334.43,335.24 1 1
goldbox-rpg/pkg/game/character_equipment.go:335.24,337.24 2 1
goldbox-rpg/pkg/game/character_equipment.go:337.24,339.5 1 1
goldbox-rpg/pkg/game/character_equipment.go:345.77,346.41 1 1
goldbox-rpg/pkg/game/character_equipment.go:346.41,348.3 1 1
goldbox-rpg/pkg/game/character_equipment.go:353.61,355.42 2 1
goldbox-rpg/pkg/game/character_equipment.go:355.42,356.47 1 1
goldbox-rpg/pkg/game/character_equipment.go:356.47,358.9 2 1
goldbox-rpg/pkg/game/character_equipment.go:361.2,361.46 1 1
goldbox-rpg/pkg/game/character_equipment.go:361.46,364.31 3 1
goldbox-rpg/pkg/game/character_equipment.go:364.31,366.4 1 1
goldbox-rpg/pkg/game/character_equipment.go:367.3,369.17 3 1
goldbox-rpg/pkg/game/character_equipment.go:369.17,371.4 1 1
goldbox-rpg/pkg/game/character_equipment.go:373.2,373.21 1 1
goldbox-rpg/pkg/game/character_equipment.go:377.43,379.43 1 1
goldbox-rpg/pkg/game/character_equipment.go:379.43,380.19 1 1
goldbox-rpg/pkg/game/character_equipment.go:381.31,382.18 1 1
goldbox-rpg/pkg/game/character_equipment.go:383.33,384.19 1 0
goldbox-rpg/pkg/game/character_equipment.go:385.31,386.18 1 1
goldbox-rpg/pkg/game/character_equipment.go:391.2,392.9 2 1
goldbox-rpg/pkg/game/character_equipment.go:393.122,394.17 1 1
goldbox-rpg/pkg/game/character_equipment.go:395.123,396.18 1 1
goldbox-rpg/pkg/game/character_equipment.go:397.120,398.17 1 1
goldbox-rpg/pkg/game/character_equipment.go:399.10,401.17 1 1
goldbox-rpg/pkg/game/classes.go:32.42,43.42 2 1
goldbox-rpg/pkg/game/classes.go:43.42,45.3 1 1
goldbox-rpg/pkg/game/classes.go:47.2,47.23 1 1
goldbox-rpg/pkg/game/classes.go:120.69,167.13 3 1
goldbox-rpg/pkg/game/classes.go:167.13,170.3 1 0
goldbox-rpg/pkg/game/classes.go:172.2,172.22 1 1
goldbox-rpg/pkg/game/combat_modifiers.go:26.38,27.15 1 1
goldbox-rpg/pkg/game/combat_modifiers.go:28.17,29.11 1 1
goldbox-rpg/pkg/game/combat_modifiers.go:30.26,31.11 1 1
goldbox-rpg/pkg/game/combat_modifiers.go:32.17,33.12 1 1
goldbox-rpg/pkg/game/combat_modifiers.go:34.10,35.11 1 1
goldbox-rpg/pkg/game/combat_modifiers.go:47.56,49.2 1 1
goldbox-rpg/pkg/game/combat_modifiers.go:60.82,64.21 3 1
goldbox-rpg/pkg/game/combat_modifiers.go:64.21,66.3 1 1
goldbox-rpg/pkg/game/combat_modifiers.go:68.2,77.9 3 1
goldbox-rpg/pkg/game/combat_modifiers.go:78.26,79.19 1 0
goldbox-rpg/pkg/game/combat_modifiers.go:80.26,81.28 1 0
goldbox-rpg/pkg/game/combat_modifiers.go:82.26,83.19 1 0
goldbox-rpg/pkg/game/combat_modifiers.go:84.10,85.19 1 1
goldbox-rpg/pkg/game/combat_modifiers.go:90.72,94.27 3 1
goldbox-rpg/pkg/game/combat_modifiers.go:94.27,96.71 1 1
goldbox-rpg/pkg/game/combat_modifiers.go:96.71,97.12 1 1
goldbox-rpg/pkg/game/combat_modifiers.go:100.3,101.18 2 0
goldbox-rpg/pkg/game/combat_modifiers.go:101.18,102.12 1 0
goldbox-rpg/pkg/game/combat_modifiers.go:106.3,106.46 1 0
goldbox-rpg/pkg/game/combat_modifiers.go:106.46,108.4 1 0
goldbox-rpg/pkg/game/combat_modifiers.go:111.2,111.18 1 1
goldbox-rpg/pkg/game/combat_modifiers.go:115.61,116.21 1 0
goldbox-rpg/pkg/game/combat_modifiers.go:116.21,118.3 1 0
goldbox-rpg/pkg/game/combat_modifiers.go:120.2,124.48 3 0
goldbox-rpg/pkg/game/combat_modifiers.go:124.48,126.3 1 0
goldbox-rpg/pkg/game/combat_modifiers.go:128.2,129.57 2 0
goldbox-rpg/pkg/game/combat_modifiers.go:129.57,131.3 1 0
goldbox-rpg/pkg/game/combat_modifiers.go:133.2,133.51 1 0
goldbox-rpg/pkg/game/combat_modifiers.go:133.51,135.3 1 0
goldbox-rpg/pkg/game/combat_modifiers.go:137.2,137.25 1 0
goldbox-rpg/pkg/game/combat_modifiers.go:141.72,148.19 5 1
goldbox-rpg/pkg/game/combat_modifiers.go:148.19,150.3 1 0
goldbox-rpg/pkg/game/combat_modifiers.go:152.2,153.19 2 1
goldbox-rpg/pkg/game/combat_modifiers.go:153.19,155.3 1 0
goldbox-rpg/pkg/game/combat_modifiers.go:157.2,160.6 3 1
goldbox-rpg/pkg/game/combat_modifiers.go:160.6,163.29 2 1
goldbox-rpg/pkg/game/combat_modifiers.go:163.29,164.9 1 1
goldbox-rpg/pkg/game/combat_modifiers.go:167.3,168.15 2 1
goldbox-rpg/pkg/game/combat_modifiers.go:168.15,171.4 2 1
goldbox-rpg/pkg/game/combat_modifiers.go:172.3,172.14 1 1
goldbox-rpg/pkg/game/combat_modifiers.go:172.14,175.4 2 0
goldbox-rpg/pkg/game/combat_modifiers.go:178.2,178.15 1 1
goldbox-rpg/pkg/game/combat_modifiers.go:192.106,206.40 5 1
goldbox-rpg/pkg/game/combat_modifiers.go:206.40,208.3 1 1
goldbox-rpg/pkg/game/combat_modifiers.go:211.2,211.30 1 1
goldbox-rpg/pkg/game/combat_modifiers.go:211.30,212.37 1 1
goldbox-rpg/pkg/game/combat_modifiers.go:212.37,213.12 1 1
goldbox-rpg/pkg/game/combat_modifiers.go:216.3,216.46 1 1
goldbox-rpg/pkg/game/combat_modifiers.go:216.46,222.4 2 1
goldbox-rpg/pkg/game/combat_modifiers.go:225.2,225.17 1 1
goldbox-rpg/pkg/game/combat_modifiers.go:229.59,233.2 3 1
goldbox-rpg/pkg/game/combat_modifiers.go:236.79,248.2 6 1
goldbox-rpg/pkg/game/combat_modifiers.go:260.140,267.16 4 1
goldbox-rpg/pkg/game/combat_modifiers.go:267.16,269.3 1 1
goldbox-rpg/pkg/game/combat_modifiers.go:271.2,279.34 2 1
goldbox-rpg/pkg/game/combat_modifiers.go:284.83,287.2 1 1
goldbox-rpg/pkg/game/combat_modifiers.go:290.74,292.30 2 1
goldbox-rpg/pkg/game/combat_modifiers.go:292.30,293.31 1 1
goldbox-rpg/pkg/game/combat_modifiers.go:293.31,294.26 1 1
goldbox-rpg/pkg/game/combat_modifiers.go:294.26,295.13 1 1
goldbox-rpg/pkg/game/combat_modifiers.go:297.4,301.6 1 1
goldbox-rpg/pkg/game/combat_modifiers.go:304.2,304.17 1 1
goldbox-rpg/pkg/game/combat_modifiers.go:309.24,310.11 1 1
goldbox-rpg/pkg/game/combat_modifiers.go:310.11,312.3 1 1
goldbox-rpg/pkg/game/combat_modifiers.go:313.2,313.10 1 1
goldbox-rpg/pkg/game/combat_modifiers.go:317.45,321.2 3 1
goldbox-rpg/pkg/game/combat_opportunity.go:21.74,28.2 1 1
goldbox-rpg/pkg/game/combat_opportunity.go:39.84,51.2 5 1
goldbox-rpg/pkg/game/combat_opportunity.go:54.72,66.2 6 1
goldbox-rpg/pkg/game/combat_opportunity.go:79.131,86.17 4 1
goldbox-rpg/pkg/game/combat_opportunity.go:86.17,92.3 2 1
goldbox-rpg/pkg/game/combat_opportunity.go:95.2,98.49 3 1
goldbox-rpg/pkg/game/combat_opportunity.go:98.49,100.28 1 1
goldbox-rpg/pkg/game/combat_opportunity.go:100.28,101.12 1 0
goldbox-rpg/pkg/game/combat_opportunity.go:105.3,105.35 1 1
goldbox-rpg/pkg/game/combat_opportunity.go:105.35,106.12 1 1
goldbox-rpg/pkg/game/combat_opportunity.go:110.3,111.37 2 1
goldbox-rpg/pkg/game/combat_opportunity.go:111.37,113.12 1 1
goldbox-rpg/pkg/game/combat_opportunity.go:117.3,129.43 2 1
goldbox-rpg/pkg/game/combat_opportunity.go:132.2,132.16 1 1
goldbox-rpg/pkg/game/combat_opportunity.go:136.67,146.2 4 1
goldbox-rpg/pkg/game/combat_opportunity.go:149.55,158.2 4 1
goldbox-rpg/pkg/game/combat_opportunity.go:161.87,174.2 6 1
goldbox-rpg/pkg/game/combat_opportunity.go:177.72,182.2 3 1
goldbox-rpg/pkg/game/combat_opportunity.go:185.84,193.2 6 1
goldbox-rpg/pkg/game/combat_opportunity.go:196.93,199.43 2 1
goldbox-rpg/pkg/game/combat_opportunity.go:199.43,202.3 2 1
goldbox-rpg/pkg/game/combat_opportunity.go:206.83,207.49 1 1
goldbox-rpg/pkg/game/combat_opportunity.go:207.49,209.31 2 1
goldbox-rpg/pkg/game/combat_opportunity.go:209.31,210.22 1 1
goldbox-rpg/pkg/game/combat_opportunity.go:210.22,212.5 1 0
goldbox-rpg/pkg/game/combat_opportunity.go:214.3,214.24 1 1
goldbox-rpg/pkg/game/combat_opportunity.go:214.24,216.4 1 0
goldbox-rpg/pkg/game/combat_opportunity.go:216.9,218.4 1 1
goldbox-rpg/pkg/game/combat_opportunity.go:223.39,225.2 1 1
goldbox-rpg/pkg/game/combat_opportunity.go:228.37,229.24 1 1
goldbox-rpg/pkg/game/combat_opportunity.go:229.24,231.3 1 1
goldbox-rpg/pkg/game/combat_opportunity.go:232.2,234.12 3 1
goldbox-rpg/pkg/game/combat_opportunity.go:234.12,236.3 1 1
goldbox-rpg/pkg/game/combat_opportunity.go:237.2,237.12 1 1
goldbox-rpg/pkg/game/combat_opportunity.go:237.12,239.3 1 1
goldbox-rpg/pkg/game/combat_opportunity.go:240.2,240.52 1 1
goldbox-rpg/pkg/game/combat_opportunity.go:244.52,246.30 2 1
goldbox-rpg/pkg/game/combat_opportunity.go:246.30,247.31 1 1
goldbox-rpg/pkg/game/combat_opportunity.go:247.31,248.26 1 1
goldbox-rpg/pkg/game/combat_opportunity.go:248.26,249.13 1 1
goldbox-rpg/pkg/game/combat_opportunity.go:251.4,255.6 1 1
goldbox-rpg/pkg/game/combat_opportunity.go:258.2,258.17 1 1
goldbox-rpg/pkg/game/combat_opportunity.go:271.83,272.38 1 1
goldbox-rpg/pkg/game/combat_opportunity.go:272.38,274.3 1 1
goldbox-rpg/pkg/game/combat_opportunity.go:277.2,278.16 2 1
goldbox-rpg/pkg/game/combat_opportunity.go:278.16,280.3 1 0
goldbox-rpg/pkg/game/combat_opportunity.go:281.2,289.38 4 1
goldbox-rpg/pkg/game/combat_opportunity.go:289.38,293.17 3 1
goldbox-rpg/pkg/game/combat_opportunity.go:293.17,295.4 1 0
goldbox-rpg/pkg/game/combat_opportunity.go:296.3,297.17 2 1
goldbox-rpg/pkg/game/combat_opportunity.go:297.17,299.4 1 0
goldbox-rpg/pkg/game/combat_opportunity.go:301.3,308.36 1 1
goldbox-rpg/pkg/game/combat_opportunity.go:309.8,318.3 1 1
goldbox-rpg/pkg/game/combat_opportunity.go:320.2,320.20 1 1
goldbox-rpg/pkg/game/default_world.go:8.34,26.36 5 1
goldbox-rpg/pkg/game/default_world.go:26.36,28.36 2 1
goldbox-rpg/pkg/game/default_world.go:28.36,30.69 1 1
goldbox-rpg/pkg/game/default_world.go:30.69,40.5 1 1
goldbox-rpg/pkg/game/default_world.go:40.10,51.5 1 1
goldbox-rpg/pkg/game/default_world.go:56.2,61.14 2 1
goldbox-rpg/pkg/game/dice.go:32.34,34.2 1 1
goldbox-rpg/pkg/game/dice.go:37.52,41.2 1 1
goldbox-rpg/pkg/game/dice.go:44.66,51.22 2 1
goldbox-rpg/pkg/game/dice.go:51.22,58.3 2 1
goldbox-rpg/pkg/game/dice.go:61.2,68.22 5 1
goldbox-rpg/pkg/game/dice.go:68.22,76.3 2 1
goldbox-rpg/pkg/game/dice.go:79.2,80.32 2 1
goldbox-rpg/pkg/game/dice.go:80.32,89.3 2 1
goldbox-rpg/pkg/game/dice.go:92.2,93.32 2 1
goldbox-rpg/pkg/game/dice.go:93.32,102.3 2 1
goldbox-rpg/pkg/game/dice.go:105.2,106.43 2 1
goldbox-rpg/pkg/game/dice.go:106.43,108.17 2 1
goldbox-rpg/pkg/game/dice.go:108.17,110.4 1 0
goldbox-rpg/pkg/game/dice.go:114.2,117.31 3 1
goldbox-rpg/pkg/game/dice.go:117.31,121.3 3 1
goldbox-rpg/pkg/game/dice.go:123.2,130.8 2 1
goldbox-rpg/pkg/game/dice.go:134.77,139.35 4 1
goldbox-rpg/pkg/game/dice.go:139.35,140.17 1 1
goldbox-rpg/pkg/game/dice.go:140.17,141.12 1 0
goldbox-rpg/pkg/game/dice.go:144.3,145.17 2 1
goldbox-rpg/pkg/game/dice.go:145.17,147.4 1 0
goldbox-rpg/pkg/game/dice.go:149.3,151.33 3 1
goldbox-rpg/pkg/game/dice.go:154.2,161.8 2 1
goldbox-rpg/pkg/game/dice.go:165.37,166.24 1 1
goldbox-rpg/pkg/game/dice.go:166.24,168.3 1 1
goldbox-rpg/pkg/game/dice.go:170.2,171.22 2 1
goldbox-rpg/pkg/game/dice.go:171.22,173.3 1 1
goldbox-rpg/pkg/game/dice.go:173.8,173.28 1 1
goldbox-rpg/pkg/game/dice.go:173.28,175.3 1 1
goldbox-rpg/pkg/game/dice.go:175.8,177.3 1 1
goldbox-rpg/pkg/game/dice.go:181.63,182.22 1 1
goldbox-rpg/pkg/game/dice.go:182.22,184.3 1 1
goldbox-rpg/pkg/game/dice.go:187.2,194.22 5 1
goldbox-rpg/pkg/game/dice.go:194.22,196.3 1 1
goldbox-rpg/pkg/game/dice.go:199.2,200.32 2 1
goldbox-rpg/pkg/game/dice.go:200.32,202.3 1 0
goldbox-rpg/pkg/game/dice.go:204.2,205.32 2 1
goldbox-rpg/pkg/game/dice.go:205.32,207.3 1 1
goldbox-rpg/pkg/game/dice.go:209.2,210.43 2 1
goldbox-rpg/pkg/game/dice.go:210.43,212.17 2 1
goldbox-rpg/pkg/game/dice.go:212.17,214.4 1 0
goldbox-rpg/pkg/game/dice.go:218.2,221.22 3 1
goldbox-rpg/pkg/game/dispel_info.go:32.93,38.2 1 1
goldbox-rpg/pkg/game/dispel_info.go:42.68,43.19 1 1
goldbox-rpg/pkg/game/dispel_info.go:43.19,45.3 1 1
goldbox-rpg/pkg/game/dispel_info.go:47.2,47.29 1 1
goldbox-rpg/pkg/game/dispel_info.go:47.29,48.40 1 1
goldbox-rpg/pkg/game/dispel_info.go:48.40,50.4 1 1
goldbox-rpg/pkg/game/dispel_info.go:53.2,53.32 1 1
goldbox-rpg/pkg/game/duration.go:28.70,34.2 1 1
goldbox-rpg/pkg/game/duration.go:39.36,41.2 1 1
goldbox-rpg/pkg/game/duration.go:45.35,46.18 1 1
goldbox-rpg/pkg/game/duration.go:46.18,48.3 1 1
goldbox-rpg/pkg/game/duration.go:49.2,49.17 1 1
goldbox-rpg/pkg/game/duration.go:49.17,51.3 1 1
goldbox-rpg/pkg/game/duration.go:52.2,52.20 1 1
goldbox-rpg/pkg/game/duration.go:52.20,54.3 1 1
goldbox-rpg/pkg/game/duration.go:55.2,55.18 1 1
goldbox-rpg/pkg/game/effectbehavior.go:49.45,51.2 1 1
goldbox-rpg/pkg/game/effectbehavior.go:55.83,67.2 1 1
goldbox-rpg/pkg/game/effectbehavior.go:87.84,99.2 1 1
goldbox-rpg/pkg/game/effectbehavior.go:119.85,131.2 1 1
goldbox-rpg/pkg/game/effectbehavior.go:147.76,157.2 3 1
goldbox-rpg/pkg/game/effectbehavior.go:173.77,183.2 3 1
goldbox-rpg/pkg/game/effectbehavior.go:199.87,205.2 1 1
goldbox-rpg/pkg/game/effectbehavior.go:221.60,232.2 3 1
goldbox-rpg/pkg/game/effectbehavior.go:257.54,258.14 1 1
goldbox-rpg/pkg/game/effectbehavior.go:258.14,260.3 1 1
goldbox-rpg/pkg/game/effectbehavior.go:261.2,261.16 1 1
goldbox-rpg/pkg/game/effectbehavior.go:262.51,269.10 1 1
goldbox-rpg/pkg/game/effectbehavior.go:270.10,271.20 1 1
goldbox-rpg/pkg/game/effectbehavior.go:298.91,299.44 1 0
goldbox-rpg/pkg/game/effectbehavior.go:299.44,301.3 1 0
goldbox-rpg/pkg/game/effectbehavior.go:304.2,313.28 4 0
goldbox-rpg/pkg/game/effectbehavior.go:314.21,315.34 1 0
goldbox-rpg/pkg/game/effectbehavior.go:316.22,317.29 1 0
goldbox-rpg/pkg/game/effectbehavior.go:318.20,319.27 1 0
goldbox-rpg/pkg/game/effectbehavior.go:320.28,320.28 0 0
goldbox-rpg/pkg/game/effectbehavior.go:321.26,321.26 0 0
goldbox-rpg/pkg/game/effectbehavior.go:322.18,322.18 0 0
goldbox-rpg/pkg/game/effectbehavior.go:323.23,323.23 0 0
goldbox-rpg/pkg/game/effectbehavior.go:324.25,324.25 0 0
goldbox-rpg/pkg/game/effectbehavior.go:325.18,325.18 0 0
goldbox-rpg/pkg/game/effectbehavior.go:326.10,327.109 1 0
goldbox-rpg/pkg/game/effectbehavior.go:352.106,363.22 6 1
goldbox-rpg/pkg/game/effectbehavior.go:363.22,367.3 1 1
goldbox-rpg/pkg/game/effectbehavior.go:367.8,369.3 1 0
goldbox-rpg/pkg/game/effectbehavior.go:370.2,372.60 2 1
goldbox-rpg/pkg/game/effectbehavior.go:395.81,397.17 1 1
goldbox-rpg/pkg/game/effectbehavior.go:398.18,399.39 1 1
goldbox-rpg/pkg/game/effectbehavior.go:400.20,401.38 1 0
goldbox-rpg/pkg/game/effectbehavior.go:402.10,403.11 1 0
goldbox-rpg/pkg/game/effectbehavior.go:423.62,427.2 3 0
goldbox-rpg/pkg/game/effectbehavior.go:442.65,445.2 1 0
goldbox-rpg/pkg/game/effectbehavior.go:468.60,469.52 1 0
goldbox-rpg/pkg/game/effectbehavior.go:469.52,472.3 2 0
goldbox-rpg/pkg/game/effectbehavior.go:475.2,475.21 1 0
goldbox-rpg/pkg/game/effectbehavior.go:476.28,477.70 1 0
goldbox-rpg/pkg/game/effectbehavior.go:478.26,480.30 2 0
goldbox-rpg/pkg/game/effectbehavior.go:480.30,482.4 1 0
goldbox-rpg/pkg/game/effectbehavior.go:483.3,486.4 1 0
goldbox-rpg/pkg/game/effectbehavior.go:487.22,487.22 0 0
goldbox-rpg/pkg/game/effectbehavior.go:488.21,488.21 0 0
goldbox-rpg/pkg/game/effectbehavior.go:489.20,489.20 0 0
goldbox-rpg/pkg/game/effectbehavior.go:490.18,490.18 0 0
goldbox-rpg/pkg/game/effectbehavior.go:491.23,491.23 0 0
goldbox-rpg/pkg/game/effectbehavior.go:492.25,492.25 0 0
goldbox-rpg/pkg/game/effectbehavior.go:493.18,493.18 0 0
goldbox-rpg/pkg/game/effectbehavior.go:494.19,494.19 0 0
goldbox-rpg/pkg/game/effectbehavior.go:495.18,495.18 0 0
goldbox-rpg/pkg/game/effectbehavior.go:496.26,499.30 2 0
goldbox-rpg/pkg/game/effectbehavior.go:499.30,501.4 1 0
goldbox-rpg/pkg/game/effectbehavior.go:502.3,505.4 1 0
goldbox-rpg/pkg/game/effectbehavior.go:506.23,506.23 0 0
goldbox-rpg/pkg/game/effectbehavior.go:508.10,509.100 1 0
goldbox-rpg/pkg/game/effectimmunity.go:23.56,31.2 1 1
goldbox-rpg/pkg/game/effectimmunity.go:50.84,54.27 3 1
goldbox-rpg/pkg/game/effectimmunity.go:54.27,57.3 2 1
goldbox-rpg/pkg/game/effectimmunity.go:57.8,59.3 1 1
goldbox-rpg/pkg/game/effectimmunity.go:86.77,91.63 3 1
goldbox-rpg/pkg/game/effectimmunity.go:91.63,92.44 1 1
goldbox-rpg/pkg/game/effectimmunity.go:92.44,94.4 1 1
goldbox-rpg/pkg/game/effectimmunity.go:96.3,96.40 1 1
goldbox-rpg/pkg/game/effectimmunity.go:100.2,100.59 1 1
goldbox-rpg/pkg/game/effectimmunity.go:100.59,102.3 1 1
goldbox-rpg/pkg/game/effectimmunity.go:104.2,109.3 1 1
goldbox-rpg/pkg/game/effectimmunity.go:132.83,145.43 5 1
goldbox-rpg/pkg/game/effectimmunity.go:145.43,146.35 1 1
goldbox-rpg/pkg/game/effectimmunity.go:146.35,147.12 1 1
goldbox-rpg/pkg/game/effectimmunity.go:150.3,150.49 1 1
goldbox-rpg/pkg/game/effectimmunity.go:150.49,151.54 1 1
goldbox-rpg/pkg/game/effectimmunity.go:151.54,157.10 2 1
goldbox-rpg/pkg/game/effectimmunity.go:163.2,163.45 1 1
goldbox-rpg/pkg/game/effectimmunity.go:163.45,165.3 1 1
goldbox-rpg/pkg/game/effectimmunity.go:168.2,169.52 2 1
goldbox-rpg/pkg/game/effectimmunity.go:169.52,172.3 2 1
goldbox-rpg/pkg/game/effectimmunity.go:174.2,174.22 1 1
goldbox-rpg/pkg/game/effectimmunity.go:174.22,176.3 1 1
goldbox-rpg/pkg/game/effectimmunity.go:178.2,178.16 1 1
goldbox-rpg/pkg/game/effectimmunity.go:200.118,204.2 3 1
goldbox-rpg/pkg/game/effectimmunity.go:223.93,231.2 3 1
goldbox-rpg/pkg/game/effectimmunity.go:250.60,253.23 2 1
goldbox-rpg/pkg/game/effectimmunity.go:254.24,255.67 1 1
goldbox-rpg/pkg/game/effectimmunity.go:257.23,259.40 1 1
goldbox-rpg/pkg/game/effectimmunity.go:261.23,262.48 1 1
goldbox-rpg/pkg/game/effectimmunity.go:263.20,263.20 0 1
goldbox-rpg/pkg/game/effectimmunity.go:265.10,266.64 1 1
goldbox-rpg/pkg/game/effectimmunity.go:270.2,270.39 1 1
goldbox-rpg/pkg/game/effectimmunity.go:293.28,313.59 4 1
goldbox-rpg/pkg/game/effectimmunity.go:313.59,315.3 1 0
goldbox-rpg/pkg/game/effectimmunity.go:316.2,316.46 1 1
goldbox-rpg/pkg/game/effectimmunity.go:316.46,318.3 1 0
goldbox-rpg/pkg/game/effectimmunity.go:321.2,322.60 2 1
goldbox-rpg/pkg/game/effectmanager.go:9.13,18.2 2 1
goldbox-rpg/pkg/game/effectmanager.go:85.31,120.2 5 1
goldbox-rpg/pkg/game/effectmanager.go:139.62,149.58 4 1
goldbox-rpg/pkg/game/effectmanager.go:149.58,176.3 7 1
goldbox-rpg/pkg/game/effectmanager.go:178.2,190.70 3 0
goldbox-rpg/pkg/game/effectmanager.go:210.63,231.17 6 0
goldbox-rpg/pkg/game/effectmanager.go:231.17,238.3 2 0
goldbox-rpg/pkg/game/effectmanager.go:240.2,243.35 1 0
goldbox-rpg/pkg/game/effectmanager.go:248.120,255.43 2 0
goldbox-rpg/pkg/game/effectmanager.go:255.43,256.36 1 0
goldbox-rpg/pkg/game/effectmanager.go:256.36,268.12 5 0
goldbox-rpg/pkg/game/effectmanager.go:271.3,271.37 1 0
goldbox-rpg/pkg/game/effectmanager.go:271.37,281.4 3 0
goldbox-rpg/pkg/game/effectmanager.go:284.2,284.47 1 0
goldbox-rpg/pkg/game/effectmanager.go:301.45,324.42 8 1
goldbox-rpg/pkg/game/effectmanager.go:324.42,336.40 3 1
goldbox-rpg/pkg/game/effectmanager.go:336.40,337.25 1 0
goldbox-rpg/pkg/game/effectmanager.go:338.16,339.47 1 0
goldbox-rpg/pkg/game/effectmanager.go:340.21,341.76 1 0
goldbox-rpg/pkg/game/effectmanager.go:342.16,343.77 1 0
goldbox-rpg/pkg/game/effectmanager.go:343.77,345.6 1 0
goldbox-rpg/pkg/game/effectmanager.go:348.3,348.21 1 1
goldbox-rpg/pkg/game/effectmanager.go:351.2,383.38 7 1
goldbox-rpg/pkg/game/effectmanager.go:402.106,409.55 2 1
goldbox-rpg/pkg/game/effectmanager.go:409.55,412.39 2 1
goldbox-rpg/pkg/game/effectmanager.go:412.39,423.4 2 0
goldbox-rpg/pkg/game/effectmanager.go:424.3,424.41 1 1
goldbox-rpg/pkg/game/effectmanager.go:424.41,436.4 3 0
goldbox-rpg/pkg/game/effectmanager.go:437.3,437.39 1 1
goldbox-rpg/pkg/game/effectmanager.go:437.39,449.4 3 0
goldbox-rpg/pkg/game/effectmanager.go:453.2,463.65 6 1
goldbox-rpg/pkg/game/effectmanager.go:479.32,514.2 4 1
goldbox-rpg/pkg/game/effectmanager.go:539.44,548.12 3 1
goldbox-rpg/pkg/game/effectmanager.go:549.65,550.24 1 1
goldbox-rpg/pkg/game/effectmanager.go:551.10,552.25 1 1
goldbox-rpg/pkg/game/effectmanager.go:555.2,563.23 2 1
goldbox-rpg/pkg/game/effectmanager.go:586.68,601.44 5 1
goldbox-rpg/pkg/game/effectmanager.go:601.44,602.35 1 1
goldbox-rpg/pkg/game/effectmanager.go:602.35,612.11 2 1
goldbox-rpg/pkg/game/effectmanager.go:613.38,622.15 3 1
goldbox-rpg/pkg/game/effectmanager.go:623.47,634.57 3 0
goldbox-rpg/pkg/game/effectmanager.go:635.12,643.88 2 0
goldbox-rpg/pkg/game/effectmanager.go:649.2,672.12 7 1
goldbox-rpg/pkg/game/effectmanager.go:678.64,689.42 5 1
goldbox-rpg/pkg/game/effectmanager.go:689.42,690.51 1 1
goldbox-rpg/pkg/game/effectmanager.go:690.51,692.4 1 1
goldbox-rpg/pkg/game/effectmanager.go:695.2,706.18 3 1
goldbox-rpg/pkg/game/effectmanager.go:710.58,720.16 3 1
goldbox-rpg/pkg/game/effectmanager.go:720.16,728.3 1 0
goldbox-rpg/pkg/game/effectmanager.go:728.8,735.3 1 1
goldbox-rpg/pkg/game/effectmanager.go:737.2,737.12 1 1
goldbox-rpg/pkg/game/effectmanager.go:741.49,752.42 6 1
goldbox-rpg/pkg/game/effectmanager.go:752.42,753.22 1 1
goldbox-rpg/pkg/game/effectmanager.go:753.22,756.4 2 1
goldbox-rpg/pkg/game/effectmanager.go:759.2,766.16 2 1
goldbox-rpg/pkg/game/effectmanager.go:770.44,792.2 6 1
goldbox-rpg/pkg/game/effectmanager.go:795.49,820.2 6 1
goldbox-rpg/pkg/game/effectmanager.go:823.48,845.2 6 1
goldbox-rpg/pkg/game/effects.go:227.56,238.2 3 1
goldbox-rpg/pkg/game/effects.go:266.85,295.2 1 1
goldbox-rpg/pkg/game/effects.go:315.119,328.2 4 1
goldbox-rpg/pkg/game/effects.go:347.56,349.29 1 1
goldbox-rpg/pkg/game/effects.go:349.29,351.3 1 1
goldbox-rpg/pkg/game/effects.go:354.2,354.78 1 1
goldbox-rpg/pkg/game/effects.go:354.78,356.3 1 1
goldbox-rpg/pkg/game/effects.go:359.2,359.81 1 1
goldbox-rpg/pkg/game/effects.go:359.81,361.3 1 1
goldbox-rpg/pkg/game/effects.go:364.2,364.14 1 1
goldbox-rpg/pkg/game/effects.go:388.98,390.29 1 1
goldbox-rpg/pkg/game/effects.go:390.29,392.3 1 1
goldbox-rpg/pkg/game/effects.go:395.2,395.27 1 1
goldbox-rpg/pkg/game/effects.go:395.27,397.3 1 1
goldbox-rpg/pkg/game/effects.go:400.2,400.26 1 1
goldbox-rpg/pkg/game/effects.go:400.26,402.3 1 1
goldbox-rpg/pkg/game/effects.go:405.2,405.78 1 1
goldbox-rpg/pkg/game/effects.go:405.78,407.3 1 1
goldbox-rpg/pkg/game/effects.go:410.2,410.81 1 1
goldbox-rpg/pkg/game/effects.go:410.81,412.3 1 1
goldbox-rpg/pkg/game/effects.go:414.2,414.14 1 0
goldbox-rpg/pkg/game/effects.go:433.57,434.30 1 1
goldbox-rpg/pkg/game/effects.go:434.30,436.3 1 1
goldbox-rpg/pkg/game/effects.go:437.2,438.48 2 1
goldbox-rpg/pkg/game/effects.go:459.45,461.2 1 1
goldbox-rpg/pkg/game/effects.go:471.52,473.2 1 1
goldbox-rpg/pkg/game/effects.go:484.44,486.2 1 1
goldbox-rpg/pkg/game/effects.go:504.54,505.16 1 1
goldbox-rpg/pkg/game/effects.go:506.51,513.10 1 1
goldbox-rpg/pkg/game/effects.go:514.10,515.20 1 1
goldbox-rpg/pkg/game/equipment.go:19.41,32.46 2 1
goldbox-rpg/pkg/game/equipment.go:32.46,34.3 1 1
goldbox-rpg/pkg/game/equipment.go:35.2,35.18 1 1
goldbox-rpg/pkg/game/errors.go:62.41,63.25 1 1
goldbox-rpg/pkg/game/errors.go:63.25,65.3 1 1
goldbox-rpg/pkg/game/errors.go:66.2,66.61 1 0
goldbox-rpg/pkg/game/errors.go:70.41,72.2 1 1
goldbox-rpg/pkg/game/errors.go:75.82,81.2 1 1
goldbox-rpg/pkg/game/errors.go:93.41,94.23 1 1
goldbox-rpg/pkg/game/errors.go:94.23,97.3 1 1
goldbox-rpg/pkg/game/errors.go:98.2,98.20 1 1
goldbox-rpg/pkg/game/errors.go:98.20,100.3 1 1
goldbox-rpg/pkg/game/errors.go:101.2,101.61 1 1
goldbox-rpg/pkg/game/errors.go:105.41,107.2 1 1
goldbox-rpg/pkg/game/errors.go:110.77,116.2 1 1
goldbox-rpg/pkg/game/errors.go:127.38,128.44 1 1
goldbox-rpg/pkg/game/errors.go:128.44,131.3 1 1
goldbox-rpg/pkg/game/errors.go:132.2,132.55 1 0
goldbox-rpg/pkg/game/errors.go:136.38,138.2 1 1
goldbox-rpg/pkg/game/errors.go:141.82,148.2 1 1
goldbox-rpg/pkg/game/errors.go:160.38,161.42 1 1
goldbox-rpg/pkg/game/errors.go:161.42,164.3 1 1
goldbox-rpg/pkg/game/errors.go:165.2,165.22 1 0
goldbox-rpg/pkg/game/errors.go:165.22,167.3 1 0
goldbox-rpg/pkg/game/errors.go:168.2,168.58 1 0
goldbox-rpg/pkg/game/errors.go:172.38,174.2 1 1
goldbox-rpg/pkg/game/errors.go:177.95,185.2 1 1
goldbox-rpg/pkg/game/errors.go:197.39,198.43 1 1
goldbox-rpg/pkg/game/errors.go:198.43,201.3 1 1
goldbox-rpg/pkg/game/errors.go:202.2,202.22 1 1
goldbox-rpg/pkg/game/errors.go:202.22,204.3 1 1
goldbox-rpg/pkg/game/errors.go:205.2,205.59 1 0
goldbox-rpg/pkg/game/errors.go:209.39,211.2 1 1
goldbox-rpg/pkg/game/errors.go:214.102,221.2 1 1
goldbox-rpg/pkg/game/errors.go:233.37,234.41 1 1
goldbox-rpg/pkg/game/errors.go:234.41,237.3 1 1
goldbox-rpg/pkg/game/errors.go:238.2,238.21 1 0
goldbox-rpg/pkg/game/errors.go:238.21,240.3 1 0
goldbox-rpg/pkg/game/errors.go:241.2,241.57 1 0
goldbox-rpg/pkg/game/errors.go:245.37,247.2 1 1
goldbox-rpg/pkg/game/errors.go:250.90,258.2 1 1
goldbox-rpg/pkg/game/events.go:152.37,156.2 3 1
goldbox-rpg/pkg/game/events.go:166.33,170.2 3 1
goldbox-rpg/pkg/game/events.go:183.36,187.2 1 1
goldbox-rpg/pkg/game/events.go:202.77,207.2 3 1
goldbox-rpg/pkg/game/events.go:224.46,229.35 4 1
goldbox-rpg/pkg/game/events.go:229.35,231.3 1 1
goldbox-rpg/pkg/game/events.go:247.64,259.2 2 1
goldbox-rpg/pkg/game/events.go:273.33,275.2 1 1
goldbox-rpg/pkg/game/events.go:291.13,293.67 1 1
goldbox-rpg/pkg/game/events.go:293.67,299.3 3 1
goldbox-rpg/pkg/game/faction_relations.go:82.67,83.19 1 1
goldbox-rpg/pkg/game/faction_relations.go:83.19,85.3 1 0
goldbox-rpg/pkg/game/faction_relations.go:86.2,89.3 1 1
goldbox-rpg/pkg/game/faction_relations.go:105.56,106.29 1 1
goldbox-rpg/pkg/game/faction_relations.go:106.29,108.3 1 1
goldbox-rpg/pkg/game/faction_relations.go:109.2,109.38 1 1
goldbox-rpg/pkg/game/faction_relations.go:113.105,114.30 1 1
goldbox-rpg/pkg/game/faction_relations.go:114.30,116.3 1 1
goldbox-rpg/pkg/game/faction_relations.go:118.2,122.46 4 1
goldbox-rpg/pkg/game/faction_relations.go:122.46,124.3 1 0
goldbox-rpg/pkg/game/faction_relations.go:126.2,147.22 4 1
goldbox-rpg/pkg/game/faction_relations.go:151.98,157.13 5 1
goldbox-rpg/pkg/game/faction_relations.go:157.13,159.3 1 0
goldbox-rpg/pkg/game/faction_relations.go:160.2,160.17 1 1
goldbox-rpg/pkg/game/faction_relations.go:164.84,170.13 5 1
goldbox-rpg/pkg/game/faction_relations.go:170.13,172.3 1 0
goldbox-rpg/pkg/game/faction_relations.go:174.2,177.37 3 1
goldbox-rpg/pkg/game/faction_relations.go:177.37,179.3 1 1
goldbox-rpg/pkg/game/faction_relations.go:181.2,207.12 11 1
goldbox-rpg/pkg/game/faction_relations.go:211.76,217.13 5 1
goldbox-rpg/pkg/game/faction_relations.go:217.13,219.3 1 0
goldbox-rpg/pkg/game/faction_relations.go:221.2,224.37 3 1
goldbox-rpg/pkg/game/faction_relations.go:224.37,226.3 1 0
goldbox-rpg/pkg/game/faction_relations.go:228.2,246.12 4 1
goldbox-rpg/pkg/game/faction_relations.go:250.77,256.13 5 1
goldbox-rpg/pkg/game/faction_relations.go:256.13,258.3 1 0
goldbox-rpg/pkg/game/faction_relations.go:260.2,263.37 3 1
goldbox-rpg/pkg/game/faction_relations.go:263.37,265.3 1 0
goldbox-rpg/pkg/game/faction_relations.go:267.2,289.12 8 1
goldbox-rpg/pkg/game/faction_relations.go:293.81,299.13 5 1
goldbox-rpg/pkg/game/faction_relations.go:299.13,301.3 1 0
goldbox-rpg/pkg/game/faction_relations.go:303.2,306.76 3 1
goldbox-rpg/pkg/game/faction_relations.go:306.76,308.3 1 1
goldbox-rpg/pkg/game/faction_relations.go:310.2,310.40 1 1
goldbox-rpg/pkg/game/faction_relations.go:310.40,312.3 1 0
goldbox-rpg/pkg/game/faction_relations.go:314.2,332.12 4 1
goldbox-rpg/pkg/game/faction_relations.go:336.80,342.13 5 1
goldbox-rpg/pkg/game/faction_relations.go:342.13,344.3 1 0
goldbox-rpg/pkg/game/faction_relations.go:346.2,349.40 3 1
goldbox-rpg/pkg/game/faction_relations.go:349.40,351.3 1 1
goldbox-rpg/pkg/game/faction_relations.go:353.2,377.12 10 1
goldbox-rpg/pkg/game/faction_relations.go:381.79,387.13 5 1
goldbox-rpg/pkg/game/faction_relations.go:387.13,389.3 1 0
goldbox-rpg/pkg/game/faction_relations.go:391.2,394.40 3 1
goldbox-rpg/pkg/game/faction_relations.go:394.40,396.3 1 1
goldbox-rpg/pkg/game/faction_relations.go:398.2,422.12 10 1
goldbox-rpg/pkg/game/faction_relations.go:426.85,432.13 5 1
goldbox-rpg/pkg/game/faction_relations.go:432.13,434.3 1 0
goldbox-rpg/pkg/game/faction_relations.go:436.2,439.37 3 1
goldbox-rpg/pkg/game/faction_relations.go:439.37,441.3 1 1
goldbox-rpg/pkg/game/faction_relations.go:443.2,445.23 3 1
goldbox-rpg/pkg/game/faction_relations.go:445.23,447.3 1 0
goldbox-rpg/pkg/game/faction_relations.go:448.2,466.12 4 1
goldbox-rpg/pkg/game/faction_relations.go:470.84,476.13 5 1
goldbox-rpg/pkg/game/faction_relations.go:476.13,478.3 1 0
goldbox-rpg/pkg/game/faction_relations.go:480.2,485.21 4 1
goldbox-rpg/pkg/game/faction_relations.go:485.21,487.3 1 0
goldbox-rpg/pkg/game/faction_relations.go:488.2,488.22 1 1
goldbox-rpg/pkg/game/faction_relations.go:488.22,490.3 1 0
goldbox-rpg/pkg/game/faction_relations.go:492.2,493.23 2 1
goldbox-rpg/pkg/game/faction_relations.go:493.23,495.3 1 0
goldbox-rpg/pkg/game/faction_relations.go:497.2,498.21 2 1
goldbox-rpg/pkg/game/faction_relations.go:498.21,500.3 1 0
goldbox-rpg/pkg/game/faction_relations.go:502.2,516.12 4 1
goldbox-rpg/pkg/game/faction_relations.go:520.92,526.13 5 1
goldbox-rpg/pkg/game/faction_relations.go:526.13,528.3 1 0
goldbox-rpg/pkg/game/faction_relations.go:530.2,534.23 4 1
goldbox-rpg/pkg/game/faction_relations.go:534.23,536.3 1 0
goldbox-rpg/pkg/game/faction_relations.go:537.2,537.24 1 1
goldbox-rpg/pkg/game/faction_relations.go:537.24,539.3 1 1
goldbox-rpg/pkg/game/faction_relations.go:541.2,542.12 2 1
goldbox-rpg/pkg/game/faction_relations.go:546.90,552.13 5 1
goldbox-rpg/pkg/game/faction_relations.go:552.13,554.3 1 0
goldbox-rpg/pkg/game/faction_relations.go:556.2,560.21 4 1
goldbox-rpg/pkg/game/faction_relations.go:560.21,562.3 1 0
goldbox-rpg/pkg/game/faction_relations.go:563.2,563.22 1 1
goldbox-rpg/pkg/game/faction_relations.go:563.22,565.3 1 0
goldbox-rpg/pkg/game/faction_relations.go:567.2,567.12 1 1
goldbox-rpg/pkg/game/faction_relations.go:572.63,574.75 1 1
goldbox-rpg/pkg/game/faction_relations.go:574.75,576.3 1 0
goldbox-rpg/pkg/game/faction_relations.go:578.2,580.9 2 1
goldbox-rpg/pkg/game/faction_relations.go:581.26,582.37 1 1
goldbox-rpg/pkg/game/faction_relations.go:583.26,584.35 1 1
goldbox-rpg/pkg/game/faction_relations.go:585.25,586.37 1 1
goldbox-rpg/pkg/game/faction_relations.go:587.25,588.38 1 1
goldbox-rpg/pkg/game/faction_relations.go:589.10,590.38 1 1
goldbox-rpg/pkg/game/faction_relations.go:593.2,593.27 1 1
goldbox-rpg/pkg/game/faction_relations.go:593.27,600.3 1 1
goldbox-rpg/pkg/game/faction_relations.go:604.66,609.35 4 1
goldbox-rpg/pkg/game/faction_relations.go:609.35,611.3 1 1
goldbox-rpg/pkg/game/faction_relations.go:612.2,612.18 1 1
goldbox-rpg/pkg/game/faction_relations.go:616.86,621.35 4 1
goldbox-rpg/pkg/game/faction_relations.go:621.35,622.65 1 1
goldbox-rpg/pkg/game/faction_relations.go:622.65,624.4 1 1
goldbox-rpg/pkg/game/faction_relations.go:626.2,626.18 1 1
goldbox-rpg/pkg/game/faction_relations.go:630.75,636.13 5 1
goldbox-rpg/pkg/game/faction_relations.go:636.13,638.3 1 0
goldbox-rpg/pkg/game/faction_relations.go:640.2,642.43 3 1
goldbox-rpg/pkg/game/faction_relations.go:646.74,652.13 5 1
goldbox-rpg/pkg/game/faction_relations.go:652.13,654.3 1 0
goldbox-rpg/pkg/game/faction_relations.go:656.2,658.40 3 1
goldbox-rpg/pkg/game/faction_relations.go:662.84,668.13 5 1
goldbox-rpg/pkg/game/faction_relations.go:668.13,670.3 1 1
goldbox-rpg/pkg/game/faction_relations.go:672.2,674.25 3 1
goldbox-rpg/pkg/game/faction_relations.go:678.63,682.35 3 1
goldbox-rpg/pkg/game/faction_relations.go:682.35,686.20 2 1
goldbox-rpg/pkg/game/faction_relations.go:686.20,688.4 1 1
goldbox-rpg/pkg/game/faction_relations.go:688.9,688.27 1 0
goldbox-rpg/pkg/game/faction_relations.go:688.27,690.4 1 0
goldbox-rpg/pkg/game/faction_relations.go:693.3,693.22 1 1
goldbox-rpg/pkg/game/faction_relations.go:693.22,695.4 1 1
goldbox-rpg/pkg/game/faction_relations.go:695.9,695.29 1 0
goldbox-rpg/pkg/game/faction_relations.go:695.29,697.4 1 0
goldbox-rpg/pkg/game/faction_relations.go:699.3,700.18 2 1
goldbox-rpg/pkg/game/guild.go:89.59,90.19 1 1
goldbox-rpg/pkg/game/guild.go:90.19,92.3 1 0
goldbox-rpg/pkg/game/guild.go:93.2,97.3 1 1
goldbox-rpg/pkg/game/guild.go:114.90,119.56 3 1
goldbox-rpg/pkg/game/guild.go:119.56,121.3 1 1
goldbox-rpg/pkg/game/guild.go:124.2,124.30 1 1
goldbox-rpg/pkg/game/guild.go:124.30,125.21 1 1
goldbox-rpg/pkg/game/guild.go:125.21,127.4 1 1
goldbox-rpg/pkg/game/guild.go:130.2,163.19 6 1
goldbox-rpg/pkg/game/guild.go:167.39,198.2 1 1
goldbox-rpg/pkg/game/guild.go:201.66,206.13 4 1
goldbox-rpg/pkg/game/guild.go:206.13,208.3 1 1
goldbox-rpg/pkg/game/guild.go:209.2,209.19 1 0
goldbox-rpg/pkg/game/guild.go:213.79,218.13 4 1
goldbox-rpg/pkg/game/guild.go:218.13,220.3 1 1
goldbox-rpg/pkg/game/guild.go:222.2,223.13 2 1
goldbox-rpg/pkg/game/guild.go:223.13,225.3 1 0
goldbox-rpg/pkg/game/guild.go:226.2,226.19 1 1
goldbox-rpg/pkg/game/guild.go:230.81,235.58 3 1
goldbox-rpg/pkg/game/guild.go:235.58,237.3 1 1
goldbox-rpg/pkg/game/guild.go:239.2,240.13 2 1
goldbox-rpg/pkg/game/guild.go:240.13,242.3 1 1
goldbox-rpg/pkg/game/guild.go:245.2,245.21 1 1
goldbox-rpg/pkg/game/guild.go:245.21,246.88 1 1
goldbox-rpg/pkg/game/guild.go:246.88,248.4 1 0
goldbox-rpg/pkg/game/guild.go:251.2,270.12 6 1
goldbox-rpg/pkg/game/guild.go:274.62,279.13 4 1
goldbox-rpg/pkg/game/guild.go:279.13,281.3 1 0
goldbox-rpg/pkg/game/guild.go:283.2,284.13 2 1
goldbox-rpg/pkg/game/guild.go:284.13,286.3 1 0
goldbox-rpg/pkg/game/guild.go:288.2,292.35 3 1
goldbox-rpg/pkg/game/guild.go:292.35,294.29 1 1
goldbox-rpg/pkg/game/guild.go:294.29,297.4 1 0
goldbox-rpg/pkg/game/guild.go:300.2,304.29 3 1
goldbox-rpg/pkg/game/guild.go:304.29,307.3 2 1
goldbox-rpg/pkg/game/guild.go:309.2,314.12 2 1
goldbox-rpg/pkg/game/guild.go:318.78,322.40 3 0
goldbox-rpg/pkg/game/guild.go:322.40,323.22 1 0
goldbox-rpg/pkg/game/guild.go:323.22,324.12 1 0
goldbox-rpg/pkg/game/guild.go:326.3,326.34 1 0
goldbox-rpg/pkg/game/guild.go:326.34,329.4 2 0
goldbox-rpg/pkg/game/guild.go:331.2,331.22 1 0
goldbox-rpg/pkg/game/guild.go:335.78,340.13 4 1
goldbox-rpg/pkg/game/guild.go:340.13,342.3 1 0
goldbox-rpg/pkg/game/guild.go:345.2,345.32 1 1
goldbox-rpg/pkg/game/guild.go:345.32,347.3 1 1
goldbox-rpg/pkg/game/guild.go:350.2,350.84 1 1
goldbox-rpg/pkg/game/guild.go:350.84,352.3 1 0
goldbox-rpg/pkg/game/guild.go:354.2,357.51 3 1
goldbox-rpg/pkg/game/guild.go:357.51,359.3 1 0
goldbox-rpg/pkg/game/guild.go:361.2,370.12 4 1
goldbox-rpg/pkg/game/guild.go:374.83,379.13 4 1
goldbox-rpg/pkg/game/guild.go:379.13,381.3 1 0
goldbox-rpg/pkg/game/guild.go:383.2,383.89 1 1
goldbox-rpg/pkg/game/guild.go:383.89,385.3 1 0
goldbox-rpg/pkg/game/guild.go:387.2,391.13 4 1
goldbox-rpg/pkg/game/guild.go:391.13,393.3 1 0
goldbox-rpg/pkg/game/guild.go:396.2,398.34 3 1
goldbox-rpg/pkg/game/guild.go:398.34,400.3 1 1
goldbox-rpg/pkg/game/guild.go:402.2,402.35 1 1
goldbox-rpg/pkg/game/guild.go:402.35,404.3 1 0
goldbox-rpg/pkg/game/guild.go:406.2,415.12 3 1
goldbox-rpg/pkg/game/guild.go:419.81,424.13 4 1
goldbox-rpg/pkg/game/guild.go:424.13,426.3 1 0
goldbox-rpg/pkg/game/guild.go:428.2,428.87 1 1
goldbox-rpg/pkg/game/guild.go:428.87,430.3 1 0
goldbox-rpg/pkg/game/guild.go:432.2,436.13 4 1
goldbox-rpg/pkg/game/guild.go:436.13,438.3 1 0
goldbox-rpg/pkg/game/guild.go:440.2,440.27 1 1
goldbox-rpg/pkg/game/guild.go:440.27,442.3 1 1
goldbox-rpg/pkg/game/guild.go:445.2,446.74 2 1
goldbox-rpg/pkg/game/guild.go:446.74,448.3 1 0
goldbox-rpg/pkg/game/guild.go:450.2,459.12 3 1
goldbox-rpg/pkg/game/guild.go:463.80,468.13 4 1
goldbox-rpg/pkg/game/guild.go:468.13,470.3 1 0
goldbox-rpg/pkg/game/guild.go:472.2,472.90 1 1
goldbox-rpg/pkg/game/guild.go:472.90,474.3 1 0
goldbox-rpg/pkg/game/guild.go:476.2,482.58 4 1
goldbox-rpg/pkg/game/guild.go:482.58,485.3 2 1
goldbox-rpg/pkg/game/guild.go:487.2,493.12 2 1
goldbox-rpg/pkg/game/guild.go:497.81,502.13 4 1
goldbox-rpg/pkg/game/guild.go:502.13,504.3 1 0
goldbox-rpg/pkg/game/guild.go:506.2,506.91 1 1
goldbox-rpg/pkg/game/guild.go:506.91,508.3 1 1
goldbox-rpg/pkg/game/guild.go:510.2,513.29 3 1
goldbox-rpg/pkg/game/guild.go:513.29,515.3 1 1
goldbox-rpg/pkg/game/guild.go:517.2,525.12 3 1
goldbox-rpg/pkg/game/guild.go:529.75,534.13 4 1
goldbox-rpg/pkg/game/guild.go:534.13,536.3 1 0
goldbox-rpg/pkg/game/guild.go:538.2,545.37 5 1
goldbox-rpg/pkg/game/guild.go:545.37,553.3 3 1
goldbox-rpg/pkg/game/guild.go:555.2,555.12 1 1
goldbox-rpg/pkg/game/guild.go:559.61,561.2 1 1
goldbox-rpg/pkg/game/guild.go:564.51,574.55 2 1
goldbox-rpg/pkg/game/guild.go:574.55,576.3 1 1
goldbox-rpg/pkg/game/guild.go:582.46,586.28 3 1
goldbox-rpg/pkg/game/guild.go:586.28,587.16 1 1
goldbox-rpg/pkg/game/guild.go:587.16,589.4 1 1
goldbox-rpg/pkg/game/guild.go:591.2,591.14 1 0
goldbox-rpg/pkg/game/guild.go:595.71,600.13 4 1
goldbox-rpg/pkg/game/guild.go:600.13,602.3 1 1
goldbox-rpg/pkg/game/guild.go:604.2,604.62 1 1
goldbox-rpg/pkg/game/guild.go:604.62,606.3 1 0
goldbox-rpg/pkg/game/guild.go:608.2,608.39 1 1
goldbox-rpg/pkg/game/guild.go:612.35,616.2 3 1
goldbox-rpg/pkg/game/guild.go:620.111,625.13 4 1
goldbox-rpg/pkg/game/guild.go:625.13,627.3 1 0
goldbox-rpg/pkg/game/guild.go:629.2,629.66 1 1
goldbox-rpg/pkg/game/guild.go:629.66,631.3 1 0
goldbox-rpg/pkg/game/guild.go:633.2,634.32 2 1
goldbox-rpg/pkg/game/guild.go:634.32,636.3 1 1
goldbox-rpg/pkg/game/guild.go:638.2,638.12 1 1
goldbox-rpg/pkg/game/guild.go:642.47,647.30 4 0
goldbox-rpg/pkg/game/guild.go:647.30,649.3 1 0
goldbox-rpg/pkg/game/guild.go:650.2,650.15 1 0
goldbox-rpg/pkg/game/guild.go:654.96,659.13 4 1
goldbox-rpg/pkg/game/guild.go:659.13,661.3 1 0
goldbox-rpg/pkg/game/guild.go:663.2,663.39 1 1
goldbox-rpg/pkg/game/guild.go:663.39,665.3 1 0
goldbox-rpg/pkg/game/guild.go:667.2,670.54 3 1
goldbox-rpg/pkg/game/guild.go:670.54,672.3 1 0
goldbox-rpg/pkg/game/guild.go:675.2,684.12 4 1
goldbox-rpg/pkg/game/item.go:50.44,52.2 1 1
goldbox-rpg/pkg/game/item.go:62.40,64.2 1 1
goldbox-rpg/pkg/game/item.go:75.32,77.2 1 1
goldbox-rpg/pkg/game/item.go:84.31,86.2 1 1
goldbox-rpg/pkg/game/item.go:93.33,95.2 1 1
goldbox-rpg/pkg/game/item.go:105.39,107.2 1 1
goldbox-rpg/pkg/game/item.go:119.35,121.2 1 1
goldbox-rpg/pkg/game/item.go:129.32,131.2 1 1
goldbox-rpg/pkg/game/item.go:138.34,140.2 1 1
goldbox-rpg/pkg/game/item.go:150.39,152.2 0 1
goldbox-rpg/pkg/game/item.go:167.48,169.2 1 1
goldbox-rpg/pkg/game/item.go:180.41,182.2 1 1
goldbox-rpg/pkg/game/logger.go:27.31,31.2 3 1
goldbox-rpg/pkg/game/logger.go:34.30,38.2 3 1
goldbox-rpg/pkg/game/map.go:21.46,22.53 1 1
goldbox-rpg/pkg/game/map.go:22.53,24.3 1 1
goldbox-rpg/pkg/game/map.go:25.2,25.23 1 1
goldbox-rpg/pkg/game/map.go:29.49,38.2 2 1
goldbox-rpg/pkg/game/modifier.go:33.77,39.2 1 1
goldbox-rpg/pkg/game/modifier.go:44.53,45.21 1 1
goldbox-rpg/pkg/game/modifier.go:46.14,47.29 1 1
goldbox-rpg/pkg/game/modifier.go:48.19,49.29 1 1
goldbox-rpg/pkg/game/modifier.go:50.14,51.17 1 1
goldbox-rpg/pkg/game/modifier.go:52.10,53.19 1 1
goldbox-rpg/pkg/game/morale.go:62.38,68.2 1 1
goldbox-rpg/pkg/game/morale.go:77.94,93.2 7 1
goldbox-rpg/pkg/game/morale.go:96.53,108.2 6 1
goldbox-rpg/pkg/game/morale.go:120.111,125.13 4 1
goldbox-rpg/pkg/game/morale.go:125.13,127.3 1 1
goldbox-rpg/pkg/game/morale.go:129.2,133.33 3 1
goldbox-rpg/pkg/game/morale.go:133.33,136.21 2 1
goldbox-rpg/pkg/game/morale.go:136.21,138.4 1 0
goldbox-rpg/pkg/game/morale.go:139.3,139.22 1 1
goldbox-rpg/pkg/game/morale.go:142.2,158.32 6 1
goldbox-rpg/pkg/game/morale.go:162.66,167.13 4 1
goldbox-rpg/pkg/game/morale.go:167.13,169.3 1 1
goldbox-rpg/pkg/game/morale.go:171.2,171.31 1 1
goldbox-rpg/pkg/game/morale.go:175.58,180.2 3 1
goldbox-rpg/pkg/game/morale.go:184.79,191.39 5 1
goldbox-rpg/pkg/game/morale.go:191.39,192.26 1 1
goldbox-rpg/pkg/game/morale.go:192.26,193.12 1 1
goldbox-rpg/pkg/game/morale.go:196.3,196.41 1 1
goldbox-rpg/pkg/game/morale.go:196.41,197.12 1 0
goldbox-rpg/pkg/game/morale.go:200.3,201.16 2 1
goldbox-rpg/pkg/game/morale.go:201.16,203.4 1 1
goldbox-rpg/pkg/game/morale.go:205.3,215.47 4 1
goldbox-rpg/pkg/game/morale.go:220.58,225.13 4 1
goldbox-rpg/pkg/game/morale.go:225.13,227.3 1 1
goldbox-rpg/pkg/game/morale.go:229.2,236.42 3 1
goldbox-rpg/pkg/game/morale.go:247.86,253.42 4 1
goldbox-rpg/pkg/game/morale.go:253.42,254.28 1 1
goldbox-rpg/pkg/game/morale.go:254.28,255.12 1 0
goldbox-rpg/pkg/game/morale.go:258.3,258.42 1 1
goldbox-rpg/pkg/game/morale.go:258.42,259.12 1 1
goldbox-rpg/pkg/game/morale.go:263.3,274.14 5 1
goldbox-rpg/pkg/game/morale.go:277.2,277.14 1 1
goldbox-rpg/pkg/game/morale.go:288.72,294.15 4 1
goldbox-rpg/pkg/game/morale.go:295.22,296.14 1 1
goldbox-rpg/pkg/game/morale.go:297.20,301.17 3 0
goldbox-rpg/pkg/game/morale.go:301.17,303.4 1 0
goldbox-rpg/pkg/game/morale.go:304.3,304.34 1 0
goldbox-rpg/pkg/game/morale.go:305.20,308.21 2 0
goldbox-rpg/pkg/game/morale.go:308.21,310.4 1 0
goldbox-rpg/pkg/game/morale.go:311.3,312.17 2 0
goldbox-rpg/pkg/game/morale.go:312.17,314.4 1 0
goldbox-rpg/pkg/game/morale.go:315.3,315.34 1 0
goldbox-rpg/pkg/game/morale.go:316.10,317.15 1 1
goldbox-rpg/pkg/game/morale.go:323.66,334.2 4 1
goldbox-rpg/pkg/game/morale.go:337.62,344.45 5 1
goldbox-rpg/pkg/game/morale.go:344.45,345.28 1 1
goldbox-rpg/pkg/game/morale.go:345.28,348.4 2 1
goldbox-rpg/pkg/game/morale.go:351.2,351.16 1 1
goldbox-rpg/pkg/game/morale.go:351.16,353.3 1 1
goldbox-rpg/pkg/game/morale.go:355.2,355.22 1 1
goldbox-rpg/pkg/game/morale.go:359.53,364.2 3 1
goldbox-rpg/pkg/game/morale.go:367.45,368.9 1 1
goldbox-rpg/pkg/game/morale.go:369.42,370.25 1 1
goldbox-rpg/pkg/game/morale.go:371.39,372.22 1 1
goldbox-rpg/pkg/game/morale.go:373.39,374.22 1 1
goldbox-rpg/pkg/game/morale.go:375.10,376.24 1 1
goldbox-rpg/pkg/game/morale.go:381.34,382.16 1 1
goldbox-rpg/pkg/game/morale.go:382.16,384.3 1 1
goldbox-rpg/pkg/game/morale.go:385.2,385.18 1 1
goldbox-rpg/pkg/game/morale.go:385.18,387.3 1 1
goldbox-rpg/pkg/game/morale.go:388.2,388.15 1 1
goldbox-rpg/pkg/game/morale.go:392.50,393.15 1 1
goldbox-rpg/pkg/game/morale.go:394.23,395.21 1 1
goldbox-rpg/pkg/game/morale.go:396.20,397.18 1 1
goldbox-rpg/pkg/game/morale.go:398.20,399.18 1 1
goldbox-rpg/pkg/game/morale.go:400.22,401.20 1 1
goldbox-rpg/pkg/game/morale.go:402.10,403.19 1 1
goldbox-rpg/pkg/game/pathfinding.go:31.46,33.2 1 1
goldbox-rpg/pkg/game/pathfinding.go:38.72,39.30 1 1
goldbox-rpg/pkg/game/pathfinding.go:39.30,41.3 1 1
goldbox-rpg/pkg/game/pathfinding.go:43.2,43.34 1 1
goldbox-rpg/pkg/game/pathfinding.go:43.34,45.3 1 1
goldbox-rpg/pkg/game/pathfinding.go:47.2,63.24 8 1
goldbox-rpg/pkg/game/pathfinding.go:63.24,66.55 2 1
goldbox-rpg/pkg/game/pathfinding.go:66.55,68.4 1 1
goldbox-rpg/pkg/game/pathfinding.go:70.3,72.57 2 1
goldbox-rpg/pkg/game/pathfinding.go:72.57,73.24 1 1
goldbox-rpg/pkg/game/pathfinding.go:73.24,74.13 1 1
goldbox-rpg/pkg/game/pathfinding.go:77.4,79.72 2 1
goldbox-rpg/pkg/game/pathfinding.go:79.72,80.13 1 1
goldbox-rpg/pkg/game/pathfinding.go:83.4,92.36 3 1
goldbox-rpg/pkg/game/pathfinding.go:96.2,96.19 1 1
goldbox-rpg/pkg/game/pathfinding.go:100.58,103.2 2 1
goldbox-rpg/pkg/game/pathfinding.go:106.61,110.2 3 1
goldbox-rpg/pkg/game/pathfinding.go:113.61,122.33 3 1
goldbox-rpg/pkg/game/pathfinding.go:122.33,124.28 2 1
goldbox-rpg/pkg/game/pathfinding.go:124.28,131.4 1 1
goldbox-rpg/pkg/game/pathfinding.go:134.2,134.18 1 1
goldbox-rpg/pkg/game/pathfinding.go:138.49,139.50 1 1
goldbox-rpg/pkg/game/pathfinding.go:139.50,141.3 1 1
goldbox-rpg/pkg/game/pathfinding.go:145.2,147.61 2 1
goldbox-rpg/pkg/game/pathfinding.go:147.61,149.3 1 1
goldbox-rpg/pkg/game/pathfinding.go:151.2,151.55 1 1
goldbox-rpg/pkg/game/pathfinding.go:151.55,153.3 1 0
goldbox-rpg/pkg/game/pathfinding.go:155.2,155.35 1 1
goldbox-rpg/pkg/game/pathfinding.go:159.66,161.18 2 1
goldbox-rpg/pkg/game/pathfinding.go:161.18,164.3 2 1
goldbox-rpg/pkg/game/pathfinding.go:165.2,165.13 1 1
goldbox-rpg/pkg/game/pathfinding.go:183.35,183.53 1 1
goldbox-rpg/pkg/game/pathfinding.go:187.45,189.2 1 1
goldbox-rpg/pkg/game/pathfinding.go:193.40,195.2 1 1
goldbox-rpg/pkg/game/pathfinding.go:199.46,201.2 1 1
goldbox-rpg/pkg/game/pathfinding.go:205.44,211.2 5 1
goldbox-rpg/pkg/game/player.go:44.30,64.2 6 1
goldbox-rpg/pkg/game/player.go:71.32,75.12 3 1
goldbox-rpg/pkg/game/player.go:75.12,77.3 1 1
goldbox-rpg/pkg/game/player.go:77.8,77.25 1 1
goldbox-rpg/pkg/game/player.go:77.25,79.3 1 1
goldbox-rpg/pkg/game/player.go:79.8,81.3 1 1
goldbox-rpg/pkg/game/player.go:89.33,93.2 3 1
goldbox-rpg/pkg/game/player.go:124.60,134.2 8 1
goldbox-rpg/pkg/game/player.go:137.75,138.49 1 1
goldbox-rpg/pkg/game/player.go:138.49,140.3 1 1
goldbox-rpg/pkg/game/player.go:141.2,141.63 1 1
goldbox-rpg/pkg/game/player.go:141.63,143.3 1 1
goldbox-rpg/pkg/game/player.go:144.2,144.59 1 1
goldbox-rpg/pkg/game/player.go:144.59,146.3 1 1
goldbox-rpg/pkg/game/player.go:150.78,151.49 1 1
goldbox-rpg/pkg/game/player.go:151.49,153.3 1 1
goldbox-rpg/pkg/game/player.go:154.2,154.49 1 1
goldbox-rpg/pkg/game/player.go:154.49,156.3 1 1
goldbox-rpg/pkg/game/player.go:157.2,157.57 1 1
goldbox-rpg/pkg/game/player.go:157.57,159.3 1 1
goldbox-rpg/pkg/game/player.go:160.2,160.65 1 1
goldbox-rpg/pkg/game/player.go:160.65,162.3 1 1
goldbox-rpg/pkg/game/player.go:166.70,167.49 1 1
goldbox-rpg/pkg/game/player.go:167.49,169.3 1 1
goldbox-rpg/pkg/game/player.go:170.2,170.53 1 1
goldbox-rpg/pkg/game/player.go:170.53,172.3 1 1
goldbox-rpg/pkg/game/player.go:173.2,173.50 1 1
goldbox-rpg/pkg/game/player.go:173.50,175.3 1 1
goldbox-rpg/pkg/game/player.go:176.2,176.55 1 1
goldbox-rpg/pkg/game/player.go:176.55,178.3 1 1
goldbox-rpg/pkg/game/player.go:179.2,179.50 1 1
goldbox-rpg/pkg/game/player.go:179.50,181.3 1 1
goldbox-rpg/pkg/game/player.go:182.2,182.54 1 1
goldbox-rpg/pkg/game/player.go:182.54,184.3 1 1
goldbox-rpg/pkg/game/player.go:188.71,189.42 1 1
goldbox-rpg/pkg/game/player.go:189.42,191.3 1 1
goldbox-rpg/pkg/game/player.go:192.2,192.49 1 1
goldbox-rpg/pkg/game/player.go:192.49,194.3 1 1
goldbox-rpg/pkg/game/player.go:195.2,195.51 1 1
goldbox-rpg/pkg/game/player.go:195.51,197.3 1 1
goldbox-rpg/pkg/game/player.go:198.2,198.48 1 1
goldbox-rpg/pkg/game/player.go:198.48,200.3 1 1
goldbox-rpg/pkg/game/player.go:204.72,205.46 1 1
goldbox-rpg/pkg/game/player.go:205.46,207.3 1 1
goldbox-rpg/pkg/game/player.go:211.80,212.48 1 1
goldbox-rpg/pkg/game/player.go:212.48,214.3 1 1
goldbox-rpg/pkg/game/player.go:215.2,215.53 1 1
goldbox-rpg/pkg/game/player.go:215.53,217.3 1 0
goldbox-rpg/pkg/game/player.go:217.8,217.58 1 1
goldbox-rpg/pkg/game/player.go:217.58,220.3 1 1
goldbox-rpg/pkg/game/player.go:229.34,230.14 1 1
goldbox-rpg/pkg/game/player.go:230.14,232.3 1 1
goldbox-rpg/pkg/game/player.go:234.2,250.14 7 1
goldbox-rpg/pkg/game/player.go:259.54,268.2 1 1
goldbox-rpg/pkg/game/player.go:308.49,312.13 3 1
goldbox-rpg/pkg/game/player.go:312.13,314.3 1 1
goldbox-rpg/pkg/game/player.go:317.2,317.65 1 1
goldbox-rpg/pkg/game/player.go:317.65,319.3 1 1
goldbox-rpg/pkg/game/player.go:321.2,324.66 2 1
goldbox-rpg/pkg/game/player.go:324.66,326.3 1 1
goldbox-rpg/pkg/game/player.go:328.2,328.12 1 1
goldbox-rpg/pkg/game/player.go:347.46,365.2 10 1
goldbox-rpg/pkg/game/player.go:376.36,388.2 1 1
goldbox-rpg/pkg/game/player.go:403.48,407.20 3 1
goldbox-rpg/pkg/game/player.go:407.20,409.3 1 1
goldbox-rpg/pkg/game/player.go:412.2,412.43 1 1
goldbox-rpg/pkg/game/player.go:412.43,413.35 1 1
goldbox-rpg/pkg/game/player.go:413.35,415.4 1 1
goldbox-rpg/pkg/game/player.go:419.2,422.12 3 1
goldbox-rpg/pkg/game/player.go:440.71,444.19 3 1
goldbox-rpg/pkg/game/player.go:444.19,446.3 1 1
goldbox-rpg/pkg/game/player.go:449.2,449.35 1 1
goldbox-rpg/pkg/game/player.go:449.35,450.26 1 1
goldbox-rpg/pkg/game/player.go:450.26,451.38 1 1
goldbox-rpg/pkg/game/player.go:451.38,453.5 1 1
goldbox-rpg/pkg/game/player.go:454.4,454.35 1 1
goldbox-rpg/pkg/game/player.go:454.35,456.5 1 0
goldbox-rpg/pkg/game/player.go:459.4,459.47 1 1
goldbox-rpg/pkg/game/player.go:459.47,460.29 1 1
goldbox-rpg/pkg/game/player.go:460.29,462.6 1 1
goldbox-rpg/pkg/game/player.go:466.4,468.29 2 1
goldbox-rpg/pkg/game/player.go:472.2,472.68 1 1
goldbox-rpg/pkg/game/player.go:491.91,495.19 3 1
goldbox-rpg/pkg/game/player.go:495.19,497.3 1 0
goldbox-rpg/pkg/game/player.go:498.2,498.18 1 1
goldbox-rpg/pkg/game/player.go:498.18,500.3 1 1
goldbox-rpg/pkg/game/player.go:503.2,503.35 1 1
goldbox-rpg/pkg/game/player.go:503.35,504.26 1 1
goldbox-rpg/pkg/game/player.go:504.26,505.35 1 1
goldbox-rpg/pkg/game/player.go:505.35,507.5 1 0
goldbox-rpg/pkg/game/player.go:510.4,510.69 1 1
goldbox-rpg/pkg/game/player.go:510.69,512.5 1 1
goldbox-rpg/pkg/game/player.go:515.4,516.38 2 1
goldbox-rpg/pkg/game/player.go:516.38,519.5 2 1
goldbox-rpg/pkg/game/player.go:519.10,522.5 2 1
goldbox-rpg/pkg/game/player.go:524.4,524.14 1 1
goldbox-rpg/pkg/game/player.go:528.2,528.63 1 0
goldbox-rpg/pkg/game/player.go:541.50,545.19 3 1
goldbox-rpg/pkg/game/player.go:545.19,547.3 1 0
goldbox-rpg/pkg/game/player.go:550.2,550.35 1 1
goldbox-rpg/pkg/game/player.go:550.35,551.26 1 1
goldbox-rpg/pkg/game/player.go:551.26,552.38 1 1
goldbox-rpg/pkg/game/player.go:552.38,554.5 1 1
goldbox-rpg/pkg/game/player.go:555.4,555.35 1 1
goldbox-rpg/pkg/game/player.go:555.35,557.5 1 1
goldbox-rpg/pkg/game/player.go:560.4,561.14 2 1
goldbox-rpg/pkg/game/player.go:565.2,565.63 1 1
goldbox-rpg/pkg/game/player.go:577.59,581.19 3 1
goldbox-rpg/pkg/game/player.go:581.19,583.3 1 1
goldbox-rpg/pkg/game/player.go:585.2,585.35 1 1
goldbox-rpg/pkg/game/player.go:585.35,586.26 1 1
goldbox-rpg/pkg/game/player.go:586.26,590.4 2 1
goldbox-rpg/pkg/game/player.go:593.2,593.68 1 1
goldbox-rpg/pkg/game/player.go:603.44,608.35 4 1
goldbox-rpg/pkg/game/player.go:608.35,609.34 1 1
goldbox-rpg/pkg/game/player.go:609.34,611.4 1 1
goldbox-rpg/pkg/game/player.go:614.2,614.21 1 1
goldbox-rpg/pkg/game/player.go:624.47,629.35 4 1
goldbox-rpg/pkg/game/player.go:629.35,630.37 1 1
goldbox-rpg/pkg/game/player.go:630.37,632.4 1 1
goldbox-rpg/pkg/game/player.go:635.2,635.24 1 1
goldbox-rpg/pkg/game/player.go:645.40,653.2 5 1
goldbox-rpg/pkg/game/player.go:657.50,661.38 3 1
goldbox-rpg/pkg/game/player.go:661.38,662.26 1 1
goldbox-rpg/pkg/game/player.go:662.26,664.4 1 1
goldbox-rpg/pkg/game/player.go:666.2,666.14 1 1
goldbox-rpg/pkg/game/player.go:671.48,676.43 3 1
goldbox-rpg/pkg/game/player.go:676.43,677.32 1 1
goldbox-rpg/pkg/game/player.go:677.32,679.4 1 1
goldbox-rpg/pkg/game/player.go:683.2,683.24 1 1
goldbox-rpg/pkg/game/player.go:683.24,685.3 1 1
goldbox-rpg/pkg/game/player.go:688.2,688.27 1 1
goldbox-rpg/pkg/game/player.go:688.27,690.3 1 1
goldbox-rpg/pkg/game/player.go:693.2,694.12 2 1
goldbox-rpg/pkg/game/player.go:699.39,700.17 1 1
goldbox-rpg/pkg/game/player.go:701.17,702.14 1 1
goldbox-rpg/pkg/game/player.go:703.19,704.14 1 0
goldbox-rpg/pkg/game/player.go:705.20,706.22 1 1
goldbox-rpg/pkg/game/player.go:707.19,708.22 1 0
goldbox-rpg/pkg/game/player.go:709.10,710.15 1 1
goldbox-rpg/pkg/game/spatial_index.go:38.65,51.2 1 1
goldbox-rpg/pkg/game/spatial_index.go:54.54,59.34 4 1
goldbox-rpg/pkg/game/spatial_index.go:59.34,61.3 1 1
goldbox-rpg/pkg/game/spatial_index.go:63.2,63.36 1 1
goldbox-rpg/pkg/game/spatial_index.go:67.55,72.2 3 1
goldbox-rpg/pkg/game/spatial_index.go:75.72,82.2 5 1
goldbox-rpg/pkg/game/spatial_index.go:85.90,90.2 3 1
goldbox-rpg/pkg/game/spatial_index.go:94.98,111.33 7 1
goldbox-rpg/pkg/game/spatial_index.go:111.33,118.39 5 1
goldbox-rpg/pkg/game/spatial_index.go:118.39,120.4 1 1
goldbox-rpg/pkg/game/spatial_index.go:123.2,123.15 1 1
goldbox-rpg/pkg/game/spatial_index.go:127.80,135.26 5 1
goldbox-rpg/pkg/game/spatial_index.go:135.26,138.24 2 1
goldbox-rpg/pkg/game/spatial_index.go:138.24,141.24 2 1
goldbox-rpg/pkg/game/spatial_index.go:141.24,143.5 1 1
goldbox-rpg/pkg/game/spatial_index.go:144.4,144.18 1 1
goldbox-rpg/pkg/game/spatial_index.go:146.3,146.14 1 0
goldbox-rpg/pkg/game/spatial_index.go:150.2,153.25 4 0
goldbox-rpg/pkg/game/spatial_index.go:153.25,155.3 1 0
goldbox-rpg/pkg/game/spatial_index.go:156.2,156.19 1 0
goldbox-rpg/pkg/game/spatial_index.go:160.65,165.34 3 1
goldbox-rpg/pkg/game/spatial_index.go:165.34,167.3 1 1
goldbox-rpg/pkg/game/spatial_index.go:169.2,176.15 4 1
goldbox-rpg/pkg/game/spatial_index.go:180.72,185.37 3 1
goldbox-rpg/pkg/game/spatial_index.go:185.37,187.3 1 1
goldbox-rpg/pkg/game/spatial_index.go:190.2,191.73 2 1
goldbox-rpg/pkg/game/spatial_index.go:191.73,193.3 1 1
goldbox-rpg/pkg/game/spatial_index.go:196.2,196.36 1 1
goldbox-rpg/pkg/game/spatial_index.go:200.33,209.2 3 1
goldbox-rpg/pkg/game/spatial_index.go:212.54,219.2 5 1
goldbox-rpg/pkg/game/spatial_index.go:232.77,235.36 2 1
goldbox-rpg/pkg/game/spatial_index.go:235.36,237.3 1 0
goldbox-rpg/pkg/game/spatial_index.go:239.2,239.17 1 1
goldbox-rpg/pkg/game/spatial_index.go:239.17,243.56 2 1
goldbox-rpg/pkg/game/spatial_index.go:243.56,245.4 1 1
goldbox-rpg/pkg/game/spatial_index.go:246.3,246.13 1 1
goldbox-rpg/pkg/game/spatial_index.go:250.2,250.38 1 1
goldbox-rpg/pkg/game/spatial_index.go:250.38,251.37 1 1
goldbox-rpg/pkg/game/spatial_index.go:251.37,253.4 1 1
goldbox-rpg/pkg/game/spatial_index.go:256.2,256.72 1 0
goldbox-rpg/pkg/game/spatial_index.go:259.78,260.17 1 1
goldbox-rpg/pkg/game/spatial_index.go:260.17,261.36 1 1
goldbox-rpg/pkg/game/spatial_index.go:261.36,262.31 1 1
goldbox-rpg/pkg/game/spatial_index.go:262.31,267.5 3 1
goldbox-rpg/pkg/game/spatial_index.go:269.3,269.69 1 1
goldbox-rpg/pkg/game/spatial_index.go:273.2,273.38 1 0
goldbox-rpg/pkg/game/spatial_index.go:273.38,274.56 1 0
goldbox-rpg/pkg/game/spatial_index.go:274.56,276.4 1 0
goldbox-rpg/pkg/game/spatial_index.go:279.2,279.68 1 0
goldbox-rpg/pkg/game/spatial_index.go:282.105,283.17 1 1
goldbox-rpg/pkg/game/spatial_index.go:283.17,284.34 1 1
goldbox-rpg/pkg/game/spatial_index.go:284.34,285.29 1 1
goldbox-rpg/pkg/game/spatial_index.go:285.29,290.5 4 1
goldbox-rpg/pkg/game/spatial_index.go:292.3,292.79 1 1
goldbox-rpg/pkg/game/spatial_index.go:295.2,295.38 1 0
goldbox-rpg/pkg/game/spatial_index.go:295.38,296.71 1 0
goldbox-rpg/pkg/game/spatial_index.go:296.71,298.4 1 0
goldbox-rpg/pkg/game/spatial_index.go:301.2,301.78 1 0
goldbox-rpg/pkg/game/spatial_index.go:304.92,305.39 1 1
goldbox-rpg/pkg/game/spatial_index.go:305.39,307.3 1 1
goldbox-rpg/pkg/game/spatial_index.go:309.2,309.17 1 1
goldbox-rpg/pkg/game/spatial_index.go:309.17,310.36 1 1
goldbox-rpg/pkg/game/spatial_index.go:310.36,312.30 2 1
goldbox-rpg/pkg/game/spatial_index.go:312.30,314.5 1 1
goldbox-rpg/pkg/game/spatial_index.go:316.3,316.9 1 1
goldbox-rpg/pkg/game/spatial_index.go:319.2,319.38 1 1
goldbox-rpg/pkg/game/spatial_index.go:319.38,321.3 1 1
goldbox-rpg/pkg/game/spatial_index.go:324.54,325.44 1 1
goldbox-rpg/pkg/game/spatial_index.go:325.44,327.3 1 0
goldbox-rpg/pkg/game/spatial_index.go:329.2,342.35 5 1
goldbox-rpg/pkg/game/spatial_index.go:342.35,344.39 2 1
goldbox-rpg/pkg/game/spatial_index.go:344.39,345.38 1 1
goldbox-rpg/pkg/game/spatial_index.go:345.38,347.10 2 1
goldbox-rpg/pkg/game/spatial_index.go:353.2,354.21 2 1
goldbox-rpg/pkg/game/spatial_index.go:357.57,361.2 3 1
goldbox-rpg/pkg/game/spatial_index.go:363.69,366.2 1 1
goldbox-rpg/pkg/game/spatial_index.go:368.65,371.2 1 1
goldbox-rpg/pkg/game/spatial_index.go:373.63,377.2 3 1
goldbox-rpg/pkg/game/spatial_index.go:379.79,380.38 1 1
goldbox-rpg/pkg/game/spatial_index.go:380.38,381.41 1 1
goldbox-rpg/pkg/game/spatial_index.go:381.41,384.21 3 1
goldbox-rpg/pkg/game/spatial_index.go:384.21,386.5 1 0
goldbox-rpg/pkg/game/spatial_index.go:391.94,393.28 2 1
goldbox-rpg/pkg/game/spatial_index.go:393.28,395.3 1 1
goldbox-rpg/pkg/game/spatial_index.go:397.2,397.17 1 1
goldbox-rpg/pkg/game/spatial_index.go:397.17,400.3 2 1
goldbox-rpg/pkg/game/spatial_index.go:400.8,401.39 1 1
goldbox-rpg/pkg/game/spatial_index.go:401.39,403.4 1 1
goldbox-rpg/pkg/game/spell.go:84.38,85.11 1 1
goldbox-rpg/pkg/game/spell.go:86.24,87.22 1 1
goldbox-rpg/pkg/game/spell.go:88.25,89.23 1 1
goldbox-rpg/pkg/game/spell.go:90.24,91.22 1 1
goldbox-rpg/pkg/game/spell.go:92.25,93.23 1 1
goldbox-rpg/pkg/game/spell.go:94.23,95.21 1 1
goldbox-rpg/pkg/game/spell.go:96.22,97.20 1 1
goldbox-rpg/pkg/game/spell.go:98.24,99.22 1 1
goldbox-rpg/pkg/game/spell.go:100.27,101.25 1 1
goldbox-rpg/pkg/game/spell.go:102.10,103.19 1 0
goldbox-rpg/pkg/game/spell.go:108.45,109.11 1 1
goldbox-rpg/pkg/game/spell.go:110.34,111.26 1 1
goldbox-rpg/pkg/game/spell.go:112.36,113.27 1 0
goldbox-rpg/pkg/game/spell.go:114.34,115.26 1 0
goldbox-rpg/pkg/game/spell.go:116.36,117.27 1 0
goldbox-rpg/pkg/game/spell.go:118.32,119.25 1 1
goldbox-rpg/pkg/game/spell.go:120.30,121.24 1 0
goldbox-rpg/pkg/game/spell.go:122.34,123.26 1 0
goldbox-rpg/pkg/game/spell.go:124.40,125.29 1 0
goldbox-rpg/pkg/game/spell.go:126.10,127.25 1 1
goldbox-rpg/pkg/game/spell.go:132.41,133.11 1 1
goldbox-rpg/pkg/game/spell.go:134.23,135.18 1 1
goldbox-rpg/pkg/game/spell.go:136.24,137.19 1 1
goldbox-rpg/pkg/game/spell.go:138.25,139.20 1 1
goldbox-rpg/pkg/game/spell.go:140.10,141.19 1 0
goldbox-rpg/pkg/game/spell.go:146.51,147.11 1 1
goldbox-rpg/pkg/game/spell.go:148.31,149.25 1 1
goldbox-rpg/pkg/game/spell.go:150.33,151.26 1 1
goldbox-rpg/pkg/game/spell.go:152.35,153.27 1 1
goldbox-rpg/pkg/game/spell.go:154.10,155.25 1 1
goldbox-rpg/pkg/game/spell_manager.go:23.54,28.2 1 1
goldbox-rpg/pkg/game/spell_manager.go:31.44,34.93 2 1
goldbox-rpg/pkg/game/spell_manager.go:34.93,35.58 1 1
goldbox-rpg/pkg/game/spell_manager.go:35.58,37.4 1 0
goldbox-rpg/pkg/game/spell_manager.go:39.3,40.17 2 1
goldbox-rpg/pkg/game/spell_manager.go:40.17,42.4 1 0
goldbox-rpg/pkg/game/spell_manager.go:44.3,44.30 1 1
goldbox-rpg/pkg/game/spell_manager.go:44.30,45.91 1 1
goldbox-rpg/pkg/game/spell_manager.go:45.91,46.13 1 0
goldbox-rpg/pkg/game/spell_manager.go:49.4,50.53 2 1
goldbox-rpg/pkg/game/spell_manager.go:50.53,52.5 1 0
goldbox-rpg/pkg/game/spell_manager.go:55.3,55.13 1 1
goldbox-rpg/pkg/game/spell_manager.go:60.62,63.93 2 1
goldbox-rpg/pkg/game/spell_manager.go:63.93,65.17 2 1
goldbox-rpg/pkg/game/spell_manager.go:65.17,67.4 1 0
goldbox-rpg/pkg/game/spell_manager.go:69.3,70.59 2 1
goldbox-rpg/pkg/game/spell_manager.go:70.59,72.4 1 0
goldbox-rpg/pkg/game/spell_manager.go:74.3,74.36 1 1
goldbox-rpg/pkg/game/spell_manager.go:74.36,78.50 2 1
goldbox-rpg/pkg/game/spell_manager.go:78.50,80.5 1 0
goldbox-rpg/pkg/game/spell_manager.go:82.4,82.31 1 1
goldbox-rpg/pkg/game/spell_manager.go:85.3,85.13 1 1
goldbox-rpg/pkg/game/spell_manager.go:90.59,91.20 1 1
goldbox-rpg/pkg/game/spell_manager.go:91.20,93.3 1 0
goldbox-rpg/pkg/game/spell_manager.go:94.2,94.22 1 1
goldbox-rpg/pkg/game/spell_manager.go:94.22,96.3 1 0
goldbox-rpg/pkg/game/spell_manager.go:97.2,97.21 1 1
goldbox-rpg/pkg/game/spell_manager.go:97.21,99.3 1 0
goldbox-rpg/pkg/game/spell_manager.go:100.2,100.21 1 1
goldbox-rpg/pkg/game/spell_manager.go:100.21,102.3 1 0
goldbox-rpg/pkg/game/spell_manager.go:103.2,103.24 1 1
goldbox-rpg/pkg/game/spell_manager.go:103.24,105.3 1 0
goldbox-rpg/pkg/game/spell_manager.go:106.2,106.12 1 1
goldbox-rpg/pkg/game/spell_manager.go:110.72,111.48 1 1
goldbox-rpg/pkg/game/spell_manager.go:111.48,113.3 1 0
goldbox-rpg/pkg/game/spell_manager.go:115.2,117.93 2 1
goldbox-rpg/pkg/game/spell_manager.go:117.93,123.17 3 1
goldbox-rpg/pkg/game/spell_manager.go:123.17,125.4 1 0
goldbox-rpg/pkg/game/spell_manager.go:127.3,128.61 2 1
goldbox-rpg/pkg/game/spell_manager.go:128.61,130.4 1 0
goldbox-rpg/pkg/game/spell_manager.go:133.3,134.13 2 1
goldbox-rpg/pkg/game/spell_manager.go:139.51,143.34 2 0
goldbox-rpg/pkg/game/spell_manager.go:143.34,145.3 1 0
goldbox-rpg/pkg/game/spell_manager.go:148.2,148.43 1 0
goldbox-rpg/pkg/game/spell_manager.go:148.43,150.42 1 0
goldbox-rpg/pkg/game/spell_manager.go:150.42,152.4 1 0
goldbox-rpg/pkg/game/spell_manager.go:154.3,156.17 3 0
goldbox-rpg/pkg/game/spell_manager.go:156.17,158.4 1 0
goldbox-rpg/pkg/game/spell_manager.go:160.3,161.17 2 0
goldbox-rpg/pkg/game/spell_manager.go:161.17,163.4 1 0
goldbox-rpg/pkg/game/spell_manager.go:163.9,165.4 1 0
goldbox-rpg/pkg/game/spell_manager.go:167.3,168.61 2 0
goldbox-rpg/pkg/game/spell_manager.go:168.61,170.4 1 0
goldbox-rpg/pkg/game/spell_manager.go:173.2,173.12 1 0
goldbox-rpg/pkg/game/spell_manager.go:177.66,179.13 2 1
goldbox-rpg/pkg/game/spell_manager.go:179.13,181.3 1 0
goldbox-rpg/pkg/game/spell_manager.go:184.2,185.24 2 1
goldbox-rpg/pkg/game/spell_manager.go:189.62,192.34 2 1
goldbox-rpg/pkg/game/spell_manager.go:192.34,193.27 1 1
goldbox-rpg/pkg/game/spell_manager.go:193.27,196.4 2 1
goldbox-rpg/pkg/game/spell_manager.go:200.2,200.41 1 1
goldbox-rpg/pkg/game/spell_manager.go:200.41,202.3 1 1
goldbox-rpg/pkg/game/spell_manager.go:204.2,204.15 1 1
goldbox-rpg/pkg/game/spell_manager.go:208.72,211.34 2 1
goldbox-rpg/pkg/game/spell_manager.go:211.34,212.29 1 1
goldbox-rpg/pkg/game/spell_manager.go:212.29,215.4 2 1
goldbox-rpg/pkg/game/spell_manager.go:219.2,219.41 1 1
goldbox-rpg/pkg/game/spell_manager.go:219.41,220.41 1 1
goldbox-rpg/pkg/game/spell_manager.go:220.41,222.4 1 1
goldbox-rpg/pkg/game/spell_manager.go:223.3,223.41 1 0
goldbox-rpg/pkg/game/spell_manager.go:226.2,226.15 1 1
goldbox-rpg/pkg/game/spell_manager.go:230.49,233.34 2 0
goldbox-rpg/pkg/game/spell_manager.go:233.34,236.3 2 0
goldbox-rpg/pkg/game/spell_manager.go:239.2,239.41 1 0
goldbox-rpg/pkg/game/spell_manager.go:239.41,240.41 1 0
goldbox-rpg/pkg/game/spell_manager.go:240.41,242.4 1 0
goldbox-rpg/pkg/game/spell_manager.go:243.3,243.41 1 0
goldbox-rpg/pkg/game/spell_manager.go:246.2,246.15 1 0
goldbox-rpg/pkg/game/spell_manager.go:250.54,251.48 1 1
goldbox-rpg/pkg/game/spell_manager.go:251.48,253.3 1 0
goldbox-rpg/pkg/game/spell_manager.go:255.2,255.46 1 1
goldbox-rpg/pkg/game/spell_manager.go:255.46,257.3 1 0
goldbox-rpg/pkg/game/spell_manager.go:259.2,260.12 2 1
goldbox-rpg/pkg/game/spell_manager.go:264.57,265.48 1 0
goldbox-rpg/pkg/game/spell_manager.go:265.48,267.3 1 0
goldbox-rpg/pkg/game/spell_manager.go:269.2,269.47 1 0
goldbox-rpg/pkg/game/spell_manager.go:269.47,271.3 1 0
goldbox-rpg/pkg/game/spell_manager.go:273.2,274.12 2 0
goldbox-rpg/pkg/game/spell_manager.go:278.59,279.46 1 0
goldbox-rpg/pkg/game/spell_manager.go:279.46,281.3 1 0
goldbox-rpg/pkg/game/spell_manager.go:283.2,284.12 2 0
goldbox-rpg/pkg/game/spell_manager.go:288.45,290.2 1 0
goldbox-rpg/pkg/game/spell_manager.go:293.60,296.34 2 0
goldbox-rpg/pkg/game/spell_manager.go:296.34,298.3 1 0
goldbox-rpg/pkg/game/spell_manager.go:300.2,300.15 1 0
goldbox-rpg/pkg/game/spell_manager.go:304.61,308.34 3 1
goldbox-rpg/pkg/game/spell_manager.go:308.34,310.59 1 1
goldbox-rpg/pkg/game/spell_manager.go:310.59,313.12 3 1
goldbox-rpg/pkg/game/spell_manager.go:317.3,317.66 1 1
goldbox-rpg/pkg/game/spell_manager.go:317.66,320.12 3 1
goldbox-rpg/pkg/game/spell_manager.go:324.3,324.48 1 1
goldbox-rpg/pkg/game/spell_manager.go:324.48,325.57 1 1
goldbox-rpg/pkg/game/spell_manager.go:325.57,328.10 3 1
goldbox-rpg/pkg/game/spell_manager.go:334.2,334.41 1 1
goldbox-rpg/pkg/game/spell_manager.go:334.41,335.41 1 1
goldbox-rpg/pkg/game/spell_manager.go:335.41,337.4 1 0
goldbox-rpg/pkg/game/spell_manager.go:338.3,338.41 1 1
goldbox-rpg/pkg/game/spell_manager.go:341.2,341.15 1 1
goldbox-rpg/pkg/game/tile.go:78.26,91.2 1 1
goldbox-rpg/pkg/game/tile.go:113.25,126.2 1 1
goldbox-rpg/pkg/game/utils.go:13.22,15.2 1 1
goldbox-rpg/pkg/game/utils.go:30.70,33.2 1 1
goldbox-rpg/pkg/game/utils.go:59.36,61.13 1 1
goldbox-rpg/pkg/game/utils.go:61.13,63.3 1 1
goldbox-rpg/pkg/game/utils.go:67.2,71.35 3 1
goldbox-rpg/pkg/game/utils.go:71.35,72.23 1 1
goldbox-rpg/pkg/game/utils.go:72.23,74.4 1 1
goldbox-rpg/pkg/game/utils.go:74.9,75.9 1 1
goldbox-rpg/pkg/game/utils.go:79.2,79.21 1 1
goldbox-rpg/pkg/game/utils.go:87.70,99.2 3 1
goldbox-rpg/pkg/game/utils.go:105.37,106.11 1 0
goldbox-rpg/pkg/game/utils.go:106.11,108.3 1 0
goldbox-rpg/pkg/game/utils.go:109.2,109.10 1 0
goldbox-rpg/pkg/game/utils.go:116.37,117.11 1 0
goldbox-rpg/pkg/game/utils.go:117.11,119.3 1 0
goldbox-rpg/pkg/game/utils.go:120.2,120.10 1 0
goldbox-rpg/pkg/game/utils.go:127.27,128.11 1 1
goldbox-rpg/pkg/game/utils.go:128.11,130.3 1 0
goldbox-rpg/pkg/game/utils.go:131.2,131.10 1 1
goldbox-rpg/pkg/game/utils.go:138.27,139.11 1 0
goldbox-rpg/pkg/game/utils.go:139.11,141.3 1 0
goldbox-rpg/pkg/game/utils.go:142.2,142.10 1 0
goldbox-rpg/pkg/game/utils.go:150.54,152.2 1 0
goldbox-rpg/pkg/game/utils.go:158.21,159.11 1 1
goldbox-rpg/pkg/game/utils.go:159.11,161.3 1 1
goldbox-rpg/pkg/game/utils.go:162.2,162.10 1 1
goldbox-rpg/pkg/game/utils.go:180.57,181.15 1 1
goldbox-rpg/pkg/game/utils.go:181.15,183.3 1 1
goldbox-rpg/pkg/game/utils.go:186.2,194.16 3 1
goldbox-rpg/pkg/game/utils.go:194.16,196.3 1 1
goldbox-rpg/pkg/game/utils.go:199.2,200.20 2 1
goldbox-rpg/pkg/game/utils.go:200.20,202.3 1 1
goldbox-rpg/pkg/game/utils.go:204.2,204.50 1 1
goldbox-rpg/pkg/game/world.go:28.67,38.39 4 1
goldbox-rpg/pkg/game/world.go:38.39,45.14 2 1
goldbox-rpg/pkg/game/world.go:46.18,47.49 1 1
goldbox-rpg/pkg/game/world.go:47.49,55.5 2 0
goldbox-rpg/pkg/game/world.go:56.18,57.26 1 1
goldbox-rpg/pkg/game/world.go:58.15,59.23 1 1
goldbox-rpg/pkg/game/world.go:60.23,61.27 1 1
goldbox-rpg/pkg/game/world.go:62.11,68.52 2 1
goldbox-rpg/pkg/game/world.go:72.2,78.12 2 1
goldbox-rpg/pkg/game/world.go:82.56,89.9 3 1
goldbox-rpg/pkg/game/world.go:89.9,96.3 2 0
goldbox-rpg/pkg/game/world.go:98.2,101.31 3 1
goldbox-rpg/pkg/game/world.go:101.31,107.28 4 1
goldbox-rpg/pkg/game/world.go:107.28,108.53 1 1
goldbox-rpg/pkg/game/world.go:108.53,119.5 2 0
goldbox-rpg/pkg/game/world.go:121.3,121.16 1 1
goldbox-rpg/pkg/game/world.go:124.2,131.12 2 1
goldbox-rpg/pkg/game/world.go:135.50,142.9 3 1
goldbox-rpg/pkg/game/world.go:142.9,149.3 2 0
goldbox-rpg/pkg/game/world.go:151.2,152.34 2 1
goldbox-rpg/pkg/game/world.go:152.34,155.3 2 1
goldbox-rpg/pkg/game/world.go:157.2,161.35 1 1
goldbox-rpg/pkg/game/world.go:165.47,167.9 2 1
goldbox-rpg/pkg/game/world.go:167.9,169.3 1 0
goldbox-rpg/pkg/game/world.go:171.2,171.28 1 1
goldbox-rpg/pkg/game/world.go:171.28,173.3 1 1
goldbox-rpg/pkg/game/world.go:177.51,179.9 2 1
goldbox-rpg/pkg/game/world.go:179.9,181.3 1 0
goldbox-rpg/pkg/game/world.go:183.2,183.22 1 1
goldbox-rpg/pkg/game/world.go:187.32,206.30 5 1
goldbox-rpg/pkg/game/world.go:206.30,208.3 1 1
goldbox-rpg/pkg/game/world.go:211.2,211.30 1 1
goldbox-rpg/pkg/game/world.go:211.30,213.3 1 1
goldbox-rpg/pkg/game/world.go:216.2,216.27 1 1
goldbox-rpg/pkg/game/world.go:216.27,218.3 1 1
goldbox-rpg/pkg/game/world.go:221.2,221.34 1 1
goldbox-rpg/pkg/game/world.go:221.34,225.3 3 1
goldbox-rpg/pkg/game/world.go:228.2,228.27 1 1
goldbox-rpg/pkg/game/world.go:228.27,230.37 2 1
goldbox-rpg/pkg/game/world.go:230.37,231.57 1 1
goldbox-rpg/pkg/game/world.go:231.57,234.13 1 0
goldbox-rpg/pkg/game/world.go:239.2,239.14 1 1
goldbox-rpg/pkg/game/world.go:269.24,279.2 1 1
goldbox-rpg/pkg/game/world.go:282.59,292.2 1 1
goldbox-rpg/pkg/game/world.go:295.49,299.49 3 1
goldbox-rpg/pkg/game/world.go:299.49,301.3 1 1
goldbox-rpg/pkg/game/world.go:303.2,310.27 4 1
goldbox-rpg/pkg/game/world.go:310.27,311.52 1 1
goldbox-rpg/pkg/game/world.go:311.52,315.4 1 0
goldbox-rpg/pkg/game/world.go:318.2,318.12 1 1
goldbox-rpg/pkg/game/world.go:322.57,327.40 4 1
goldbox-rpg/pkg/game/world.go:327.40,328.43 1 1
goldbox-rpg/pkg/game/world.go:328.43,330.4 1 1
goldbox-rpg/pkg/game/world.go:333.2,333.16 1 1
goldbox-rpg/pkg/game/world.go:337.69,346.39 2 1
goldbox-rpg/pkg/game/world.go:346.39,348.3 1 1
goldbox-rpg/pkg/game/world.go:351.2,352.38 2 1
goldbox-rpg/pkg/game/world.go:352.38,353.23 1 1
goldbox-rpg/pkg/game/world.go:353.23,355.4 1 1
goldbox-rpg/pkg/game/world.go:360.2,360.12 1 1
goldbox-rpg/pkg/game/world.go:364.59,367.2 1 1
goldbox-rpg/pkg/game/world.go:370.52,376.30 4 1
goldbox-rpg/pkg/game/world.go:376.30,378.3 1 1
goldbox-rpg/pkg/game/world.go:380.2,382.3 1 1
goldbox-rpg/pkg/game/world.go:386.64,390.27 3 1
goldbox-rpg/pkg/game/world.go:390.27,392.3 1 1
goldbox-rpg/pkg/game/world.go:395.2,396.32 2 1
goldbox-rpg/pkg/game/world.go:396.32,399.45 2 1
goldbox-rpg/pkg/game/world.go:399.45,401.4 1 1
goldbox-rpg/pkg/game/world.go:403.2,403.16 1 1
goldbox-rpg/pkg/game/world.go:407.82,411.27 3 1
goldbox-rpg/pkg/game/world.go:411.27,413.3 1 1
goldbox-rpg/pkg/game/world.go:416.2,417.32 2 1
goldbox-rpg/pkg/game/world.go:417.32,422.25 5 1
goldbox-rpg/pkg/game/world.go:422.25,424.4 1 1
goldbox-rpg/pkg/game/world.go:426.2,426.16 1 1
goldbox-rpg/pkg/game/world.go:430.72,434.27 3 1
goldbox-rpg/pkg/game/world.go:434.27,436.3 1 1
goldbox-rpg/pkg/game/world.go:439.2,445.32 3 1
goldbox-rpg/pkg/game/world.go:445.32,451.3 5 1
goldbox-rpg/pkg/game/world.go:454.2,454.41 1 1
goldbox-rpg/pkg/game/world.go:454.41,455.44 1 1
goldbox-rpg/pkg/game/world.go:455.44,456.55 1 1
goldbox-rpg/pkg/game/world.go:456.55,458.5 1 0
goldbox-rpg/pkg/game/world.go:462.2,464.25 3 1
goldbox-rpg/pkg/game/world.go:464.25,466.3 1 0
goldbox-rpg/pkg/game/world.go:467.2,467.29 1 1
goldbox-rpg/pkg/game/world.go:467.29,469.3 1 1
goldbox-rpg/pkg/game/world.go:470.2,470.15 1 1
goldbox-rpg/pkg/game/world.go:474.78,479.16 4 1
goldbox-rpg/pkg/game/world.go:479.16,481.3 1 0
goldbox-rpg/pkg/game/world.go:483.2,483.70 1 1
goldbox-rpg/pkg/game/world.go:483.70,485.3 1 0
goldbox-rpg/pkg/game/world.go:487.2,489.71 2 1
goldbox-rpg/pkg/game/world.go:489.71,491.3 1 0
goldbox-rpg/pkg/game/world.go:493.2,493.12 1 1
goldbox-rpg/pkg/game/world.go:497.85,499.13 2 1
goldbox-rpg/pkg/game/world.go:499.13,501.3 1 0
goldbox-rpg/pkg/game/world.go:502.2,502.36 1 1
goldbox-rpg/pkg/game/world.go:506.87,511.37 2 1
goldbox-rpg/pkg/game/world.go:511.37,512.79 1 1
goldbox-rpg/pkg/game/world.go:512.79,514.4 1 0
goldbox-rpg/pkg/game/world.go:515.8,516.49 1 0
goldbox-rpg/pkg/game/world.go:516.49,518.4 1 0
goldbox-rpg/pkg/game/world.go:520.2,520.12 1 1
goldbox-rpg/pkg/game/world.go:524.83,527.2 2 1
goldbox-rpg/pkg/game/world.go:530.76,531.54 1 1
goldbox-rpg/pkg/game/world.go:531.54,532.33 1 1
goldbox-rpg/pkg/game/world.go:532.33,533.22 1 1
goldbox-rpg/pkg/game/world.go:533.22,535.10 2 1
goldbox-rpg/pkg/game/world.go:538.3,538.35 1 1
goldbox-rpg/pkg/game/world.go:538.35,540.4 1 1
goldbox-rpg/pkg/game/world.go:545.71,547.2 1 1
goldbox-rpg/pkg/game/world.go:550.84,551.27 1 1
goldbox-rpg/pkg/game/world.go:551.27,552.65 1 1
goldbox-rpg/pkg/game/world.go:552.65,554.4 1 0
goldbox-rpg/pkg/game/world.go:556.2,556.12 1 1
goldbox-rpg/pkg/game/world.go:560.53,565.13 4 1
goldbox-rpg/pkg/game/world.go:565.13,567.3 1 0
goldbox-rpg/pkg/game/world.go:569.2,575.51 3 1
goldbox-rpg/pkg/game/world.go:575.51,576.30 1 1
goldbox-rpg/pkg/game/world.go:576.30,577.22 1 1
goldbox-rpg/pkg/game/world.go:577.22,579.10 2 1
goldbox-rpg/pkg/game/world.go:582.3,582.35 1 1
goldbox-rpg/pkg/game/world.go:582.35,584.4 1 1
goldbox-rpg/pkg/game/world.go:588.2,588.27 1 1
goldbox-rpg/pkg/game/world.go:588.27,589.57 1 1
goldbox-rpg/pkg/game/world.go:589.57,591.4 1 0
goldbox-rpg/pkg/game/world.go:594.2,594.12 1 1
goldbox-rpg/pkg/game/world.go:598.59,602.27 3 1
goldbox-rpg/pkg/game/world.go:602.27,605.3 2 1
goldbox-rpg/pkg/game/world.go:606.2,606.12 1 0
goldbox-rpg/pkg/game/world.go:628.55,630.43 2 0
goldbox-rpg/pkg/game/world.go:630.43,632.3 1 0
goldbox-rpg/pkg/game/world.go:634.2,641.38 6 0
goldbox-rpg/pkg/game/world.go:641.38,642.20 1 0
goldbox-rpg/pkg/game/world.go:642.20,644.4 1 0
goldbox-rpg/pkg/game/world.go:648.2,649.22 2 0
goldbox-rpg/pkg/game/world.go:649.22,651.3 1 0
goldbox-rpg/pkg/game/world.go:654.2,655.19 2 0
goldbox-rpg/pkg/game/world.go:655.19,657.3 1 0
goldbox-rpg/pkg/game/world.go:660.2,661.26 2 0
goldbox-rpg/pkg/game/world.go:661.26,663.3 1 0
goldbox-rpg/pkg/game/world.go:665.2,674.12 2 0
goldbox-rpg/pkg/game/world_types.go:64.56,70.2 5 1
goldbox-rpg/pkg/game/world_types.go:73.53,77.2 3 1
