[2026-03-13 13:52:02] === LOOP STARTING ===
[2026-03-13 13:52:02] Working directory: /home/user/go/src/github.com/opd-ai/goldbox-rpg
[2026-03-13 13:52:02] Prompt directory:  /home/user/go/src/github.com/opd-ai/go-stats-generator
[2026-03-13 13:52:02] Max iterations:    50
[2026-03-13 13:52:02] --- Initialization ---
[2026-03-13 13:52:02] AUDIT.md not found — delegating BASE_AUDIT.md...
[2026-03-13 13:52:02] Delegating: BASE_AUDIT.md
[2026-03-16 14:11:12] === LOOP STARTING ===
[2026-03-16 14:11:12] Working directory: /home/user/go/src/github.com/opd-ai/goldbox-rpg
[2026-03-16 14:11:12] Prompt directory:  /home/user/go/src/github.com/opd-ai/go-stats-generator
[2026-03-16 14:11:12] Max iterations:    50
[2026-03-16 14:11:12] --- Initialization ---
[2026-03-16 14:11:12] AUDIT.md not found — delegating BASE_AUDIT.md...
[2026-03-16 14:11:12] Delegating: BASE_AUDIT.md
[2026-03-16 14:19:27] Delegation complete: BASE_AUDIT.md (exit code: 141)
[2026-03-16 14:19:27] AUDIT.md created successfully.
[2026-03-16 14:19:27] PLAN.md not found — delegating MAKE_PLAN.md...
[2026-03-16 14:19:27] Delegating: MAKE_PLAN.md
[2026-03-16 14:23:08] Delegation complete: MAKE_PLAN.md (exit code: 141)
[2026-03-16 14:23:08] PLAN.md created successfully.
[2026-03-16 14:23:08] --- Entering main loop (max 50 iterations) ---
[2026-03-16 14:23:08] 
[2026-03-16 14:23:08] === Iteration 1 / 50 ===
[2026-03-16 14:23:08] Step A: Executing next task...
[2026-03-16 14:23:08] Delegating: EXECUTE.md
[2026-03-16 14:34:12] Delegation complete: EXECUTE.md (exit code: 141)
[2026-03-16 14:34:12] WARNING: EXECUTE.md delegation returned non-zero.
[2026-03-16 14:34:12] Step B: Running tests...
[2026-03-16 14:34:12] Running tests...
[2026-03-16 14:34:59] Tests PASSED
[2026-03-16 14:34:59] [iteration 1] executed EXECUTE.md — tests: PASS
[2026-03-16 14:34:59] 
[2026-03-16 14:34:59] === Iteration 2 / 50 ===
[2026-03-16 14:34:59] Step A: Executing next task...
[2026-03-16 14:34:59] Delegating: EXECUTE.md
[2026-03-16 14:44:18] Delegation complete: EXECUTE.md (exit code: 141)
[2026-03-16 14:44:18] WARNING: EXECUTE.md delegation returned non-zero.
[2026-03-16 14:44:18] Step B: Running tests...
[2026-03-16 14:44:18] Running tests...
[2026-03-16 14:45:05] Tests PASSED
[2026-03-16 14:45:05] [iteration 2] executed EXECUTE.md — tests: PASS
[2026-03-16 14:45:05] 
[2026-03-16 14:45:05] === Iteration 3 / 50 ===
[2026-03-16 14:45:05] Step A: Executing next task...
[2026-03-16 14:45:05] Delegating: EXECUTE.md
[2026-03-16 14:48:03] === LOOP STARTING ===
[2026-03-16 14:48:03] Working directory: /home/user/go/src/github.com/opd-ai/goldbox-rpg
[2026-03-16 14:48:03] Prompt directory:  /home/user/go/src/github.com/opd-ai/go-stats-generator
[2026-03-16 14:48:03] Max iterations:    50
[2026-03-16 14:48:03] --- Initialization ---
[2026-03-16 14:48:03] AUDIT.md already exists — skipping BASE_AUDIT.md.
[2026-03-16 14:48:03] PLAN.md already exists — skipping MAKE_PLAN.md.
[2026-03-16 14:48:03] --- Entering main loop (max 50 iterations) ---
[2026-03-16 14:48:03] 
[2026-03-16 14:48:03] === Iteration 1 / 50 ===
[2026-03-16 14:48:03] Step A: Executing next task...
[2026-03-16 14:48:03] Delegating: EXECUTE.md
[2026-03-16 14:55:27] Delegation complete: EXECUTE.md (exit code: 1)
[2026-03-16 14:55:27] WARNING: EXECUTE.md delegation returned non-zero.
[2026-03-16 14:55:27] Step B: Running tests...
[2026-03-16 14:55:27] Running tests...
[2026-03-16 14:56:15] Tests PASSED
[2026-03-16 14:56:15] [iteration 1] executed EXECUTE.md — tests: PASS
[2026-03-16 14:56:15] 
[2026-03-16 14:56:15] === Iteration 2 / 50 ===
[2026-03-16 14:56:15] Step A: Executing next task...
[2026-03-16 14:56:15] Delegating: EXECUTE.md
[2026-03-16 14:56:41] Delegation complete: EXECUTE.md (exit code: 1)
[2026-03-16 14:56:41] WARNING: EXECUTE.md delegation returned non-zero.
[2026-03-16 14:56:41] Step B: Running tests...
[2026-03-16 14:56:41] Running tests...
[2026-03-16 14:57:27] Tests PASSED
[2026-03-16 14:57:27] [iteration 2] executed EXECUTE.md — tests: PASS
[2026-03-16 14:57:27] 
[2026-03-16 14:57:27] === Iteration 3 / 50 ===
[2026-03-16 14:57:27] Step A: Executing next task...
[2026-03-16 14:57:27] Delegating: EXECUTE.md
[2026-03-16 14:57:47] Delegation complete: EXECUTE.md (exit code: 1)
[2026-03-16 14:57:47] WARNING: EXECUTE.md delegation returned non-zero.
[2026-03-16 14:57:47] Step B: Running tests...
[2026-03-16 14:57:47] Running tests...
[2026-03-16 14:59:50] === LOOP STARTING ===
[2026-03-16 14:59:50] Working directory: /home/user/go/src/github.com/opd-ai/goldbox-rpg
[2026-03-16 14:59:50] Prompt directory:  /home/user/go/src/github.com/opd-ai/go-stats-generator
[2026-03-16 14:59:50] Max iterations:    50
[2026-03-16 14:59:50] --- Initialization ---
[2026-03-16 14:59:50] AUDIT.md already exists — skipping BASE_AUDIT.md.
[2026-03-16 14:59:50] PLAN.md already exists — skipping MAKE_PLAN.md.
[2026-03-16 14:59:50] --- Entering main loop (max 50 iterations) ---
[2026-03-16 14:59:50] 
[2026-03-16 14:59:50] === Iteration 1 / 50 ===
[2026-03-16 14:59:50] Step A: Executing next task...
[2026-03-16 14:59:50] Delegating: EXECUTE.md
[2026-03-16 15:13:45] Delegation complete: EXECUTE.md (exit code: 141)
[2026-03-16 15:13:45] WARNING: EXECUTE.md delegation returned non-zero.
[2026-03-16 15:13:45] Step B: Running tests...
[2026-03-16 15:13:45] Running tests...
[2026-03-16 15:14:32] Tests PASSED
[2026-03-16 15:14:32] [iteration 1] executed EXECUTE.md — tests: PASS
[2026-03-16 15:14:32] 
[2026-03-16 15:14:32] === Iteration 2 / 50 ===
[2026-03-16 15:14:32] Step A: Executing next task...
[2026-03-16 15:14:32] Delegating: EXECUTE.md
[2026-03-16 15:19:28] Delegation complete: EXECUTE.md (exit code: 1)
[2026-03-16 15:19:28] WARNING: EXECUTE.md delegation returned non-zero.
[2026-03-16 15:19:28] Step B: Running tests...
[2026-03-16 15:19:28] Running tests...
[2026-03-16 15:20:14] Tests PASSED
[2026-03-16 15:20:14] [iteration 2] executed EXECUTE.md — tests: PASS
[2026-03-16 15:20:14] 
[2026-03-16 15:20:14] === Iteration 3 / 50 ===
[2026-03-16 15:20:14] Step A: Executing next task...
[2026-03-16 15:20:14] Delegating: EXECUTE.md
[2026-03-16 15:31:39] Delegation complete: EXECUTE.md (exit code: 1)
[2026-03-16 15:31:39] WARNING: EXECUTE.md delegation returned non-zero.
[2026-03-16 15:31:39] Step B: Running tests...
[2026-03-16 15:31:39] Running tests...
[2026-03-16 15:32:25] Tests PASSED
[2026-03-16 15:32:25] [iteration 3] executed EXECUTE.md — tests: PASS
[2026-03-16 15:32:25] Step C: Periodic maintenance check (iteration 3)...
[2026-03-16 15:32:28] Complexity violations found: 3886 functions exceed thresholds
[2026-03-16 15:32:28]   Complexity violations detected — delegating BREAKDOWN.md...
[2026-03-16 15:32:28] Delegating: BREAKDOWN.md
[2026-03-16 15:43:38] Delegation complete: BREAKDOWN.md (exit code: 141)
[2026-03-16 15:43:38] Running tests...
[2026-03-16 15:44:28] Tests PASSED
[2026-03-16 15:44:28] [iteration 3] executed BREAKDOWN.md — tests: PASS
[2026-03-16 15:44:28] Clone pairs (37) exceed threshold of 10
[2026-03-16 15:44:28]   Duplication threshold exceeded — delegating DEDUPLICATE.md...
[2026-03-16 15:44:28] Delegating: DEDUPLICATE.md
[2026-03-16 15:53:06] Delegation complete: DEDUPLICATE.md (exit code: 1)
[2026-03-16 15:53:06] Running tests...
[2026-03-16 15:53:56] Tests PASSED
[2026-03-16 15:53:56] [iteration 3] executed DEDUPLICATE.md — tests: PASS
[2026-03-16 15:53:57] 
[2026-03-16 15:53:57] === Iteration 4 / 50 ===
[2026-03-16 15:53:57] Step A: Executing next task...
[2026-03-16 15:53:57] Delegating: EXECUTE.md
