mode: set
goldbox-rpg/pkg/server/alerting.go:37.38,38.12 1 1
goldbox-rpg/pkg/server/alerting.go:39.22,40.16 1 1
goldbox-rpg/pkg/server/alerting.go:41.25,42.19 1 1
goldbox-rpg/pkg/server/alerting.go:43.26,44.20 1 1
goldbox-rpg/pkg/server/alerting.go:45.10,46.19 1 1
goldbox-rpg/pkg/server/alerting.go:69.54,78.21 2 1
goldbox-rpg/pkg/server/alerting.go:79.22,80.29 1 0
goldbox-rpg/pkg/server/alerting.go:81.25,82.29 1 1
goldbox-rpg/pkg/server/alerting.go:83.26,84.30 1 0
goldbox-rpg/pkg/server/alerting.go:97.116,104.2 1 1
goldbox-rpg/pkg/server/alerting.go:107.58,113.6 4 1
goldbox-rpg/pkg/server/alerting.go:113.6,114.10 1 1
goldbox-rpg/pkg/server/alerting.go:115.19,116.25 1 0
goldbox-rpg/pkg/server/alerting.go:117.22,119.10 2 1
goldbox-rpg/pkg/server/alerting.go:120.21,122.10 2 0
goldbox-rpg/pkg/server/alerting.go:128.38,130.2 1 1
goldbox-rpg/pkg/server/alerting.go:133.50,139.46 4 1
goldbox-rpg/pkg/server/alerting.go:139.46,148.3 1 1
goldbox-rpg/pkg/server/alerting.go:151.2,152.46 2 1
goldbox-rpg/pkg/server/alerting.go:152.46,161.3 1 1
goldbox-rpg/pkg/server/alerting.go:164.2,164.24 1 1
goldbox-rpg/pkg/server/alerting.go:164.24,166.49 2 1
goldbox-rpg/pkg/server/alerting.go:166.49,175.4 1 1
goldbox-rpg/pkg/server/alerting.go:180.2,184.47 2 1
goldbox-rpg/pkg/server/alerting.go:184.47,193.3 1 1
goldbox-rpg/pkg/server/alerting.go:197.47,206.2 1 1
goldbox-rpg/pkg/server/circuitbreaker.go:37.67,39.2 1 1
goldbox-rpg/pkg/server/circuitbreaker.go:42.97,44.2 1 1
goldbox-rpg/pkg/server/circuitbreaker_manager.go:27.101,29.2 1 1
goldbox-rpg/pkg/server/circuitbreaker_manager.go:32.103,34.2 1 1
goldbox-rpg/pkg/server/combat.go:91.36,102.2 1 1
goldbox-rpg/pkg/server/combat.go:111.73,117.57 2 1
goldbox-rpg/pkg/server/combat.go:117.57,119.3 1 1
goldbox-rpg/pkg/server/combat.go:121.2,121.70 1 1
goldbox-rpg/pkg/server/combat.go:121.70,123.64 1 1
goldbox-rpg/pkg/server/combat.go:123.64,129.4 2 0
goldbox-rpg/pkg/server/combat.go:130.3,130.29 1 1
goldbox-rpg/pkg/server/combat.go:133.2,133.57 1 1
goldbox-rpg/pkg/server/combat.go:133.57,135.3 1 1
goldbox-rpg/pkg/server/combat.go:137.2,137.57 1 1
goldbox-rpg/pkg/server/combat.go:137.57,139.3 1 1
goldbox-rpg/pkg/server/combat.go:141.2,141.74 1 1
goldbox-rpg/pkg/server/combat.go:141.74,143.3 1 1
goldbox-rpg/pkg/server/combat.go:145.2,145.73 1 1
goldbox-rpg/pkg/server/combat.go:145.73,147.3 1 1
goldbox-rpg/pkg/server/combat.go:149.2,153.12 2 1
goldbox-rpg/pkg/server/combat.go:157.45,172.36 3 1
goldbox-rpg/pkg/server/combat.go:172.36,176.3 3 1
goldbox-rpg/pkg/server/combat.go:179.2,181.14 2 1
goldbox-rpg/pkg/server/combat.go:185.59,194.2 1 1
goldbox-rpg/pkg/server/combat.go:233.60,239.61 2 1
goldbox-rpg/pkg/server/combat.go:239.61,247.3 2 1
goldbox-rpg/pkg/server/combat.go:249.2,256.18 3 1
goldbox-rpg/pkg/server/combat.go:264.63,271.63 2 1
goldbox-rpg/pkg/server/combat.go:271.63,277.3 2 1
goldbox-rpg/pkg/server/combat.go:279.2,294.12 9 1
goldbox-rpg/pkg/server/combat.go:297.41,298.25 1 1
goldbox-rpg/pkg/server/combat.go:298.25,300.3 1 0
goldbox-rpg/pkg/server/combat.go:301.2,301.60 1 1
goldbox-rpg/pkg/server/combat.go:304.34,306.70 1 0
goldbox-rpg/pkg/server/combat.go:306.70,313.3 2 0
goldbox-rpg/pkg/server/combat.go:315.2,319.43 3 0
goldbox-rpg/pkg/server/combat.go:319.43,320.37 1 0
goldbox-rpg/pkg/server/combat.go:320.37,322.9 2 0
goldbox-rpg/pkg/server/combat.go:326.2,326.21 1 0
goldbox-rpg/pkg/server/combat.go:326.21,327.64 1 0
goldbox-rpg/pkg/server/combat.go:327.64,334.4 1 0
goldbox-rpg/pkg/server/combat.go:338.2,342.26 3 0
goldbox-rpg/pkg/server/combat.go:342.26,344.3 1 0
goldbox-rpg/pkg/server/combat.go:346.2,346.19 1 0
goldbox-rpg/pkg/server/combat.go:346.19,348.3 1 0
goldbox-rpg/pkg/server/combat.go:357.45,363.20 2 1
goldbox-rpg/pkg/server/combat.go:363.20,368.3 2 0
goldbox-rpg/pkg/server/combat.go:371.2,371.29 1 1
goldbox-rpg/pkg/server/combat.go:371.29,376.3 2 0
goldbox-rpg/pkg/server/combat.go:379.2,379.43 1 1
goldbox-rpg/pkg/server/combat.go:379.43,386.3 2 0
goldbox-rpg/pkg/server/combat.go:388.2,391.26 3 1
goldbox-rpg/pkg/server/combat.go:391.26,397.3 2 0
goldbox-rpg/pkg/server/combat.go:400.2,412.19 5 1
goldbox-rpg/pkg/server/combat.go:417.45,431.41 5 0
goldbox-rpg/pkg/server/combat.go:431.41,442.55 3 0
goldbox-rpg/pkg/server/combat.go:442.55,454.4 3 0
goldbox-rpg/pkg/server/combat.go:457.2,460.49 1 0
goldbox-rpg/pkg/server/combat.go:467.43,473.37 2 0
goldbox-rpg/pkg/server/combat.go:473.37,478.3 2 0
goldbox-rpg/pkg/server/combat.go:480.2,486.29 3 0
goldbox-rpg/pkg/server/combat.go:486.29,492.3 3 0
goldbox-rpg/pkg/server/combat.go:494.2,497.14 2 0
goldbox-rpg/pkg/server/combat.go:505.65,507.2 0 0
goldbox-rpg/pkg/server/combat.go:513.51,526.51 5 0
goldbox-rpg/pkg/server/combat.go:526.51,527.21 1 0
goldbox-rpg/pkg/server/combat.go:527.21,530.35 3 0
goldbox-rpg/pkg/server/combat.go:530.35,532.5 1 0
goldbox-rpg/pkg/server/combat.go:534.4,538.31 1 0
goldbox-rpg/pkg/server/combat.go:542.2,547.15 2 0
goldbox-rpg/pkg/server/combat.go:551.33,557.42 2 0
goldbox-rpg/pkg/server/combat.go:557.42,560.3 2 0
goldbox-rpg/pkg/server/combat.go:562.2,580.37 6 0
goldbox-rpg/pkg/server/combat.go:591.75,600.45 3 1
goldbox-rpg/pkg/server/combat.go:600.45,602.3 1 1
goldbox-rpg/pkg/server/combat.go:602.8,602.58 1 0
goldbox-rpg/pkg/server/combat.go:602.58,604.3 1 0
goldbox-rpg/pkg/server/combat.go:604.8,611.3 3 0
goldbox-rpg/pkg/server/combat.go:613.2,616.17 3 1
goldbox-rpg/pkg/server/combat.go:616.17,622.3 2 0
goldbox-rpg/pkg/server/combat.go:624.2,632.18 2 1
goldbox-rpg/pkg/server/combat.go:632.18,638.3 2 0
goldbox-rpg/pkg/server/combat.go:639.2,639.12 1 1
goldbox-rpg/pkg/server/combat.go:660.74,662.19 1 1
goldbox-rpg/pkg/server/combat.go:662.19,672.24 4 1
goldbox-rpg/pkg/server/combat.go:672.24,674.4 1 1
goldbox-rpg/pkg/server/combat.go:676.3,683.23 2 1
goldbox-rpg/pkg/server/combat.go:686.2,702.30 5 0
goldbox-rpg/pkg/server/combat.go:709.69,725.43 5 0
goldbox-rpg/pkg/server/combat.go:725.43,731.3 2 0
goldbox-rpg/pkg/server/combat.go:732.2,749.47 4 0
goldbox-rpg/pkg/server/combat.go:770.103,797.2 4 0
goldbox-rpg/pkg/server/combat.go:809.110,818.13 3 1
goldbox-rpg/pkg/server/combat.go:818.13,825.3 3 0
goldbox-rpg/pkg/server/combat.go:827.2,833.20 3 1
goldbox-rpg/pkg/server/combat.go:833.20,835.47 2 0
goldbox-rpg/pkg/server/combat.go:835.47,841.4 3 0
goldbox-rpg/pkg/server/combat.go:844.2,850.54 3 1
goldbox-rpg/pkg/server/combat.go:850.54,856.3 2 0
goldbox-rpg/pkg/server/combat.go:858.2,868.20 3 1
goldbox-rpg/pkg/server/combat.go:872.64,878.39 2 0
goldbox-rpg/pkg/server/combat.go:878.39,881.3 2 0
goldbox-rpg/pkg/server/combat.go:883.2,891.12 4 0
goldbox-rpg/pkg/server/combat.go:894.69,902.35 4 0
goldbox-rpg/pkg/server/combat.go:902.35,904.29 2 0
goldbox-rpg/pkg/server/combat.go:904.29,905.17 1 0
goldbox-rpg/pkg/server/combat.go:905.17,907.10 2 0
goldbox-rpg/pkg/server/combat.go:910.3,910.15 1 0
goldbox-rpg/pkg/server/combat.go:910.15,912.4 1 0
goldbox-rpg/pkg/server/combat.go:916.2,916.61 1 0
goldbox-rpg/pkg/server/combat.go:916.61,923.3 2 0
goldbox-rpg/pkg/server/combat.go:925.2,927.12 3 0
goldbox-rpg/pkg/server/combat.go:930.48,937.43 3 0
goldbox-rpg/pkg/server/combat.go:937.43,938.49 1 0
goldbox-rpg/pkg/server/combat.go:938.49,940.4 1 0
goldbox-rpg/pkg/server/combat.go:940.9,942.4 1 0
goldbox-rpg/pkg/server/combat.go:944.2,944.38 1 0
goldbox-rpg/pkg/server/combat.go:947.52,949.2 1 1
goldbox-rpg/pkg/server/combat.go:952.36,958.25 2 1
goldbox-rpg/pkg/server/combat.go:958.25,961.3 2 1
goldbox-rpg/pkg/server/combat.go:963.2,970.41 4 1
goldbox-rpg/pkg/server/combat.go:980.75,981.26 1 1
goldbox-rpg/pkg/server/combat.go:981.26,983.3 1 1
goldbox-rpg/pkg/server/combat.go:986.2,987.38 2 1
goldbox-rpg/pkg/server/combat.go:987.38,988.21 1 1
goldbox-rpg/pkg/server/combat.go:988.21,990.4 1 1
goldbox-rpg/pkg/server/combat.go:991.3,991.21 1 1
goldbox-rpg/pkg/server/combat.go:991.21,993.4 1 1
goldbox-rpg/pkg/server/combat.go:994.3,994.24 1 1
goldbox-rpg/pkg/server/combat.go:997.2,997.12 1 1
goldbox-rpg/pkg/server/handlers.go:46.77,52.16 3 1
goldbox-rpg/pkg/server/handlers.go:52.16,54.3 1 1
goldbox-rpg/pkg/server/handlers.go:56.2,57.16 2 1
goldbox-rpg/pkg/server/handlers.go:57.16,59.3 1 1
goldbox-rpg/pkg/server/handlers.go:60.2,62.68 2 1
goldbox-rpg/pkg/server/handlers.go:62.68,64.3 1 0
goldbox-rpg/pkg/server/handlers.go:66.2,67.16 2 1
goldbox-rpg/pkg/server/handlers.go:67.16,69.3 1 0
goldbox-rpg/pkg/server/handlers.go:71.2,71.70 1 1
goldbox-rpg/pkg/server/handlers.go:71.70,73.3 1 0
goldbox-rpg/pkg/server/handlers.go:75.2,75.72 1 1
goldbox-rpg/pkg/server/handlers.go:75.72,77.3 1 0
goldbox-rpg/pkg/server/handlers.go:79.2,86.8 2 1
goldbox-rpg/pkg/server/handlers.go:95.3,102.53 2 1
goldbox-rpg/pkg/server/handlers.go:102.53,108.59 2 1
goldbox-rpg/pkg/server/handlers.go:108.59,114.4 2 1
goldbox-rpg/pkg/server/handlers.go:117.3,118.10 2 0
goldbox-rpg/pkg/server/handlers.go:118.10,120.4 1 0
goldbox-rpg/pkg/server/handlers.go:121.3,122.22 2 0
goldbox-rpg/pkg/server/handlers.go:125.2,125.18 1 1
goldbox-rpg/pkg/server/handlers.go:129.62,130.49 1 0
goldbox-rpg/pkg/server/handlers.go:131.20,132.35 1 0
goldbox-rpg/pkg/server/handlers.go:133.19,134.34 1 0
goldbox-rpg/pkg/server/handlers.go:135.20,136.35 1 0
goldbox-rpg/pkg/server/handlers.go:137.19,138.34 1 0
goldbox-rpg/pkg/server/handlers.go:139.10,140.18 1 0
goldbox-rpg/pkg/server/handlers.go:145.81,147.16 2 1
goldbox-rpg/pkg/server/handlers.go:147.16,153.3 2 1
goldbox-rpg/pkg/server/handlers.go:154.2,154.21 1 1
goldbox-rpg/pkg/server/handlers.go:158.74,159.37 1 1
goldbox-rpg/pkg/server/handlers.go:159.37,161.3 1 1
goldbox-rpg/pkg/server/handlers.go:163.2,163.56 1 0
goldbox-rpg/pkg/server/handlers.go:163.56,169.3 2 0
goldbox-rpg/pkg/server/handlers.go:171.2,171.52 1 0
goldbox-rpg/pkg/server/handlers.go:171.52,180.3 2 0
goldbox-rpg/pkg/server/handlers.go:182.2,182.12 1 0
goldbox-rpg/pkg/server/handlers.go:186.123,197.72 4 1
goldbox-rpg/pkg/server/handlers.go:197.72,203.3 2 0
goldbox-rpg/pkg/server/handlers.go:205.2,205.20 1 1
goldbox-rpg/pkg/server/handlers.go:209.76,210.37 1 1
goldbox-rpg/pkg/server/handlers.go:210.37,212.3 1 1
goldbox-rpg/pkg/server/handlers.go:214.2,214.54 1 0
goldbox-rpg/pkg/server/handlers.go:214.54,220.3 2 0
goldbox-rpg/pkg/server/handlers.go:222.2,229.12 2 0
goldbox-rpg/pkg/server/handlers.go:233.92,236.51 2 1
goldbox-rpg/pkg/server/handlers.go:236.51,242.3 2 0
goldbox-rpg/pkg/server/handlers.go:244.2,258.12 3 1
goldbox-rpg/pkg/server/handlers.go:282.79,293.53 3 1
goldbox-rpg/pkg/server/handlers.go:293.53,299.3 2 0
goldbox-rpg/pkg/server/handlers.go:301.2,302.16 2 1
goldbox-rpg/pkg/server/handlers.go:302.16,308.3 2 1
goldbox-rpg/pkg/server/handlers.go:309.2,311.37 2 1
goldbox-rpg/pkg/server/handlers.go:311.37,316.3 2 1
goldbox-rpg/pkg/server/handlers.go:318.2,318.64 1 1
goldbox-rpg/pkg/server/handlers.go:318.64,324.3 2 1
goldbox-rpg/pkg/server/handlers.go:327.2,327.62 1 1
goldbox-rpg/pkg/server/handlers.go:327.62,336.3 2 1
goldbox-rpg/pkg/server/handlers.go:338.2,346.16 3 1
goldbox-rpg/pkg/server/handlers.go:346.16,352.3 2 0
goldbox-rpg/pkg/server/handlers.go:355.2,355.64 1 1
goldbox-rpg/pkg/server/handlers.go:355.64,362.3 2 0
goldbox-rpg/pkg/server/handlers.go:363.2,374.20 3 1
goldbox-rpg/pkg/server/handlers.go:399.82,405.16 3 1
goldbox-rpg/pkg/server/handlers.go:405.16,407.3 1 0
goldbox-rpg/pkg/server/handlers.go:409.2,410.16 2 1
goldbox-rpg/pkg/server/handlers.go:410.16,412.3 1 1
goldbox-rpg/pkg/server/handlers.go:413.2,415.76 2 1
goldbox-rpg/pkg/server/handlers.go:415.76,417.3 1 1
goldbox-rpg/pkg/server/handlers.go:419.2,420.16 2 1
goldbox-rpg/pkg/server/handlers.go:420.16,422.3 1 1
goldbox-rpg/pkg/server/handlers.go:424.2,425.16 2 0
goldbox-rpg/pkg/server/handlers.go:425.16,427.3 1 0
goldbox-rpg/pkg/server/handlers.go:429.2,429.71 1 0
goldbox-rpg/pkg/server/handlers.go:429.71,431.3 1 0
goldbox-rpg/pkg/server/handlers.go:433.2,437.20 2 0
goldbox-rpg/pkg/server/handlers.go:447.3,455.53 2 1
goldbox-rpg/pkg/server/handlers.go:455.53,461.3 2 0
goldbox-rpg/pkg/server/handlers.go:463.2,463.18 1 1
goldbox-rpg/pkg/server/handlers.go:467.88,469.16 2 1
goldbox-rpg/pkg/server/handlers.go:469.16,475.3 2 1
goldbox-rpg/pkg/server/handlers.go:476.2,476.21 1 1
goldbox-rpg/pkg/server/handlers.go:480.82,482.37 1 1
goldbox-rpg/pkg/server/handlers.go:482.37,484.3 1 0
goldbox-rpg/pkg/server/handlers.go:487.2,487.56 1 1
goldbox-rpg/pkg/server/handlers.go:487.56,493.3 2 1
goldbox-rpg/pkg/server/handlers.go:496.2,496.53 1 1
goldbox-rpg/pkg/server/handlers.go:496.53,505.3 2 0
goldbox-rpg/pkg/server/handlers.go:507.2,507.12 1 1
goldbox-rpg/pkg/server/handlers.go:511.108,513.16 2 1
goldbox-rpg/pkg/server/handlers.go:513.16,520.3 2 0
goldbox-rpg/pkg/server/handlers.go:523.2,523.33 1 1
goldbox-rpg/pkg/server/handlers.go:523.33,530.3 2 1
goldbox-rpg/pkg/server/handlers.go:532.2,532.19 1 0
goldbox-rpg/pkg/server/handlers.go:536.140,545.16 3 0
goldbox-rpg/pkg/server/handlers.go:545.16,552.3 2 0
goldbox-rpg/pkg/server/handlers.go:554.2,554.20 1 0
goldbox-rpg/pkg/server/handlers.go:558.77,560.37 1 0
goldbox-rpg/pkg/server/handlers.go:560.37,562.3 1 0
goldbox-rpg/pkg/server/handlers.go:564.2,564.55 1 0
goldbox-rpg/pkg/server/handlers.go:564.55,571.3 2 0
goldbox-rpg/pkg/server/handlers.go:573.2,580.12 2 0
goldbox-rpg/pkg/server/handlers.go:602.84,612.53 3 1
goldbox-rpg/pkg/server/handlers.go:612.53,618.3 2 1
goldbox-rpg/pkg/server/handlers.go:620.2,620.36 1 1
goldbox-rpg/pkg/server/handlers.go:620.36,625.3 2 0
goldbox-rpg/pkg/server/handlers.go:627.2,633.68 3 1
goldbox-rpg/pkg/server/handlers.go:633.68,639.3 2 1
goldbox-rpg/pkg/server/handlers.go:642.2,643.43 2 0
goldbox-rpg/pkg/server/handlers.go:643.43,644.38 1 0
goldbox-rpg/pkg/server/handlers.go:644.38,645.72 1 0
goldbox-rpg/pkg/server/handlers.go:645.72,652.10 3 0
goldbox-rpg/pkg/server/handlers.go:656.2,671.8 4 0
goldbox-rpg/pkg/server/handlers.go:693.80,702.53 3 1
goldbox-rpg/pkg/server/handlers.go:702.53,708.3 2 1
goldbox-rpg/pkg/server/handlers.go:710.2,711.13 2 1
goldbox-rpg/pkg/server/handlers.go:711.13,717.3 2 1
goldbox-rpg/pkg/server/handlers.go:718.2,720.37 2 1
goldbox-rpg/pkg/server/handlers.go:720.37,725.3 2 0
goldbox-rpg/pkg/server/handlers.go:727.2,727.64 1 1
goldbox-rpg/pkg/server/handlers.go:727.64,733.3 2 0
goldbox-rpg/pkg/server/handlers.go:735.2,748.20 5 1
goldbox-rpg/pkg/server/handlers.go:748.20,750.42 2 1
goldbox-rpg/pkg/server/handlers.go:750.42,751.75 1 1
goldbox-rpg/pkg/server/handlers.go:751.75,758.10 3 1
goldbox-rpg/pkg/server/handlers.go:761.3,761.17 1 1
goldbox-rpg/pkg/server/handlers.go:764.2,764.43 1 1
goldbox-rpg/pkg/server/handlers.go:764.43,769.3 2 0
goldbox-rpg/pkg/server/handlers.go:771.2,778.8 2 1
goldbox-rpg/pkg/server/handlers.go:851.85,861.53 4 1
goldbox-rpg/pkg/server/handlers.go:861.53,864.3 2 1
goldbox-rpg/pkg/server/handlers.go:867.2,868.16 2 1
goldbox-rpg/pkg/server/handlers.go:868.16,871.3 2 1
goldbox-rpg/pkg/server/handlers.go:872.2,876.18 3 1
goldbox-rpg/pkg/server/handlers.go:876.18,879.3 2 0
goldbox-rpg/pkg/server/handlers.go:881.2,882.19 2 1
goldbox-rpg/pkg/server/handlers.go:912.84,925.53 3 1
goldbox-rpg/pkg/server/handlers.go:925.53,931.3 2 1
goldbox-rpg/pkg/server/handlers.go:933.2,934.13 2 1
goldbox-rpg/pkg/server/handlers.go:934.13,940.3 2 1
goldbox-rpg/pkg/server/handlers.go:943.2,953.13 5 0
goldbox-rpg/pkg/server/handlers.go:953.13,959.3 2 0
goldbox-rpg/pkg/server/handlers.go:961.2,962.9 2 0
goldbox-rpg/pkg/server/handlers.go:962.9,968.3 2 0
goldbox-rpg/pkg/server/handlers.go:970.2,970.55 1 0
goldbox-rpg/pkg/server/handlers.go:970.55,976.3 2 0
goldbox-rpg/pkg/server/handlers.go:978.2,990.8 3 0
goldbox-rpg/pkg/server/handlers.go:993.81,1002.53 3 1
goldbox-rpg/pkg/server/handlers.go:1002.53,1008.3 2 0
goldbox-rpg/pkg/server/handlers.go:1010.2,1010.26 1 1
goldbox-rpg/pkg/server/handlers.go:1010.26,1015.3 2 1
goldbox-rpg/pkg/server/handlers.go:1018.2,1045.8 9 1
goldbox-rpg/pkg/server/handlers.go:1072.88,1078.16 3 1
goldbox-rpg/pkg/server/handlers.go:1078.16,1080.3 1 0
goldbox-rpg/pkg/server/handlers.go:1082.2,1083.16 2 1
goldbox-rpg/pkg/server/handlers.go:1083.16,1085.3 1 1
goldbox-rpg/pkg/server/handlers.go:1087.2,1088.21 2 1
goldbox-rpg/pkg/server/handlers.go:1088.21,1098.3 2 1
goldbox-rpg/pkg/server/handlers.go:1100.2,1119.8 3 1
goldbox-rpg/pkg/server/handlers.go:1133.108,1135.53 2 1
goldbox-rpg/pkg/server/handlers.go:1135.53,1141.3 2 0
goldbox-rpg/pkg/server/handlers.go:1142.2,1142.18 1 1
goldbox-rpg/pkg/server/handlers.go:1146.110,1157.13 3 1
goldbox-rpg/pkg/server/handlers.go:1157.13,1163.3 2 1
goldbox-rpg/pkg/server/handlers.go:1165.2,1165.27 1 1
goldbox-rpg/pkg/server/handlers.go:1165.27,1175.3 2 1
goldbox-rpg/pkg/server/handlers.go:1177.2,1184.8 1 1
goldbox-rpg/pkg/server/handlers.go:1188.108,1192.2 3 1
goldbox-rpg/pkg/server/handlers.go:1195.86,1200.6 4 1
goldbox-rpg/pkg/server/handlers.go:1200.6,1202.50 2 1
goldbox-rpg/pkg/server/handlers.go:1202.50,1203.9 1 1
goldbox-rpg/pkg/server/handlers.go:1205.3,1208.62 1 0
goldbox-rpg/pkg/server/handlers.go:1211.2,1223.20 3 1
goldbox-rpg/pkg/server/handlers.go:1223.20,1225.3 1 1
goldbox-rpg/pkg/server/handlers.go:1227.2,1227.16 1 1
goldbox-rpg/pkg/server/handlers.go:1231.82,1242.53 3 1
goldbox-rpg/pkg/server/handlers.go:1242.53,1248.3 2 1
goldbox-rpg/pkg/server/handlers.go:1251.2,1252.16 2 1
goldbox-rpg/pkg/server/handlers.go:1252.16,1254.3 1 1
goldbox-rpg/pkg/server/handlers.go:1256.2,1260.16 3 1
goldbox-rpg/pkg/server/handlers.go:1260.16,1266.3 2 0
goldbox-rpg/pkg/server/handlers.go:1269.2,1270.66 2 1
goldbox-rpg/pkg/server/handlers.go:1270.66,1272.3 1 0
goldbox-rpg/pkg/server/handlers.go:1275.2,1275.59 1 1
goldbox-rpg/pkg/server/handlers.go:1275.59,1286.3 2 1
goldbox-rpg/pkg/server/handlers.go:1289.2,1305.25 4 1
goldbox-rpg/pkg/server/handlers.go:1305.25,1307.3 1 0
goldbox-rpg/pkg/server/handlers.go:1309.2,1309.22 1 1
goldbox-rpg/pkg/server/handlers.go:1328.84,1338.53 3 1
goldbox-rpg/pkg/server/handlers.go:1338.53,1344.3 2 1
goldbox-rpg/pkg/server/handlers.go:1347.2,1348.16 2 1
goldbox-rpg/pkg/server/handlers.go:1348.16,1350.3 1 1
goldbox-rpg/pkg/server/handlers.go:1352.2,1356.16 3 1
goldbox-rpg/pkg/server/handlers.go:1356.16,1362.3 2 0
goldbox-rpg/pkg/server/handlers.go:1365.2,1366.16 2 1
goldbox-rpg/pkg/server/handlers.go:1366.16,1376.3 2 0
goldbox-rpg/pkg/server/handlers.go:1378.2,1389.8 2 1
goldbox-rpg/pkg/server/handlers.go:1406.85,1415.53 3 1
goldbox-rpg/pkg/server/handlers.go:1415.53,1421.3 2 1
goldbox-rpg/pkg/server/handlers.go:1424.2,1425.16 2 1
goldbox-rpg/pkg/server/handlers.go:1425.16,1427.3 1 1
goldbox-rpg/pkg/server/handlers.go:1429.2,1437.40 5 1
goldbox-rpg/pkg/server/handlers.go:1437.40,1441.3 3 1
goldbox-rpg/pkg/server/handlers.go:1444.2,1458.8 3 1
goldbox-rpg/pkg/server/handlers.go:1462.70,1477.47 2 1
goldbox-rpg/pkg/server/handlers.go:1477.47,1479.3 1 1
goldbox-rpg/pkg/server/handlers.go:1481.2,1481.74 1 1
goldbox-rpg/pkg/server/handlers.go:1485.60,1498.45 2 1
goldbox-rpg/pkg/server/handlers.go:1498.45,1500.3 1 1
goldbox-rpg/pkg/server/handlers.go:1502.2,1502.18 1 0
goldbox-rpg/pkg/server/handlers.go:1506.80,1511.13 4 1
goldbox-rpg/pkg/server/handlers.go:1511.13,1513.3 1 1
goldbox-rpg/pkg/server/handlers.go:1515.2,1515.27 1 1
goldbox-rpg/pkg/server/handlers.go:1515.27,1517.3 1 0
goldbox-rpg/pkg/server/handlers.go:1519.2,1519.21 1 1
goldbox-rpg/pkg/server/handlers.go:1537.83,1548.53 4 1
goldbox-rpg/pkg/server/handlers.go:1548.53,1553.3 2 1
goldbox-rpg/pkg/server/handlers.go:1556.2,1557.16 2 1
goldbox-rpg/pkg/server/handlers.go:1557.16,1563.3 2 1
goldbox-rpg/pkg/server/handlers.go:1566.2,1566.61 1 0
goldbox-rpg/pkg/server/handlers.go:1566.61,1572.3 2 0
goldbox-rpg/pkg/server/handlers.go:1574.2,1583.8 2 0
goldbox-rpg/pkg/server/handlers.go:1601.86,1608.16 4 1
goldbox-rpg/pkg/server/handlers.go:1608.16,1610.3 1 0
goldbox-rpg/pkg/server/handlers.go:1612.2,1613.16 2 1
goldbox-rpg/pkg/server/handlers.go:1613.16,1616.3 2 0
goldbox-rpg/pkg/server/handlers.go:1618.2,1619.16 2 1
goldbox-rpg/pkg/server/handlers.go:1619.16,1622.3 2 0
goldbox-rpg/pkg/server/handlers.go:1624.2,1624.82 1 1
goldbox-rpg/pkg/server/handlers.go:1624.82,1626.3 1 0
goldbox-rpg/pkg/server/handlers.go:1628.2,1640.8 3 1
goldbox-rpg/pkg/server/handlers.go:1650.102,1652.53 2 1
goldbox-rpg/pkg/server/handlers.go:1652.53,1657.3 2 0
goldbox-rpg/pkg/server/handlers.go:1658.2,1658.18 1 1
goldbox-rpg/pkg/server/handlers.go:1662.110,1663.33 1 1
goldbox-rpg/pkg/server/handlers.go:1663.33,1665.22 2 1
goldbox-rpg/pkg/server/handlers.go:1666.14,1667.58 1 1
goldbox-rpg/pkg/server/handlers.go:1668.15,1669.46 1 1
goldbox-rpg/pkg/server/handlers.go:1670.15,1671.52 1 1
goldbox-rpg/pkg/server/handlers.go:1672.11,1677.44 1 0
goldbox-rpg/pkg/server/handlers.go:1679.3,1679.17 1 1
goldbox-rpg/pkg/server/handlers.go:1679.17,1681.4 1 0
goldbox-rpg/pkg/server/handlers.go:1683.2,1683.12 1 1
goldbox-rpg/pkg/server/handlers.go:1687.111,1695.66 2 1
goldbox-rpg/pkg/server/handlers.go:1695.66,1698.3 2 0
goldbox-rpg/pkg/server/handlers.go:1699.2,1700.12 2 1
goldbox-rpg/pkg/server/handlers.go:1704.99,1714.2 3 1
goldbox-rpg/pkg/server/handlers.go:1717.105,1718.25 1 1
goldbox-rpg/pkg/server/handlers.go:1718.25,1720.3 1 0
goldbox-rpg/pkg/server/handlers.go:1722.2,1734.66 3 1
goldbox-rpg/pkg/server/handlers.go:1734.66,1737.3 2 0
goldbox-rpg/pkg/server/handlers.go:1738.2,1739.12 2 1
goldbox-rpg/pkg/server/handlers.go:1759.88,1772.53 4 1
goldbox-rpg/pkg/server/handlers.go:1772.53,1777.3 2 1
goldbox-rpg/pkg/server/handlers.go:1780.2,1781.16 2 1
goldbox-rpg/pkg/server/handlers.go:1781.16,1787.3 2 1
goldbox-rpg/pkg/server/handlers.go:1790.2,1790.107 1 0
goldbox-rpg/pkg/server/handlers.go:1790.107,1797.3 2 0
goldbox-rpg/pkg/server/handlers.go:1799.2,1812.8 2 0
goldbox-rpg/pkg/server/handlers.go:1829.82,1840.53 4 1
goldbox-rpg/pkg/server/handlers.go:1840.53,1845.3 2 1
goldbox-rpg/pkg/server/handlers.go:1848.2,1849.16 2 1
goldbox-rpg/pkg/server/handlers.go:1849.16,1855.3 2 1
goldbox-rpg/pkg/server/handlers.go:1858.2,1858.62 1 0
goldbox-rpg/pkg/server/handlers.go:1858.62,1864.3 2 0
goldbox-rpg/pkg/server/handlers.go:1866.2,1875.8 2 0
goldbox-rpg/pkg/server/handlers.go:1892.81,1903.53 4 1
goldbox-rpg/pkg/server/handlers.go:1903.53,1908.3 2 1
goldbox-rpg/pkg/server/handlers.go:1911.2,1912.16 2 1
goldbox-rpg/pkg/server/handlers.go:1912.16,1918.3 2 1
goldbox-rpg/pkg/server/handlers.go:1921.2,1922.16 2 0
goldbox-rpg/pkg/server/handlers.go:1922.16,1928.3 2 0
goldbox-rpg/pkg/server/handlers.go:1930.2,1938.8 2 0
goldbox-rpg/pkg/server/handlers.go:1953.88,1963.53 4 1
goldbox-rpg/pkg/server/handlers.go:1963.53,1968.3 2 1
goldbox-rpg/pkg/server/handlers.go:1971.2,1972.16 2 1
goldbox-rpg/pkg/server/handlers.go:1972.16,1978.3 2 1
goldbox-rpg/pkg/server/handlers.go:1981.2,1992.8 3 0
goldbox-rpg/pkg/server/handlers.go:2007.91,2017.53 4 1
goldbox-rpg/pkg/server/handlers.go:2017.53,2022.3 2 1
goldbox-rpg/pkg/server/handlers.go:2025.2,2026.16 2 1
goldbox-rpg/pkg/server/handlers.go:2026.16,2032.3 2 1
goldbox-rpg/pkg/server/handlers.go:2035.2,2046.8 3 0
goldbox-rpg/pkg/server/handlers.go:2061.84,2071.53 4 1
goldbox-rpg/pkg/server/handlers.go:2071.53,2076.3 2 1
goldbox-rpg/pkg/server/handlers.go:2079.2,2080.16 2 1
goldbox-rpg/pkg/server/handlers.go:2080.16,2086.3 2 1
goldbox-rpg/pkg/server/handlers.go:2089.2,2100.8 3 0
goldbox-rpg/pkg/server/handlers.go:2118.81,2127.53 3 1
goldbox-rpg/pkg/server/handlers.go:2127.53,2133.3 2 1
goldbox-rpg/pkg/server/handlers.go:2135.2,2135.23 1 1
goldbox-rpg/pkg/server/handlers.go:2135.23,2137.3 1 1
goldbox-rpg/pkg/server/handlers.go:2139.2,2140.16 2 1
goldbox-rpg/pkg/server/handlers.go:2140.16,2147.3 2 1
goldbox-rpg/pkg/server/handlers.go:2149.2,2157.8 2 1
goldbox-rpg/pkg/server/handlers.go:2170.89,2179.53 3 1
goldbox-rpg/pkg/server/handlers.go:2179.53,2185.3 2 1
goldbox-rpg/pkg/server/handlers.go:2187.2,2187.19 1 1
goldbox-rpg/pkg/server/handlers.go:2187.19,2189.3 1 1
goldbox-rpg/pkg/server/handlers.go:2191.2,2204.8 3 1
goldbox-rpg/pkg/server/handlers.go:2219.90,2228.53 3 1
goldbox-rpg/pkg/server/handlers.go:2228.53,2234.3 2 1
goldbox-rpg/pkg/server/handlers.go:2236.2,2236.22 1 1
goldbox-rpg/pkg/server/handlers.go:2236.22,2238.3 1 1
goldbox-rpg/pkg/server/handlers.go:2240.2,2254.8 4 1
goldbox-rpg/pkg/server/handlers.go:2267.85,2286.2 5 1
goldbox-rpg/pkg/server/handlers.go:2299.85,2308.53 3 1
goldbox-rpg/pkg/server/handlers.go:2308.53,2314.3 2 1
goldbox-rpg/pkg/server/handlers.go:2316.2,2316.21 1 1
goldbox-rpg/pkg/server/handlers.go:2316.21,2318.3 1 1
goldbox-rpg/pkg/server/handlers.go:2320.2,2333.8 3 1
goldbox-rpg/pkg/server/handlers.go:2354.90,2367.53 3 1
goldbox-rpg/pkg/server/handlers.go:2367.53,2373.3 2 0
goldbox-rpg/pkg/server/handlers.go:2375.2,2376.13 2 1
goldbox-rpg/pkg/server/handlers.go:2376.13,2382.3 2 1
goldbox-rpg/pkg/server/handlers.go:2384.2,2407.8 5 1
goldbox-rpg/pkg/server/handlers.go:2427.91,2439.53 3 1
goldbox-rpg/pkg/server/handlers.go:2439.53,2445.3 2 0
goldbox-rpg/pkg/server/handlers.go:2447.2,2448.13 2 1
goldbox-rpg/pkg/server/handlers.go:2448.13,2454.3 2 0
goldbox-rpg/pkg/server/handlers.go:2456.2,2472.8 5 1
goldbox-rpg/pkg/server/handlers.go:2492.90,2504.53 3 1
goldbox-rpg/pkg/server/handlers.go:2504.53,2510.3 2 0
goldbox-rpg/pkg/server/handlers.go:2512.2,2513.13 2 1
goldbox-rpg/pkg/server/handlers.go:2513.13,2519.3 2 0
goldbox-rpg/pkg/server/handlers.go:2521.2,2537.8 5 1
goldbox-rpg/pkg/server/handlers.go:2548.101,2550.53 2 1
goldbox-rpg/pkg/server/handlers.go:2550.53,2556.3 2 1
goldbox-rpg/pkg/server/handlers.go:2558.2,2558.25 1 1
goldbox-rpg/pkg/server/handlers.go:2558.25,2563.3 2 0
goldbox-rpg/pkg/server/handlers.go:2565.2,2565.22 1 1
goldbox-rpg/pkg/server/handlers.go:2565.22,2570.3 2 0
goldbox-rpg/pkg/server/handlers.go:2572.2,2572.18 1 1
goldbox-rpg/pkg/server/handlers.go:2576.77,2577.36 1 1
goldbox-rpg/pkg/server/handlers.go:2577.36,2578.57 1 1
goldbox-rpg/pkg/server/handlers.go:2578.57,2584.4 2 1
goldbox-rpg/pkg/server/handlers.go:2586.2,2586.12 1 1
goldbox-rpg/pkg/server/handlers.go:2590.100,2592.17 2 1
goldbox-rpg/pkg/server/handlers.go:2592.17,2598.3 2 1
goldbox-rpg/pkg/server/handlers.go:2600.2,2601.20 2 1
goldbox-rpg/pkg/server/handlers.go:2601.20,2603.3 1 1
goldbox-rpg/pkg/server/handlers.go:2605.2,2605.31 1 1
goldbox-rpg/pkg/server/handlers.go:2605.31,2612.3 1 1
goldbox-rpg/pkg/server/handlers.go:2614.2,2614.20 1 1
goldbox-rpg/pkg/server/handlers.go:2638.80,2644.16 3 1
goldbox-rpg/pkg/server/handlers.go:2644.16,2646.3 1 1
goldbox-rpg/pkg/server/handlers.go:2648.2,2649.16 2 1
goldbox-rpg/pkg/server/handlers.go:2649.16,2651.3 1 1
goldbox-rpg/pkg/server/handlers.go:2653.2,2653.71 1 1
goldbox-rpg/pkg/server/handlers.go:2653.71,2655.3 1 1
goldbox-rpg/pkg/server/handlers.go:2657.2,2665.16 3 1
goldbox-rpg/pkg/server/handlers.go:2665.16,2671.3 2 1
goldbox-rpg/pkg/server/handlers.go:2673.2,2677.71 2 1
goldbox-rpg/pkg/server/handlers.go:2681.94,2682.50 1 0
goldbox-rpg/pkg/server/handlers.go:2682.50,2683.24 1 0
goldbox-rpg/pkg/server/handlers.go:2683.24,2685.4 1 0
goldbox-rpg/pkg/server/handlers.go:2687.2,2687.19 1 0
goldbox-rpg/pkg/server/handlers.go:2691.83,2696.53 2 1
goldbox-rpg/pkg/server/handlers.go:2696.53,2702.3 2 0
goldbox-rpg/pkg/server/handlers.go:2704.2,2704.25 1 1
goldbox-rpg/pkg/server/handlers.go:2704.25,2709.3 2 0
goldbox-rpg/pkg/server/handlers.go:2711.2,2711.27 1 1
goldbox-rpg/pkg/server/handlers.go:2715.89,2717.27 1 1
goldbox-rpg/pkg/server/handlers.go:2717.27,2718.48 1 0
goldbox-rpg/pkg/server/handlers.go:2718.48,2724.4 1 0
goldbox-rpg/pkg/server/handlers.go:2728.2,2728.32 1 1
goldbox-rpg/pkg/server/handlers.go:2728.32,2730.3 1 1
goldbox-rpg/pkg/server/handlers.go:2734.71,2735.27 1 1
goldbox-rpg/pkg/server/handlers.go:2735.27,2737.69 1 1
goldbox-rpg/pkg/server/handlers.go:2737.69,2739.4 1 1
goldbox-rpg/pkg/server/handlers.go:2744.67,2749.13 4 1
goldbox-rpg/pkg/server/handlers.go:2749.13,2755.3 2 1
goldbox-rpg/pkg/server/handlers.go:2758.2,2771.12 5 1
goldbox-rpg/pkg/server/handlers.go:2790.82,2796.16 3 1
goldbox-rpg/pkg/server/handlers.go:2796.16,2798.3 1 0
goldbox-rpg/pkg/server/handlers.go:2800.2,2800.59 1 1
goldbox-rpg/pkg/server/handlers.go:2800.59,2802.3 1 1
goldbox-rpg/pkg/server/handlers.go:2804.2,2806.8 1 1
goldbox-rpg/pkg/server/handlers.go:2812.88,2818.16 3 1
goldbox-rpg/pkg/server/handlers.go:2818.16,2820.3 1 0
goldbox-rpg/pkg/server/handlers.go:2822.2,2823.16 2 1
goldbox-rpg/pkg/server/handlers.go:2823.16,2825.3 1 0
goldbox-rpg/pkg/server/handlers.go:2826.2,2828.67 2 1
goldbox-rpg/pkg/server/handlers.go:2828.67,2830.3 1 0
goldbox-rpg/pkg/server/handlers.go:2832.2,2835.16 3 1
goldbox-rpg/pkg/server/handlers.go:2835.16,2837.3 1 0
goldbox-rpg/pkg/server/handlers.go:2839.2,2841.60 2 1
goldbox-rpg/pkg/server/handlers.go:2852.3,2861.53 2 1
goldbox-rpg/pkg/server/handlers.go:2861.53,2867.3 2 0
goldbox-rpg/pkg/server/handlers.go:2869.2,2869.18 1 1
goldbox-rpg/pkg/server/handlers.go:2873.96,2875.16 2 1
goldbox-rpg/pkg/server/handlers.go:2875.16,2877.3 1 0
goldbox-rpg/pkg/server/handlers.go:2878.2,2878.21 1 1
goldbox-rpg/pkg/server/handlers.go:2889.9,2890.27 1 1
goldbox-rpg/pkg/server/handlers.go:2890.27,2892.3 1 0
goldbox-rpg/pkg/server/handlers.go:2894.2,2894.26 1 1
goldbox-rpg/pkg/server/handlers.go:2894.26,2896.3 1 0
goldbox-rpg/pkg/server/handlers.go:2898.2,2898.12 1 1
goldbox-rpg/pkg/server/handlers.go:2909.3,2910.25 1 1
goldbox-rpg/pkg/server/handlers.go:2910.25,2912.3 1 0
goldbox-rpg/pkg/server/handlers.go:2923.24,2928.42 4 1
goldbox-rpg/pkg/server/handlers.go:2929.30,2930.117 1 0
goldbox-rpg/pkg/server/handlers.go:2931.28,2932.129 1 0
goldbox-rpg/pkg/server/handlers.go:2933.29,2934.113 1 0
goldbox-rpg/pkg/server/handlers.go:2935.29,2936.108 1 1
goldbox-rpg/pkg/server/handlers.go:2937.10,2938.74 1 0
goldbox-rpg/pkg/server/handlers.go:2941.2,2941.16 1 1
goldbox-rpg/pkg/server/handlers.go:2941.16,2943.3 1 0
goldbox-rpg/pkg/server/handlers.go:2945.2,2945.21 1 1
goldbox-rpg/pkg/server/handlers.go:2956.3,2964.2 1 1
goldbox-rpg/pkg/server/handlers.go:2974.26,2982.2 1 1
goldbox-rpg/pkg/server/handlers.go:2997.114,3000.53 2 0
goldbox-rpg/pkg/server/handlers.go:3000.53,3006.3 2 0
goldbox-rpg/pkg/server/handlers.go:3008.2,3008.18 1 0
goldbox-rpg/pkg/server/handlers.go:3012.95,3014.16 2 0
goldbox-rpg/pkg/server/handlers.go:3014.16,3016.3 1 0
goldbox-rpg/pkg/server/handlers.go:3017.2,3019.26 2 0
goldbox-rpg/pkg/server/handlers.go:3019.26,3021.3 1 0
goldbox-rpg/pkg/server/handlers.go:3023.2,3023.12 1 0
goldbox-rpg/pkg/server/handlers.go:3027.87,3028.20 1 0
goldbox-rpg/pkg/server/handlers.go:3028.20,3030.3 1 0
goldbox-rpg/pkg/server/handlers.go:3031.2,3031.21 1 0
goldbox-rpg/pkg/server/handlers.go:3031.21,3033.3 1 0
goldbox-rpg/pkg/server/handlers.go:3034.2,3034.25 1 0
goldbox-rpg/pkg/server/handlers.go:3034.25,3036.3 1 0
goldbox-rpg/pkg/server/handlers.go:3037.2,3037.22 1 0
goldbox-rpg/pkg/server/handlers.go:3037.22,3039.3 1 0
goldbox-rpg/pkg/server/handlers.go:3040.2,3040.25 1 0
goldbox-rpg/pkg/server/handlers.go:3040.25,3042.3 1 0
goldbox-rpg/pkg/server/handlers.go:3043.2,3043.28 1 0
goldbox-rpg/pkg/server/handlers.go:3043.28,3045.3 1 0
goldbox-rpg/pkg/server/handlers.go:3049.100,3054.16 4 0
goldbox-rpg/pkg/server/handlers.go:3054.16,3056.3 1 0
goldbox-rpg/pkg/server/handlers.go:3058.2,3058.21 1 0
goldbox-rpg/pkg/server/handlers.go:3062.84,3071.2 1 0
goldbox-rpg/pkg/server/handlers.go:3074.131,3083.2 1 0
goldbox-rpg/pkg/server/handlers.go:3086.90,3092.16 3 0
goldbox-rpg/pkg/server/handlers.go:3092.16,3094.3 1 0
goldbox-rpg/pkg/server/handlers.go:3096.2,3096.66 1 0
goldbox-rpg/pkg/server/handlers.go:3096.66,3098.3 1 0
goldbox-rpg/pkg/server/handlers.go:3100.2,3103.16 3 0
goldbox-rpg/pkg/server/handlers.go:3103.16,3105.3 1 0
goldbox-rpg/pkg/server/handlers.go:3107.2,3109.62 2 0
goldbox-rpg/pkg/server/handlers.go:3113.86,3128.53 3 1
goldbox-rpg/pkg/server/handlers.go:3128.53,3134.3 2 0
goldbox-rpg/pkg/server/handlers.go:3135.2,3136.16 2 1
goldbox-rpg/pkg/server/handlers.go:3136.16,3138.3 1 0
goldbox-rpg/pkg/server/handlers.go:3139.2,3141.26 2 1
goldbox-rpg/pkg/server/handlers.go:3141.26,3143.3 1 0
goldbox-rpg/pkg/server/handlers.go:3146.2,3146.20 1 1
goldbox-rpg/pkg/server/handlers.go:3146.20,3148.3 1 0
goldbox-rpg/pkg/server/handlers.go:3149.2,3149.25 1 1
goldbox-rpg/pkg/server/handlers.go:3149.25,3151.3 1 0
goldbox-rpg/pkg/server/handlers.go:3152.2,3152.25 1 1
goldbox-rpg/pkg/server/handlers.go:3152.25,3154.3 1 0
goldbox-rpg/pkg/server/handlers.go:3155.2,3155.26 1 1
goldbox-rpg/pkg/server/handlers.go:3155.26,3157.3 1 0
goldbox-rpg/pkg/server/handlers.go:3159.2,3166.16 5 1
goldbox-rpg/pkg/server/handlers.go:3166.16,3168.3 1 0
goldbox-rpg/pkg/server/handlers.go:3170.2,3184.8 2 1
goldbox-rpg/pkg/server/handlers.go:3199.106,3201.53 2 0
goldbox-rpg/pkg/server/handlers.go:3201.53,3207.3 2 0
goldbox-rpg/pkg/server/handlers.go:3208.2,3208.18 1 0
goldbox-rpg/pkg/server/handlers.go:3212.76,3214.16 2 0
goldbox-rpg/pkg/server/handlers.go:3214.16,3216.3 1 0
goldbox-rpg/pkg/server/handlers.go:3217.2,3218.12 2 0
goldbox-rpg/pkg/server/handlers.go:3222.79,3223.20 1 0
goldbox-rpg/pkg/server/handlers.go:3223.20,3225.3 1 0
goldbox-rpg/pkg/server/handlers.go:3226.2,3226.21 1 0
goldbox-rpg/pkg/server/handlers.go:3226.21,3228.3 1 0
goldbox-rpg/pkg/server/handlers.go:3229.2,3229.24 1 0
goldbox-rpg/pkg/server/handlers.go:3229.24,3231.3 1 0
goldbox-rpg/pkg/server/handlers.go:3232.2,3232.21 1 0
goldbox-rpg/pkg/server/handlers.go:3232.21,3234.3 1 0
goldbox-rpg/pkg/server/handlers.go:3235.2,3235.25 1 0
goldbox-rpg/pkg/server/handlers.go:3235.25,3237.3 1 0
goldbox-rpg/pkg/server/handlers.go:3238.2,3238.29 1 0
goldbox-rpg/pkg/server/handlers.go:3238.29,3240.3 1 0
goldbox-rpg/pkg/server/handlers.go:3244.94,3249.16 4 0
goldbox-rpg/pkg/server/handlers.go:3249.16,3251.3 1 0
goldbox-rpg/pkg/server/handlers.go:3253.2,3253.19 1 0
goldbox-rpg/pkg/server/handlers.go:3257.121,3278.2 2 0
goldbox-rpg/pkg/server/handlers.go:3281.86,3287.16 3 0
goldbox-rpg/pkg/server/handlers.go:3287.16,3289.3 1 0
goldbox-rpg/pkg/server/handlers.go:3291.2,3291.72 1 0
goldbox-rpg/pkg/server/handlers.go:3291.72,3293.3 1 0
goldbox-rpg/pkg/server/handlers.go:3295.2,3298.16 3 0
goldbox-rpg/pkg/server/handlers.go:3298.16,3300.3 1 0
goldbox-rpg/pkg/server/handlers.go:3302.2,3302.56 1 0
goldbox-rpg/pkg/server/handlers.go:3317.86,3323.16 3 0
goldbox-rpg/pkg/server/handlers.go:3323.16,3325.3 1 0
goldbox-rpg/pkg/server/handlers.go:3327.2,3327.72 1 0
goldbox-rpg/pkg/server/handlers.go:3327.72,3329.3 1 0
goldbox-rpg/pkg/server/handlers.go:3331.2,3334.16 3 0
goldbox-rpg/pkg/server/handlers.go:3334.16,3336.3 1 0
goldbox-rpg/pkg/server/handlers.go:3338.2,3340.56 2 0
goldbox-rpg/pkg/server/handlers.go:3344.104,3347.53 2 0
goldbox-rpg/pkg/server/handlers.go:3347.53,3353.3 2 0
goldbox-rpg/pkg/server/handlers.go:3355.2,3355.18 1 0
goldbox-rpg/pkg/server/handlers.go:3359.76,3361.16 2 0
goldbox-rpg/pkg/server/handlers.go:3361.16,3363.3 1 0
goldbox-rpg/pkg/server/handlers.go:3364.2,3365.12 2 0
goldbox-rpg/pkg/server/handlers.go:3369.77,3370.25 1 0
goldbox-rpg/pkg/server/handlers.go:3370.25,3372.3 1 0
goldbox-rpg/pkg/server/handlers.go:3373.2,3373.25 1 0
goldbox-rpg/pkg/server/handlers.go:3373.25,3375.3 1 0
goldbox-rpg/pkg/server/handlers.go:3376.2,3376.28 1 0
goldbox-rpg/pkg/server/handlers.go:3376.28,3378.3 1 0
goldbox-rpg/pkg/server/handlers.go:3379.2,3379.28 1 0
goldbox-rpg/pkg/server/handlers.go:3379.28,3381.3 1 0
goldbox-rpg/pkg/server/handlers.go:3382.2,3382.26 1 0
goldbox-rpg/pkg/server/handlers.go:3382.26,3384.3 1 0
goldbox-rpg/pkg/server/handlers.go:3385.2,3385.29 1 0
goldbox-rpg/pkg/server/handlers.go:3385.29,3387.3 1 0
goldbox-rpg/pkg/server/handlers.go:3391.92,3396.16 4 0
goldbox-rpg/pkg/server/handlers.go:3396.16,3398.3 1 0
goldbox-rpg/pkg/server/handlers.go:3400.2,3400.19 1 0
goldbox-rpg/pkg/server/handlers.go:3404.93,3412.2 1 0
goldbox-rpg/pkg/server/handlers.go:3415.119,3426.2 1 0
goldbox-rpg/pkg/server/handlers.go:3429.84,3438.53 3 1
goldbox-rpg/pkg/server/handlers.go:3438.53,3444.3 2 0
goldbox-rpg/pkg/server/handlers.go:3446.2,3447.16 2 1
goldbox-rpg/pkg/server/handlers.go:3447.16,3449.3 1 0
goldbox-rpg/pkg/server/handlers.go:3450.2,3463.8 4 1
goldbox-rpg/pkg/server/handlers.go:3467.88,3479.53 3 1
goldbox-rpg/pkg/server/handlers.go:3479.53,3485.3 2 0
goldbox-rpg/pkg/server/handlers.go:3487.2,3488.16 2 1
goldbox-rpg/pkg/server/handlers.go:3488.16,3490.3 1 0
goldbox-rpg/pkg/server/handlers.go:3491.2,3493.27 2 1
goldbox-rpg/pkg/server/handlers.go:3493.27,3495.3 1 0
goldbox-rpg/pkg/server/handlers.go:3497.2,3497.24 1 1
goldbox-rpg/pkg/server/handlers.go:3497.24,3499.3 1 0
goldbox-rpg/pkg/server/handlers.go:3502.2,3503.16 2 1
goldbox-rpg/pkg/server/handlers.go:3503.16,3505.3 1 0
goldbox-rpg/pkg/server/handlers.go:3507.2,3521.8 2 1
goldbox-rpg/pkg/server/health.go:47.57,68.2 12 1
goldbox-rpg/pkg/server/health.go:71.88,73.2 1 1
goldbox-rpg/pkg/server/health.go:76.78,86.37 4 1
goldbox-rpg/pkg/server/health.go:86.37,101.17 7 1
goldbox-rpg/pkg/server/health.go:101.17,107.32 4 1
goldbox-rpg/pkg/server/health.go:107.32,109.5 1 0
goldbox-rpg/pkg/server/health.go:111.4,115.35 1 1
goldbox-rpg/pkg/server/health.go:116.9,118.32 1 1
goldbox-rpg/pkg/server/health.go:118.32,120.5 1 1
goldbox-rpg/pkg/server/health.go:122.4,125.35 1 1
goldbox-rpg/pkg/server/health.go:128.3,128.52 1 1
goldbox-rpg/pkg/server/health.go:131.2,134.17 3 1
goldbox-rpg/pkg/server/health.go:138.80,142.56 2 1
goldbox-rpg/pkg/server/health.go:142.56,144.3 1 1
goldbox-rpg/pkg/server/health.go:146.2,150.25 3 1
goldbox-rpg/pkg/server/health.go:151.27,152.29 1 1
goldbox-rpg/pkg/server/health.go:153.28,154.29 1 0
goldbox-rpg/pkg/server/health.go:155.29,156.45 1 0
goldbox-rpg/pkg/server/health.go:157.10,158.46 1 0
goldbox-rpg/pkg/server/health.go:161.2,164.60 3 1
goldbox-rpg/pkg/server/health.go:164.60,167.3 2 0
goldbox-rpg/pkg/server/health.go:171.83,176.46 3 1
goldbox-rpg/pkg/server/health.go:176.46,180.3 3 0
goldbox-rpg/pkg/server/health.go:182.2,183.26 2 1
goldbox-rpg/pkg/server/health.go:187.82,191.2 2 1
goldbox-rpg/pkg/server/health.go:195.65,196.22 1 1
goldbox-rpg/pkg/server/health.go:196.22,198.3 1 0
goldbox-rpg/pkg/server/health.go:201.2,201.9 1 1
goldbox-rpg/pkg/server/health.go:202.24,203.47 1 0
goldbox-rpg/pkg/server/health.go:204.10,204.10 0 1
goldbox-rpg/pkg/server/health.go:208.2,208.12 1 1
goldbox-rpg/pkg/server/health.go:211.68,212.48 1 1
goldbox-rpg/pkg/server/health.go:212.48,214.3 1 1
goldbox-rpg/pkg/server/health.go:217.2,220.39 3 1
goldbox-rpg/pkg/server/health.go:220.39,222.3 1 0
goldbox-rpg/pkg/server/health.go:224.2,224.12 1 1
goldbox-rpg/pkg/server/health.go:227.71,228.55 1 1
goldbox-rpg/pkg/server/health.go:228.55,230.3 1 1
goldbox-rpg/pkg/server/health.go:233.2,234.21 2 1
goldbox-rpg/pkg/server/health.go:234.21,236.3 1 0
goldbox-rpg/pkg/server/health.go:238.2,238.12 1 1
goldbox-rpg/pkg/server/health.go:241.70,242.51 1 1
goldbox-rpg/pkg/server/health.go:242.51,244.3 1 1
goldbox-rpg/pkg/server/health.go:247.2,247.12 1 1
goldbox-rpg/pkg/server/health.go:250.69,251.53 1 1
goldbox-rpg/pkg/server/health.go:251.53,253.3 1 1
goldbox-rpg/pkg/server/health.go:256.2,257.21 2 1
goldbox-rpg/pkg/server/health.go:257.21,259.3 1 0
goldbox-rpg/pkg/server/health.go:262.2,263.20 2 1
goldbox-rpg/pkg/server/health.go:263.20,265.3 1 0
goldbox-rpg/pkg/server/health.go:268.2,269.18 2 1
goldbox-rpg/pkg/server/health.go:269.18,271.3 1 0
goldbox-rpg/pkg/server/health.go:273.2,273.12 1 1
goldbox-rpg/pkg/server/health.go:276.75,277.52 1 1
goldbox-rpg/pkg/server/health.go:277.52,279.3 1 1
goldbox-rpg/pkg/server/health.go:283.2,287.16 2 1
goldbox-rpg/pkg/server/health.go:287.16,289.3 1 0
goldbox-rpg/pkg/server/health.go:291.2,291.12 1 1
goldbox-rpg/pkg/server/health.go:294.74,297.22 2 1
goldbox-rpg/pkg/server/health.go:297.22,299.3 1 0
goldbox-rpg/pkg/server/health.go:302.2,303.18 2 1
goldbox-rpg/pkg/server/health.go:303.18,305.3 1 0
goldbox-rpg/pkg/server/health.go:307.2,307.12 1 1
goldbox-rpg/pkg/server/health.go:310.72,311.50 1 1
goldbox-rpg/pkg/server/health.go:311.50,313.3 1 1
goldbox-rpg/pkg/server/health.go:317.2,317.12 1 1
goldbox-rpg/pkg/server/health.go:320.72,321.49 1 1
goldbox-rpg/pkg/server/health.go:321.49,323.3 1 1
goldbox-rpg/pkg/server/health.go:326.2,326.38 1 1
goldbox-rpg/pkg/server/health.go:326.38,328.3 1 0
goldbox-rpg/pkg/server/health.go:330.2,330.12 1 1
goldbox-rpg/pkg/server/health.go:333.77,334.54 1 1
goldbox-rpg/pkg/server/health.go:334.54,336.3 1 1
goldbox-rpg/pkg/server/health.go:339.2,339.12 1 1
goldbox-rpg/pkg/server/metrics.go:49.28,222.2 5 1
goldbox-rpg/pkg/server/metrics.go:225.45,230.2 1 1
goldbox-rpg/pkg/server/metrics.go:233.135,239.21 4 1
goldbox-rpg/pkg/server/metrics.go:239.21,241.3 1 1
goldbox-rpg/pkg/server/metrics.go:242.2,242.22 1 1
goldbox-rpg/pkg/server/metrics.go:242.22,244.3 1 1
goldbox-rpg/pkg/server/metrics.go:248.68,251.35 2 1
goldbox-rpg/pkg/server/metrics.go:251.35,253.3 1 1
goldbox-rpg/pkg/server/metrics.go:253.8,253.45 1 1
goldbox-rpg/pkg/server/metrics.go:253.45,255.3 1 1
goldbox-rpg/pkg/server/metrics.go:259.73,261.2 1 1
goldbox-rpg/pkg/server/metrics.go:264.65,266.2 1 1
goldbox-rpg/pkg/server/metrics.go:269.53,271.2 1 1
goldbox-rpg/pkg/server/metrics.go:274.51,276.2 1 1
goldbox-rpg/pkg/server/metrics.go:279.63,281.2 1 1
goldbox-rpg/pkg/server/metrics.go:284.39,291.2 5 1
goldbox-rpg/pkg/server/metrics.go:294.60,296.2 1 1
goldbox-rpg/pkg/server/metrics.go:299.43,301.2 1 1
goldbox-rpg/pkg/server/metrics.go:304.57,306.2 1 1
goldbox-rpg/pkg/server/metrics.go:309.39,314.2 3 1
goldbox-rpg/pkg/server/metrics.go:317.38,322.2 3 1
goldbox-rpg/pkg/server/metrics.go:325.69,326.71 1 1
goldbox-rpg/pkg/server/metrics.go:326.71,337.26 4 1
goldbox-rpg/pkg/server/metrics.go:337.26,339.4 1 1
goldbox-rpg/pkg/server/metrics.go:342.3,366.37 5 1
goldbox-rpg/pkg/server/metrics.go:377.56,380.2 2 1
goldbox-rpg/pkg/server/metrics.go:382.60,386.2 3 1
goldbox-rpg/pkg/server/metrics.go:389.43,391.14 1 1
goldbox-rpg/pkg/server/metrics.go:392.11,393.16 1 1
goldbox-rpg/pkg/server/metrics.go:394.17,395.18 1 1
goldbox-rpg/pkg/server/metrics.go:396.16,397.17 1 0
goldbox-rpg/pkg/server/metrics.go:398.15,399.16 1 0
goldbox-rpg/pkg/server/metrics.go:400.18,401.19 1 0
goldbox-rpg/pkg/server/metrics.go:402.14,403.15 1 1
goldbox-rpg/pkg/server/metrics.go:404.13,405.21 1 0
goldbox-rpg/pkg/server/metrics.go:406.10,408.21 1 0
goldbox-rpg/pkg/server/metrics.go:408.21,410.4 1 0
goldbox-rpg/pkg/server/metrics.go:411.3,411.14 1 0
goldbox-rpg/pkg/server/middleware.go:15.58,16.71 1 1
goldbox-rpg/pkg/server/middleware.go:16.71,19.22 2 1
goldbox-rpg/pkg/server/middleware.go:19.22,22.4 1 1
goldbox-rpg/pkg/server/middleware.go:25.3,45.23 8 1
goldbox-rpg/pkg/server/middleware.go:50.56,51.71 1 1
goldbox-rpg/pkg/server/middleware.go:51.71,69.3 4 1
goldbox-rpg/pkg/server/middleware.go:73.57,74.71 1 1
goldbox-rpg/pkg/server/middleware.go:74.71,75.16 1 1
goldbox-rpg/pkg/server/middleware.go:75.16,76.36 1 1
goldbox-rpg/pkg/server/middleware.go:76.36,87.5 3 1
goldbox-rpg/pkg/server/middleware.go:89.3,89.23 1 1
goldbox-rpg/pkg/server/middleware.go:94.78,95.46 1 1
goldbox-rpg/pkg/server/middleware.go:95.46,96.72 1 1
goldbox-rpg/pkg/server/middleware.go:96.72,100.47 2 1
goldbox-rpg/pkg/server/middleware.go:100.47,102.5 1 1
goldbox-rpg/pkg/server/middleware.go:104.4,109.29 4 1
goldbox-rpg/pkg/server/middleware.go:109.29,112.5 2 1
goldbox-rpg/pkg/server/middleware.go:114.4,114.24 1 1
goldbox-rpg/pkg/server/middleware.go:122.62,123.59 1 1
goldbox-rpg/pkg/server/middleware.go:123.59,125.3 1 1
goldbox-rpg/pkg/server/middleware.go:127.2,127.49 1 1
goldbox-rpg/pkg/server/middleware.go:131.47,132.59 1 1
goldbox-rpg/pkg/server/middleware.go:132.59,134.3 1 1
goldbox-rpg/pkg/server/middleware.go:135.2,135.11 1 1
goldbox-rpg/pkg/server/middleware.go:139.47,140.57 1 1
goldbox-rpg/pkg/server/middleware.go:140.57,142.3 1 1
goldbox-rpg/pkg/server/middleware.go:143.2,143.11 1 1
goldbox-rpg/pkg/server/middleware.go:147.42,149.53 1 1
goldbox-rpg/pkg/server/middleware.go:149.53,151.51 1 1
goldbox-rpg/pkg/server/middleware.go:151.51,153.4 1 1
goldbox-rpg/pkg/server/middleware.go:155.2,155.47 1 1
goldbox-rpg/pkg/server/middleware.go:155.47,157.3 1 1
goldbox-rpg/pkg/server/middleware.go:160.2,160.65 1 1
goldbox-rpg/pkg/server/middleware.go:160.65,162.3 1 1
goldbox-rpg/pkg/server/middleware.go:165.2,165.21 1 1
goldbox-rpg/pkg/server/middleware.go:169.40,170.15 1 1
goldbox-rpg/pkg/server/middleware.go:170.15,172.3 1 1
goldbox-rpg/pkg/server/middleware.go:174.2,174.32 1 1
goldbox-rpg/pkg/server/middleware.go:174.32,175.20 1 1
goldbox-rpg/pkg/server/middleware.go:175.20,177.4 1 1
goldbox-rpg/pkg/server/middleware.go:179.2,179.24 1 1
goldbox-rpg/pkg/server/middleware.go:183.34,188.37 3 1
goldbox-rpg/pkg/server/middleware.go:188.37,190.3 1 1
goldbox-rpg/pkg/server/middleware.go:193.2,193.37 1 1
goldbox-rpg/pkg/server/middleware.go:193.37,195.3 1 1
goldbox-rpg/pkg/server/middleware.go:197.2,197.21 1 1
goldbox-rpg/pkg/server/middleware.go:201.67,202.30 1 1
goldbox-rpg/pkg/server/middleware.go:202.30,204.3 1 1
goldbox-rpg/pkg/server/middleware.go:206.2,206.41 1 1
goldbox-rpg/pkg/server/middleware.go:206.41,207.42 1 1
goldbox-rpg/pkg/server/middleware.go:207.42,209.4 1 1
goldbox-rpg/pkg/server/middleware.go:211.2,211.14 1 1
goldbox-rpg/pkg/server/middleware.go:220.61,223.2 2 1
goldbox-rpg/pkg/server/movement.go:27.119,42.19 4 1
goldbox-rpg/pkg/server/movement.go:43.18,44.22 1 1
goldbox-rpg/pkg/server/movement.go:44.22,46.4 1 1
goldbox-rpg/pkg/server/movement.go:47.18,48.31 1 1
goldbox-rpg/pkg/server/movement.go:48.31,50.4 1 1
goldbox-rpg/pkg/server/movement.go:51.17,52.30 1 1
goldbox-rpg/pkg/server/movement.go:52.30,54.4 1 1
goldbox-rpg/pkg/server/movement.go:55.17,56.22 1 1
goldbox-rpg/pkg/server/movement.go:56.22,58.4 1 1
goldbox-rpg/pkg/server/movement.go:61.2,66.15 2 1
goldbox-rpg/pkg/server/movement.go:72.99,75.19 2 1
goldbox-rpg/pkg/server/movement.go:76.18,77.13 1 1
goldbox-rpg/pkg/server/movement.go:78.18,79.13 1 1
goldbox-rpg/pkg/server/movement.go:80.17,81.13 1 1
goldbox-rpg/pkg/server/movement.go:82.17,83.13 1 1
goldbox-rpg/pkg/server/movement.go:86.2,86.15 1 1
goldbox-rpg/pkg/server/process.go:30.67,31.56 1 1
goldbox-rpg/pkg/server/process.go:31.56,33.3 1 1
goldbox-rpg/pkg/server/process.go:35.2,35.21 1 1
goldbox-rpg/pkg/server/process.go:36.33,37.47 1 1
goldbox-rpg/pkg/server/process.go:38.31,39.48 1 1
goldbox-rpg/pkg/server/process.go:40.52,41.49 1 1
goldbox-rpg/pkg/server/process.go:42.10,48.64 2 1
goldbox-rpg/pkg/server/process.go:53.70,54.19 1 1
goldbox-rpg/pkg/server/process.go:54.19,59.3 2 1
goldbox-rpg/pkg/server/process.go:60.2,60.12 1 1
goldbox-rpg/pkg/server/process.go:64.76,66.16 2 1
goldbox-rpg/pkg/server/process.go:66.16,73.3 1 1
goldbox-rpg/pkg/server/process.go:74.2,74.12 1 1
goldbox-rpg/pkg/server/process.go:78.77,80.16 2 1
goldbox-rpg/pkg/server/process.go:80.16,87.3 1 1
goldbox-rpg/pkg/server/process.go:88.2,88.12 1 1
goldbox-rpg/pkg/server/process.go:92.78,94.16 2 1
goldbox-rpg/pkg/server/process.go:94.16,101.3 1 1
goldbox-rpg/pkg/server/process.go:102.2,102.12 1 1
goldbox-rpg/pkg/server/process.go:122.69,129.13 4 1
goldbox-rpg/pkg/server/process.go:129.13,132.3 2 1
goldbox-rpg/pkg/server/process.go:134.2,134.46 1 1
goldbox-rpg/pkg/server/process.go:134.46,137.18 3 1
goldbox-rpg/pkg/server/process.go:137.18,143.4 2 0
goldbox-rpg/pkg/server/process.go:143.9,149.4 1 1
goldbox-rpg/pkg/server/process.go:150.3,150.13 1 1
goldbox-rpg/pkg/server/process.go:153.2,154.51 2 0
goldbox-rpg/pkg/server/process.go:192.67,199.13 4 1
goldbox-rpg/pkg/server/process.go:199.13,202.3 2 1
goldbox-rpg/pkg/server/process.go:204.2,204.46 1 1
goldbox-rpg/pkg/server/process.go:204.46,215.3 5 1
goldbox-rpg/pkg/server/process.go:217.2,218.46 2 0
goldbox-rpg/pkg/server/process.go:254.67,261.13 4 1
goldbox-rpg/pkg/server/process.go:261.13,264.3 2 1
goldbox-rpg/pkg/server/process.go:266.2,266.46 1 1
goldbox-rpg/pkg/server/process.go:266.46,275.30 3 1
goldbox-rpg/pkg/server/process.go:276.19,277.30 1 1
goldbox-rpg/pkg/server/process.go:278.20,279.31 1 0
goldbox-rpg/pkg/server/process.go:280.23,281.34 1 0
goldbox-rpg/pkg/server/process.go:282.23,283.34 1 0
goldbox-rpg/pkg/server/process.go:284.17,285.28 1 0
goldbox-rpg/pkg/server/process.go:286.19,287.30 1 0
goldbox-rpg/pkg/server/process.go:288.11,290.67 2 0
goldbox-rpg/pkg/server/process.go:292.3,292.13 1 1
goldbox-rpg/pkg/server/process.go:295.2,296.57 2 0
goldbox-rpg/pkg/server/profiling.go:25.66,52.2 13 1
goldbox-rpg/pkg/server/profiling.go:55.62,56.24 1 0
goldbox-rpg/pkg/server/profiling.go:56.24,59.3 2 0
goldbox-rpg/pkg/server/profiling.go:61.2,68.35 3 0
goldbox-rpg/pkg/server/profiling.go:72.64,73.24 1 1
goldbox-rpg/pkg/server/profiling.go:73.24,75.3 1 0
goldbox-rpg/pkg/server/profiling.go:77.2,78.32 2 1
goldbox-rpg/pkg/server/profiling.go:89.90,95.2 1 1
goldbox-rpg/pkg/server/profiling.go:98.39,104.6 4 1
goldbox-rpg/pkg/server/profiling.go:104.6,105.10 1 1
goldbox-rpg/pkg/server/profiling.go:106.19,107.23 1 0
goldbox-rpg/pkg/server/profiling.go:108.22,110.10 2 1
goldbox-rpg/pkg/server/profiling.go:116.38,118.2 1 1
goldbox-rpg/pkg/server/profiling.go:121.48,133.2 4 1
goldbox-rpg/pkg/server/ratelimit.go:51.54,68.2 4 1
goldbox-rpg/pkg/server/ratelimit.go:78.46,83.13 4 1
goldbox-rpg/pkg/server/ratelimit.go:83.13,90.3 2 1
goldbox-rpg/pkg/server/ratelimit.go:90.8,93.3 1 1
goldbox-rpg/pkg/server/ratelimit.go:95.2,95.30 1 1
goldbox-rpg/pkg/server/ratelimit.go:100.38,104.6 3 1
goldbox-rpg/pkg/server/ratelimit.go:104.6,105.10 1 1
goldbox-rpg/pkg/server/ratelimit.go:106.24,107.10 1 1
goldbox-rpg/pkg/server/ratelimit.go:108.19,109.16 1 1
goldbox-rpg/pkg/server/ratelimit.go:115.34,122.37 5 1
goldbox-rpg/pkg/server/ratelimit.go:122.37,123.44 1 1
goldbox-rpg/pkg/server/ratelimit.go:123.44,126.4 2 1
goldbox-rpg/pkg/server/ratelimit.go:129.2,129.17 1 1
goldbox-rpg/pkg/server/ratelimit.go:129.17,134.3 1 1
goldbox-rpg/pkg/server/ratelimit.go:138.32,139.22 1 1
goldbox-rpg/pkg/server/ratelimit.go:139.22,141.3 1 1
goldbox-rpg/pkg/server/ratelimit.go:150.52,157.2 3 1
goldbox-rpg/pkg/server/ratelimit.go:167.87,168.46 1 1
goldbox-rpg/pkg/server/ratelimit.go:168.46,169.72 1 1
goldbox-rpg/pkg/server/ratelimit.go:169.72,171.26 1 1
goldbox-rpg/pkg/server/ratelimit.go:171.26,174.5 2 1
goldbox-rpg/pkg/server/ratelimit.go:177.4,180.36 2 1
goldbox-rpg/pkg/server/ratelimit.go:180.36,194.5 5 1
goldbox-rpg/pkg/server/ratelimit.go:197.4,197.24 1 1
goldbox-rpg/pkg/server/server.go:42.39,44.2 1 1
goldbox-rpg/pkg/server/server.go:47.80,53.2 1 1
goldbox-rpg/pkg/server/server.go:135.104,137.16 2 1
goldbox-rpg/pkg/server/server.go:137.16,140.3 2 0
goldbox-rpg/pkg/server/server.go:142.2,143.28 2 1
goldbox-rpg/pkg/server/server.go:147.79,149.16 2 1
goldbox-rpg/pkg/server/server.go:149.16,152.3 2 0
goldbox-rpg/pkg/server/server.go:154.2,155.54 2 1
goldbox-rpg/pkg/server/server.go:155.54,157.55 2 1
goldbox-rpg/pkg/server/server.go:157.55,164.4 2 0
goldbox-rpg/pkg/server/server.go:167.2,168.50 2 1
goldbox-rpg/pkg/server/server.go:168.50,171.3 2 0
goldbox-rpg/pkg/server/server.go:173.2,174.26 2 1
goldbox-rpg/pkg/server/server.go:178.69,183.96 4 1
goldbox-rpg/pkg/server/server.go:183.96,186.3 2 0
goldbox-rpg/pkg/server/server.go:188.2,189.94 2 1
goldbox-rpg/pkg/server/server.go:189.94,192.3 2 0
goldbox-rpg/pkg/server/server.go:194.2,194.63 1 1
goldbox-rpg/pkg/server/server.go:194.63,197.3 2 0
goldbox-rpg/pkg/server/server.go:199.2,200.24 2 1
goldbox-rpg/pkg/server/server.go:204.172,224.2 1 1
goldbox-rpg/pkg/server/server.go:227.76,238.25 6 1
goldbox-rpg/pkg/server/server.go:238.25,243.3 4 1
goldbox-rpg/pkg/server/server.go:247.95,251.26 3 1
goldbox-rpg/pkg/server/server.go:251.26,258.3 2 1
goldbox-rpg/pkg/server/server.go:258.8,260.3 1 1
goldbox-rpg/pkg/server/server.go:264.95,269.16 3 1
goldbox-rpg/pkg/server/server.go:269.16,271.3 1 0
goldbox-rpg/pkg/server/server.go:273.2,276.68 2 1
goldbox-rpg/pkg/server/server.go:276.68,278.3 1 0
goldbox-rpg/pkg/server/server.go:278.8,280.3 1 1
goldbox-rpg/pkg/server/server.go:282.2,282.12 1 1
goldbox-rpg/pkg/server/server.go:286.81,290.12 3 1
goldbox-rpg/pkg/server/server.go:290.12,296.7 4 1
goldbox-rpg/pkg/server/server.go:296.7,297.11 1 1
goldbox-rpg/pkg/server/server.go:298.22,300.11 2 0
goldbox-rpg/pkg/server/server.go:301.20,302.69 1 0
goldbox-rpg/pkg/server/server.go:302.69,304.6 1 0
goldbox-rpg/pkg/server/server.go:304.11,306.6 1 0
goldbox-rpg/pkg/server/server.go:312.54,320.16 4 1
goldbox-rpg/pkg/server/server.go:320.16,322.3 1 0
goldbox-rpg/pkg/server/server.go:324.2,325.16 2 1
goldbox-rpg/pkg/server/server.go:325.16,327.3 1 0
goldbox-rpg/pkg/server/server.go:329.2,330.16 2 1
goldbox-rpg/pkg/server/server.go:330.16,332.3 1 0
goldbox-rpg/pkg/server/server.go:334.2,337.27 2 1
goldbox-rpg/pkg/server/server.go:337.27,338.68 1 1
goldbox-rpg/pkg/server/server.go:338.68,340.4 1 0
goldbox-rpg/pkg/server/server.go:343.2,346.31 3 1
goldbox-rpg/pkg/server/server.go:346.31,348.3 1 1
goldbox-rpg/pkg/server/server.go:349.2,349.31 1 1
goldbox-rpg/pkg/server/server.go:349.31,351.3 1 1
goldbox-rpg/pkg/server/server.go:353.2,356.27 2 1
goldbox-rpg/pkg/server/server.go:356.27,358.3 1 1
goldbox-rpg/pkg/server/server.go:360.2,362.20 3 1
goldbox-rpg/pkg/server/server.go:370.39,371.24 1 0
goldbox-rpg/pkg/server/server.go:371.24,373.3 1 0
goldbox-rpg/pkg/server/server.go:375.2,377.56 2 0
goldbox-rpg/pkg/server/server.go:377.56,379.3 1 0
goldbox-rpg/pkg/server/server.go:382.2,382.29 1 0
goldbox-rpg/pkg/server/server.go:382.29,384.3 1 0
goldbox-rpg/pkg/server/server.go:386.2,387.12 2 0
goldbox-rpg/pkg/server/server.go:423.71,432.2 2 1
goldbox-rpg/pkg/server/server.go:436.81,437.26 1 1
goldbox-rpg/pkg/server/server.go:437.26,439.3 1 1
goldbox-rpg/pkg/server/server.go:441.2,442.36 2 1
goldbox-rpg/pkg/server/server.go:442.36,455.3 5 1
goldbox-rpg/pkg/server/server.go:456.2,456.13 1 1
goldbox-rpg/pkg/server/server.go:461.95,462.20 1 1
goldbox-rpg/pkg/server/server.go:463.17,464.33 1 1
goldbox-rpg/pkg/server/server.go:464.33,469.4 3 1
goldbox-rpg/pkg/server/server.go:470.16,471.33 1 1
goldbox-rpg/pkg/server/server.go:471.33,474.4 2 1
goldbox-rpg/pkg/server/server.go:475.15,476.33 1 1
goldbox-rpg/pkg/server/server.go:476.33,479.4 2 1
goldbox-rpg/pkg/server/server.go:480.18,481.33 1 1
goldbox-rpg/pkg/server/server.go:481.33,484.4 2 1
goldbox-rpg/pkg/server/server.go:486.2,486.14 1 1
goldbox-rpg/pkg/server/server.go:491.91,492.59 1 1
goldbox-rpg/pkg/server/server.go:492.59,494.3 1 0
goldbox-rpg/pkg/server/server.go:496.2,496.34 1 1
goldbox-rpg/pkg/server/server.go:496.34,499.3 2 0
goldbox-rpg/pkg/server/server.go:501.2,501.63 1 1
goldbox-rpg/pkg/server/server.go:501.63,506.3 3 1
goldbox-rpg/pkg/server/server.go:508.2,508.14 1 1
goldbox-rpg/pkg/server/server.go:512.85,522.29 3 1
goldbox-rpg/pkg/server/server.go:522.29,524.3 1 1
goldbox-rpg/pkg/server/server.go:527.2,527.42 1 1
goldbox-rpg/pkg/server/server.go:527.42,529.3 1 1
goldbox-rpg/pkg/server/server.go:532.2,532.38 1 1
goldbox-rpg/pkg/server/server.go:532.38,534.3 1 1
goldbox-rpg/pkg/server/server.go:537.2,538.32 2 1
goldbox-rpg/pkg/server/server.go:542.75,552.16 4 1
goldbox-rpg/pkg/server/server.go:552.16,554.3 1 0
goldbox-rpg/pkg/server/server.go:556.2,556.43 1 1
goldbox-rpg/pkg/server/server.go:556.43,558.3 1 1
goldbox-rpg/pkg/server/server.go:560.2,561.16 2 1
goldbox-rpg/pkg/server/server.go:561.16,564.3 2 0
goldbox-rpg/pkg/server/server.go:566.2,566.69 1 1
goldbox-rpg/pkg/server/server.go:566.69,569.3 2 1
goldbox-rpg/pkg/server/server.go:571.2,572.35 2 1
goldbox-rpg/pkg/server/server.go:576.126,578.16 2 1
goldbox-rpg/pkg/server/server.go:578.16,582.3 3 0
goldbox-rpg/pkg/server/server.go:583.2,586.32 3 1
goldbox-rpg/pkg/server/server.go:590.110,591.44 1 1
goldbox-rpg/pkg/server/server.go:591.44,594.3 2 1
goldbox-rpg/pkg/server/server.go:596.2,596.33 1 1
goldbox-rpg/pkg/server/server.go:596.33,600.3 3 1
goldbox-rpg/pkg/server/server.go:602.2,602.14 1 1
goldbox-rpg/pkg/server/server.go:614.105,616.61 2 1
goldbox-rpg/pkg/server/server.go:616.61,623.3 2 0
goldbox-rpg/pkg/server/server.go:624.2,624.18 1 1
goldbox-rpg/pkg/server/server.go:628.93,629.26 1 1
goldbox-rpg/pkg/server/server.go:629.26,636.3 2 1
goldbox-rpg/pkg/server/server.go:638.2,638.22 1 1
goldbox-rpg/pkg/server/server.go:638.22,645.3 2 0
goldbox-rpg/pkg/server/server.go:647.2,647.12 1 1
goldbox-rpg/pkg/server/server.go:651.95,652.47 1 1
goldbox-rpg/pkg/server/server.go:652.47,654.3 1 1
goldbox-rpg/pkg/server/server.go:654.8,656.3 1 1
goldbox-rpg/pkg/server/server.go:660.104,667.16 3 1
goldbox-rpg/pkg/server/server.go:667.16,671.3 3 1
goldbox-rpg/pkg/server/server.go:673.2,673.34 1 0
goldbox-rpg/pkg/server/server.go:712.97,721.21 4 1
goldbox-rpg/pkg/server/server.go:721.21,722.66 1 1
goldbox-rpg/pkg/server/server.go:722.66,724.4 1 0
goldbox-rpg/pkg/server/server.go:728.2,729.101 2 1
goldbox-rpg/pkg/server/server.go:729.101,731.3 1 1
goldbox-rpg/pkg/server/server.go:733.2,736.16 3 1
goldbox-rpg/pkg/server/server.go:737.22,739.41 2 0
goldbox-rpg/pkg/server/server.go:740.29,742.48 2 0
goldbox-rpg/pkg/server/server.go:743.18,745.37 2 0
goldbox-rpg/pkg/server/server.go:746.20,748.39 2 0
goldbox-rpg/pkg/server/server.go:749.23,751.42 2 0
goldbox-rpg/pkg/server/server.go:752.25,754.44 2 0
goldbox-rpg/pkg/server/server.go:755.25,757.44 2 0
goldbox-rpg/pkg/server/server.go:758.21,760.40 2 0
goldbox-rpg/pkg/server/server.go:761.26,763.45 2 1
goldbox-rpg/pkg/server/server.go:764.23,766.42 2 0
goldbox-rpg/pkg/server/server.go:767.25,769.44 2 0
goldbox-rpg/pkg/server/server.go:770.26,772.45 2 0
goldbox-rpg/pkg/server/server.go:773.24,775.43 2 0
goldbox-rpg/pkg/server/server.go:776.27,778.46 2 0
goldbox-rpg/pkg/server/server.go:779.29,781.48 2 0
goldbox-rpg/pkg/server/server.go:782.23,784.42 2 0
goldbox-rpg/pkg/server/server.go:785.22,787.41 2 0
goldbox-rpg/pkg/server/server.go:788.29,790.48 2 0
goldbox-rpg/pkg/server/server.go:791.32,793.51 2 0
goldbox-rpg/pkg/server/server.go:794.25,796.44 2 0
goldbox-rpg/pkg/server/server.go:797.22,799.41 2 0
goldbox-rpg/pkg/server/server.go:800.30,802.49 2 0
goldbox-rpg/pkg/server/server.go:803.31,805.50 2 0
goldbox-rpg/pkg/server/server.go:806.26,808.45 2 0
goldbox-rpg/pkg/server/server.go:809.26,811.45 2 0
goldbox-rpg/pkg/server/server.go:812.31,814.50 2 0
goldbox-rpg/pkg/server/server.go:815.32,817.51 2 0
goldbox-rpg/pkg/server/server.go:818.31,820.50 2 0
goldbox-rpg/pkg/server/server.go:821.21,823.40 2 1
goldbox-rpg/pkg/server/server.go:824.23,826.42 2 1
goldbox-rpg/pkg/server/server.go:827.29,829.48 2 0
goldbox-rpg/pkg/server/server.go:830.31,832.50 2 0
goldbox-rpg/pkg/server/server.go:833.27,835.46 2 0
goldbox-rpg/pkg/server/server.go:836.27,838.46 2 0
goldbox-rpg/pkg/server/server.go:839.27,841.46 2 0
goldbox-rpg/pkg/server/server.go:842.25,844.44 2 0
goldbox-rpg/pkg/server/server.go:845.29,847.48 2 0
goldbox-rpg/pkg/server/server.go:848.10,851.18 3 0
goldbox-rpg/pkg/server/server.go:854.2,854.16 1 1
goldbox-rpg/pkg/server/server.go:854.16,857.3 2 1
goldbox-rpg/pkg/server/server.go:859.2,860.20 2 1
goldbox-rpg/pkg/server/server.go:878.67,895.60 5 0
goldbox-rpg/pkg/server/server.go:895.60,898.3 2 0
goldbox-rpg/pkg/server/server.go:900.2,903.39 2 0
goldbox-rpg/pkg/server/server.go:927.84,957.60 5 1
goldbox-rpg/pkg/server/server.go:957.60,960.3 2 0
goldbox-rpg/pkg/server/server.go:962.2,965.36 2 1
goldbox-rpg/pkg/server/server.go:977.28,979.2 1 1
goldbox-rpg/pkg/server/server.go:994.57,998.24 2 1
goldbox-rpg/pkg/server/server.go:998.24,999.51 1 1
goldbox-rpg/pkg/server/server.go:999.51,1001.4 1 0
goldbox-rpg/pkg/server/server.go:1005.2,1007.20 2 1
goldbox-rpg/pkg/server/server.go:1026.56,1044.75 6 0
goldbox-rpg/pkg/server/server.go:1044.75,1047.3 2 0
goldbox-rpg/pkg/server/server.go:1049.2,1050.12 2 0
goldbox-rpg/pkg/server/server.go:1055.66,1056.71 1 1
goldbox-rpg/pkg/server/server.go:1056.71,1057.16 1 1
goldbox-rpg/pkg/server/server.go:1057.16,1058.36 1 1
goldbox-rpg/pkg/server/server.go:1058.36,1061.24 2 0
goldbox-rpg/pkg/server/server.go:1061.24,1063.6 1 0
goldbox-rpg/pkg/server/server.go:1065.5,1080.7 3 0
goldbox-rpg/pkg/server/server.go:1083.3,1083.23 1 1
goldbox-rpg/pkg/server/server.go:1089.88,1090.46 1 1
goldbox-rpg/pkg/server/server.go:1090.46,1091.72 1 1
goldbox-rpg/pkg/server/server.go:1091.72,1096.4 3 1
goldbox-rpg/pkg/server/server.go:1102.35,1107.26 3 1
goldbox-rpg/pkg/server/server.go:1107.26,1110.3 2 1
goldbox-rpg/pkg/server/server.go:1113.2,1113.26 1 1
goldbox-rpg/pkg/server/server.go:1113.26,1116.3 2 1
goldbox-rpg/pkg/server/server.go:1119.2,1119.26 1 1
goldbox-rpg/pkg/server/server.go:1119.26,1122.3 2 1
goldbox-rpg/pkg/server/server.go:1125.2,1125.26 1 1
goldbox-rpg/pkg/server/server.go:1125.26,1128.3 2 1
goldbox-rpg/pkg/server/server.go:1130.2,1131.12 2 1
goldbox-rpg/pkg/server/session.go:11.13,14.2 1 1
goldbox-rpg/pkg/server/session.go:27.67,33.50 2 1
goldbox-rpg/pkg/server/session.go:33.50,39.3 2 1
goldbox-rpg/pkg/server/session.go:41.2,41.9 1 1
goldbox-rpg/pkg/server/session.go:42.38,49.14 2 1
goldbox-rpg/pkg/server/session.go:50.40,57.15 2 1
goldbox-rpg/pkg/server/session.go:86.104,96.16 5 1
goldbox-rpg/pkg/server/session.go:96.16,97.58 1 1
goldbox-rpg/pkg/server/session.go:97.58,105.4 4 1
goldbox-rpg/pkg/server/session.go:106.3,109.49 1 1
goldbox-rpg/pkg/server/session.go:112.2,123.22 5 1
goldbox-rpg/pkg/server/session.go:123.22,125.3 1 1
goldbox-rpg/pkg/server/session.go:128.2,145.21 4 1
goldbox-rpg/pkg/server/session.go:218.43,232.12 4 1
goldbox-rpg/pkg/server/session.go:232.12,233.16 1 1
goldbox-rpg/pkg/server/session.go:233.16,234.32 1 1
goldbox-rpg/pkg/server/session.go:234.32,240.5 1 0
goldbox-rpg/pkg/server/session.go:243.3,243.7 1 1
goldbox-rpg/pkg/server/session.go:243.7,244.11 1 1
goldbox-rpg/pkg/server/session.go:245.20,250.31 2 0
goldbox-rpg/pkg/server/session.go:251.18,257.11 3 1
goldbox-rpg/pkg/server/session.go:262.2,265.41 1 1
goldbox-rpg/pkg/server/session.go:268.46,281.38 7 1
goldbox-rpg/pkg/server/session.go:281.38,283.36 2 1
goldbox-rpg/pkg/server/session.go:283.36,285.25 1 1
goldbox-rpg/pkg/server/session.go:285.25,293.13 2 1
goldbox-rpg/pkg/server/session.go:296.4,304.29 2 1
goldbox-rpg/pkg/server/session.go:304.29,305.50 1 0
goldbox-rpg/pkg/server/session.go:305.50,312.6 1 0
goldbox-rpg/pkg/server/session.go:314.4,318.24 3 1
goldbox-rpg/pkg/server/session.go:318.24,320.5 1 0
goldbox-rpg/pkg/server/session.go:324.2,330.44 1 1
goldbox-rpg/pkg/server/session.go:334.73,345.12 5 1
goldbox-rpg/pkg/server/session.go:345.12,353.3 2 1
goldbox-rpg/pkg/server/session.go:353.8,360.3 1 1
goldbox-rpg/pkg/server/session.go:362.2,369.24 2 1
goldbox-rpg/pkg/server/session.go:373.74,391.2 5 0
goldbox-rpg/pkg/server/session.go:394.60,400.20 2 1
goldbox-rpg/pkg/server/session.go:400.20,407.3 2 1
goldbox-rpg/pkg/server/session.go:407.8,412.3 1 0
goldbox-rpg/pkg/server/session.go:414.2,417.36 1 1
goldbox-rpg/pkg/server/spell.go:32.135,35.66 2 1
goldbox-rpg/pkg/server/spell.go:35.66,38.3 2 1
goldbox-rpg/pkg/server/spell.go:40.2,43.16 3 1
goldbox-rpg/pkg/server/spell.go:43.16,45.3 1 0
goldbox-rpg/pkg/server/spell.go:47.2,47.20 1 1
goldbox-rpg/pkg/server/spell.go:51.96,58.2 1 1
goldbox-rpg/pkg/server/spell.go:61.92,63.2 1 1
goldbox-rpg/pkg/server/spell.go:66.56,71.2 1 1
goldbox-rpg/pkg/server/spell.go:74.65,79.2 1 1
goldbox-rpg/pkg/server/spell.go:82.140,83.22 1 1
goldbox-rpg/pkg/server/spell.go:84.28,85.58 1 1
goldbox-rpg/pkg/server/spell.go:86.30,87.60 1 1
goldbox-rpg/pkg/server/spell.go:88.27,89.52 1 1
goldbox-rpg/pkg/server/spell.go:90.10,95.56 2 1
goldbox-rpg/pkg/server/spell.go:100.56,105.2 1 0
goldbox-rpg/pkg/server/spells.go:11.96,18.19 2 1
goldbox-rpg/pkg/server/spells.go:19.28,21.40 1 1
goldbox-rpg/pkg/server/spells.go:21.40,27.4 2 0
goldbox-rpg/pkg/server/spells.go:28.3,28.14 1 1
goldbox-rpg/pkg/server/spells.go:30.29,32.40 1 1
goldbox-rpg/pkg/server/spells.go:32.40,38.4 2 0
goldbox-rpg/pkg/server/spells.go:39.3,39.14 1 1
goldbox-rpg/pkg/server/spells.go:41.30,43.41 1 1
goldbox-rpg/pkg/server/spells.go:43.41,44.37 1 1
goldbox-rpg/pkg/server/spells.go:44.37,49.5 2 1
goldbox-rpg/pkg/server/spells.go:51.3,55.15 2 1
goldbox-rpg/pkg/server/spells.go:57.10,62.15 2 0
goldbox-rpg/pkg/server/spells.go:66.85,74.32 2 1
goldbox-rpg/pkg/server/spells.go:74.32,81.3 2 1
goldbox-rpg/pkg/server/spells.go:84.2,84.45 1 1
goldbox-rpg/pkg/server/spells.go:84.45,85.46 1 1
goldbox-rpg/pkg/server/spells.go:85.46,91.4 2 1
goldbox-rpg/pkg/server/spells.go:94.2,97.12 2 1
goldbox-rpg/pkg/server/spells.go:101.121,108.16 4 1
goldbox-rpg/pkg/server/spells.go:108.16,110.3 1 0
goldbox-rpg/pkg/server/spells.go:112.2,113.16 2 1
goldbox-rpg/pkg/server/spells.go:113.16,115.3 1 0
goldbox-rpg/pkg/server/spells.go:118.2,118.33 1 1
goldbox-rpg/pkg/server/spells.go:118.33,120.17 2 1
goldbox-rpg/pkg/server/spells.go:120.17,122.4 1 0
goldbox-rpg/pkg/server/spells.go:125.2,136.20 3 1
goldbox-rpg/pkg/server/spells.go:140.101,147.2 1 1
goldbox-rpg/pkg/server/spells.go:150.119,152.16 2 1
goldbox-rpg/pkg/server/spells.go:152.16,155.3 2 0
goldbox-rpg/pkg/server/spells.go:156.2,159.22 4 1
goldbox-rpg/pkg/server/spells.go:159.22,161.3 1 1
goldbox-rpg/pkg/server/spells.go:162.2,162.73 1 1
goldbox-rpg/pkg/server/spells.go:162.73,165.3 2 0
goldbox-rpg/pkg/server/spells.go:166.2,166.38 1 1
goldbox-rpg/pkg/server/spells.go:170.120,172.16 2 1
goldbox-rpg/pkg/server/spells.go:172.16,175.3 2 0
goldbox-rpg/pkg/server/spells.go:176.2,178.63 3 1
goldbox-rpg/pkg/server/spells.go:178.63,181.3 2 0
goldbox-rpg/pkg/server/spells.go:182.2,182.39 1 1
goldbox-rpg/pkg/server/spells.go:186.121,189.72 3 1
goldbox-rpg/pkg/server/spells.go:189.72,192.3 2 0
goldbox-rpg/pkg/server/spells.go:193.2,193.32 1 1
goldbox-rpg/pkg/server/spells.go:202.26,217.23 2 1
goldbox-rpg/pkg/server/spells.go:217.23,219.3 1 1
goldbox-rpg/pkg/server/spells.go:220.2,220.24 1 1
goldbox-rpg/pkg/server/spells.go:220.24,222.3 1 1
goldbox-rpg/pkg/server/spells.go:223.2,223.15 1 1
goldbox-rpg/pkg/server/spells.go:227.98,235.2 1 1
goldbox-rpg/pkg/server/spells.go:237.123,257.2 4 1
goldbox-rpg/pkg/server/spells.go:259.122,279.2 4 1
goldbox-rpg/pkg/server/spells.go:281.119,301.2 4 1
goldbox-rpg/pkg/server/spells.go:304.70,310.21 3 1
goldbox-rpg/pkg/server/spells.go:310.21,312.3 1 1
goldbox-rpg/pkg/server/spells.go:315.2,317.45 2 1
goldbox-rpg/pkg/server/spells.go:321.61,322.18 1 1
goldbox-rpg/pkg/server/spells.go:323.18,325.37 1 1
goldbox-rpg/pkg/server/spells.go:326.24,328.37 1 1
goldbox-rpg/pkg/server/spells.go:329.23,331.41 1 1
goldbox-rpg/pkg/server/spells.go:332.10,334.47 1 1
goldbox-rpg/pkg/server/spells.go:339.62,340.18 1 1
goldbox-rpg/pkg/server/spells.go:341.14,343.37 1 1
goldbox-rpg/pkg/server/spells.go:344.21,346.37 1 1
goldbox-rpg/pkg/server/spells.go:347.22,349.37 1 1
goldbox-rpg/pkg/server/spells.go:350.10,352.47 1 1
goldbox-rpg/pkg/server/spells.go:357.41,367.34 2 1
goldbox-rpg/pkg/server/spells.go:367.34,375.3 2 1
goldbox-rpg/pkg/server/spells.go:377.2,378.31 2 1
goldbox-rpg/pkg/server/spells.go:378.31,388.3 3 1
goldbox-rpg/pkg/server/spells.go:390.2,399.14 2 1
goldbox-rpg/pkg/server/spells.go:403.92,414.37 3 1
goldbox-rpg/pkg/server/spells.go:414.37,415.41 1 0
goldbox-rpg/pkg/server/spells.go:415.41,428.17 5 0
goldbox-rpg/pkg/server/spells.go:428.17,437.5 2 0
goldbox-rpg/pkg/server/spells.go:439.4,457.14 4 0
goldbox-rpg/pkg/server/spells.go:460.2,479.12 4 1
goldbox-rpg/pkg/server/spells.go:483.75,493.37 3 1
goldbox-rpg/pkg/server/spells.go:493.37,494.41 1 0
goldbox-rpg/pkg/server/spells.go:494.41,508.21 6 0
goldbox-rpg/pkg/server/spells.go:508.21,519.5 2 0
goldbox-rpg/pkg/server/spells.go:521.4,539.14 4 0
goldbox-rpg/pkg/server/spells.go:542.2,560.12 4 1
goldbox-rpg/pkg/server/state.go:56.56,57.45 1 1
goldbox-rpg/pkg/server/state.go:57.45,59.3 1 1
goldbox-rpg/pkg/server/state.go:61.2,65.26 3 1
goldbox-rpg/pkg/server/state.go:65.26,67.3 1 1
goldbox-rpg/pkg/server/state.go:70.2,70.34 1 1
goldbox-rpg/pkg/server/state.go:70.34,72.3 1 1
goldbox-rpg/pkg/server/state.go:75.2,75.64 1 1
goldbox-rpg/pkg/server/state.go:79.56,81.52 1 1
goldbox-rpg/pkg/server/state.go:81.52,82.55 1 1
goldbox-rpg/pkg/server/state.go:82.55,83.63 1 1
goldbox-rpg/pkg/server/state.go:83.63,85.5 1 1
goldbox-rpg/pkg/server/state.go:90.2,112.39 14 1
goldbox-rpg/pkg/server/state.go:112.39,114.3 1 0
goldbox-rpg/pkg/server/state.go:115.2,124.14 6 1
goldbox-rpg/pkg/server/state.go:127.39,131.22 1 1
goldbox-rpg/pkg/server/state.go:131.22,133.3 1 1
goldbox-rpg/pkg/server/state.go:134.2,134.12 1 1
goldbox-rpg/pkg/server/state.go:138.72,150.15 9 0
goldbox-rpg/pkg/server/state.go:150.15,155.3 4 0
goldbox-rpg/pkg/server/state.go:158.2,158.27 1 0
goldbox-rpg/pkg/server/state.go:158.27,160.3 1 0
goldbox-rpg/pkg/server/state.go:163.2,164.12 2 0
goldbox-rpg/pkg/server/state.go:164.12,166.3 1 0
goldbox-rpg/pkg/server/state.go:168.2,168.9 1 0
goldbox-rpg/pkg/server/state.go:169.21,170.17 1 0
goldbox-rpg/pkg/server/state.go:170.17,173.4 2 0
goldbox-rpg/pkg/server/state.go:174.37,176.40 2 0
goldbox-rpg/pkg/server/state.go:179.2,183.12 3 0
goldbox-rpg/pkg/server/state.go:186.45,187.52 1 0
goldbox-rpg/pkg/server/state.go:187.52,196.3 6 0
goldbox-rpg/pkg/server/state.go:196.8,198.3 1 0
goldbox-rpg/pkg/server/state.go:201.73,202.54 1 0
goldbox-rpg/pkg/server/state.go:202.54,204.3 1 0
goldbox-rpg/pkg/server/state.go:206.2,206.53 1 0
goldbox-rpg/pkg/server/state.go:206.53,208.3 1 0
goldbox-rpg/pkg/server/state.go:210.2,210.53 1 0
goldbox-rpg/pkg/server/state.go:210.53,212.3 1 0
goldbox-rpg/pkg/server/state.go:214.2,214.56 1 0
goldbox-rpg/pkg/server/state.go:214.56,216.3 1 0
goldbox-rpg/pkg/server/state.go:218.2,218.12 1 0
goldbox-rpg/pkg/server/state.go:222.78,224.9 2 0
goldbox-rpg/pkg/server/state.go:224.9,226.3 1 0
goldbox-rpg/pkg/server/state.go:228.2,228.59 1 0
goldbox-rpg/pkg/server/state.go:228.59,230.3 1 0
goldbox-rpg/pkg/server/state.go:232.2,232.12 1 0
goldbox-rpg/pkg/server/state.go:236.77,238.9 2 0
goldbox-rpg/pkg/server/state.go:238.9,240.3 1 0
goldbox-rpg/pkg/server/state.go:242.2,243.9 2 0
goldbox-rpg/pkg/server/state.go:243.9,245.3 1 0
goldbox-rpg/pkg/server/state.go:247.2,247.58 1 0
goldbox-rpg/pkg/server/state.go:247.58,249.3 1 0
goldbox-rpg/pkg/server/state.go:251.2,251.12 1 0
goldbox-rpg/pkg/server/state.go:255.77,257.9 2 0
goldbox-rpg/pkg/server/state.go:257.9,259.3 1 0
goldbox-rpg/pkg/server/state.go:261.2,261.59 1 0
goldbox-rpg/pkg/server/state.go:261.59,263.3 1 0
goldbox-rpg/pkg/server/state.go:265.2,265.12 1 0
goldbox-rpg/pkg/server/state.go:269.80,271.9 2 0
goldbox-rpg/pkg/server/state.go:271.9,273.3 1 0
goldbox-rpg/pkg/server/state.go:275.2,275.41 1 0
goldbox-rpg/pkg/server/state.go:275.41,276.60 1 0
goldbox-rpg/pkg/server/state.go:276.60,278.4 1 0
goldbox-rpg/pkg/server/state.go:281.2,281.12 1 0
goldbox-rpg/pkg/server/state.go:285.79,287.13 2 0
goldbox-rpg/pkg/server/state.go:287.13,289.3 1 0
goldbox-rpg/pkg/server/state.go:291.2,292.9 2 0
goldbox-rpg/pkg/server/state.go:292.9,294.3 1 0
goldbox-rpg/pkg/server/state.go:296.2,296.50 1 0
goldbox-rpg/pkg/server/state.go:296.50,298.3 1 0
goldbox-rpg/pkg/server/state.go:300.2,300.12 1 0
goldbox-rpg/pkg/server/state.go:303.43,321.39 3 0
goldbox-rpg/pkg/server/state.go:321.39,323.3 1 0
goldbox-rpg/pkg/server/state.go:325.2,325.17 1 0
goldbox-rpg/pkg/server/state.go:349.58,358.45 1 1
goldbox-rpg/pkg/server/state.go:358.45,360.44 2 1
goldbox-rpg/pkg/server/state.go:360.44,368.5 1 0
goldbox-rpg/pkg/server/state.go:369.4,369.17 1 1
goldbox-rpg/pkg/server/state.go:430.36,453.2 4 1
goldbox-rpg/pkg/server/state.go:466.9,476.57 4 1
goldbox-rpg/pkg/server/state.go:476.57,478.3 1 0
goldbox-rpg/pkg/server/state.go:480.2,485.12 2 1
goldbox-rpg/pkg/server/state.go:500.9,509.37 4 1
goldbox-rpg/pkg/server/state.go:509.37,512.3 2 1
goldbox-rpg/pkg/server/state.go:515.2,515.57 1 1
goldbox-rpg/pkg/server/state.go:515.57,517.3 1 0
goldbox-rpg/pkg/server/state.go:520.2,520.85 1 1
goldbox-rpg/pkg/server/state.go:520.85,521.36 1 0
goldbox-rpg/pkg/server/state.go:521.36,524.4 2 0
goldbox-rpg/pkg/server/state.go:525.3,525.31 1 0
goldbox-rpg/pkg/server/state.go:525.31,527.4 1 0
goldbox-rpg/pkg/server/state.go:528.3,528.32 1 0
goldbox-rpg/pkg/server/state.go:528.32,530.4 1 0
goldbox-rpg/pkg/server/state.go:531.3,535.62 1 0
goldbox-rpg/pkg/server/state.go:538.2,543.12 2 1
goldbox-rpg/pkg/server/timeout.go:36.58,38.22 2 1
goldbox-rpg/pkg/server/timeout.go:38.22,47.3 1 1
goldbox-rpg/pkg/server/timeout.go:47.8,57.3 1 1
goldbox-rpg/pkg/server/timeout.go:59.2,65.3 1 1
goldbox-rpg/pkg/server/timeout.go:69.134,74.21 3 1
goldbox-rpg/pkg/server/timeout.go:74.21,78.3 2 1
goldbox-rpg/pkg/server/timeout.go:78.8,81.3 1 1
goldbox-rpg/pkg/server/timeout.go:85.118,87.2 1 1
goldbox-rpg/pkg/server/timeout.go:90.146,93.2 2 1
goldbox-rpg/pkg/server/timeout.go:96.45,108.2 2 1
goldbox-rpg/pkg/server/timeout.go:111.43,112.37 1 1
goldbox-rpg/pkg/server/timeout.go:112.37,114.3 1 1
goldbox-rpg/pkg/server/timeout.go:116.2,116.37 1 1
goldbox-rpg/pkg/server/timeout.go:116.37,118.3 1 1
goldbox-rpg/pkg/server/timeout.go:120.2,120.21 1 1
goldbox-rpg/pkg/server/timeout.go:120.21,121.37 1 1
goldbox-rpg/pkg/server/timeout.go:121.37,123.4 1 1
goldbox-rpg/pkg/server/timeout.go:125.3,125.38 1 1
goldbox-rpg/pkg/server/timeout.go:125.38,127.4 1 0
goldbox-rpg/pkg/server/timeout.go:129.3,129.60 1 1
goldbox-rpg/pkg/server/timeout.go:129.60,131.4 1 0
goldbox-rpg/pkg/server/timeout.go:134.2,134.12 1 1
goldbox-rpg/pkg/server/timeout.go:141.50,144.49 2 1
goldbox-rpg/pkg/server/timeout.go:144.49,146.3 1 1
goldbox-rpg/pkg/server/timeout.go:148.2,151.12 3 1
goldbox-rpg/pkg/server/timeout.go:155.40,157.2 1 1
goldbox-rpg/pkg/server/timeout.go:160.114,161.32 1 1
goldbox-rpg/pkg/server/timeout.go:161.32,166.3 3 1
goldbox-rpg/pkg/server/timeout.go:168.2,168.72 1 1
goldbox-rpg/pkg/server/timeout.go:172.98,173.32 1 1
goldbox-rpg/pkg/server/timeout.go:173.32,176.3 1 1
goldbox-rpg/pkg/server/timeout.go:178.2,178.70 1 1
goldbox-rpg/pkg/server/types.go:87.72,88.14 1 1
goldbox-rpg/pkg/server/types.go:88.14,90.3 1 1
goldbox-rpg/pkg/server/types.go:92.2,92.36 1 1
goldbox-rpg/pkg/server/types.go:92.36,93.14 1 1
goldbox-rpg/pkg/server/types.go:94.17,95.60 1 1
goldbox-rpg/pkg/server/types.go:95.60,97.5 1 1
goldbox-rpg/pkg/server/types.go:98.20,99.41 1 1
goldbox-rpg/pkg/server/types.go:99.41,101.5 1 1
goldbox-rpg/pkg/server/types.go:102.21,103.46 1 1
goldbox-rpg/pkg/server/types.go:103.46,105.5 1 1
goldbox-rpg/pkg/server/types.go:106.20,107.43 1 1
goldbox-rpg/pkg/server/types.go:107.43,109.5 1 1
goldbox-rpg/pkg/server/types.go:113.2,113.12 1 1
goldbox-rpg/pkg/server/types.go:117.48,118.14 1 1
goldbox-rpg/pkg/server/types.go:118.14,120.3 1 1
goldbox-rpg/pkg/server/types.go:122.2,132.14 2 1
goldbox-rpg/pkg/server/types.go:136.50,148.2 1 1
goldbox-rpg/pkg/server/types.go:151.34,153.2 1 1
goldbox-rpg/pkg/server/types.go:156.35,158.2 1 1
goldbox-rpg/pkg/server/types.go:161.40,163.2 1 1
goldbox-rpg/pkg/server/util.go:32.68,45.34 5 1
goldbox-rpg/pkg/server/util.go:45.34,47.60 2 0
goldbox-rpg/pkg/server/util.go:47.60,48.45 1 0
goldbox-rpg/pkg/server/util.go:48.45,60.5 4 0
goldbox-rpg/pkg/server/util.go:60.10,67.5 3 0
goldbox-rpg/pkg/server/util.go:68.9,70.4 1 0
goldbox-rpg/pkg/server/util.go:73.2,73.40 1 1
goldbox-rpg/pkg/server/util.go:73.40,75.3 1 0
goldbox-rpg/pkg/server/util.go:77.2,78.29 2 1
goldbox-rpg/pkg/server/util.go:78.29,80.3 1 0
goldbox-rpg/pkg/server/util.go:82.2,83.15 2 1
goldbox-rpg/pkg/server/util.go:100.78,112.49 6 0
goldbox-rpg/pkg/server/util.go:112.49,114.45 2 0
goldbox-rpg/pkg/server/util.go:114.45,120.4 2 0
goldbox-rpg/pkg/server/util.go:123.2,124.23 2 0
goldbox-rpg/pkg/server/util.go:142.74,149.63 3 0
goldbox-rpg/pkg/server/util.go:149.63,153.3 3 0
goldbox-rpg/pkg/server/util.go:154.2,155.12 2 0
goldbox-rpg/pkg/server/util.go:175.78,182.37 3 0
goldbox-rpg/pkg/server/util.go:182.37,185.3 2 0
goldbox-rpg/pkg/server/util.go:187.2,200.14 3 0
goldbox-rpg/pkg/server/util.go:217.65,225.52 4 0
goldbox-rpg/pkg/server/util.go:225.52,227.60 2 0
goldbox-rpg/pkg/server/util.go:227.60,228.49 1 0
goldbox-rpg/pkg/server/util.go:228.49,230.31 2 0
goldbox-rpg/pkg/server/util.go:230.31,233.43 3 0
goldbox-rpg/pkg/server/util.go:233.43,235.7 1 0
goldbox-rpg/pkg/server/util.go:236.11,238.6 1 0
goldbox-rpg/pkg/server/util.go:239.10,241.5 1 0
goldbox-rpg/pkg/server/util.go:242.9,244.4 1 0
goldbox-rpg/pkg/server/util.go:247.2,248.16 2 0
goldbox-rpg/pkg/server/util.go:266.68,286.2 8 0
goldbox-rpg/pkg/server/util.go:303.70,310.53 3 1
goldbox-rpg/pkg/server/util.go:310.53,314.34 3 1
goldbox-rpg/pkg/server/util.go:314.34,316.67 2 0
goldbox-rpg/pkg/server/util.go:316.67,319.5 2 0
goldbox-rpg/pkg/server/util.go:319.10,321.5 1 0
goldbox-rpg/pkg/server/util.go:323.8,325.3 1 0
goldbox-rpg/pkg/server/util.go:337.39,352.2 8 0
goldbox-rpg/pkg/server/util.go:382.59,393.2 5 1
goldbox-rpg/pkg/server/util.go:409.65,416.24 3 1
goldbox-rpg/pkg/server/util.go:416.24,417.30 1 1
goldbox-rpg/pkg/server/util.go:417.30,420.4 2 1
goldbox-rpg/pkg/server/util.go:423.2,424.12 2 1
goldbox-rpg/pkg/server/util.go:441.73,448.27 3 1
goldbox-rpg/pkg/server/util.go:448.27,449.32 1 1
goldbox-rpg/pkg/server/util.go:449.32,452.4 2 1
goldbox-rpg/pkg/server/util.go:455.2,456.12 2 1
goldbox-rpg/pkg/server/util.go:496.43,507.50 4 1
goldbox-rpg/pkg/server/util.go:507.50,510.3 2 1
goldbox-rpg/pkg/server/util.go:512.2,513.20 2 1
goldbox-rpg/pkg/server/util.go:513.20,516.3 2 1
goldbox-rpg/pkg/server/util.go:519.2,520.22 2 1
goldbox-rpg/pkg/server/util.go:520.22,523.17 3 1
goldbox-rpg/pkg/server/util.go:523.17,526.4 2 1
goldbox-rpg/pkg/server/util.go:529.2,530.16 2 1
goldbox-rpg/pkg/server/util.go:530.16,533.3 2 1
goldbox-rpg/pkg/server/util.go:535.2,536.22 2 1
goldbox-rpg/pkg/server/util.go:536.22,539.17 3 1
goldbox-rpg/pkg/server/util.go:539.17,542.4 2 1
goldbox-rpg/pkg/server/util.go:546.2,556.15 4 1
goldbox-rpg/pkg/server/util.go:570.24,578.11 3 1
goldbox-rpg/pkg/server/util.go:578.11,581.3 2 1
goldbox-rpg/pkg/server/util.go:582.2,583.10 2 1
goldbox-rpg/pkg/server/util.go:601.44,616.45 5 1
goldbox-rpg/pkg/server/util.go:616.45,617.23 1 1
goldbox-rpg/pkg/server/util.go:617.23,620.4 2 1
goldbox-rpg/pkg/server/util.go:622.2,623.14 2 1
goldbox-rpg/pkg/server/websocket.go:33.51,36.26 2 1
goldbox-rpg/pkg/server/websocket.go:36.26,37.26 1 1
goldbox-rpg/pkg/server/websocket.go:37.26,39.4 1 1
goldbox-rpg/pkg/server/websocket.go:39.9,39.38 1 1
goldbox-rpg/pkg/server/websocket.go:39.38,41.4 1 1
goldbox-rpg/pkg/server/websocket.go:41.9,43.4 1 1
goldbox-rpg/pkg/server/websocket.go:47.2,57.15 8 1
goldbox-rpg/pkg/server/websocket.go:73.50,75.19 2 1
goldbox-rpg/pkg/server/websocket.go:75.19,77.58 1 1
goldbox-rpg/pkg/server/websocket.go:77.58,79.4 1 1
goldbox-rpg/pkg/server/websocket.go:83.3,86.20 4 1
goldbox-rpg/pkg/server/websocket.go:86.20,88.32 2 0
goldbox-rpg/pkg/server/websocket.go:88.32,90.5 1 0
goldbox-rpg/pkg/server/websocket.go:92.3,93.20 2 1
goldbox-rpg/pkg/server/websocket.go:93.20,95.32 2 0
goldbox-rpg/pkg/server/websocket.go:95.32,98.5 1 0
goldbox-rpg/pkg/server/websocket.go:100.3,101.42 2 1
goldbox-rpg/pkg/server/websocket.go:101.42,104.4 2 1
goldbox-rpg/pkg/server/websocket.go:106.3,106.15 1 1
goldbox-rpg/pkg/server/websocket.go:108.2,108.36 1 1
goldbox-rpg/pkg/server/websocket.go:120.82,121.41 1 1
goldbox-rpg/pkg/server/websocket.go:121.41,122.43 1 1
goldbox-rpg/pkg/server/websocket.go:122.43,124.4 1 1
goldbox-rpg/pkg/server/websocket.go:126.2,126.14 1 1
goldbox-rpg/pkg/server/websocket.go:142.52,146.43 1 1
goldbox-rpg/pkg/server/websocket.go:146.43,150.49 2 1
goldbox-rpg/pkg/server/websocket.go:150.49,156.5 2 1
goldbox-rpg/pkg/server/websocket.go:159.4,162.16 3 1
goldbox-rpg/pkg/server/websocket.go:162.16,168.5 1 1
goldbox-rpg/pkg/server/websocket.go:168.10,174.5 1 1
goldbox-rpg/pkg/server/websocket.go:176.4,176.18 1 1
goldbox-rpg/pkg/server/websocket.go:179.2,179.18 1 1
goldbox-rpg/pkg/server/websocket.go:225.54,231.2 1 1
goldbox-rpg/pkg/server/websocket.go:242.62,251.2 1 1
goldbox-rpg/pkg/server/websocket.go:271.77,274.20 3 1
goldbox-rpg/pkg/server/websocket.go:274.20,277.3 2 0
goldbox-rpg/pkg/server/websocket.go:279.2,280.16 2 1
goldbox-rpg/pkg/server/websocket.go:280.16,282.3 1 1
goldbox-rpg/pkg/server/websocket.go:283.2,285.65 2 0
goldbox-rpg/pkg/server/websocket.go:285.65,287.3 1 0
goldbox-rpg/pkg/server/websocket.go:289.2,292.50 3 0
goldbox-rpg/pkg/server/websocket.go:296.104,298.16 2 1
goldbox-rpg/pkg/server/websocket.go:298.16,301.3 2 1
goldbox-rpg/pkg/server/websocket.go:302.2,302.18 1 0
goldbox-rpg/pkg/server/websocket.go:306.97,315.56 2 0
goldbox-rpg/pkg/server/websocket.go:315.56,318.3 2 0
goldbox-rpg/pkg/server/websocket.go:319.2,319.12 1 0
goldbox-rpg/pkg/server/websocket.go:323.113,324.6 1 0
goldbox-rpg/pkg/server/websocket.go:324.6,326.45 2 0
goldbox-rpg/pkg/server/websocket.go:326.45,327.9 1 0
goldbox-rpg/pkg/server/websocket.go:330.3,330.79 1 0
goldbox-rpg/pkg/server/websocket.go:330.79,331.9 1 0
goldbox-rpg/pkg/server/websocket.go:337.135,341.16 3 0
goldbox-rpg/pkg/server/websocket.go:341.16,345.3 3 0
goldbox-rpg/pkg/server/websocket.go:347.2,348.16 2 0
goldbox-rpg/pkg/server/websocket.go:348.16,352.3 3 0
goldbox-rpg/pkg/server/websocket.go:354.2,354.68 1 0
goldbox-rpg/pkg/server/websocket.go:354.68,357.3 2 0
goldbox-rpg/pkg/server/websocket.go:358.2,358.12 1 0
goldbox-rpg/pkg/server/websocket.go:362.113,363.19 1 0
goldbox-rpg/pkg/server/websocket.go:363.19,365.3 1 0
goldbox-rpg/pkg/server/websocket.go:366.2,367.15 2 0
goldbox-rpg/pkg/server/websocket.go:381.92,383.9 2 0
goldbox-rpg/pkg/server/websocket.go:383.9,385.3 1 0
goldbox-rpg/pkg/server/websocket.go:387.2,387.38 1 0
goldbox-rpg/pkg/server/websocket.go:405.82,425.56 6 0
goldbox-rpg/pkg/server/websocket.go:425.56,427.3 1 0
goldbox-rpg/pkg/server/websocket.go:427.8,429.3 1 0
goldbox-rpg/pkg/server/websocket.go:449.103,482.56 6 0
goldbox-rpg/pkg/server/websocket.go:482.56,484.3 1 0
goldbox-rpg/pkg/server/websocket.go:484.8,486.3 1 0
goldbox-rpg/pkg/server/websocket.go:507.80,508.21 1 1
goldbox-rpg/pkg/server/websocket.go:508.21,510.3 1 1
goldbox-rpg/pkg/server/websocket.go:512.2,514.13 3 1
goldbox-rpg/pkg/server/websocket.go:514.13,517.3 2 1
goldbox-rpg/pkg/server/websocket.go:520.2,524.21 4 1
goldbox-rpg/pkg/server/websocket.go:558.71,564.2 1 1
goldbox-rpg/pkg/server/websocket.go:575.41,579.15 3 1
goldbox-rpg/pkg/server/websocket.go:579.15,581.3 1 0
goldbox-rpg/pkg/server/websocket.go:584.2,593.39 8 1
goldbox-rpg/pkg/server/websocket.go:593.39,595.3 1 1
goldbox-rpg/pkg/server/websocket.go:597.2,598.76 2 1
goldbox-rpg/pkg/server/websocket.go:602.40,609.2 5 1
goldbox-rpg/pkg/server/websocket.go:615.67,621.33 5 1
goldbox-rpg/pkg/server/websocket.go:621.33,623.3 1 0
goldbox-rpg/pkg/server/websocket.go:626.2,636.28 2 1
goldbox-rpg/pkg/server/websocket.go:643.69,646.45 3 1
goldbox-rpg/pkg/server/websocket.go:646.45,647.67 1 1
goldbox-rpg/pkg/server/websocket.go:647.67,649.4 1 1
goldbox-rpg/pkg/server/websocket.go:651.2,653.24 2 1
goldbox-rpg/pkg/server/websocket.go:653.24,655.3 1 0
goldbox-rpg/pkg/server/websocket.go:657.2,658.35 2 1
goldbox-rpg/pkg/server/websocket.go:658.35,660.28 1 1
goldbox-rpg/pkg/server/websocket.go:660.28,662.11 1 1
goldbox-rpg/pkg/server/websocket.go:662.11,663.18 1 1
goldbox-rpg/pkg/server/websocket.go:663.18,664.34 1 1
goldbox-rpg/pkg/server/websocket.go:664.34,669.7 1 1
goldbox-rpg/pkg/server/websocket.go:672.5,672.61 1 1
goldbox-rpg/pkg/server/websocket.go:672.61,677.6 1 0
goldbox-rpg/pkg/server/websocket.go:677.11,679.6 1 0
goldbox-rpg/pkg/server/websocket.go:684.2,688.43 1 1
