?   	goldbox-rpg/cmd/server	[no test files]
=== RUN   TestLoadItems_ValidYAMLFile
--- PASS: TestLoadItems_ValidYAMLFile (0.00s)
=== RUN   TestLoadItems_EmptyYAMLFile
--- PASS: TestLoadItems_EmptyYAMLFile (0.00s)
=== RUN   TestLoadItems_EmptyArrayYAML
--- PASS: TestLoadItems_EmptyArrayYAML (0.00s)
=== RUN   TestLoadItems_FileNotFound
--- PASS: TestLoadItems_FileNotFound (0.00s)
=== RUN   TestLoadItems_InvalidYAMLSyntax
--- PASS: TestLoadItems_InvalidYAMLSyntax (0.00s)
=== RUN   TestLoadItems_PartiallyValidYAML
--- PASS: TestLoadItems_PartiallyValidYAML (0.00s)
=== RUN   TestLoadItems_PermissionDenied
--- PASS: TestLoadItems_PermissionDenied (0.00s)
=== RUN   TestLoadItems_TableDriven
=== RUN   TestLoadItems_TableDriven/Single_valid_item
=== RUN   TestLoadItems_TableDriven/Multiple_valid_items
=== RUN   TestLoadItems_TableDriven/Invalid_YAML_structure
=== RUN   TestLoadItems_TableDriven/Mixed_valid_and_invalid_items
--- PASS: TestLoadItems_TableDriven (0.00s)
    --- PASS: TestLoadItems_TableDriven/Single_valid_item (0.00s)
    --- PASS: TestLoadItems_TableDriven/Multiple_valid_items (0.00s)
    --- PASS: TestLoadItems_TableDriven/Invalid_YAML_structure (0.00s)
    --- PASS: TestLoadItems_TableDriven/Mixed_valid_and_invalid_items (0.00s)
=== RUN   TestLoadItems_LargeFile
--- PASS: TestLoadItems_LargeFile (0.01s)
PASS
ok  	goldbox-rpg/pkg/config	(cached)
?   	goldbox-rpg/pkg/pcg/demo	[no test files]
=== RUN   TestCalculateMaxActionPoints
=== RUN   TestCalculateMaxActionPoints/Base_level,_normal_dexterity
=== RUN   TestCalculateMaxActionPoints/Base_level,_high_dexterity_(+1_bonus)
=== RUN   TestCalculateMaxActionPoints/Base_level,_very_high_dexterity_(+1_bonus)
=== RUN   TestCalculateMaxActionPoints/Base_level,_dexterity_14_(no_bonus)
=== RUN   TestCalculateMaxActionPoints/Even_level,_normal_dexterity
=== RUN   TestCalculateMaxActionPoints/Even_level,_high_dexterity_(+1_bonus)
=== RUN   TestCalculateMaxActionPoints/First_odd_level_bonus,_normal_dexterity
=== RUN   TestCalculateMaxActionPoints/First_odd_level_bonus,_high_dexterity_(+1_bonus)
=== RUN   TestCalculateMaxActionPoints/Even_level,_same_as_level_3,_normal_dexterity
=== RUN   TestCalculateMaxActionPoints/Even_level,_same_as_level_3,_high_dexterity
=== RUN   TestCalculateMaxActionPoints/Second_odd_level_bonus,_normal_dexterity
=== RUN   TestCalculateMaxActionPoints/Second_odd_level_bonus,_high_dexterity
=== RUN   TestCalculateMaxActionPoints/Even_level,_same_as_level_5,_normal_dexterity
=== RUN   TestCalculateMaxActionPoints/Third_odd_level_bonus,_normal_dexterity
=== RUN   TestCalculateMaxActionPoints/Even_level,_same_as_level_7,_normal_dexterity
=== RUN   TestCalculateMaxActionPoints/Fourth_odd_level_bonus,_normal_dexterity
=== RUN   TestCalculateMaxActionPoints/Fourth_odd_level_bonus,_high_dexterity
=== RUN   TestCalculateMaxActionPoints/Even_level,_same_as_level_9,_normal_dexterity
=== RUN   TestCalculateMaxActionPoints/Invalid_level,_should_default_to_1
=== RUN   TestCalculateMaxActionPoints/Invalid_level,_should_default_to_1#01
--- PASS: TestCalculateMaxActionPoints (0.00s)
    --- PASS: TestCalculateMaxActionPoints/Base_level,_normal_dexterity (0.00s)
    --- PASS: TestCalculateMaxActionPoints/Base_level,_high_dexterity_(+1_bonus) (0.00s)
    --- PASS: TestCalculateMaxActionPoints/Base_level,_very_high_dexterity_(+1_bonus) (0.00s)
    --- PASS: TestCalculateMaxActionPoints/Base_level,_dexterity_14_(no_bonus) (0.00s)
    --- PASS: TestCalculateMaxActionPoints/Even_level,_normal_dexterity (0.00s)
    --- PASS: TestCalculateMaxActionPoints/Even_level,_high_dexterity_(+1_bonus) (0.00s)
    --- PASS: TestCalculateMaxActionPoints/First_odd_level_bonus,_normal_dexterity (0.00s)
    --- PASS: TestCalculateMaxActionPoints/First_odd_level_bonus,_high_dexterity_(+1_bonus) (0.00s)
    --- PASS: TestCalculateMaxActionPoints/Even_level,_same_as_level_3,_normal_dexterity (0.00s)
    --- PASS: TestCalculateMaxActionPoints/Even_level,_same_as_level_3,_high_dexterity (0.00s)
    --- PASS: TestCalculateMaxActionPoints/Second_odd_level_bonus,_normal_dexterity (0.00s)
    --- PASS: TestCalculateMaxActionPoints/Second_odd_level_bonus,_high_dexterity (0.00s)
    --- PASS: TestCalculateMaxActionPoints/Even_level,_same_as_level_5,_normal_dexterity (0.00s)
    --- PASS: TestCalculateMaxActionPoints/Third_odd_level_bonus,_normal_dexterity (0.00s)
    --- PASS: TestCalculateMaxActionPoints/Even_level,_same_as_level_7,_normal_dexterity (0.00s)
    --- PASS: TestCalculateMaxActionPoints/Fourth_odd_level_bonus,_normal_dexterity (0.00s)
    --- PASS: TestCalculateMaxActionPoints/Fourth_odd_level_bonus,_high_dexterity (0.00s)
    --- PASS: TestCalculateMaxActionPoints/Even_level,_same_as_level_9,_normal_dexterity (0.00s)
    --- PASS: TestCalculateMaxActionPoints/Invalid_level,_should_default_to_1 (0.00s)
    --- PASS: TestCalculateMaxActionPoints/Invalid_level,_should_default_to_1#01 (0.00s)
=== RUN   TestCharacterCreationWithActionPoints
--- PASS: TestCharacterCreationWithActionPoints (0.00s)
=== RUN   TestPlayerLevelUpActionPoints
--- PASS: TestPlayerLevelUpActionPoints (0.00s)
=== RUN   TestPlayerDexterityBonusActionPoints
--- PASS: TestPlayerDexterityBonusActionPoints (0.00s)
=== RUN   TestCharacterCreator_CreateCharacter_RollMethod
--- PASS: TestCharacterCreator_CreateCharacter_RollMethod (0.00s)
=== RUN   TestCharacterCreator_CreateCharacter_StandardArray
--- PASS: TestCharacterCreator_CreateCharacter_StandardArray (0.00s)
=== RUN   TestCharacterCreator_CreateCharacter_CustomAttributes
[GAME] 2025/07/15 23:44:20 Player test-char leveled up from 1 to 3
[GAME] 2025/07/15 23:44:20 Player test-char-dex leveled up from 3 to 5
[GAME] 2025/07/15 23:44:20 Player test-char leveled up from 3 to 4
[GAME] 2025/07/15 23:44:20 Player test-char leveled up from 4 to 5
[GAME] 2025/07/15 23:44:20 Player test-char-dex leveled up from 1 to 3
--- PASS: TestCharacterCreator_CreateCharacter_CustomAttributes (0.00s)
=== RUN   TestCharacterCreator_CreateCharacter_InvalidName
--- PASS: TestCharacterCreator_CreateCharacter_InvalidName (0.00s)
=== RUN   TestCharacterCreator_CreateCharacter_ClassRequirements
--- PASS: TestCharacterCreator_CreateCharacter_ClassRequirements (0.00s)
=== RUN   TestCharacterCreator_ValidateConfig
=== RUN   TestCharacterCreator_ValidateConfig/Valid_config
=== RUN   TestCharacterCreator_ValidateConfig/Empty_name
=== RUN   TestCharacterCreator_ValidateConfig/Name_too_long
=== RUN   TestCharacterCreator_ValidateConfig/Invalid_attribute_method
--- PASS: TestCharacterCreator_ValidateConfig (0.00s)
    --- PASS: TestCharacterCreator_ValidateConfig/Valid_config (0.00s)
    --- PASS: TestCharacterCreator_ValidateConfig/Empty_name (0.00s)
    --- PASS: TestCharacterCreator_ValidateConfig/Name_too_long (0.00s)
    --- PASS: TestCharacterCreator_ValidateConfig/Invalid_attribute_method (0.00s)
=== RUN   TestCharacterCreator_GenerateAttributes
--- PASS: TestCharacterCreator_GenerateAttributes (0.00s)
=== RUN   TestCharacterCreator_CalculateDerivedStats
--- PASS: TestCharacterCreator_CalculateDerivedStats (0.00s)
=== RUN   TestCharacterCreator_GetStartingEquipment
--- PASS: TestCharacterCreator_GetStartingEquipment (0.00s)
=== RUN   TestCharacterCreator_NewCharacterCreator
--- PASS: TestCharacterCreator_NewCharacterCreator (0.00s)
=== RUN   TestCharacter_EquipItem
=== RUN   TestCharacter_EquipItem/equip_valid_weapon
=== RUN   TestCharacter_EquipItem/equip_valid_helmet
=== RUN   TestCharacter_EquipItem/equip_non-existent_item
=== RUN   TestCharacter_EquipItem/equip_wrong_item_type
--- PASS: TestCharacter_EquipItem (0.00s)
    --- PASS: TestCharacter_EquipItem/equip_valid_weapon (0.00s)
    --- PASS: TestCharacter_EquipItem/equip_valid_helmet (0.00s)
    --- PASS: TestCharacter_EquipItem/equip_non-existent_item (0.00s)
    --- PASS: TestCharacter_EquipItem/equip_wrong_item_type (0.00s)
=== RUN   TestCharacter_UnequipItem
--- PASS: TestCharacter_UnequipItem (0.00s)
=== RUN   TestCharacter_CanEquipItem
=== RUN   TestCharacter_CanEquipItem/weapon_in_weapon_slot
=== RUN   TestCharacter_CanEquipItem/helmet_in_head_slot
=== RUN   TestCharacter_CanEquipItem/weapon_in_head_slot
=== RUN   TestCharacter_CanEquipItem/helmet_in_weapon_slot
--- PASS: TestCharacter_CanEquipItem (0.00s)
    --- PASS: TestCharacter_CanEquipItem/weapon_in_weapon_slot (0.00s)
    --- PASS: TestCharacter_CanEquipItem/helmet_in_head_slot (0.00s)
    --- PASS: TestCharacter_CanEquipItem/weapon_in_head_slot (0.00s)
    --- PASS: TestCharacter_CanEquipItem/helmet_in_weapon_slot (0.00s)
=== RUN   TestCharacter_AddItemToInventory
--- PASS: TestCharacter_AddItemToInventory (0.00s)
=== RUN   TestCharacter_RemoveItemFromInventory
--- PASS: TestCharacter_RemoveItemFromInventory (0.00s)
=== RUN   TestCharacter_TransferItemTo
--- PASS: TestCharacter_TransferItemTo (0.00s)
=== RUN   TestCharacter_GetInventoryWeight
--- PASS: TestCharacter_GetInventoryWeight (0.00s)
=== RUN   TestCharacter_CalculateEquipmentBonuses
--- PASS: TestCharacter_CalculateEquipmentBonuses (0.00s)
=== RUN   TestCharacter_CalculateEquipmentBonuses_MultiDigit
--- PASS: TestCharacter_CalculateEquipmentBonuses_MultiDigit (0.00s)
=== RUN   TestCharacter_HasItem
--- PASS: TestCharacter_HasItem (0.00s)
=== RUN   TestCharacter_CountItems
--- PASS: TestCharacter_CountItems (0.00s)
=== RUN   TestCharacter_GetHealth
=== RUN   TestCharacter_GetHealth/PositiveHealth
=== RUN   TestCharacter_GetHealth/ZeroHealth
=== RUN   TestCharacter_GetHealth/NegativeHealth
=== RUN   TestCharacter_GetHealth/MaxHealth
--- PASS: TestCharacter_GetHealth (0.00s)
    --- PASS: TestCharacter_GetHealth/PositiveHealth (0.00s)
    --- PASS: TestCharacter_GetHealth/ZeroHealth (0.00s)
    --- PASS: TestCharacter_GetHealth/NegativeHealth (0.00s)
    --- PASS: TestCharacter_GetHealth/MaxHealth (0.00s)
=== RUN   TestCharacter_IsObstacle
=== RUN   TestCharacter_IsObstacle/CharacterIsAlwaysObstacle
=== RUN   TestCharacter_IsObstacle/EmptyCharacterIsStillObstacle
--- PASS: TestCharacter_IsObstacle (0.00s)
    --- PASS: TestCharacter_IsObstacle/CharacterIsAlwaysObstacle (0.00s)
    --- PASS: TestCharacter_IsObstacle/EmptyCharacterIsStillObstacle (0.00s)
=== RUN   TestCharacter_SetHealth
=== RUN   TestCharacter_SetHealth/SetNormalHealth
=== RUN   TestCharacter_SetHealth/SetHealthToZero
=== RUN   TestCharacter_SetHealth/SetNegativeHealthCapsAtZero
=== RUN   TestCharacter_SetHealth/SetHealthAboveMaxCapsAtMax
=== RUN   TestCharacter_SetHealth/SetHealthEqualToMax
=== RUN   TestCharacter_SetHealth/LargeNegativeValue
--- PASS: TestCharacter_SetHealth (0.00s)
    --- PASS: TestCharacter_SetHealth/SetNormalHealth (0.00s)
    --- PASS: TestCharacter_SetHealth/SetHealthToZero (0.00s)
    --- PASS: TestCharacter_SetHealth/SetNegativeHealthCapsAtZero (0.00s)
    --- PASS: TestCharacter_SetHealth/SetHealthAboveMaxCapsAtMax (0.00s)
    --- PASS: TestCharacter_SetHealth/SetHealthEqualToMax (0.00s)
    --- PASS: TestCharacter_SetHealth/LargeNegativeValue (0.00s)
=== RUN   TestCharacter_SetHealth_Concurrent
--- PASS: TestCharacter_SetHealth_Concurrent (0.00s)
=== RUN   TestCharacter_GetName
=== RUN   TestCharacter_GetName/RegularName
=== RUN   TestCharacter_GetName/EmptyName
=== RUN   TestCharacter_GetName/NameWithSpaces
=== RUN   TestCharacter_GetName/NameWithSpecialCharacters
=== RUN   TestCharacter_GetName/VeryLongName
--- PASS: TestCharacter_GetName (0.00s)
    --- PASS: TestCharacter_GetName/RegularName (0.00s)
    --- PASS: TestCharacter_GetName/EmptyName (0.00s)
    --- PASS: TestCharacter_GetName/NameWithSpaces (0.00s)
    --- PASS: TestCharacter_GetName/NameWithSpecialCharacters (0.00s)
    --- PASS: TestCharacter_GetName/VeryLongName (0.00s)
=== RUN   TestCharacter_GetDescription
=== RUN   TestCharacter_GetDescription/RegularDescription
=== RUN   TestCharacter_GetDescription/EmptyDescription
=== RUN   TestCharacter_GetDescription/LongDescription
=== RUN   TestCharacter_GetDescription/DescriptionWithNewlines
=== RUN   TestCharacter_GetDescription/DescriptionWithSpecialCharacters
--- PASS: TestCharacter_GetDescription (0.00s)
    --- PASS: TestCharacter_GetDescription/RegularDescription (0.00s)
    --- PASS: TestCharacter_GetDescription/EmptyDescription (0.00s)
    --- PASS: TestCharacter_GetDescription/LongDescription (0.00s)
    --- PASS: TestCharacter_GetDescription/DescriptionWithNewlines (0.00s)
    --- PASS: TestCharacter_GetDescription/DescriptionWithSpecialCharacters (0.00s)
=== RUN   TestCharacter_SetPosition
=== RUN   TestCharacter_SetPosition/ValidPosition
=== RUN   TestCharacter_SetPosition/ZeroPosition
=== RUN   TestCharacter_SetPosition/PositivePosition
=== RUN   TestCharacter_SetPosition/NegativeXPosition
=== RUN   TestCharacter_SetPosition/NegativeYPosition
=== RUN   TestCharacter_SetPosition/NegativeLevelPosition
--- PASS: TestCharacter_SetPosition (0.00s)
    --- PASS: TestCharacter_SetPosition/ValidPosition (0.00s)
    --- PASS: TestCharacter_SetPosition/ZeroPosition (0.00s)
    --- PASS: TestCharacter_SetPosition/PositivePosition (0.00s)
    --- PASS: TestCharacter_SetPosition/NegativeXPosition (0.00s)
    --- PASS: TestCharacter_SetPosition/NegativeYPosition (0.00s)
    --- PASS: TestCharacter_SetPosition/NegativeLevelPosition (0.00s)
=== RUN   TestCharacter_IsActive
=== RUN   TestCharacter_IsActive/CharacterIsActive
=== RUN   TestCharacter_IsActive/CharacterIsInactive
--- PASS: TestCharacter_IsActive (0.00s)
    --- PASS: TestCharacter_IsActive/CharacterIsActive (0.00s)
    --- PASS: TestCharacter_IsActive/CharacterIsInactive (0.00s)
=== RUN   TestCharacter_SetActive
=== RUN   TestCharacter_SetActive/SetActiveToTrue
=== RUN   TestCharacter_SetActive/SetActiveToFalse
=== RUN   TestCharacter_SetActive/SetActiveTrueWhenAlreadyTrue
=== RUN   TestCharacter_SetActive/SetActiveFalseWhenAlreadyFalse
--- PASS: TestCharacter_SetActive (0.00s)
    --- PASS: TestCharacter_SetActive/SetActiveToTrue (0.00s)
    --- PASS: TestCharacter_SetActive/SetActiveToFalse (0.00s)
    --- PASS: TestCharacter_SetActive/SetActiveTrueWhenAlreadyTrue (0.00s)
    --- PASS: TestCharacter_SetActive/SetActiveFalseWhenAlreadyFalse (0.00s)
=== RUN   TestCharacter_GetTags
=== RUN   TestCharacter_GetTags/EmptyTags
=== RUN   TestCharacter_GetTags/SingleTag
=== RUN   TestCharacter_GetTags/MultipleTags
=== RUN   TestCharacter_GetTags/TagsWithSpaces
=== RUN   TestCharacter_GetTags/NilTags
--- PASS: TestCharacter_GetTags (0.00s)
    --- PASS: TestCharacter_GetTags/EmptyTags (0.00s)
    --- PASS: TestCharacter_GetTags/SingleTag (0.00s)
    --- PASS: TestCharacter_GetTags/MultipleTags (0.00s)
    --- PASS: TestCharacter_GetTags/TagsWithSpaces (0.00s)
    --- PASS: TestCharacter_GetTags/NilTags (0.00s)
=== RUN   TestCharacter_ToJSON
=== RUN   TestCharacter_ToJSON/BasicCharacterSerialization
=== RUN   TestCharacter_ToJSON/EmptyCharacterSerialization
=== RUN   TestCharacter_ToJSON/CharacterWithComplexData
--- PASS: TestCharacter_ToJSON (0.00s)
    --- PASS: TestCharacter_ToJSON/BasicCharacterSerialization (0.00s)
    --- PASS: TestCharacter_ToJSON/EmptyCharacterSerialization (0.00s)
    --- PASS: TestCharacter_ToJSON/CharacterWithComplexData (0.00s)
=== RUN   TestCharacter_FromJSON
=== RUN   TestCharacter_FromJSON/ValidJSONDeserialization
=== RUN   TestCharacter_FromJSON/EmptyJSONObject
=== RUN   TestCharacter_FromJSON/InvalidJSON
=== RUN   TestCharacter_FromJSON/PartialJSON
--- PASS: TestCharacter_FromJSON (0.00s)
    --- PASS: TestCharacter_FromJSON/ValidJSONDeserialization (0.00s)
    --- PASS: TestCharacter_FromJSON/EmptyJSONObject (0.00s)
    --- PASS: TestCharacter_FromJSON/InvalidJSON (0.00s)
    --- PASS: TestCharacter_FromJSON/PartialJSON (0.00s)
=== RUN   TestCharacter_JSONRoundTrip
--- PASS: TestCharacter_JSONRoundTrip (0.00s)
=== RUN   TestClassProficiencyValidation
=== RUN   TestClassProficiencyValidation/Fighter_can_equip_sword
=== RUN   TestClassProficiencyValidation/Mage_cannot_equip_sword
=== RUN   TestClassProficiencyValidation/Mage_can_equip_staff
=== RUN   TestClassProficiencyValidation/Fighter_can_equip_heavy_armor
=== RUN   TestClassProficiencyValidation/Mage_cannot_equip_armor
=== RUN   TestClassProficiencyValidation/Thief_can_equip_light_armor
=== RUN   TestClassProficiencyValidation/Thief_cannot_equip_heavy_armor
=== RUN   TestClassProficiencyValidation/Mage_cannot_equip_shield
=== RUN   TestClassProficiencyValidation/Fighter_can_equip_shield
=== RUN   TestClassProficiencyValidation/Cleric_can_equip_mace
--- PASS: TestClassProficiencyValidation (0.00s)
    --- PASS: TestClassProficiencyValidation/Fighter_can_equip_sword (0.00s)
    --- PASS: TestClassProficiencyValidation/Mage_cannot_equip_sword (0.00s)
    --- PASS: TestClassProficiencyValidation/Mage_can_equip_staff (0.00s)
    --- PASS: TestClassProficiencyValidation/Fighter_can_equip_heavy_armor (0.00s)
    --- PASS: TestClassProficiencyValidation/Mage_cannot_equip_armor (0.00s)
    --- PASS: TestClassProficiencyValidation/Thief_can_equip_light_armor (0.00s)
    --- PASS: TestClassProficiencyValidation/Thief_cannot_equip_heavy_armor (0.00s)
    --- PASS: TestClassProficiencyValidation/Mage_cannot_equip_shield (0.00s)
    --- PASS: TestClassProficiencyValidation/Fighter_can_equip_shield (0.00s)
    --- PASS: TestClassProficiencyValidation/Cleric_can_equip_mace (0.00s)
=== RUN   TestGetClassProficiencies
=== RUN   TestGetClassProficiencies/Fighter_proficiencies
=== RUN   TestGetClassProficiencies/Mage_proficiencies
=== RUN   TestGetClassProficiencies/Thief_proficiencies
--- PASS: TestGetClassProficiencies (0.00s)
    --- PASS: TestGetClassProficiencies/Fighter_proficiencies (0.00s)
    --- PASS: TestGetClassProficiencies/Mage_proficiencies (0.00s)
    --- PASS: TestGetClassProficiencies/Thief_proficiencies (0.00s)
=== RUN   TestDetermineArmorType
=== RUN   TestDetermineArmorType/Light_armor_with_property
=== RUN   TestDetermineArmorType/Heavy_armor_with_property
=== RUN   TestDetermineArmorType/Leather_armor_by_name
=== RUN   TestDetermineArmorType/Plate_armor_by_name
=== RUN   TestDetermineArmorType/Chain_armor_by_name
=== RUN   TestDetermineArmorType/Default_armor_type
--- PASS: TestDetermineArmorType (0.00s)
    --- PASS: TestDetermineArmorType/Light_armor_with_property (0.00s)
    --- PASS: TestDetermineArmorType/Heavy_armor_with_property (0.00s)
    --- PASS: TestDetermineArmorType/Leather_armor_by_name (0.00s)
    --- PASS: TestDetermineArmorType/Plate_armor_by_name (0.00s)
    --- PASS: TestDetermineArmorType/Chain_armor_by_name (0.00s)
    --- PASS: TestDetermineArmorType/Default_armor_type (0.00s)
=== RUN   TestCharacterExperienceAndLevel
--- PASS: TestCharacterExperienceAndLevel (0.00s)
[GAME] 2025/07/15 23:44:20 Player test-char leveled up from 1 to 2
=== RUN   TestCharacterExperienceValidation
[GAME] 2025/07/15 23:44:20 Player test-char leveled up from 2 to 4
--- PASS: TestCharacterExperienceValidation (0.00s)
=== RUN   TestCharacterCloneWithExperience
--- PASS: TestCharacterCloneWithExperience (0.00s)
=== RUN   TestExperienceTable
--- PASS: TestExperienceTable (0.00s)
=== RUN   TestCharacterClass_String
=== RUN   TestCharacterClass_String/Fighter_class_returns_correct_string
=== RUN   TestCharacterClass_String/Mage_class_returns_correct_string
=== RUN   TestCharacterClass_String/Cleric_class_returns_correct_string
=== RUN   TestCharacterClass_String/Thief_class_returns_correct_string
=== RUN   TestCharacterClass_String/Ranger_class_returns_correct_string
=== RUN   TestCharacterClass_String/Paladin_class_returns_correct_string
--- PASS: TestCharacterClass_String (0.00s)
    --- PASS: TestCharacterClass_String/Fighter_class_returns_correct_string (0.00s)
    --- PASS: TestCharacterClass_String/Mage_class_returns_correct_string (0.00s)
    --- PASS: TestCharacterClass_String/Cleric_class_returns_correct_string (0.00s)
    --- PASS: TestCharacterClass_String/Thief_class_returns_correct_string (0.00s)
    --- PASS: TestCharacterClass_String/Ranger_class_returns_correct_string (0.00s)
    --- PASS: TestCharacterClass_String/Paladin_class_returns_correct_string (0.00s)
=== RUN   TestCharacterClass_Constants
=== RUN   TestCharacterClass_Constants/ClassFighter_has_value_0
=== RUN   TestCharacterClass_Constants/ClassMage_has_value_1
=== RUN   TestCharacterClass_Constants/ClassCleric_has_value_2
=== RUN   TestCharacterClass_Constants/ClassThief_has_value_3
=== RUN   TestCharacterClass_Constants/ClassRanger_has_value_4
=== RUN   TestCharacterClass_Constants/ClassPaladin_has_value_5
--- PASS: TestCharacterClass_Constants (0.00s)
    --- PASS: TestCharacterClass_Constants/ClassFighter_has_value_0 (0.00s)
    --- PASS: TestCharacterClass_Constants/ClassMage_has_value_1 (0.00s)
    --- PASS: TestCharacterClass_Constants/ClassCleric_has_value_2 (0.00s)
    --- PASS: TestCharacterClass_Constants/ClassThief_has_value_3 (0.00s)
    --- PASS: TestCharacterClass_Constants/ClassRanger_has_value_4 (0.00s)
    --- PASS: TestCharacterClass_Constants/ClassPaladin_has_value_5 (0.00s)
=== RUN   TestCharacterClass_StringConsistency
--- PASS: TestCharacterClass_StringConsistency (0.00s)
=== RUN   TestClassConfig_StructFields
--- PASS: TestClassConfig_StructFields (0.00s)
=== RUN   TestClassConfig_Requirements
=== RUN   TestClassConfig_Requirements/MinStr_requirement
=== RUN   TestClassConfig_Requirements/MinDex_requirement
=== RUN   TestClassConfig_Requirements/MinCon_requirement
=== RUN   TestClassConfig_Requirements/MinInt_requirement
=== RUN   TestClassConfig_Requirements/MinWis_requirement
=== RUN   TestClassConfig_Requirements/MinCha_requirement
--- PASS: TestClassConfig_Requirements (0.00s)
    --- PASS: TestClassConfig_Requirements/MinStr_requirement (0.00s)
    --- PASS: TestClassConfig_Requirements/MinDex_requirement (0.00s)
    --- PASS: TestClassConfig_Requirements/MinCon_requirement (0.00s)
    --- PASS: TestClassConfig_Requirements/MinInt_requirement (0.00s)
    --- PASS: TestClassConfig_Requirements/MinWis_requirement (0.00s)
    --- PASS: TestClassConfig_Requirements/MinCha_requirement (0.00s)
=== RUN   TestClassProficiencies_StructFields
--- PASS: TestClassProficiencies_StructFields (0.00s)
=== RUN   TestClassConfig_EmptyConfiguration
--- PASS: TestClassConfig_EmptyConfiguration (0.00s)
=== RUN   TestClassProficiencies_EmptyConfiguration
--- PASS: TestClassProficiencies_EmptyConfiguration (0.00s)
=== RUN   TestDirectionConstants_Values_AreSequentialFromZero
=== RUN   TestDirectionConstants_Values_AreSequentialFromZero/North
=== RUN   TestDirectionConstants_Values_AreSequentialFromZero/East
=== RUN   TestDirectionConstants_Values_AreSequentialFromZero/South
=== RUN   TestDirectionConstants_Values_AreSequentialFromZero/West
--- PASS: TestDirectionConstants_Values_AreSequentialFromZero (0.00s)
    --- PASS: TestDirectionConstants_Values_AreSequentialFromZero/North (0.00s)
    --- PASS: TestDirectionConstants_Values_AreSequentialFromZero/East (0.00s)
    --- PASS: TestDirectionConstants_Values_AreSequentialFromZero/South (0.00s)
    --- PASS: TestDirectionConstants_Values_AreSequentialFromZero/West (0.00s)
=== RUN   TestDirectionConstants_LegacyCompatibility_MatchNewConstants
=== RUN   TestDirectionConstants_LegacyCompatibility_MatchNewConstants/North_compatibility
=== RUN   TestDirectionConstants_LegacyCompatibility_MatchNewConstants/East_compatibility
=== RUN   TestDirectionConstants_LegacyCompatibility_MatchNewConstants/South_compatibility
=== RUN   TestDirectionConstants_LegacyCompatibility_MatchNewConstants/West_compatibility
--- PASS: TestDirectionConstants_LegacyCompatibility_MatchNewConstants (0.00s)
    --- PASS: TestDirectionConstants_LegacyCompatibility_MatchNewConstants/North_compatibility (0.00s)
    --- PASS: TestDirectionConstants_LegacyCompatibility_MatchNewConstants/East_compatibility (0.00s)
    --- PASS: TestDirectionConstants_LegacyCompatibility_MatchNewConstants/South_compatibility (0.00s)
    --- PASS: TestDirectionConstants_LegacyCompatibility_MatchNewConstants/West_compatibility (0.00s)
=== RUN   TestTileTypeConstants_Values_AreSequentialFromZero
=== RUN   TestTileTypeConstants_Values_AreSequentialFromZero/Floor
=== RUN   TestTileTypeConstants_Values_AreSequentialFromZero/Wall
=== RUN   TestTileTypeConstants_Values_AreSequentialFromZero/Door
=== RUN   TestTileTypeConstants_Values_AreSequentialFromZero/Water
=== RUN   TestTileTypeConstants_Values_AreSequentialFromZero/Lava
=== RUN   TestTileTypeConstants_Values_AreSequentialFromZero/Pit
=== RUN   TestTileTypeConstants_Values_AreSequentialFromZero/Stairs
--- PASS: TestTileTypeConstants_Values_AreSequentialFromZero (0.00s)
    --- PASS: TestTileTypeConstants_Values_AreSequentialFromZero/Floor (0.00s)
    --- PASS: TestTileTypeConstants_Values_AreSequentialFromZero/Wall (0.00s)
    --- PASS: TestTileTypeConstants_Values_AreSequentialFromZero/Door (0.00s)
    --- PASS: TestTileTypeConstants_Values_AreSequentialFromZero/Water (0.00s)
    --- PASS: TestTileTypeConstants_Values_AreSequentialFromZero/Lava (0.00s)
    --- PASS: TestTileTypeConstants_Values_AreSequentialFromZero/Pit (0.00s)
    --- PASS: TestTileTypeConstants_Values_AreSequentialFromZero/Stairs (0.00s)
=== RUN   TestEffectTypeConstants_StringValues_HaveExpectedValues
=== RUN   TestEffectTypeConstants_StringValues_HaveExpectedValues/DamageOverTime
=== RUN   TestEffectTypeConstants_StringValues_HaveExpectedValues/HealOverTime
=== RUN   TestEffectTypeConstants_StringValues_HaveExpectedValues/Poison
=== RUN   TestEffectTypeConstants_StringValues_HaveExpectedValues/Burning
=== RUN   TestEffectTypeConstants_StringValues_HaveExpectedValues/Bleeding
=== RUN   TestEffectTypeConstants_StringValues_HaveExpectedValues/Stun
=== RUN   TestEffectTypeConstants_StringValues_HaveExpectedValues/Root
=== RUN   TestEffectTypeConstants_StringValues_HaveExpectedValues/StatBoost
=== RUN   TestEffectTypeConstants_StringValues_HaveExpectedValues/StatPenalty
--- PASS: TestEffectTypeConstants_StringValues_HaveExpectedValues (0.00s)
    --- PASS: TestEffectTypeConstants_StringValues_HaveExpectedValues/DamageOverTime (0.00s)
    --- PASS: TestEffectTypeConstants_StringValues_HaveExpectedValues/HealOverTime (0.00s)
    --- PASS: TestEffectTypeConstants_StringValues_HaveExpectedValues/Poison (0.00s)
    --- PASS: TestEffectTypeConstants_StringValues_HaveExpectedValues/Burning (0.00s)
    --- PASS: TestEffectTypeConstants_StringValues_HaveExpectedValues/Bleeding (0.00s)
    --- PASS: TestEffectTypeConstants_StringValues_HaveExpectedValues/Stun (0.00s)
    --- PASS: TestEffectTypeConstants_StringValues_HaveExpectedValues/Root (0.00s)
    --- PASS: TestEffectTypeConstants_StringValues_HaveExpectedValues/StatBoost (0.00s)
    --- PASS: TestEffectTypeConstants_StringValues_HaveExpectedValues/StatPenalty (0.00s)
=== RUN   TestDamageTypeConstants_StringValues_HaveExpectedValues
=== RUN   TestDamageTypeConstants_StringValues_HaveExpectedValues/Physical
=== RUN   TestDamageTypeConstants_StringValues_HaveExpectedValues/Fire
=== RUN   TestDamageTypeConstants_StringValues_HaveExpectedValues/Poison
=== RUN   TestDamageTypeConstants_StringValues_HaveExpectedValues/Frost
=== RUN   TestDamageTypeConstants_StringValues_HaveExpectedValues/Lightning
--- PASS: TestDamageTypeConstants_StringValues_HaveExpectedValues (0.00s)
    --- PASS: TestDamageTypeConstants_StringValues_HaveExpectedValues/Physical (0.00s)
    --- PASS: TestDamageTypeConstants_StringValues_HaveExpectedValues/Fire (0.00s)
    --- PASS: TestDamageTypeConstants_StringValues_HaveExpectedValues/Poison (0.00s)
    --- PASS: TestDamageTypeConstants_StringValues_HaveExpectedValues/Frost (0.00s)
    --- PASS: TestDamageTypeConstants_StringValues_HaveExpectedValues/Lightning (0.00s)
=== RUN   TestDispelTypeConstants_StringValues_HaveExpectedValues
=== RUN   TestDispelTypeConstants_StringValues_HaveExpectedValues/Magic
=== RUN   TestDispelTypeConstants_StringValues_HaveExpectedValues/Curse
=== RUN   TestDispelTypeConstants_StringValues_HaveExpectedValues/Poison
=== RUN   TestDispelTypeConstants_StringValues_HaveExpectedValues/Disease
=== RUN   TestDispelTypeConstants_StringValues_HaveExpectedValues/All
--- PASS: TestDispelTypeConstants_StringValues_HaveExpectedValues (0.00s)
    --- PASS: TestDispelTypeConstants_StringValues_HaveExpectedValues/Magic (0.00s)
    --- PASS: TestDispelTypeConstants_StringValues_HaveExpectedValues/Curse (0.00s)
    --- PASS: TestDispelTypeConstants_StringValues_HaveExpectedValues/Poison (0.00s)
    --- PASS: TestDispelTypeConstants_StringValues_HaveExpectedValues/Disease (0.00s)
    --- PASS: TestDispelTypeConstants_StringValues_HaveExpectedValues/All (0.00s)
=== RUN   TestImmunityTypeConstants_Values_AreSequentialFromZero
=== RUN   TestImmunityTypeConstants_Values_AreSequentialFromZero/None
=== RUN   TestImmunityTypeConstants_Values_AreSequentialFromZero/Partial
=== RUN   TestImmunityTypeConstants_Values_AreSequentialFromZero/Complete
=== RUN   TestImmunityTypeConstants_Values_AreSequentialFromZero/Reflect
--- PASS: TestImmunityTypeConstants_Values_AreSequentialFromZero (0.00s)
    --- PASS: TestImmunityTypeConstants_Values_AreSequentialFromZero/None (0.00s)
    --- PASS: TestImmunityTypeConstants_Values_AreSequentialFromZero/Partial (0.00s)
    --- PASS: TestImmunityTypeConstants_Values_AreSequentialFromZero/Complete (0.00s)
    --- PASS: TestImmunityTypeConstants_Values_AreSequentialFromZero/Reflect (0.00s)
=== RUN   TestDispelPriorityConstants_Values_AreInAscendingOrder
=== RUN   TestDispelPriorityConstants_Values_AreInAscendingOrder/Lowest
=== RUN   TestDispelPriorityConstants_Values_AreInAscendingOrder/Low
=== RUN   TestDispelPriorityConstants_Values_AreInAscendingOrder/Normal
=== RUN   TestDispelPriorityConstants_Values_AreInAscendingOrder/High
=== RUN   TestDispelPriorityConstants_Values_AreInAscendingOrder/Highest
--- PASS: TestDispelPriorityConstants_Values_AreInAscendingOrder (0.00s)
    --- PASS: TestDispelPriorityConstants_Values_AreInAscendingOrder/Lowest (0.00s)
    --- PASS: TestDispelPriorityConstants_Values_AreInAscendingOrder/Low (0.00s)
    --- PASS: TestDispelPriorityConstants_Values_AreInAscendingOrder/Normal (0.00s)
    --- PASS: TestDispelPriorityConstants_Values_AreInAscendingOrder/High (0.00s)
    --- PASS: TestDispelPriorityConstants_Values_AreInAscendingOrder/Highest (0.00s)
=== RUN   TestDispelPriorityConstants_Ordering_IsAscending
--- PASS: TestDispelPriorityConstants_Ordering_IsAscending (0.00s)
=== RUN   TestModOpTypeConstants_StringValues_HaveExpectedValues
=== RUN   TestModOpTypeConstants_StringValues_HaveExpectedValues/Add
=== RUN   TestModOpTypeConstants_StringValues_HaveExpectedValues/Multiply
=== RUN   TestModOpTypeConstants_StringValues_HaveExpectedValues/Set
--- PASS: TestModOpTypeConstants_StringValues_HaveExpectedValues (0.00s)
    --- PASS: TestModOpTypeConstants_StringValues_HaveExpectedValues/Add (0.00s)
    --- PASS: TestModOpTypeConstants_StringValues_HaveExpectedValues/Multiply (0.00s)
    --- PASS: TestModOpTypeConstants_StringValues_HaveExpectedValues/Set (0.00s)
=== RUN   TestEquipmentSlotConstants_Values_AreSequentialFromZero
=== RUN   TestEquipmentSlotConstants_Values_AreSequentialFromZero/Head
=== RUN   TestEquipmentSlotConstants_Values_AreSequentialFromZero/Neck
=== RUN   TestEquipmentSlotConstants_Values_AreSequentialFromZero/Chest
=== RUN   TestEquipmentSlotConstants_Values_AreSequentialFromZero/Hands
=== RUN   TestEquipmentSlotConstants_Values_AreSequentialFromZero/Rings
=== RUN   TestEquipmentSlotConstants_Values_AreSequentialFromZero/Legs
=== RUN   TestEquipmentSlotConstants_Values_AreSequentialFromZero/Feet
=== RUN   TestEquipmentSlotConstants_Values_AreSequentialFromZero/WeaponMain
=== RUN   TestEquipmentSlotConstants_Values_AreSequentialFromZero/WeaponOff
--- PASS: TestEquipmentSlotConstants_Values_AreSequentialFromZero (0.00s)
    --- PASS: TestEquipmentSlotConstants_Values_AreSequentialFromZero/Head (0.00s)
    --- PASS: TestEquipmentSlotConstants_Values_AreSequentialFromZero/Neck (0.00s)
    --- PASS: TestEquipmentSlotConstants_Values_AreSequentialFromZero/Chest (0.00s)
    --- PASS: TestEquipmentSlotConstants_Values_AreSequentialFromZero/Hands (0.00s)
    --- PASS: TestEquipmentSlotConstants_Values_AreSequentialFromZero/Rings (0.00s)
    --- PASS: TestEquipmentSlotConstants_Values_AreSequentialFromZero/Legs (0.00s)
    --- PASS: TestEquipmentSlotConstants_Values_AreSequentialFromZero/Feet (0.00s)
    --- PASS: TestEquipmentSlotConstants_Values_AreSequentialFromZero/WeaponMain (0.00s)
    --- PASS: TestEquipmentSlotConstants_Values_AreSequentialFromZero/WeaponOff (0.00s)
=== RUN   TestCharacterClassConstants_Values_AreSequentialFromZero
=== RUN   TestCharacterClassConstants_Values_AreSequentialFromZero/Fighter
=== RUN   TestCharacterClassConstants_Values_AreSequentialFromZero/Mage
=== RUN   TestCharacterClassConstants_Values_AreSequentialFromZero/Cleric
=== RUN   TestCharacterClassConstants_Values_AreSequentialFromZero/Thief
=== RUN   TestCharacterClassConstants_Values_AreSequentialFromZero/Ranger
=== RUN   TestCharacterClassConstants_Values_AreSequentialFromZero/Paladin
--- PASS: TestCharacterClassConstants_Values_AreSequentialFromZero (0.00s)
    --- PASS: TestCharacterClassConstants_Values_AreSequentialFromZero/Fighter (0.00s)
    --- PASS: TestCharacterClassConstants_Values_AreSequentialFromZero/Mage (0.00s)
    --- PASS: TestCharacterClassConstants_Values_AreSequentialFromZero/Cleric (0.00s)
    --- PASS: TestCharacterClassConstants_Values_AreSequentialFromZero/Thief (0.00s)
    --- PASS: TestCharacterClassConstants_Values_AreSequentialFromZero/Ranger (0.00s)
    --- PASS: TestCharacterClassConstants_Values_AreSequentialFromZero/Paladin (0.00s)
=== RUN   TestSpellSchoolConstants_Values_AreSequentialFromZero
=== RUN   TestSpellSchoolConstants_Values_AreSequentialFromZero/Abjuration
=== RUN   TestSpellSchoolConstants_Values_AreSequentialFromZero/Conjuration
=== RUN   TestSpellSchoolConstants_Values_AreSequentialFromZero/Divination
=== RUN   TestSpellSchoolConstants_Values_AreSequentialFromZero/Enchantment
=== RUN   TestSpellSchoolConstants_Values_AreSequentialFromZero/Evocation
=== RUN   TestSpellSchoolConstants_Values_AreSequentialFromZero/Illusion
=== RUN   TestSpellSchoolConstants_Values_AreSequentialFromZero/Necromancy
=== RUN   TestSpellSchoolConstants_Values_AreSequentialFromZero/Transmutation
--- PASS: TestSpellSchoolConstants_Values_AreSequentialFromZero (0.00s)
    --- PASS: TestSpellSchoolConstants_Values_AreSequentialFromZero/Abjuration (0.00s)
    --- PASS: TestSpellSchoolConstants_Values_AreSequentialFromZero/Conjuration (0.00s)
    --- PASS: TestSpellSchoolConstants_Values_AreSequentialFromZero/Divination (0.00s)
    --- PASS: TestSpellSchoolConstants_Values_AreSequentialFromZero/Enchantment (0.00s)
    --- PASS: TestSpellSchoolConstants_Values_AreSequentialFromZero/Evocation (0.00s)
    --- PASS: TestSpellSchoolConstants_Values_AreSequentialFromZero/Illusion (0.00s)
    --- PASS: TestSpellSchoolConstants_Values_AreSequentialFromZero/Necromancy (0.00s)
    --- PASS: TestSpellSchoolConstants_Values_AreSequentialFromZero/Transmutation (0.00s)
=== RUN   TestSpellComponentConstants_Values_AreSequentialFromZero
=== RUN   TestSpellComponentConstants_Values_AreSequentialFromZero/Verbal
=== RUN   TestSpellComponentConstants_Values_AreSequentialFromZero/Somatic
=== RUN   TestSpellComponentConstants_Values_AreSequentialFromZero/Material
--- PASS: TestSpellComponentConstants_Values_AreSequentialFromZero (0.00s)
    --- PASS: TestSpellComponentConstants_Values_AreSequentialFromZero/Verbal (0.00s)
    --- PASS: TestSpellComponentConstants_Values_AreSequentialFromZero/Somatic (0.00s)
    --- PASS: TestSpellComponentConstants_Values_AreSequentialFromZero/Material (0.00s)
=== RUN   TestQuestStatusConstants_Values_AreSequentialFromZero
=== RUN   TestQuestStatusConstants_Values_AreSequentialFromZero/NotStarted
=== RUN   TestQuestStatusConstants_Values_AreSequentialFromZero/Active
=== RUN   TestQuestStatusConstants_Values_AreSequentialFromZero/Completed
=== RUN   TestQuestStatusConstants_Values_AreSequentialFromZero/Failed
--- PASS: TestQuestStatusConstants_Values_AreSequentialFromZero (0.00s)
    --- PASS: TestQuestStatusConstants_Values_AreSequentialFromZero/NotStarted (0.00s)
    --- PASS: TestQuestStatusConstants_Values_AreSequentialFromZero/Active (0.00s)
    --- PASS: TestQuestStatusConstants_Values_AreSequentialFromZero/Completed (0.00s)
    --- PASS: TestQuestStatusConstants_Values_AreSequentialFromZero/Failed (0.00s)
=== RUN   TestEventTypeConstants_Values_AreSequentialFromZero
=== RUN   TestEventTypeConstants_Values_AreSequentialFromZero/LevelUp
=== RUN   TestEventTypeConstants_Values_AreSequentialFromZero/Damage
=== RUN   TestEventTypeConstants_Values_AreSequentialFromZero/Death
=== RUN   TestEventTypeConstants_Values_AreSequentialFromZero/ItemPickup
=== RUN   TestEventTypeConstants_Values_AreSequentialFromZero/ItemDrop
=== RUN   TestEventTypeConstants_Values_AreSequentialFromZero/Movement
=== RUN   TestEventTypeConstants_Values_AreSequentialFromZero/SpellCast
=== RUN   TestEventTypeConstants_Values_AreSequentialFromZero/QuestUpdate
--- PASS: TestEventTypeConstants_Values_AreSequentialFromZero (0.00s)
    --- PASS: TestEventTypeConstants_Values_AreSequentialFromZero/LevelUp (0.00s)
    --- PASS: TestEventTypeConstants_Values_AreSequentialFromZero/Damage (0.00s)
    --- PASS: TestEventTypeConstants_Values_AreSequentialFromZero/Death (0.00s)
    --- PASS: TestEventTypeConstants_Values_AreSequentialFromZero/ItemPickup (0.00s)
    --- PASS: TestEventTypeConstants_Values_AreSequentialFromZero/ItemDrop (0.00s)
    --- PASS: TestEventTypeConstants_Values_AreSequentialFromZero/Movement (0.00s)
    --- PASS: TestEventTypeConstants_Values_AreSequentialFromZero/SpellCast (0.00s)
    --- PASS: TestEventTypeConstants_Values_AreSequentialFromZero/QuestUpdate (0.00s)
=== RUN   TestItemTypeConstants_StringValues_HaveExpectedValues
=== RUN   TestItemTypeConstants_StringValues_HaveExpectedValues/Weapon
=== RUN   TestItemTypeConstants_StringValues_HaveExpectedValues/Armor
--- PASS: TestItemTypeConstants_StringValues_HaveExpectedValues (0.00s)
    --- PASS: TestItemTypeConstants_StringValues_HaveExpectedValues/Weapon (0.00s)
    --- PASS: TestItemTypeConstants_StringValues_HaveExpectedValues/Armor (0.00s)
=== RUN   TestDefaultWorldConstants_Values_HaveExpectedValues
=== RUN   TestDefaultWorldConstants_Values_HaveExpectedValues/DefaultWorldWidth
=== RUN   TestDefaultWorldConstants_Values_HaveExpectedValues/DefaultWorldHeight
--- PASS: TestDefaultWorldConstants_Values_HaveExpectedValues (0.00s)
    --- PASS: TestDefaultWorldConstants_Values_HaveExpectedValues/DefaultWorldWidth (0.00s)
    --- PASS: TestDefaultWorldConstants_Values_HaveExpectedValues/DefaultWorldHeight (0.00s)
=== RUN   TestActionPointConstants_Values_HaveExpectedValues
=== RUN   TestActionPointConstants_Values_HaveExpectedValues/ActionPointsPerTurn
=== RUN   TestActionPointConstants_Values_HaveExpectedValues/ActionCostMove
=== RUN   TestActionPointConstants_Values_HaveExpectedValues/ActionCostAttack
=== RUN   TestActionPointConstants_Values_HaveExpectedValues/ActionCostSpell
--- PASS: TestActionPointConstants_Values_HaveExpectedValues (0.00s)
    --- PASS: TestActionPointConstants_Values_HaveExpectedValues/ActionPointsPerTurn (0.00s)
    --- PASS: TestActionPointConstants_Values_HaveExpectedValues/ActionCostMove (0.00s)
    --- PASS: TestActionPointConstants_Values_HaveExpectedValues/ActionCostAttack (0.00s)
    --- PASS: TestActionPointConstants_Values_HaveExpectedValues/ActionCostSpell (0.00s)
=== RUN   TestActionPointConstants_LogicalRelationships_AreValid
--- PASS: TestActionPointConstants_LogicalRelationships_AreValid (0.00s)
=== RUN   TestConstants_TypeConsistency_IsCorrect
=== RUN   TestConstants_TypeConsistency_IsCorrect/Direction_constants_have_same_underlying_type
=== RUN   TestConstants_TypeConsistency_IsCorrect/String-based_constants_are_non-empty
--- PASS: TestConstants_TypeConsistency_IsCorrect (0.00s)
    --- PASS: TestConstants_TypeConsistency_IsCorrect/Direction_constants_have_same_underlying_type (0.00s)
    --- PASS: TestConstants_TypeConsistency_IsCorrect/String-based_constants_are_non-empty (0.00s)
=== RUN   TestDefaultWorldConstants
=== RUN   TestDefaultWorldConstants/DefaultWorldWidth_should_be_10
=== RUN   TestDefaultWorldConstants/DefaultWorldHeight_should_be_10
--- PASS: TestDefaultWorldConstants (0.00s)
    --- PASS: TestDefaultWorldConstants/DefaultWorldWidth_should_be_10 (0.00s)
    --- PASS: TestDefaultWorldConstants/DefaultWorldHeight_should_be_10 (0.00s)
=== RUN   TestCreateDefaultWorld_BasicStructure
--- PASS: TestCreateDefaultWorld_BasicStructure (0.00s)
=== RUN   TestCreateDefaultWorld_TileArrayDimensions
--- PASS: TestCreateDefaultWorld_TileArrayDimensions (0.00s)
=== RUN   TestCreateDefaultWorld_WallTiles
=== RUN   TestCreateDefaultWorld_WallTiles/top-left_corner
=== RUN   TestCreateDefaultWorld_WallTiles/top-middle
=== RUN   TestCreateDefaultWorld_WallTiles/top-right_corner
=== RUN   TestCreateDefaultWorld_WallTiles/bottom-left_corner
=== RUN   TestCreateDefaultWorld_WallTiles/bottom-middle
=== RUN   TestCreateDefaultWorld_WallTiles/bottom-right_corner
=== RUN   TestCreateDefaultWorld_WallTiles/left-middle
=== RUN   TestCreateDefaultWorld_WallTiles/right-middle
--- PASS: TestCreateDefaultWorld_WallTiles (0.00s)
    --- PASS: TestCreateDefaultWorld_WallTiles/top-left_corner (0.00s)
    --- PASS: TestCreateDefaultWorld_WallTiles/top-middle (0.00s)
    --- PASS: TestCreateDefaultWorld_WallTiles/top-right_corner (0.00s)
    --- PASS: TestCreateDefaultWorld_WallTiles/bottom-left_corner (0.00s)
    --- PASS: TestCreateDefaultWorld_WallTiles/bottom-middle (0.00s)
    --- PASS: TestCreateDefaultWorld_WallTiles/bottom-right_corner (0.00s)
    --- PASS: TestCreateDefaultWorld_WallTiles/left-middle (0.00s)
    --- PASS: TestCreateDefaultWorld_WallTiles/right-middle (0.00s)
=== RUN   TestCreateDefaultWorld_FloorTiles
=== RUN   TestCreateDefaultWorld_FloorTiles/center_tile
=== RUN   TestCreateDefaultWorld_FloorTiles/near_top-left
=== RUN   TestCreateDefaultWorld_FloorTiles/near_top-right
=== RUN   TestCreateDefaultWorld_FloorTiles/near_bottom-left
=== RUN   TestCreateDefaultWorld_FloorTiles/near_bottom-right
--- PASS: TestCreateDefaultWorld_FloorTiles (0.00s)
    --- PASS: TestCreateDefaultWorld_FloorTiles/center_tile (0.00s)
    --- PASS: TestCreateDefaultWorld_FloorTiles/near_top-left (0.00s)
    --- PASS: TestCreateDefaultWorld_FloorTiles/near_top-right (0.00s)
    --- PASS: TestCreateDefaultWorld_FloorTiles/near_bottom-left (0.00s)
    --- PASS: TestCreateDefaultWorld_FloorTiles/near_bottom-right (0.00s)
=== RUN   TestCreateDefaultWorld_TilePropertiesInitialization
--- PASS: TestCreateDefaultWorld_TilePropertiesInitialization (0.00s)
=== RUN   TestCreateDefaultWorld_BoundaryConditions
=== RUN   TestCreateDefaultWorld_BoundaryConditions/floor_inner_top-left
=== RUN   TestCreateDefaultWorld_BoundaryConditions/floor_inner_top-right
=== RUN   TestCreateDefaultWorld_BoundaryConditions/floor_inner_bottom-left
=== RUN   TestCreateDefaultWorld_BoundaryConditions/floor_inner_bottom-right
--- PASS: TestCreateDefaultWorld_BoundaryConditions (0.00s)
    --- PASS: TestCreateDefaultWorld_BoundaryConditions/floor_inner_top-left (0.00s)
    --- PASS: TestCreateDefaultWorld_BoundaryConditions/floor_inner_top-right (0.00s)
    --- PASS: TestCreateDefaultWorld_BoundaryConditions/floor_inner_bottom-left (0.00s)
    --- PASS: TestCreateDefaultWorld_BoundaryConditions/floor_inner_bottom-right (0.00s)
=== RUN   TestCreateDefaultWorld_MultipleCallsIndependence
--- PASS: TestCreateDefaultWorld_MultipleCallsIndependence (0.00s)
=== RUN   TestCreateDefaultWorld_ValidWorldType
--- PASS: TestCreateDefaultWorld_ValidWorldType (0.00s)
=== RUN   TestDiceRoller_Roll
--- PASS: TestDiceRoller_Roll (0.00s)
=== RUN   TestDiceRoller_RollWithModifiers
--- PASS: TestDiceRoller_RollWithModifiers (0.00s)
=== RUN   TestDiceRoller_RollMultiple
--- PASS: TestDiceRoller_RollMultiple (0.00s)
=== RUN   TestCalculateDiceAverage
--- PASS: TestCalculateDiceAverage (0.00s)
=== RUN   TestDiceRoll_String
--- PASS: TestDiceRoll_String (0.00s)
=== RUN   TestDiceRollerDeterministic
--- PASS: TestDiceRollerDeterministic (0.00s)
=== RUN   TestNewDispelInfo
=== RUN   TestNewDispelInfo/Create_basic_dispel_info
=== RUN   TestNewDispelInfo/Create_non-removable_dispel_info
=== RUN   TestNewDispelInfo/Create_with_empty_types
=== RUN   TestNewDispelInfo/Create_with_all_dispel_type
--- PASS: TestNewDispelInfo (0.00s)
    --- PASS: TestNewDispelInfo/Create_basic_dispel_info (0.00s)
    --- PASS: TestNewDispelInfo/Create_non-removable_dispel_info (0.00s)
    --- PASS: TestNewDispelInfo/Create_with_empty_types (0.00s)
    --- PASS: TestNewDispelInfo/Create_with_all_dispel_type (0.00s)
=== RUN   TestDispelInfo_CanBeDispelledBy
=== RUN   TestDispelInfo_CanBeDispelledBy/Removable_effect_with_matching_type
=== RUN   TestDispelInfo_CanBeDispelledBy/Non-removable_effect_should_not_be_dispelled
=== RUN   TestDispelInfo_CanBeDispelledBy/Removable_effect_with_non-matching_type
=== RUN   TestDispelInfo_CanBeDispelledBy/DispelAll_can_dispel_any_removable_effect
=== RUN   TestDispelInfo_CanBeDispelledBy/Effect_with_DispelAll_type_can_be_dispelled_by_any_type
=== RUN   TestDispelInfo_CanBeDispelledBy/Multiple_types_-_match_found
=== RUN   TestDispelInfo_CanBeDispelledBy/Multiple_types_-_no_match
=== RUN   TestDispelInfo_CanBeDispelledBy/Empty_types_list_with_DispelAll
=== RUN   TestDispelInfo_CanBeDispelledBy/Empty_types_list_with_specific_type
--- PASS: TestDispelInfo_CanBeDispelledBy (0.00s)
    --- PASS: TestDispelInfo_CanBeDispelledBy/Removable_effect_with_matching_type (0.00s)
    --- PASS: TestDispelInfo_CanBeDispelledBy/Non-removable_effect_should_not_be_dispelled (0.00s)
    --- PASS: TestDispelInfo_CanBeDispelledBy/Removable_effect_with_non-matching_type (0.00s)
    --- PASS: TestDispelInfo_CanBeDispelledBy/DispelAll_can_dispel_any_removable_effect (0.00s)
    --- PASS: TestDispelInfo_CanBeDispelledBy/Effect_with_DispelAll_type_can_be_dispelled_by_any_type (0.00s)
    --- PASS: TestDispelInfo_CanBeDispelledBy/Multiple_types_-_match_found (0.00s)
    --- PASS: TestDispelInfo_CanBeDispelledBy/Multiple_types_-_no_match (0.00s)
    --- PASS: TestDispelInfo_CanBeDispelledBy/Empty_types_list_with_DispelAll (0.00s)
    --- PASS: TestDispelInfo_CanBeDispelledBy/Empty_types_list_with_specific_type (0.00s)
=== RUN   TestDispelInfo_StructFields
--- PASS: TestDispelInfo_StructFields (0.00s)
=== RUN   TestDispelInfo_ZeroValue
--- PASS: TestDispelInfo_ZeroValue (0.00s)
=== RUN   TestDispelInfo_EdgeCases
=== RUN   TestDispelInfo_EdgeCases/Nil_types_slice_behavior
=== RUN   TestDispelInfo_EdgeCases/Large_number_of_types
--- PASS: TestDispelInfo_EdgeCases (0.00s)
    --- PASS: TestDispelInfo_EdgeCases/Nil_types_slice_behavior (0.00s)
    --- PASS: TestDispelInfo_EdgeCases/Large_number_of_types (0.00s)
=== RUN   TestNewDuration
=== RUN   TestNewDuration/all_values_positive
=== RUN   TestNewDuration/zero_values
=== RUN   TestNewDuration/only_rounds
=== RUN   TestNewDuration/only_turns
=== RUN   TestNewDuration/only_real_time
=== RUN   TestNewDuration/negative_values
--- PASS: TestNewDuration (0.00s)
    --- PASS: TestNewDuration/all_values_positive (0.00s)
    --- PASS: TestNewDuration/zero_values (0.00s)
    --- PASS: TestNewDuration/only_rounds (0.00s)
    --- PASS: TestNewDuration/only_turns (0.00s)
    --- PASS: TestNewDuration/only_real_time (0.00s)
    --- PASS: TestNewDuration/negative_values (0.00s)
=== RUN   TestDuration_IsExpired
=== RUN   TestDuration_IsExpired/all_positive_-_not_expired
=== RUN   TestDuration_IsExpired/all_zero_-_expired
=== RUN   TestDuration_IsExpired/all_negative_-_expired
=== RUN   TestDuration_IsExpired/mixed_positive_and_zero_-_not_expired
=== RUN   TestDuration_IsExpired/mixed_zero_and_positive_-_not_expired
=== RUN   TestDuration_IsExpired/real_time_positive_only_-_not_expired
=== RUN   TestDuration_IsExpired/mixed_negative_and_positive_-_not_expired
=== RUN   TestDuration_IsExpired/mixed_negative_and_zero_-_not_expired_(positive_real_time)
=== RUN   TestDuration_IsExpired/large_positive_values_-_not_expired
=== RUN   TestDuration_IsExpired/large_negative_values_-_expired
--- PASS: TestDuration_IsExpired (0.00s)
    --- PASS: TestDuration_IsExpired/all_positive_-_not_expired (0.00s)
    --- PASS: TestDuration_IsExpired/all_zero_-_expired (0.00s)
    --- PASS: TestDuration_IsExpired/all_negative_-_expired (0.00s)
    --- PASS: TestDuration_IsExpired/mixed_positive_and_zero_-_not_expired (0.00s)
    --- PASS: TestDuration_IsExpired/mixed_zero_and_positive_-_not_expired (0.00s)
    --- PASS: TestDuration_IsExpired/real_time_positive_only_-_not_expired (0.00s)
    --- PASS: TestDuration_IsExpired/mixed_negative_and_positive_-_not_expired (0.00s)
    --- PASS: TestDuration_IsExpired/mixed_negative_and_zero_-_not_expired_(positive_real_time) (0.00s)
    --- PASS: TestDuration_IsExpired/large_positive_values_-_not_expired (0.00s)
    --- PASS: TestDuration_IsExpired/large_negative_values_-_expired (0.00s)
=== RUN   TestDuration_String
=== RUN   TestDuration_String/rounds_only
=== RUN   TestDuration_String/single_round
=== RUN   TestDuration_String/turns_only
=== RUN   TestDuration_String/single_turn
=== RUN   TestDuration_String/real_time_only_-_seconds
=== RUN   TestDuration_String/real_time_only_-_minutes
=== RUN   TestDuration_String/real_time_only_-_complex
=== RUN   TestDuration_String/instant_-_all_zero
=== RUN   TestDuration_String/rounds_priority_over_turns
=== RUN   TestDuration_String/rounds_priority_over_real_time
=== RUN   TestDuration_String/turns_priority_over_real_time
=== RUN   TestDuration_String/rounds_priority_over_all
=== RUN   TestDuration_String/negative_rounds_-_shows_instant
=== RUN   TestDuration_String/negative_turns_-_shows_instant
=== RUN   TestDuration_String/negative_real_time_-_shows_instant
--- PASS: TestDuration_String (0.00s)
    --- PASS: TestDuration_String/rounds_only (0.00s)
    --- PASS: TestDuration_String/single_round (0.00s)
    --- PASS: TestDuration_String/turns_only (0.00s)
    --- PASS: TestDuration_String/single_turn (0.00s)
    --- PASS: TestDuration_String/real_time_only_-_seconds (0.00s)
    --- PASS: TestDuration_String/real_time_only_-_minutes (0.00s)
    --- PASS: TestDuration_String/real_time_only_-_complex (0.00s)
    --- PASS: TestDuration_String/instant_-_all_zero (0.00s)
    --- PASS: TestDuration_String/rounds_priority_over_turns (0.00s)
    --- PASS: TestDuration_String/rounds_priority_over_real_time (0.00s)
    --- PASS: TestDuration_String/turns_priority_over_real_time (0.00s)
    --- PASS: TestDuration_String/rounds_priority_over_all (0.00s)
    --- PASS: TestDuration_String/negative_rounds_-_shows_instant (0.00s)
    --- PASS: TestDuration_String/negative_turns_-_shows_instant (0.00s)
    --- PASS: TestDuration_String/negative_real_time_-_shows_instant (0.00s)
=== RUN   TestDuration_ZeroValue
--- PASS: TestDuration_ZeroValue (0.00s)
=== RUN   TestDuration_RealTimeFormats
=== RUN   TestDuration_RealTimeFormats/nanoseconds
=== RUN   TestDuration_RealTimeFormats/microseconds
=== RUN   TestDuration_RealTimeFormats/milliseconds
=== RUN   TestDuration_RealTimeFormats/fractional_seconds
=== RUN   TestDuration_RealTimeFormats/hours_and_minutes
--- PASS: TestDuration_RealTimeFormats (0.00s)
    --- PASS: TestDuration_RealTimeFormats/nanoseconds (0.00s)
    --- PASS: TestDuration_RealTimeFormats/microseconds (0.00s)
    --- PASS: TestDuration_RealTimeFormats/milliseconds (0.00s)
    --- PASS: TestDuration_RealTimeFormats/fractional_seconds (0.00s)
    --- PASS: TestDuration_RealTimeFormats/hours_and_minutes (0.00s)
=== RUN   TestDuration_EdgeCases
=== RUN   TestDuration_EdgeCases/very_large_values
=== RUN   TestDuration_EdgeCases/mixed_positive_and_negative
--- PASS: TestDuration_EdgeCases (0.00s)
    --- PASS: TestDuration_EdgeCases/very_large_values (0.00s)
    --- PASS: TestDuration_EdgeCases/mixed_positive_and_negative (0.00s)
=== RUN   TestCreatePoisonEffect
=== RUN   TestCreatePoisonEffect/Basic_poison_effect
=== RUN   TestCreatePoisonEffect/High_damage_poison
=== RUN   TestCreatePoisonEffect/Zero_damage_poison
=== RUN   TestCreatePoisonEffect/Long_duration_poison
--- PASS: TestCreatePoisonEffect (0.00s)
    --- PASS: TestCreatePoisonEffect/Basic_poison_effect (0.00s)
    --- PASS: TestCreatePoisonEffect/High_damage_poison (0.00s)
    --- PASS: TestCreatePoisonEffect/Zero_damage_poison (0.00s)
    --- PASS: TestCreatePoisonEffect/Long_duration_poison (0.00s)
=== RUN   TestCreateBurningEffect
=== RUN   TestCreateBurningEffect/Basic_burning_effect
=== RUN   TestCreateBurningEffect/Intense_burning_effect
=== RUN   TestCreateBurningEffect/Minimal_burning_effect
--- PASS: TestCreateBurningEffect (0.00s)
    --- PASS: TestCreateBurningEffect/Basic_burning_effect (0.00s)
    --- PASS: TestCreateBurningEffect/Intense_burning_effect (0.00s)
    --- PASS: TestCreateBurningEffect/Minimal_burning_effect (0.00s)
=== RUN   TestCreateBleedingEffect
=== RUN   TestCreateBleedingEffect/Basic_bleeding_effect
=== RUN   TestCreateBleedingEffect/Severe_bleeding_effect
=== RUN   TestCreateBleedingEffect/Light_bleeding_effect
--- PASS: TestCreateBleedingEffect (0.00s)
    --- PASS: TestCreateBleedingEffect/Basic_bleeding_effect (0.00s)
    --- PASS: TestCreateBleedingEffect/Severe_bleeding_effect (0.00s)
    --- PASS: TestCreateBleedingEffect/Light_bleeding_effect (0.00s)
=== RUN   TestAsDamageEffect
=== RUN   TestAsDamageEffect/Convert_poison_effect
=== RUN   TestAsDamageEffect/Convert_burning_effect
=== RUN   TestAsDamageEffect/Convert_bleeding_effect
=== RUN   TestAsDamageEffect/Cannot_convert_stun_effect
=== RUN   TestAsDamageEffect/Cannot_convert_heal_effect
=== RUN   TestAsDamageEffect/Cannot_convert_stat_boost
--- PASS: TestAsDamageEffect (0.00s)
    --- PASS: TestAsDamageEffect/Convert_poison_effect (0.00s)
    --- PASS: TestAsDamageEffect/Convert_burning_effect (0.00s)
    --- PASS: TestAsDamageEffect/Convert_bleeding_effect (0.00s)
    --- PASS: TestAsDamageEffect/Cannot_convert_stun_effect (0.00s)
    --- PASS: TestAsDamageEffect/Cannot_convert_heal_effect (0.00s)
    --- PASS: TestAsDamageEffect/Cannot_convert_stat_boost (0.00s)
=== RUN   TestAsDamageEffect_NilInput
--- PASS: TestAsDamageEffect_NilInput (0.00s)
=== RUN   TestDamageEffect_GetEffect
--- PASS: TestDamageEffect_GetEffect (0.00s)
=== RUN   TestCreateEffects_DurationRoundsAndTurns
=== RUN   TestCreateEffects_DurationRoundsAndTurns/Poison_effect_duration
=== RUN   TestCreateEffects_DurationRoundsAndTurns/Burning_effect_duration
=== RUN   TestCreateEffects_DurationRoundsAndTurns/Bleeding_effect_duration
--- PASS: TestCreateEffects_DurationRoundsAndTurns (0.00s)
    --- PASS: TestCreateEffects_DurationRoundsAndTurns/Poison_effect_duration (0.00s)
    --- PASS: TestCreateEffects_DurationRoundsAndTurns/Burning_effect_duration (0.00s)
    --- PASS: TestCreateEffects_DurationRoundsAndTurns/Bleeding_effect_duration (0.00s)
=== RUN   TestCreateEffects_CompareAttributes
=== RUN   TestCreateEffects_CompareAttributes/Poison
=== RUN   TestCreateEffects_CompareAttributes/Burning
=== RUN   TestCreateEffects_CompareAttributes/Bleeding
--- PASS: TestCreateEffects_CompareAttributes (0.00s)
    --- PASS: TestCreateEffects_CompareAttributes/Poison (0.00s)
    --- PASS: TestCreateEffects_CompareAttributes/Burning (0.00s)
    --- PASS: TestCreateEffects_CompareAttributes/Bleeding (0.00s)
=== RUN   TestCreateEffects_EdgeCases
=== RUN   TestCreateEffects_EdgeCases/Zero_duration_effects
=== RUN   TestCreateEffects_EdgeCases/Negative_damage_values
=== RUN   TestCreateEffects_EdgeCases/Very_large_damage_values
--- PASS: TestCreateEffects_EdgeCases (0.00s)
    --- PASS: TestCreateEffects_EdgeCases/Zero_duration_effects (0.00s)
    --- PASS: TestCreateEffects_EdgeCases/Negative_damage_values (0.00s)
    --- PASS: TestCreateEffects_EdgeCases/Very_large_damage_values (0.00s)
=== RUN   TestAsDamageEffect_DeepEquality
--- PASS: TestAsDamageEffect_DeepEquality (0.00s)
=== RUN   TestEffectManager_calculateDamageWithResistance_DivisionByZero
--- PASS: TestEffectManager_calculateDamageWithResistance_DivisionByZero (0.00s)
=== RUN   TestEffectManager_calculateDamageWithResistance_PenetrationCausesDivisionByZero
--- PASS: TestEffectManager_calculateDamageWithResistance_PenetrationCausesDivisionByZero (0.00s)
=== RUN   TestEffectManager_initializeDefaultImmunities
--- PASS: TestEffectManager_initializeDefaultImmunities (0.00s)
=== RUN   TestEffectManager_AddImmunity
=== RUN   TestEffectManager_AddImmunity/Permanent_complete_immunity
=== RUN   TestEffectManager_AddImmunity/Temporary_partial_immunity
=== RUN   TestEffectManager_AddImmunity/Permanent_reflection_immunity
--- PASS: TestEffectManager_AddImmunity (0.00s)
    --- PASS: TestEffectManager_AddImmunity/Permanent_complete_immunity (0.00s)
    --- PASS: TestEffectManager_AddImmunity/Temporary_partial_immunity (0.00s)
    --- PASS: TestEffectManager_AddImmunity/Permanent_reflection_immunity (0.00s)
=== RUN   TestEffectManager_CheckImmunity
=== RUN   TestEffectManager_CheckImmunity/No_immunity_exists
=== RUN   TestEffectManager_CheckImmunity/Permanent_immunity_exists
=== RUN   TestEffectManager_CheckImmunity/Temporary_immunity_active
=== RUN   TestEffectManager_CheckImmunity/Temporary_immunity_expired
=== RUN   TestEffectManager_CheckImmunity/Default_poison_immunity
--- PASS: TestEffectManager_CheckImmunity (0.00s)
    --- PASS: TestEffectManager_CheckImmunity/No_immunity_exists (0.00s)
    --- PASS: TestEffectManager_CheckImmunity/Permanent_immunity_exists (0.00s)
    --- PASS: TestEffectManager_CheckImmunity/Temporary_immunity_active (0.00s)
    --- PASS: TestEffectManager_CheckImmunity/Temporary_immunity_expired (0.00s)
    --- PASS: TestEffectManager_CheckImmunity/Default_poison_immunity (0.00s)
=== RUN   TestEffectManager_DispelEffects
=== RUN   TestEffectManager_DispelEffects/Dispel_effects_by_type_and_priority
=== RUN   TestEffectManager_DispelEffects/Dispel_multiple_effects
=== RUN   TestEffectManager_DispelEffects/Dispel_with_DispelAll
--- PASS: TestEffectManager_DispelEffects (0.00s)
    --- PASS: TestEffectManager_DispelEffects/Dispel_effects_by_type_and_priority (0.00s)
    --- PASS: TestEffectManager_DispelEffects/Dispel_multiple_effects (0.00s)
    --- PASS: TestEffectManager_DispelEffects/Dispel_with_DispelAll (0.00s)
=== RUN   TestNewEffectWithDispel
=== RUN   TestNewEffectWithDispel/Stat_boost_with_high_priority_dispel
=== RUN   TestNewEffectWithDispel/Poison_effect_with_poison_dispel
--- PASS: TestNewEffectWithDispel (0.00s)
    --- PASS: TestNewEffectWithDispel/Stat_boost_with_high_priority_dispel (0.00s)
    --- PASS: TestNewEffectWithDispel/Poison_effect_with_poison_dispel (0.00s)
=== RUN   TestCreatePoisonEffectWithDispel
=== RUN   TestCreatePoisonEffectWithDispel/Low_damage_poison
=== RUN   TestCreatePoisonEffectWithDispel/High_damage_poison
=== RUN   TestCreatePoisonEffectWithDispel/Quick_poison
--- PASS: TestCreatePoisonEffectWithDispel (0.00s)
    --- PASS: TestCreatePoisonEffectWithDispel/Low_damage_poison (0.00s)
    --- PASS: TestCreatePoisonEffectWithDispel/High_damage_poison (0.00s)
    --- PASS: TestCreatePoisonEffectWithDispel/Quick_poison (0.00s)
=== RUN   TestEffectManager_ApplyEffect
=== RUN   TestEffectManager_ApplyEffect/Apply_effect_with_no_immunity
=== RUN   TestEffectManager_ApplyEffect/Apply_effect_with_complete_immunity
=== RUN   TestEffectManager_ApplyEffect/Apply_effect_with_partial_immunity
=== RUN   TestEffectManager_ApplyEffect/Apply_effect_with_reflection_immunity
=== RUN   TestEffectManager_ApplyEffect/Apply_effect_with_unknown_immunity_type
--- PASS: TestEffectManager_ApplyEffect (0.00s)
    --- PASS: TestEffectManager_ApplyEffect/Apply_effect_with_no_immunity (0.00s)
    --- PASS: TestEffectManager_ApplyEffect/Apply_effect_with_complete_immunity (0.00s)
    --- PASS: TestEffectManager_ApplyEffect/Apply_effect_with_partial_immunity (0.00s)
    --- PASS: TestEffectManager_ApplyEffect/Apply_effect_with_reflection_immunity (0.00s)
    --- PASS: TestEffectManager_ApplyEffect/Apply_effect_with_unknown_immunity_type (0.00s)
=== RUN   TestExampleEffectDispel
--- PASS: TestExampleEffectDispel (0.00s)
=== RUN   TestEffectManager_ThreadSafety
--- PASS: TestEffectManager_ThreadSafety (0.00s)
=== RUN   TestNewDefaultStats
=== RUN   TestNewDefaultStats/Health
=== RUN   TestNewDefaultStats/Mana
=== RUN   TestNewDefaultStats/Strength
=== RUN   TestNewDefaultStats/Dexterity
=== RUN   TestNewDefaultStats/Intelligence
=== RUN   TestNewDefaultStats/MaxHealth
=== RUN   TestNewDefaultStats/MaxMana
=== RUN   TestNewDefaultStats/Defense
=== RUN   TestNewDefaultStats/Speed
--- PASS: TestNewDefaultStats (0.00s)
    --- PASS: TestNewDefaultStats/Health (0.00s)
    --- PASS: TestNewDefaultStats/Mana (0.00s)
    --- PASS: TestNewDefaultStats/Strength (0.00s)
    --- PASS: TestNewDefaultStats/Dexterity (0.00s)
    --- PASS: TestNewDefaultStats/Intelligence (0.00s)
    --- PASS: TestNewDefaultStats/MaxHealth (0.00s)
    --- PASS: TestNewDefaultStats/MaxMana (0.00s)
    --- PASS: TestNewDefaultStats/Defense (0.00s)
    --- PASS: TestNewDefaultStats/Speed (0.00s)
=== RUN   TestStats_Clone
--- PASS: TestStats_Clone (0.00s)
=== RUN   TestStats_Clone_ZeroValues
--- PASS: TestStats_Clone_ZeroValues (0.00s)
=== RUN   TestMin
=== RUN   TestMin/a_smaller
=== RUN   TestMin/b_smaller
=== RUN   TestMin/equal_values
=== RUN   TestMin/negative_values
=== RUN   TestMin/zero_and_positive
=== RUN   TestMin/zero_and_negative
=== RUN   TestMin/floating_point_precision
--- PASS: TestMin (0.00s)
    --- PASS: TestMin/a_smaller (0.00s)
    --- PASS: TestMin/b_smaller (0.00s)
    --- PASS: TestMin/equal_values (0.00s)
    --- PASS: TestMin/negative_values (0.00s)
    --- PASS: TestMin/zero_and_positive (0.00s)
    --- PASS: TestMin/zero_and_negative (0.00s)
    --- PASS: TestMin/floating_point_precision (0.00s)
=== RUN   TestEffectType_AllowsStacking
=== RUN   TestEffectType_AllowsStacking/EffectDamageOverTime_stacks
=== RUN   TestEffectType_AllowsStacking/EffectHealOverTime_stacks
=== RUN   TestEffectType_AllowsStacking/EffectStatBoost_stacks
=== RUN   TestEffectType_AllowsStacking/EffectPoison_doesn't_stack
=== RUN   TestEffectType_AllowsStacking/EffectBurning_doesn't_stack
=== RUN   TestEffectType_AllowsStacking/EffectBleeding_doesn't_stack
=== RUN   TestEffectType_AllowsStacking/EffectStun_doesn't_stack
=== RUN   TestEffectType_AllowsStacking/EffectRoot_doesn't_stack
=== RUN   TestEffectType_AllowsStacking/EffectStatPenalty_doesn't_stack
=== RUN   TestEffectType_AllowsStacking/Custom_effect_doesn't_stack
=== RUN   TestEffectType_AllowsStacking/Empty_effect_type_doesn't_stack
--- PASS: TestEffectType_AllowsStacking (0.00s)
    --- PASS: TestEffectType_AllowsStacking/EffectDamageOverTime_stacks (0.00s)
    --- PASS: TestEffectType_AllowsStacking/EffectHealOverTime_stacks (0.00s)
    --- PASS: TestEffectType_AllowsStacking/EffectStatBoost_stacks (0.00s)
    --- PASS: TestEffectType_AllowsStacking/EffectPoison_doesn't_stack (0.00s)
    --- PASS: TestEffectType_AllowsStacking/EffectBurning_doesn't_stack (0.00s)
    --- PASS: TestEffectType_AllowsStacking/EffectBleeding_doesn't_stack (0.00s)
    --- PASS: TestEffectType_AllowsStacking/EffectStun_doesn't_stack (0.00s)
    --- PASS: TestEffectType_AllowsStacking/EffectRoot_doesn't_stack (0.00s)
    --- PASS: TestEffectType_AllowsStacking/EffectStatPenalty_doesn't_stack (0.00s)
    --- PASS: TestEffectType_AllowsStacking/Custom_effect_doesn't_stack (0.00s)
    --- PASS: TestEffectType_AllowsStacking/Empty_effect_type_doesn't_stack (0.00s)
=== RUN   TestEffectManager_RemoveEffect
=== RUN   TestEffectManager_RemoveEffect/Effect_not_found
--- PASS: TestEffectManager_RemoveEffect (0.00s)
    --- PASS: TestEffectManager_RemoveEffect/Effect_not_found (0.00s)
=== RUN   TestEffectManager_ApplyStatModifiers
=== RUN   TestEffectManager_ApplyStatModifiers/Apply_additive_modifiers
=== RUN   TestEffectManager_ApplyStatModifiers/Apply_multiplicative_modifiers
=== RUN   TestEffectManager_ApplyStatModifiers/Apply_set_modifiers
=== RUN   TestEffectManager_ApplyStatModifiers/Combined_modifications_order
--- PASS: TestEffectManager_ApplyStatModifiers (0.00s)
    --- PASS: TestEffectManager_ApplyStatModifiers/Apply_additive_modifiers (0.00s)
    --- PASS: TestEffectManager_ApplyStatModifiers/Apply_multiplicative_modifiers (0.00s)
    --- PASS: TestEffectManager_ApplyStatModifiers/Apply_set_modifiers (0.00s)
    --- PASS: TestEffectManager_ApplyStatModifiers/Combined_modifications_order (0.00s)
=== RUN   TestEffectManager_UpdateEffects_Logic
=== RUN   TestEffectManager_UpdateEffects_Logic/Effect_expiration_check
=== RUN   TestEffectManager_UpdateEffects_Logic/Effect_tick_timing
--- PASS: TestEffectManager_UpdateEffects_Logic (0.00s)
    --- PASS: TestEffectManager_UpdateEffects_Logic/Effect_expiration_check (0.00s)
    --- PASS: TestEffectManager_UpdateEffects_Logic/Effect_tick_timing (0.00s)
=== RUN   TestEffectManager_ApplyEffectInternal_Logic
=== RUN   TestEffectManager_ApplyEffectInternal_Logic/Stacking_effect_logic
=== RUN   TestEffectManager_ApplyEffectInternal_Logic/Non-stacking_effect_replacement_logic
--- PASS: TestEffectManager_ApplyEffectInternal_Logic (0.00s)
    --- PASS: TestEffectManager_ApplyEffectInternal_Logic/Stacking_effect_logic (0.00s)
    --- PASS: TestEffectManager_ApplyEffectInternal_Logic/Non-stacking_effect_replacement_logic (0.00s)
=== RUN   TestEffect_Creation
=== RUN   TestEffect_Creation/NewEffect_creation
=== RUN   TestEffect_Creation/CreateDamageEffect_creation
--- PASS: TestEffect_Creation (0.00s)
    --- PASS: TestEffect_Creation/NewEffect_creation (0.00s)
    --- PASS: TestEffect_Creation/CreateDamageEffect_creation (0.00s)
=== RUN   TestEffect_IsExpired
=== RUN   TestEffect_IsExpired/Not_expired_-_real_time
=== RUN   TestEffect_IsExpired/Expired_-_real_time
=== RUN   TestEffect_IsExpired/Round-based_duration_-_not_implemented
=== RUN   TestEffect_IsExpired/Zero_duration_-_instant_effect_expires_immediately
=== RUN   TestEffect_IsExpired/Negative_duration_-_permanent_effect_never_expires
=== RUN   TestEffect_IsExpired/Exactly_at_expiry_time
=== RUN   TestEffect_IsExpired/Just_past_expiry_time
--- PASS: TestEffect_IsExpired (0.00s)
    --- PASS: TestEffect_IsExpired/Not_expired_-_real_time (0.00s)
    --- PASS: TestEffect_IsExpired/Expired_-_real_time (0.00s)
    --- PASS: TestEffect_IsExpired/Round-based_duration_-_not_implemented (0.00s)
    --- PASS: TestEffect_IsExpired/Zero_duration_-_instant_effect_expires_immediately (0.00s)
    --- PASS: TestEffect_IsExpired/Negative_duration_-_permanent_effect_never_expires (0.00s)
    --- PASS: TestEffect_IsExpired/Exactly_at_expiry_time (0.00s)
    --- PASS: TestEffect_IsExpired/Just_past_expiry_time (0.00s)
=== RUN   TestEffect_ShouldTick
=== RUN   TestEffect_ShouldTick/Zero_tick_rate_-_never_ticks
=== RUN   TestEffect_ShouldTick/At_start_time_-_should_tick_(modulo_0)
=== RUN   TestEffect_ShouldTick/Exact_tick_interval
=== RUN   TestEffect_ShouldTick/Multiple_tick_intervals
=== RUN   TestEffect_ShouldTick/Between_tick_intervals
--- PASS: TestEffect_ShouldTick (0.00s)
    --- PASS: TestEffect_ShouldTick/Zero_tick_rate_-_never_ticks (0.00s)
    --- PASS: TestEffect_ShouldTick/At_start_time_-_should_tick_(modulo_0) (0.00s)
    --- PASS: TestEffect_ShouldTick/Exact_tick_interval (0.00s)
    --- PASS: TestEffect_ShouldTick/Multiple_tick_intervals (0.00s)
    --- PASS: TestEffect_ShouldTick/Between_tick_intervals (0.00s)
=== RUN   TestEffect_GetEffectType
=== RUN   TestEffect_GetEffectType/Poison_effect
=== RUN   TestEffect_GetEffectType/Burning_effect
=== RUN   TestEffect_GetEffectType/Heal_over_time
=== RUN   TestEffect_GetEffectType/Stat_boost
=== RUN   TestEffect_GetEffectType/Custom_effect
--- PASS: TestEffect_GetEffectType (0.00s)
    --- PASS: TestEffect_GetEffectType/Poison_effect (0.00s)
    --- PASS: TestEffect_GetEffectType/Burning_effect (0.00s)
    --- PASS: TestEffect_GetEffectType/Heal_over_time (0.00s)
    --- PASS: TestEffect_GetEffectType/Stat_boost (0.00s)
    --- PASS: TestEffect_GetEffectType/Custom_effect (0.00s)
=== RUN   TestToDamageEffect
=== RUN   TestToDamageEffect/Poison_effect_converts
=== RUN   TestToDamageEffect/Burning_effect_converts
=== RUN   TestToDamageEffect/Bleeding_effect_converts
=== RUN   TestToDamageEffect/Stun_effect_does_not_convert
=== RUN   TestToDamageEffect/Heal_effect_does_not_convert
=== RUN   TestToDamageEffect/Stat_boost_does_not_convert
--- PASS: TestToDamageEffect (0.00s)
    --- PASS: TestToDamageEffect/Poison_effect_converts (0.00s)
    --- PASS: TestToDamageEffect/Burning_effect_converts (0.00s)
    --- PASS: TestToDamageEffect/Bleeding_effect_converts (0.00s)
    --- PASS: TestToDamageEffect/Stun_effect_does_not_convert (0.00s)
    --- PASS: TestToDamageEffect/Heal_effect_does_not_convert (0.00s)
    --- PASS: TestToDamageEffect/Stat_boost_does_not_convert (0.00s)
=== RUN   TestModifier_Struct
=== RUN   TestModifier_Struct/Modifier_creation
=== RUN   TestModifier_Struct/All_ModOpType_constants
--- PASS: TestModifier_Struct (0.00s)
    --- PASS: TestModifier_Struct/Modifier_creation (0.00s)
    --- PASS: TestModifier_Struct/All_ModOpType_constants (0.00s)
=== RUN   TestDispelInfo_Struct
--- PASS: TestDispelInfo_Struct (0.00s)
=== RUN   TestDuration_Struct
--- PASS: TestDuration_Struct (0.00s)
=== RUN   TestEffectConstants
=== RUN   TestEffectConstants/EffectType_constants
=== RUN   TestEffectConstants/DamageType_constants
=== RUN   TestEffectConstants/DispelType_constants
=== RUN   TestEffectConstants/ImmunityType_constants
=== RUN   TestEffectConstants/DispelPriority_constants
--- PASS: TestEffectConstants (0.00s)
    --- PASS: TestEffectConstants/EffectType_constants (0.00s)
    --- PASS: TestEffectConstants/DamageType_constants (0.00s)
    --- PASS: TestEffectConstants/DispelType_constants (0.00s)
    --- PASS: TestEffectConstants/ImmunityType_constants (0.00s)
    --- PASS: TestEffectConstants/DispelPriority_constants (0.00s)
=== RUN   TestEquipmentSlot_String
=== RUN   TestEquipmentSlot_String/Head_slot
=== RUN   TestEquipmentSlot_String/Neck_slot
=== RUN   TestEquipmentSlot_String/Chest_slot
=== RUN   TestEquipmentSlot_String/Hands_slot
=== RUN   TestEquipmentSlot_String/Rings_slot
=== RUN   TestEquipmentSlot_String/Legs_slot
=== RUN   TestEquipmentSlot_String/Feet_slot
=== RUN   TestEquipmentSlot_String/Main_weapon_slot
=== RUN   TestEquipmentSlot_String/Off_weapon_slot
--- PASS: TestEquipmentSlot_String (0.00s)
    --- PASS: TestEquipmentSlot_String/Head_slot (0.00s)
    --- PASS: TestEquipmentSlot_String/Neck_slot (0.00s)
    --- PASS: TestEquipmentSlot_String/Chest_slot (0.00s)
    --- PASS: TestEquipmentSlot_String/Hands_slot (0.00s)
    --- PASS: TestEquipmentSlot_String/Rings_slot (0.00s)
    --- PASS: TestEquipmentSlot_String/Legs_slot (0.00s)
    --- PASS: TestEquipmentSlot_String/Feet_slot (0.00s)
    --- PASS: TestEquipmentSlot_String/Main_weapon_slot (0.00s)
    --- PASS: TestEquipmentSlot_String/Off_weapon_slot (0.00s)
=== RUN   TestEquipmentSlot_String_AllSlots
--- PASS: TestEquipmentSlot_String_AllSlots (0.00s)
=== RUN   TestEquipmentSlot_Constants
=== RUN   TestEquipmentSlot_Constants/SlotHead_should_be_0
=== RUN   TestEquipmentSlot_Constants/SlotNeck_should_be_1
=== RUN   TestEquipmentSlot_Constants/SlotChest_should_be_2
=== RUN   TestEquipmentSlot_Constants/SlotHands_should_be_3
=== RUN   TestEquipmentSlot_Constants/SlotRings_should_be_4
=== RUN   TestEquipmentSlot_Constants/SlotLegs_should_be_5
=== RUN   TestEquipmentSlot_Constants/SlotFeet_should_be_6
=== RUN   TestEquipmentSlot_Constants/SlotWeaponMain_should_be_7
=== RUN   TestEquipmentSlot_Constants/SlotWeaponOff_should_be_8
--- PASS: TestEquipmentSlot_Constants (0.00s)
    --- PASS: TestEquipmentSlot_Constants/SlotHead_should_be_0 (0.00s)
    --- PASS: TestEquipmentSlot_Constants/SlotNeck_should_be_1 (0.00s)
    --- PASS: TestEquipmentSlot_Constants/SlotChest_should_be_2 (0.00s)
    --- PASS: TestEquipmentSlot_Constants/SlotHands_should_be_3 (0.00s)
    --- PASS: TestEquipmentSlot_Constants/SlotRings_should_be_4 (0.00s)
    --- PASS: TestEquipmentSlot_Constants/SlotLegs_should_be_5 (0.00s)
    --- PASS: TestEquipmentSlot_Constants/SlotFeet_should_be_6 (0.00s)
    --- PASS: TestEquipmentSlot_Constants/SlotWeaponMain_should_be_7 (0.00s)
    --- PASS: TestEquipmentSlot_Constants/SlotWeaponOff_should_be_8 (0.00s)
=== RUN   TestEquipmentSlotConfig_StructFields
--- PASS: TestEquipmentSlotConfig_StructFields (0.00s)
=== RUN   TestEquipmentSlotConfig_EmptyValues
--- PASS: TestEquipmentSlotConfig_EmptyValues (0.00s)
=== RUN   TestEquipmentSet_StructFields
--- PASS: TestEquipmentSet_StructFields (0.00s)
=== RUN   TestEquipmentSet_EmptyValues
--- PASS: TestEquipmentSet_EmptyValues (0.00s)
=== RUN   TestEquipmentSet_MultipleSlots
--- PASS: TestEquipmentSet_MultipleSlots (0.00s)
=== RUN   TestEquipmentSlot_String_InvalidValues
=== RUN   TestEquipmentSlot_String_InvalidValues/Negative_value
=== RUN   TestEquipmentSlot_String_InvalidValues/Value_too_large
=== RUN   TestEquipmentSlot_String_InvalidValues/Just_above_valid_range
--- PASS: TestEquipmentSlot_String_InvalidValues (0.00s)
    --- PASS: TestEquipmentSlot_String_InvalidValues/Negative_value (0.00s)
    --- PASS: TestEquipmentSlot_String_InvalidValues/Value_too_large (0.00s)
    --- PASS: TestEquipmentSlot_String_InvalidValues/Just_above_valid_range (0.00s)
=== RUN   TestNewEventSystem_ReturnsInitializedEventSystem
--- PASS: TestNewEventSystem_ReturnsInitializedEventSystem (0.00s)
=== RUN   TestEventSystem_Subscribe
=== RUN   TestEventSystem_Subscribe/Subscribe_LevelUpEvent_SuccessfulRegistration
=== RUN   TestEventSystem_Subscribe/Subscribe_DamageEvent_SuccessfulRegistration
=== RUN   TestEventSystem_Subscribe/Subscribe_MovementEvent_SuccessfulRegistration
--- PASS: TestEventSystem_Subscribe (0.00s)
    --- PASS: TestEventSystem_Subscribe/Subscribe_LevelUpEvent_SuccessfulRegistration (0.00s)
    --- PASS: TestEventSystem_Subscribe/Subscribe_DamageEvent_SuccessfulRegistration (0.00s)
    --- PASS: TestEventSystem_Subscribe/Subscribe_MovementEvent_SuccessfulRegistration (0.00s)
=== RUN   TestEventSystem_Subscribe_MultipleHandlers
--- PASS: TestEventSystem_Subscribe_MultipleHandlers (0.00s)
=== RUN   TestEventSystem_Subscribe_DifferentEventTypes
--- PASS: TestEventSystem_Subscribe_DifferentEventTypes (0.00s)
=== RUN   TestEventSystem_Emit
=== RUN   TestEventSystem_Emit/Emit_LevelUpEvent_HandlerCalled
=== RUN   TestEventSystem_Emit/Emit_DamageEvent_HandlerCalled
--- PASS: TestEventSystem_Emit (0.00s)
    --- PASS: TestEventSystem_Emit/Emit_LevelUpEvent_HandlerCalled (0.00s)
    --- PASS: TestEventSystem_Emit/Emit_DamageEvent_HandlerCalled (0.00s)
=== RUN   TestEventSystem_Emit_MultipleHandlers
--- PASS: TestEventSystem_Emit_MultipleHandlers (0.00s)
=== RUN   TestEventSystem_Emit_NoHandlers
--- PASS: TestEventSystem_Emit_NoHandlers (0.00s)
=== RUN   TestEventSystem_Emit_HandlerReceivesCorrectEvent
--- PASS: TestEventSystem_Emit_HandlerReceivesCorrectEvent (0.00s)
=== RUN   TestEventSystem_ThreadSafety
--- PASS: TestEventSystem_ThreadSafety (0.06s)
=== RUN   TestEventTypes_ValidConstants
=== RUN   TestEventTypes_ValidConstants/EventLevelUp
=== RUN   TestEventTypes_ValidConstants/EventDamage
=== RUN   TestEventTypes_ValidConstants/EventDeath
=== RUN   TestEventTypes_ValidConstants/EventItemPickup
=== RUN   TestEventTypes_ValidConstants/EventItemDrop
=== RUN   TestEventTypes_ValidConstants/EventMovement
=== RUN   TestEventTypes_ValidConstants/EventSpellCast
=== RUN   TestEventTypes_ValidConstants/EventQuestUpdate
--- PASS: TestEventTypes_ValidConstants (0.00s)
    --- PASS: TestEventTypes_ValidConstants/EventLevelUp (0.00s)
    --- PASS: TestEventTypes_ValidConstants/EventDamage (0.00s)
    --- PASS: TestEventTypes_ValidConstants/EventDeath (0.00s)
    --- PASS: TestEventTypes_ValidConstants/EventItemPickup (0.00s)
    --- PASS: TestEventTypes_ValidConstants/EventItemDrop (0.00s)
    --- PASS: TestEventTypes_ValidConstants/EventMovement (0.00s)
    --- PASS: TestEventTypes_ValidConstants/EventSpellCast (0.00s)
    --- PASS: TestEventTypes_ValidConstants/EventQuestUpdate (0.00s)
=== RUN   TestGameEvent_StructInitialization
=== RUN   TestGameEvent_StructInitialization/EmptyGameEvent_InitializedCorrectly
=== RUN   TestGameEvent_StructInitialization/PopulatedGameEvent_InitializedCorrectly
=== RUN   TestGameEvent_StructInitialization/GameEventWithComplexData_InitializedCorrectly
--- PASS: TestGameEvent_StructInitialization (0.00s)
    --- PASS: TestGameEvent_StructInitialization/EmptyGameEvent_InitializedCorrectly (0.00s)
    --- PASS: TestGameEvent_StructInitialization/PopulatedGameEvent_InitializedCorrectly (0.00s)
    --- PASS: TestGameEvent_StructInitialization/GameEventWithComplexData_InitializedCorrectly (0.00s)
=== RUN   TestGetCurrentGameTick_ReturnsConsistentValue
--- PASS: TestGetCurrentGameTick_ReturnsConsistentValue (0.00s)
=== RUN   TestDefaultEventSystem_Initialization
--- PASS: TestDefaultEventSystem_Initialization (0.00s)
=== RUN   TestEmitLevelUpEvent_CreatesCorrectEvent
--- PASS: TestEmitLevelUpEvent_CreatesCorrectEvent (0.00s)
=== RUN   TestEmitLevelUpEvent_MultipleEvents
--- PASS: TestEmitLevelUpEvent_MultipleEvents (0.00s)
=== RUN   TestInitFunction_DefaultLevelUpHandler
[GAME] 2025/07/15 23:44:20 Player test_player leveled up from 5 to 6
--- PASS: TestInitFunction_DefaultLevelUpHandler (0.01s)
=== RUN   TestEventSystemConfig_StructInitialization
=== RUN   TestEventSystemConfig_StructInitialization/EmptyEventSystemConfig_InitializedCorrectly
=== RUN   TestEventSystemConfig_StructInitialization/PopulatedEventSystemConfig_InitializedCorrectly
=== RUN   TestEventSystemConfig_StructInitialization/EventSystemConfigWithAllEventTypes_InitializedCorrectly
--- PASS: TestEventSystemConfig_StructInitialization (0.00s)
    --- PASS: TestEventSystemConfig_StructInitialization/EmptyEventSystemConfig_InitializedCorrectly (0.00s)
    --- PASS: TestEventSystemConfig_StructInitialization/PopulatedEventSystemConfig_InitializedCorrectly (0.00s)
    --- PASS: TestEventSystemConfig_StructInitialization/EventSystemConfigWithAllEventTypes_InitializedCorrectly (0.00s)
=== RUN   TestItem_FromJSON_Valid
--- PASS: TestItem_FromJSON_Valid (0.00s)
=== RUN   TestItem_FromJSON_Invalid
--- PASS: TestItem_FromJSON_Invalid (0.00s)
=== RUN   TestItem_GetDescription
--- PASS: TestItem_GetDescription (0.00s)
=== RUN   TestItem_Getters
--- PASS: TestItem_Getters (0.00s)
=== RUN   TestItem_GetHealth_AlwaysZero
--- PASS: TestItem_GetHealth_AlwaysZero (0.00s)
=== RUN   TestItem_IsActive_AlwaysTrue
--- PASS: TestItem_IsActive_AlwaysTrue (0.00s)
=== RUN   TestItem_IsObstacle_AlwaysFalse
--- PASS: TestItem_IsObstacle_AlwaysFalse (0.00s)
=== RUN   TestItem_SetHealth_NoOp
--- PASS: TestItem_SetHealth_NoOp (0.00s)
=== RUN   TestItem_SetPosition_NoOp
--- PASS: TestItem_SetPosition_NoOp (0.00s)
=== RUN   TestItem_ToJSON_RoundTrip
=== RUN   TestItem_ToJSON_RoundTrip/Minimal
=== RUN   TestItem_ToJSON_RoundTrip/WithProperties
=== RUN   TestItem_ToJSON_RoundTrip/WithAllFields
--- PASS: TestItem_ToJSON_RoundTrip (0.00s)
    --- PASS: TestItem_ToJSON_RoundTrip/Minimal (0.00s)
    --- PASS: TestItem_ToJSON_RoundTrip/WithProperties (0.00s)
    --- PASS: TestItem_ToJSON_RoundTrip/WithAllFields (0.00s)
=== RUN   TestItem_GetPosition_Default
--- PASS: TestItem_GetPosition_Default (0.00s)
=== RUN   TestSetLogger_ValidLogger
--- PASS: TestSetLogger_ValidLogger (0.00s)
=== RUN   TestSetLogger_DifferentOutputs
=== RUN   TestSetLogger_DifferentOutputs/Standard_logger_with_date_and_time
=== RUN   TestSetLogger_DifferentOutputs/Logger_with_only_time
=== RUN   TestSetLogger_DifferentOutputs/Logger_with_no_flags
=== RUN   TestSetLogger_DifferentOutputs/Logger_with_all_flags
--- PASS: TestSetLogger_DifferentOutputs (0.00s)
    --- PASS: TestSetLogger_DifferentOutputs/Standard_logger_with_date_and_time (0.00s)
    --- PASS: TestSetLogger_DifferentOutputs/Logger_with_only_time (0.00s)
    --- PASS: TestSetLogger_DifferentOutputs/Logger_with_no_flags (0.00s)
    --- PASS: TestSetLogger_DifferentOutputs/Logger_with_all_flags (0.00s)
=== RUN   TestSetLogger_MultipleCalls
--- PASS: TestSetLogger_MultipleCalls (0.00s)
=== RUN   TestDefaultLogger_Initialization
[GAME] 2025/07/15 23:44:20 default logger test
--- PASS: TestDefaultLogger_Initialization (0.00s)
=== RUN   TestDefaultLogger_Properties
--- PASS: TestDefaultLogger_Properties (0.00s)
=== RUN   TestSetLogger_NilLogger
--- PASS: TestSetLogger_NilLogger (0.00s)
=== RUN   TestSetLogger_ConcurrentAccess
--- PASS: TestSetLogger_ConcurrentAccess (0.00s)
=== RUN   TestLogger_Integration
--- PASS: TestLogger_Integration (0.00s)
=== RUN   TestGameMap_GetTile_ValidCoordinates_ReturnsCorrectTile
=== RUN   TestGameMap_GetTile_ValidCoordinates_ReturnsCorrectTile/top-left_corner
=== RUN   TestGameMap_GetTile_ValidCoordinates_ReturnsCorrectTile/top-right_corner
=== RUN   TestGameMap_GetTile_ValidCoordinates_ReturnsCorrectTile/bottom-left_corner
=== RUN   TestGameMap_GetTile_ValidCoordinates_ReturnsCorrectTile/center_tile
--- PASS: TestGameMap_GetTile_ValidCoordinates_ReturnsCorrectTile (0.00s)
    --- PASS: TestGameMap_GetTile_ValidCoordinates_ReturnsCorrectTile/top-left_corner (0.00s)
    --- PASS: TestGameMap_GetTile_ValidCoordinates_ReturnsCorrectTile/top-right_corner (0.00s)
    --- PASS: TestGameMap_GetTile_ValidCoordinates_ReturnsCorrectTile/bottom-left_corner (0.00s)
    --- PASS: TestGameMap_GetTile_ValidCoordinates_ReturnsCorrectTile/center_tile (0.00s)
=== RUN   TestGameMap_GetTile_InvalidCoordinates_ReturnsNil
=== RUN   TestGameMap_GetTile_InvalidCoordinates_ReturnsNil/negative_x
=== RUN   TestGameMap_GetTile_InvalidCoordinates_ReturnsNil/negative_y
=== RUN   TestGameMap_GetTile_InvalidCoordinates_ReturnsNil/both_negative
=== RUN   TestGameMap_GetTile_InvalidCoordinates_ReturnsNil/x_out_of_bounds
=== RUN   TestGameMap_GetTile_InvalidCoordinates_ReturnsNil/y_out_of_bounds
=== RUN   TestGameMap_GetTile_InvalidCoordinates_ReturnsNil/both_out_of_bounds
=== RUN   TestGameMap_GetTile_InvalidCoordinates_ReturnsNil/x_equals_width
=== RUN   TestGameMap_GetTile_InvalidCoordinates_ReturnsNil/y_equals_height
--- PASS: TestGameMap_GetTile_InvalidCoordinates_ReturnsNil (0.00s)
    --- PASS: TestGameMap_GetTile_InvalidCoordinates_ReturnsNil/negative_x (0.00s)
    --- PASS: TestGameMap_GetTile_InvalidCoordinates_ReturnsNil/negative_y (0.00s)
    --- PASS: TestGameMap_GetTile_InvalidCoordinates_ReturnsNil/both_negative (0.00s)
    --- PASS: TestGameMap_GetTile_InvalidCoordinates_ReturnsNil/x_out_of_bounds (0.00s)
    --- PASS: TestGameMap_GetTile_InvalidCoordinates_ReturnsNil/y_out_of_bounds (0.00s)
    --- PASS: TestGameMap_GetTile_InvalidCoordinates_ReturnsNil/both_out_of_bounds (0.00s)
    --- PASS: TestGameMap_GetTile_InvalidCoordinates_ReturnsNil/x_equals_width (0.00s)
    --- PASS: TestGameMap_GetTile_InvalidCoordinates_ReturnsNil/y_equals_height (0.00s)
=== RUN   TestGameMap_GetTile_EmptyMap_ReturnsNil
--- PASS: TestGameMap_GetTile_EmptyMap_ReturnsNil (0.00s)
=== RUN   TestGameMap_MarshalJSON_ValidMap_ReturnsCorrectJSON
--- PASS: TestGameMap_MarshalJSON_ValidMap_ReturnsCorrectJSON (0.00s)
=== RUN   TestGameMap_MarshalJSON_EmptyMap_ReturnsValidJSON
--- PASS: TestGameMap_MarshalJSON_EmptyMap_ReturnsValidJSON (0.00s)
=== RUN   TestMapTile_FieldsAccess_AllFieldsReadable
--- PASS: TestMapTile_FieldsAccess_AllFieldsReadable (0.00s)
=== RUN   TestMapTile_JSONMarshaling_CorrectFieldNames
--- PASS: TestMapTile_JSONMarshaling_CorrectFieldNames (0.00s)
=== RUN   TestNewModifier
=== RUN   TestNewModifier/create_strength_add_modifier
=== RUN   TestNewModifier/create_dexterity_multiply_modifier
=== RUN   TestNewModifier/create_health_set_modifier
=== RUN   TestNewModifier/create_negative_value_modifier
=== RUN   TestNewModifier/create_zero_value_modifier
=== RUN   TestNewModifier/create_decimal_value_modifier
--- PASS: TestNewModifier (0.00s)
    --- PASS: TestNewModifier/create_strength_add_modifier (0.00s)
    --- PASS: TestNewModifier/create_dexterity_multiply_modifier (0.00s)
    --- PASS: TestNewModifier/create_health_set_modifier (0.00s)
    --- PASS: TestNewModifier/create_negative_value_modifier (0.00s)
    --- PASS: TestNewModifier/create_zero_value_modifier (0.00s)
    --- PASS: TestNewModifier/create_decimal_value_modifier (0.00s)
=== RUN   TestModifier_Apply
=== RUN   TestModifier_Apply/add_positive_value
=== RUN   TestModifier_Apply/add_negative_value
=== RUN   TestModifier_Apply/add_zero_value
=== RUN   TestModifier_Apply/add_decimal_value
=== RUN   TestModifier_Apply/multiply_by_positive_value
=== RUN   TestModifier_Apply/multiply_by_decimal_value
=== RUN   TestModifier_Apply/multiply_by_zero
=== RUN   TestModifier_Apply/multiply_by_one
=== RUN   TestModifier_Apply/multiply_by_negative_value
=== RUN   TestModifier_Apply/set_to_positive_value
=== RUN   TestModifier_Apply/set_to_zero
=== RUN   TestModifier_Apply/set_to_negative_value
=== RUN   TestModifier_Apply/set_to_decimal_value
--- PASS: TestModifier_Apply (0.00s)
    --- PASS: TestModifier_Apply/add_positive_value (0.00s)
    --- PASS: TestModifier_Apply/add_negative_value (0.00s)
    --- PASS: TestModifier_Apply/add_zero_value (0.00s)
    --- PASS: TestModifier_Apply/add_decimal_value (0.00s)
    --- PASS: TestModifier_Apply/multiply_by_positive_value (0.00s)
    --- PASS: TestModifier_Apply/multiply_by_decimal_value (0.00s)
    --- PASS: TestModifier_Apply/multiply_by_zero (0.00s)
    --- PASS: TestModifier_Apply/multiply_by_one (0.00s)
    --- PASS: TestModifier_Apply/multiply_by_negative_value (0.00s)
    --- PASS: TestModifier_Apply/set_to_positive_value (0.00s)
    --- PASS: TestModifier_Apply/set_to_zero (0.00s)
    --- PASS: TestModifier_Apply/set_to_negative_value (0.00s)
    --- PASS: TestModifier_Apply/set_to_decimal_value (0.00s)
=== RUN   TestModifier_Apply_InvalidOperation
--- PASS: TestModifier_Apply_InvalidOperation (0.00s)
=== RUN   TestModifier_Apply_EdgeCases
=== RUN   TestModifier_Apply_EdgeCases/very_large_positive_base_value
=== RUN   TestModifier_Apply_EdgeCases/very_large_negative_base_value
=== RUN   TestModifier_Apply_EdgeCases/very_small_decimal_base_value
=== RUN   TestModifier_Apply_EdgeCases/multiply_very_large_number
=== RUN   TestModifier_Apply_EdgeCases/multiply_very_small_decimal
--- PASS: TestModifier_Apply_EdgeCases (0.00s)
    --- PASS: TestModifier_Apply_EdgeCases/very_large_positive_base_value (0.00s)
    --- PASS: TestModifier_Apply_EdgeCases/very_large_negative_base_value (0.00s)
    --- PASS: TestModifier_Apply_EdgeCases/very_small_decimal_base_value (0.00s)
    --- PASS: TestModifier_Apply_EdgeCases/multiply_very_large_number (0.00s)
    --- PASS: TestModifier_Apply_EdgeCases/multiply_very_small_decimal (0.00s)
=== RUN   TestModifier_StructFields
--- PASS: TestModifier_StructFields (0.00s)
=== RUN   TestModifier_ZeroValues
--- PASS: TestModifier_ZeroValues (0.00s)
=== RUN   TestModifier_StringComparison
=== RUN   TestModifier_StringComparison/empty_string_stat
=== RUN   TestModifier_StringComparison/single_character_stat
=== RUN   TestModifier_StringComparison/normal_stat_name
=== RUN   TestModifier_StringComparison/stat_with_spaces
=== RUN   TestModifier_StringComparison/stat_with_numbers
=== RUN   TestModifier_StringComparison/stat_with_special_chars
=== RUN   TestModifier_StringComparison/very_long_stat_name
--- PASS: TestModifier_StringComparison (0.00s)
    --- PASS: TestModifier_StringComparison/empty_string_stat (0.00s)
    --- PASS: TestModifier_StringComparison/single_character_stat (0.00s)
    --- PASS: TestModifier_StringComparison/normal_stat_name (0.00s)
    --- PASS: TestModifier_StringComparison/stat_with_spaces (0.00s)
    --- PASS: TestModifier_StringComparison/stat_with_numbers (0.00s)
    --- PASS: TestModifier_StringComparison/stat_with_special_chars (0.00s)
    --- PASS: TestModifier_StringComparison/very_long_stat_name (0.00s)
=== RUN   TestModifier_OperationConsistency
--- PASS: TestModifier_OperationConsistency (0.00s)
=== RUN   TestPlayer_Update_ValidData_UpdatesFields
=== RUN   TestPlayer_Update_ValidData_UpdatesFields/update_class
=== RUN   TestPlayer_Update_ValidData_UpdatesFields/update_level
=== RUN   TestPlayer_Update_ValidData_UpdatesFields/update_experience
=== RUN   TestPlayer_Update_ValidData_UpdatesFields/update_hp
=== RUN   TestPlayer_Update_ValidData_UpdatesFields/update_max_hp
=== RUN   TestPlayer_Update_ValidData_UpdatesFields/update_strength
=== RUN   TestPlayer_Update_ValidData_UpdatesFields/multiple_fields
--- PASS: TestPlayer_Update_ValidData_UpdatesFields (0.00s)
    --- PASS: TestPlayer_Update_ValidData_UpdatesFields/update_class (0.00s)
    --- PASS: TestPlayer_Update_ValidData_UpdatesFields/update_level (0.00s)
    --- PASS: TestPlayer_Update_ValidData_UpdatesFields/update_experience (0.00s)
    --- PASS: TestPlayer_Update_ValidData_UpdatesFields/update_hp (0.00s)
    --- PASS: TestPlayer_Update_ValidData_UpdatesFields/update_max_hp (0.00s)
    --- PASS: TestPlayer_Update_ValidData_UpdatesFields/update_strength (0.00s)
    --- PASS: TestPlayer_Update_ValidData_UpdatesFields/multiple_fields (0.00s)
=== RUN   TestPlayer_Update_InvalidFields_IgnoresUnknownFields
--- PASS: TestPlayer_Update_InvalidFields_IgnoresUnknownFields (0.00s)
=== RUN   TestPlayer_Clone_CreatesIndependentCopy
--- PASS: TestPlayer_Clone_CreatesIndependentCopy (0.00s)
=== RUN   TestPlayer_Clone_NilPlayer_ReturnsNil
--- PASS: TestPlayer_Clone_NilPlayer_ReturnsNil (0.00s)
=== RUN   TestPlayer_PublicData_ReturnsCorrectStructure
--- PASS: TestPlayer_PublicData_ReturnsCorrectStructure (0.00s)
=== RUN   TestPlayer_AddExperience_ValidValues_AddsExperience
=== RUN   TestPlayer_AddExperience_ValidValues_AddsExperience/add_positive_experience
=== RUN   TestPlayer_AddExperience_ValidValues_AddsExperience/add_zero_experience
=== RUN   TestPlayer_AddExperience_ValidValues_AddsExperience/add_large_amount
--- PASS: TestPlayer_AddExperience_ValidValues_AddsExperience (0.00s)
    --- PASS: TestPlayer_AddExperience_ValidValues_AddsExperience/add_positive_experience (0.00s)
    --- PASS: TestPlayer_AddExperience_ValidValues_AddsExperience/add_zero_experience (0.00s)
    --- PASS: TestPlayer_AddExperience_ValidValues_AddsExperience/add_large_amount (0.00s)
=== RUN   TestPlayer_AddExperience_NegativeValue_ReturnsError
[GAME] 2025/07/15 23:44:20 Player test-char-1 leveled up from 1 to 3
--- PASS: TestPlayer_AddExperience_NegativeValue_ReturnsError (0.00s)
=== RUN   TestPlayer_AddExperience_LevelUp_CallsLevelUpLogic
--- PASS: TestPlayer_AddExperience_LevelUp_CallsLevelUpLogic (0.00s)
[GAME] 2025/07/15 23:44:20 Player test-char-1 leveled up from 0 to 2
=== RUN   TestPlayer_GetStats_ReturnsCorrectStats
--- PASS: TestPlayer_GetStats_ReturnsCorrectStats (0.00s)
=== RUN   TestPlayer_GetStats_ZeroValues_HandlesCorrectly
--- PASS: TestPlayer_GetStats_ZeroValues_HandlesCorrectly (0.00s)
=== RUN   TestPlayer_Update_ComprehensiveFields
=== RUN   TestPlayer_Update_ComprehensiveFields/update_intelligence_and_dexterity
=== RUN   TestPlayer_Update_ComprehensiveFields/update_constitution
=== RUN   TestPlayer_Update_ComprehensiveFields/update_all_basic_stats
--- PASS: TestPlayer_Update_ComprehensiveFields (0.00s)
    --- PASS: TestPlayer_Update_ComprehensiveFields/update_intelligence_and_dexterity (0.00s)
    --- PASS: TestPlayer_Update_ComprehensiveFields/update_constitution (0.00s)
    --- PASS: TestPlayer_Update_ComprehensiveFields/update_all_basic_stats (0.00s)
=== RUN   TestPlayer_Update_CharacterFields
=== RUN   TestPlayer_Update_CharacterFields/update_character_name
=== RUN   TestPlayer_Update_CharacterFields/update_character_description
=== RUN   TestPlayer_Update_CharacterFields/update_position_components
=== RUN   TestPlayer_Update_CharacterFields/update_wisdom_and_charisma
=== RUN   TestPlayer_Update_CharacterFields/update_combat_stats
=== RUN   TestPlayer_Update_CharacterFields/update_gold
=== RUN   TestPlayer_Update_CharacterFields/update_multiple_character_and_player_fields
--- PASS: TestPlayer_Update_CharacterFields (0.00s)
    --- PASS: TestPlayer_Update_CharacterFields/update_character_name (0.00s)
    --- PASS: TestPlayer_Update_CharacterFields/update_character_description (0.00s)
    --- PASS: TestPlayer_Update_CharacterFields/update_position_components (0.00s)
    --- PASS: TestPlayer_Update_CharacterFields/update_wisdom_and_charisma (0.00s)
    --- PASS: TestPlayer_Update_CharacterFields/update_combat_stats (0.00s)
    --- PASS: TestPlayer_Update_CharacterFields/update_gold (0.00s)
    --- PASS: TestPlayer_Update_CharacterFields/update_multiple_character_and_player_fields (0.00s)
=== RUN   TestPlayer_AddExperience_IntegerOverflow_ReturnsError
--- PASS: TestPlayer_AddExperience_IntegerOverflow_ReturnsError (0.00s)
=== RUN   TestPlayer_GetQuestLog_ReturnsQuests
--- PASS: TestPlayer_GetQuestLog_ReturnsQuests (0.00s)
=== RUN   TestPlayer_KnowsSpell
--- PASS: TestPlayer_KnowsSpell (0.00s)
=== RUN   TestPlayer_LearnSpell
=== RUN   TestPlayer_LearnSpell/Mage_learns_valid_spell
=== RUN   TestPlayer_LearnSpell/Fighter_cannot_learn_spells
=== RUN   TestPlayer_LearnSpell/Level_too_low_for_spell
=== RUN   TestPlayer_LearnSpell/Already_knows_spell
=== RUN   TestPlayer_LearnSpell/Low_level_Paladin_cannot_cast_spells
=== RUN   TestPlayer_LearnSpell/High_level_Paladin_can_cast_spells
--- PASS: TestPlayer_LearnSpell (0.00s)
    --- PASS: TestPlayer_LearnSpell/Mage_learns_valid_spell (0.00s)
    --- PASS: TestPlayer_LearnSpell/Fighter_cannot_learn_spells (0.00s)
    --- PASS: TestPlayer_LearnSpell/Level_too_low_for_spell (0.00s)
    --- PASS: TestPlayer_LearnSpell/Already_knows_spell (0.00s)
    --- PASS: TestPlayer_LearnSpell/Low_level_Paladin_cannot_cast_spells (0.00s)
    --- PASS: TestPlayer_LearnSpell/High_level_Paladin_can_cast_spells (0.00s)
=== RUN   TestQuestStatus_Constants
=== RUN   TestQuestStatus_Constants/QuestNotStarted
=== RUN   TestQuestStatus_Constants/QuestActive
=== RUN   TestQuestStatus_Constants/QuestCompleted
=== RUN   TestQuestStatus_Constants/QuestFailed
--- PASS: TestQuestStatus_Constants (0.00s)
    --- PASS: TestQuestStatus_Constants/QuestNotStarted (0.00s)
    --- PASS: TestQuestStatus_Constants/QuestActive (0.00s)
    --- PASS: TestQuestStatus_Constants/QuestCompleted (0.00s)
    --- PASS: TestQuestStatus_Constants/QuestFailed (0.00s)
=== RUN   TestQuest_StructInitialization
--- PASS: TestQuest_StructInitialization (0.00s)
=== RUN   TestQuest_EmptyInitialization
--- PASS: TestQuest_EmptyInitialization (0.00s)
=== RUN   TestQuestObjective_StructInitialization
=== RUN   TestQuestObjective_StructInitialization/Active_objective
=== RUN   TestQuestObjective_StructInitialization/Completed_objective
=== RUN   TestQuestObjective_StructInitialization/Overachieved_objective
--- PASS: TestQuestObjective_StructInitialization (0.00s)
    --- PASS: TestQuestObjective_StructInitialization/Active_objective (0.00s)
    --- PASS: TestQuestObjective_StructInitialization/Completed_objective (0.00s)
    --- PASS: TestQuestObjective_StructInitialization/Overachieved_objective (0.00s)
=== RUN   TestQuestObjective_EdgeCases
=== RUN   TestQuestObjective_EdgeCases/Zero_values
=== RUN   TestQuestObjective_EdgeCases/Negative_progress
=== RUN   TestQuestObjective_EdgeCases/Large_values
--- PASS: TestQuestObjective_EdgeCases (0.00s)
    --- PASS: TestQuestObjective_EdgeCases/Zero_values (0.00s)
    --- PASS: TestQuestObjective_EdgeCases/Negative_progress (0.00s)
    --- PASS: TestQuestObjective_EdgeCases/Large_values (0.00s)
=== RUN   TestQuestReward_StructInitialization
=== RUN   TestQuestReward_StructInitialization/Gold_reward
=== RUN   TestQuestReward_StructInitialization/Experience_reward
=== RUN   TestQuestReward_StructInitialization/Item_reward
--- PASS: TestQuestReward_StructInitialization (0.00s)
    --- PASS: TestQuestReward_StructInitialization/Gold_reward (0.00s)
    --- PASS: TestQuestReward_StructInitialization/Experience_reward (0.00s)
    --- PASS: TestQuestReward_StructInitialization/Item_reward (0.00s)
=== RUN   TestQuestReward_EmptyValues
--- PASS: TestQuestReward_EmptyValues (0.00s)
=== RUN   TestQuestProgress_StructInitialization
--- PASS: TestQuestProgress_StructInitialization (0.00s)
=== RUN   TestQuestProgress_ZeroValues
--- PASS: TestQuestProgress_ZeroValues (0.00s)
=== RUN   TestQuest_StructFieldTags
--- PASS: TestQuest_StructFieldTags (0.00s)
=== RUN   TestQuest_ComplexScenarios
=== RUN   TestQuest_ComplexScenarios/Multi-objective_quest
=== RUN   TestQuest_ComplexScenarios/Failed_quest_scenario
=== RUN   TestQuest_ComplexScenarios/Completed_quest
--- PASS: TestQuest_ComplexScenarios (0.00s)
    --- PASS: TestQuest_ComplexScenarios/Multi-objective_quest (0.00s)
    --- PASS: TestQuest_ComplexScenarios/Failed_quest_scenario (0.00s)
    --- PASS: TestQuest_ComplexScenarios/Completed_quest (0.00s)
=== RUN   TestQuestStatus_TypeProperties
--- PASS: TestQuestStatus_TypeProperties (0.00s)
=== RUN   TestQuestReward_ValidRewardTypes
=== RUN   TestQuestReward_ValidRewardTypes/RewardType_gold
=== RUN   TestQuestReward_ValidRewardTypes/RewardType_exp
=== RUN   TestQuestReward_ValidRewardTypes/RewardType_item
--- PASS: TestQuestReward_ValidRewardTypes (0.00s)
    --- PASS: TestQuestReward_ValidRewardTypes/RewardType_gold (0.00s)
    --- PASS: TestQuestReward_ValidRewardTypes/RewardType_exp (0.00s)
    --- PASS: TestQuestReward_ValidRewardTypes/RewardType_item (0.00s)
=== RUN   TestQuest_DeepCopyScenario
--- PASS: TestQuest_DeepCopyScenario (0.00s)
=== RUN   TestSpatialIndex_BasicOperations
--- PASS: TestSpatialIndex_BasicOperations (0.00s)
=== RUN   TestSpatialIndex_Update
--- PASS: TestSpatialIndex_Update (0.00s)
=== RUN   TestSpatialIndex_NearestObjects
--- PASS: TestSpatialIndex_NearestObjects (0.00s)
=== RUN   TestSpatialIndex_Performance
    spatial_index_test.go:182: Found 14 objects in range query
    spatial_index_test.go:186: Found 15 objects in radius query
    spatial_index_test.go:190: Spatial index stats: Objects=1000, Nodes=529, MaxDepth=5, LeafNodes=397
--- PASS: TestSpatialIndex_Performance (0.01s)
=== RUN   TestSpatialIndex_EdgeCases
--- PASS: TestSpatialIndex_EdgeCases (0.00s)
=== RUN   TestSpatialIndex_Clear
--- PASS: TestSpatialIndex_Clear (0.00s)
=== RUN   TestSpellManager_LoadSpells
--- PASS: TestSpellManager_LoadSpells (0.00s)
=== RUN   TestSpellManager_SaveSpell
--- PASS: TestSpellManager_SaveSpell (0.00s)
=== RUN   TestSpellManager_GetSpellsByLevel
--- PASS: TestSpellManager_GetSpellsByLevel (0.00s)
=== RUN   TestSpellManager_GetSpellsBySchool
--- PASS: TestSpellManager_GetSpellsBySchool (0.00s)
=== RUN   TestSpellManager_SearchSpells
--- PASS: TestSpellManager_SearchSpells (0.00s)
=== RUN   TestSpellSchool_String
--- PASS: TestSpellSchool_String (0.00s)
=== RUN   TestParseSpellSchool
--- PASS: TestParseSpellSchool (0.00s)
=== RUN   TestSpellComponent_String
--- PASS: TestSpellComponent_String (0.00s)
=== RUN   TestParseSpellComponent
--- PASS: TestParseSpellComponent (0.00s)
=== RUN   TestSpellSchool_Constants
=== RUN   TestSpellSchool_Constants/SchoolAbjuration_should_be_0
=== RUN   TestSpellSchool_Constants/SchoolConjuration_should_be_1
=== RUN   TestSpellSchool_Constants/SchoolDivination_should_be_2
=== RUN   TestSpellSchool_Constants/SchoolEnchantment_should_be_3
=== RUN   TestSpellSchool_Constants/SchoolEvocation_should_be_4
=== RUN   TestSpellSchool_Constants/SchoolIllusion_should_be_5
=== RUN   TestSpellSchool_Constants/SchoolNecromancy_should_be_6
=== RUN   TestSpellSchool_Constants/SchoolTransmutation_should_be_7
--- PASS: TestSpellSchool_Constants (0.00s)
    --- PASS: TestSpellSchool_Constants/SchoolAbjuration_should_be_0 (0.00s)
    --- PASS: TestSpellSchool_Constants/SchoolConjuration_should_be_1 (0.00s)
    --- PASS: TestSpellSchool_Constants/SchoolDivination_should_be_2 (0.00s)
    --- PASS: TestSpellSchool_Constants/SchoolEnchantment_should_be_3 (0.00s)
    --- PASS: TestSpellSchool_Constants/SchoolEvocation_should_be_4 (0.00s)
    --- PASS: TestSpellSchool_Constants/SchoolIllusion_should_be_5 (0.00s)
    --- PASS: TestSpellSchool_Constants/SchoolNecromancy_should_be_6 (0.00s)
    --- PASS: TestSpellSchool_Constants/SchoolTransmutation_should_be_7 (0.00s)
=== RUN   TestSpellComponent_Constants
=== RUN   TestSpellComponent_Constants/ComponentVerbal_should_be_0
=== RUN   TestSpellComponent_Constants/ComponentSomatic_should_be_1
=== RUN   TestSpellComponent_Constants/ComponentMaterial_should_be_2
--- PASS: TestSpellComponent_Constants (0.00s)
    --- PASS: TestSpellComponent_Constants/ComponentVerbal_should_be_0 (0.00s)
    --- PASS: TestSpellComponent_Constants/ComponentSomatic_should_be_1 (0.00s)
    --- PASS: TestSpellComponent_Constants/ComponentMaterial_should_be_2 (0.00s)
=== RUN   TestSpell_StructFields
--- PASS: TestSpell_StructFields (0.00s)
=== RUN   TestSpell_EmptyValues
--- PASS: TestSpell_EmptyValues (0.00s)
=== RUN   TestSpell_AllSpellSchools
=== RUN   TestSpell_AllSpellSchools/Abjuration
=== RUN   TestSpell_AllSpellSchools/Conjuration
=== RUN   TestSpell_AllSpellSchools/Divination
=== RUN   TestSpell_AllSpellSchools/Enchantment
=== RUN   TestSpell_AllSpellSchools/Evocation
=== RUN   TestSpell_AllSpellSchools/Illusion
=== RUN   TestSpell_AllSpellSchools/Necromancy
=== RUN   TestSpell_AllSpellSchools/Transmutation
--- PASS: TestSpell_AllSpellSchools (0.00s)
    --- PASS: TestSpell_AllSpellSchools/Abjuration (0.00s)
    --- PASS: TestSpell_AllSpellSchools/Conjuration (0.00s)
    --- PASS: TestSpell_AllSpellSchools/Divination (0.00s)
    --- PASS: TestSpell_AllSpellSchools/Enchantment (0.00s)
    --- PASS: TestSpell_AllSpellSchools/Evocation (0.00s)
    --- PASS: TestSpell_AllSpellSchools/Illusion (0.00s)
    --- PASS: TestSpell_AllSpellSchools/Necromancy (0.00s)
    --- PASS: TestSpell_AllSpellSchools/Transmutation (0.00s)
=== RUN   TestSpell_AllSpellComponents
=== RUN   TestSpell_AllSpellComponents/Verbal_only
=== RUN   TestSpell_AllSpellComponents/Somatic_only
=== RUN   TestSpell_AllSpellComponents/Material_only
=== RUN   TestSpell_AllSpellComponents/Verbal_and_Somatic
=== RUN   TestSpell_AllSpellComponents/Verbal_and_Material
=== RUN   TestSpell_AllSpellComponents/Somatic_and_Material
=== RUN   TestSpell_AllSpellComponents/All_components
=== RUN   TestSpell_AllSpellComponents/No_components
--- PASS: TestSpell_AllSpellComponents (0.00s)
    --- PASS: TestSpell_AllSpellComponents/Verbal_only (0.00s)
    --- PASS: TestSpell_AllSpellComponents/Somatic_only (0.00s)
    --- PASS: TestSpell_AllSpellComponents/Material_only (0.00s)
    --- PASS: TestSpell_AllSpellComponents/Verbal_and_Somatic (0.00s)
    --- PASS: TestSpell_AllSpellComponents/Verbal_and_Material (0.00s)
    --- PASS: TestSpell_AllSpellComponents/Somatic_and_Material (0.00s)
    --- PASS: TestSpell_AllSpellComponents/All_components (0.00s)
    --- PASS: TestSpell_AllSpellComponents/No_components (0.00s)
=== RUN   TestSpell_LevelValidation
=== RUN   TestSpell_LevelValidation/Cantrip_(level_0)
=== RUN   TestSpell_LevelValidation/First_level
=== RUN   TestSpell_LevelValidation/Third_level
=== RUN   TestSpell_LevelValidation/Ninth_level
=== RUN   TestSpell_LevelValidation/High_level_spell
=== RUN   TestSpell_LevelValidation/Negative_level
--- PASS: TestSpell_LevelValidation (0.00s)
    --- PASS: TestSpell_LevelValidation/Cantrip_(level_0) (0.00s)
    --- PASS: TestSpell_LevelValidation/First_level (0.00s)
    --- PASS: TestSpell_LevelValidation/Third_level (0.00s)
    --- PASS: TestSpell_LevelValidation/Ninth_level (0.00s)
    --- PASS: TestSpell_LevelValidation/High_level_spell (0.00s)
    --- PASS: TestSpell_LevelValidation/Negative_level (0.00s)
=== RUN   TestSpell_RangeValidation
=== RUN   TestSpell_RangeValidation/Touch_spell
=== RUN   TestSpell_RangeValidation/Short_range
=== RUN   TestSpell_RangeValidation/Medium_range
=== RUN   TestSpell_RangeValidation/Long_range
=== RUN   TestSpell_RangeValidation/Sight_range
=== RUN   TestSpell_RangeValidation/Unlimited_range
--- PASS: TestSpell_RangeValidation (0.00s)
    --- PASS: TestSpell_RangeValidation/Touch_spell (0.00s)
    --- PASS: TestSpell_RangeValidation/Short_range (0.00s)
    --- PASS: TestSpell_RangeValidation/Medium_range (0.00s)
    --- PASS: TestSpell_RangeValidation/Long_range (0.00s)
    --- PASS: TestSpell_RangeValidation/Sight_range (0.00s)
    --- PASS: TestSpell_RangeValidation/Unlimited_range (0.00s)
=== RUN   TestSpell_DurationValidation
=== RUN   TestSpell_DurationValidation/Instantaneous
=== RUN   TestSpell_DurationValidation/One_round
=== RUN   TestSpell_DurationValidation/One_minute
=== RUN   TestSpell_DurationValidation/Ten_minutes
=== RUN   TestSpell_DurationValidation/One_hour
=== RUN   TestSpell_DurationValidation/Permanent
--- PASS: TestSpell_DurationValidation (0.00s)
    --- PASS: TestSpell_DurationValidation/Instantaneous (0.00s)
    --- PASS: TestSpell_DurationValidation/One_round (0.00s)
    --- PASS: TestSpell_DurationValidation/One_minute (0.00s)
    --- PASS: TestSpell_DurationValidation/Ten_minutes (0.00s)
    --- PASS: TestSpell_DurationValidation/One_hour (0.00s)
    --- PASS: TestSpell_DurationValidation/Permanent (0.00s)
=== RUN   TestSpell_ComplexSpellCreation
=== RUN   TestSpell_ComplexSpellCreation/Fireball
=== RUN   TestSpell_ComplexSpellCreation/Shield
=== RUN   TestSpell_ComplexSpellCreation/Detect_Magic
=== RUN   TestSpell_ComplexSpellCreation/Charm_Person
--- PASS: TestSpell_ComplexSpellCreation (0.00s)
    --- PASS: TestSpell_ComplexSpellCreation/Fireball (0.00s)
    --- PASS: TestSpell_ComplexSpellCreation/Shield (0.00s)
    --- PASS: TestSpell_ComplexSpellCreation/Detect_Magic (0.00s)
    --- PASS: TestSpell_ComplexSpellCreation/Charm_Person (0.00s)
=== RUN   TestSpellSchool_TypeConversion
=== RUN   TestSpellSchool_TypeConversion/School_to_int_conversion
=== RUN   TestSpellSchool_TypeConversion/Int_to_school_conversion
=== RUN   TestSpellSchool_TypeConversion/School_to_int_conversion#01
=== RUN   TestSpellSchool_TypeConversion/Int_to_school_conversion#01
=== RUN   TestSpellSchool_TypeConversion/School_to_int_conversion#02
=== RUN   TestSpellSchool_TypeConversion/Int_to_school_conversion#02
=== RUN   TestSpellSchool_TypeConversion/School_to_int_conversion#03
=== RUN   TestSpellSchool_TypeConversion/Int_to_school_conversion#03
=== RUN   TestSpellSchool_TypeConversion/School_to_int_conversion#04
=== RUN   TestSpellSchool_TypeConversion/Int_to_school_conversion#04
=== RUN   TestSpellSchool_TypeConversion/School_to_int_conversion#05
=== RUN   TestSpellSchool_TypeConversion/Int_to_school_conversion#05
=== RUN   TestSpellSchool_TypeConversion/School_to_int_conversion#06
=== RUN   TestSpellSchool_TypeConversion/Int_to_school_conversion#06
=== RUN   TestSpellSchool_TypeConversion/School_to_int_conversion#07
=== RUN   TestSpellSchool_TypeConversion/Int_to_school_conversion#07
--- PASS: TestSpellSchool_TypeConversion (0.00s)
    --- PASS: TestSpellSchool_TypeConversion/School_to_int_conversion (0.00s)
    --- PASS: TestSpellSchool_TypeConversion/Int_to_school_conversion (0.00s)
    --- PASS: TestSpellSchool_TypeConversion/School_to_int_conversion#01 (0.00s)
    --- PASS: TestSpellSchool_TypeConversion/Int_to_school_conversion#01 (0.00s)
    --- PASS: TestSpellSchool_TypeConversion/School_to_int_conversion#02 (0.00s)
    --- PASS: TestSpellSchool_TypeConversion/Int_to_school_conversion#02 (0.00s)
    --- PASS: TestSpellSchool_TypeConversion/School_to_int_conversion#03 (0.00s)
    --- PASS: TestSpellSchool_TypeConversion/Int_to_school_conversion#03 (0.00s)
    --- PASS: TestSpellSchool_TypeConversion/School_to_int_conversion#04 (0.00s)
    --- PASS: TestSpellSchool_TypeConversion/Int_to_school_conversion#04 (0.00s)
    --- PASS: TestSpellSchool_TypeConversion/School_to_int_conversion#05 (0.00s)
    --- PASS: TestSpellSchool_TypeConversion/Int_to_school_conversion#05 (0.00s)
    --- PASS: TestSpellSchool_TypeConversion/School_to_int_conversion#06 (0.00s)
    --- PASS: TestSpellSchool_TypeConversion/Int_to_school_conversion#06 (0.00s)
    --- PASS: TestSpellSchool_TypeConversion/School_to_int_conversion#07 (0.00s)
    --- PASS: TestSpellSchool_TypeConversion/Int_to_school_conversion#07 (0.00s)
=== RUN   TestSpellComponent_TypeConversion
=== RUN   TestSpellComponent_TypeConversion/Component_to_int_conversion
=== RUN   TestSpellComponent_TypeConversion/Int_to_component_conversion
=== RUN   TestSpellComponent_TypeConversion/Component_to_int_conversion#01
=== RUN   TestSpellComponent_TypeConversion/Int_to_component_conversion#01
=== RUN   TestSpellComponent_TypeConversion/Component_to_int_conversion#02
=== RUN   TestSpellComponent_TypeConversion/Int_to_component_conversion#02
--- PASS: TestSpellComponent_TypeConversion (0.00s)
    --- PASS: TestSpellComponent_TypeConversion/Component_to_int_conversion (0.00s)
    --- PASS: TestSpellComponent_TypeConversion/Int_to_component_conversion (0.00s)
    --- PASS: TestSpellComponent_TypeConversion/Component_to_int_conversion#01 (0.00s)
    --- PASS: TestSpellComponent_TypeConversion/Int_to_component_conversion#01 (0.00s)
    --- PASS: TestSpellComponent_TypeConversion/Component_to_int_conversion#02 (0.00s)
    --- PASS: TestSpellComponent_TypeConversion/Int_to_component_conversion#02 (0.00s)
=== RUN   TestTileType_Constants
=== RUN   TestTileType_Constants/TileFloor_has_value_0
=== RUN   TestTileType_Constants/TileWall_has_value_1
=== RUN   TestTileType_Constants/TileDoor_has_value_2
=== RUN   TestTileType_Constants/TileWater_has_value_3
=== RUN   TestTileType_Constants/TileLava_has_value_4
=== RUN   TestTileType_Constants/TilePit_has_value_5
=== RUN   TestTileType_Constants/TileStairs_has_value_6
--- PASS: TestTileType_Constants (0.00s)
    --- PASS: TestTileType_Constants/TileFloor_has_value_0 (0.00s)
    --- PASS: TestTileType_Constants/TileWall_has_value_1 (0.00s)
    --- PASS: TestTileType_Constants/TileDoor_has_value_2 (0.00s)
    --- PASS: TestTileType_Constants/TileWater_has_value_3 (0.00s)
    --- PASS: TestTileType_Constants/TileLava_has_value_4 (0.00s)
    --- PASS: TestTileType_Constants/TilePit_has_value_5 (0.00s)
    --- PASS: TestTileType_Constants/TileStairs_has_value_6 (0.00s)
=== RUN   TestRGB_StructFields
=== RUN   TestRGB_StructFields/RGB_with_zero_values
=== RUN   TestRGB_StructFields/RGB_with_max_values
=== RUN   TestRGB_StructFields/RGB_with_mixed_values
--- PASS: TestRGB_StructFields (0.00s)
    --- PASS: TestRGB_StructFields/RGB_with_zero_values (0.00s)
    --- PASS: TestRGB_StructFields/RGB_with_max_values (0.00s)
    --- PASS: TestRGB_StructFields/RGB_with_mixed_values (0.00s)
=== RUN   TestRGB_DefaultValues
--- PASS: TestRGB_DefaultValues (0.00s)
=== RUN   TestTile_StructFields
--- PASS: TestTile_StructFields (0.00s)
=== RUN   TestTile_DefaultValues
--- PASS: TestTile_DefaultValues (0.00s)
=== RUN   TestNewFloorTile
--- PASS: TestNewFloorTile (0.00s)
=== RUN   TestNewWallTile
--- PASS: TestNewWallTile (0.00s)
=== RUN   TestNewFloorTile_PropertiesModification
--- PASS: TestNewFloorTile_PropertiesModification (0.00s)
=== RUN   TestNewWallTile_PropertiesModification
--- PASS: TestNewWallTile_PropertiesModification (0.00s)
=== RUN   TestTileConstructors_Independence
--- PASS: TestTileConstructors_Independence (0.00s)
=== RUN   TestTile_DangerousConfiguration
=== RUN   TestTile_DangerousConfiguration/Lava_tile_with_fire_damage
=== RUN   TestTile_DangerousConfiguration/Safe_floor_tile
=== RUN   TestTile_DangerousConfiguration/Dangerous_tile_with_zero_damage
=== RUN   TestTile_DangerousConfiguration/Non-dangerous_tile_with_damage_configured
--- PASS: TestTile_DangerousConfiguration (0.00s)
    --- PASS: TestTile_DangerousConfiguration/Lava_tile_with_fire_damage (0.00s)
    --- PASS: TestTile_DangerousConfiguration/Safe_floor_tile (0.00s)
    --- PASS: TestTile_DangerousConfiguration/Dangerous_tile_with_zero_damage (0.00s)
    --- PASS: TestTile_DangerousConfiguration/Non-dangerous_tile_with_damage_configured (0.00s)
=== RUN   TestDirection_Constants
=== RUN   TestDirection_Constants/North_direction
=== RUN   TestDirection_Constants/East_direction
=== RUN   TestDirection_Constants/South_direction
=== RUN   TestDirection_Constants/West_direction
--- PASS: TestDirection_Constants (0.00s)
    --- PASS: TestDirection_Constants/North_direction (0.00s)
    --- PASS: TestDirection_Constants/East_direction (0.00s)
    --- PASS: TestDirection_Constants/South_direction (0.00s)
    --- PASS: TestDirection_Constants/West_direction (0.00s)
=== RUN   TestDirection_LegacyConstants
=== RUN   TestDirection_LegacyConstants/North_legacy
=== RUN   TestDirection_LegacyConstants/East_legacy
=== RUN   TestDirection_LegacyConstants/South_legacy
=== RUN   TestDirection_LegacyConstants/West_legacy
--- PASS: TestDirection_LegacyConstants (0.00s)
    --- PASS: TestDirection_LegacyConstants/North_legacy (0.00s)
    --- PASS: TestDirection_LegacyConstants/East_legacy (0.00s)
    --- PASS: TestDirection_LegacyConstants/South_legacy (0.00s)
    --- PASS: TestDirection_LegacyConstants/West_legacy (0.00s)
=== RUN   TestPosition_Creation
=== RUN   TestPosition_Creation/Origin_position
=== RUN   TestPosition_Creation/Positive_coordinates
=== RUN   TestPosition_Creation/Negative_coordinates
=== RUN   TestPosition_Creation/Mixed_coordinates
--- PASS: TestPosition_Creation (0.00s)
    --- PASS: TestPosition_Creation/Origin_position (0.00s)
    --- PASS: TestPosition_Creation/Positive_coordinates (0.00s)
    --- PASS: TestPosition_Creation/Negative_coordinates (0.00s)
    --- PASS: TestPosition_Creation/Mixed_coordinates (0.00s)
=== RUN   TestPosition_YAMLTags
=== RUN   TestPosition_YAMLTags/X
=== RUN   TestPosition_YAMLTags/Y
=== RUN   TestPosition_YAMLTags/Level
=== RUN   TestPosition_YAMLTags/Facing
--- PASS: TestPosition_YAMLTags (0.00s)
    --- PASS: TestPosition_YAMLTags/X (0.00s)
    --- PASS: TestPosition_YAMLTags/Y (0.00s)
    --- PASS: TestPosition_YAMLTags/Level (0.00s)
    --- PASS: TestPosition_YAMLTags/Facing (0.00s)
=== RUN   TestDirectionConfig_Creation
=== RUN   TestDirectionConfig_Creation/North_config
=== RUN   TestDirectionConfig_Creation/East_config
=== RUN   TestDirectionConfig_Creation/South_config
=== RUN   TestDirectionConfig_Creation/West_config
--- PASS: TestDirectionConfig_Creation (0.00s)
    --- PASS: TestDirectionConfig_Creation/North_config (0.00s)
    --- PASS: TestDirectionConfig_Creation/East_config (0.00s)
    --- PASS: TestDirectionConfig_Creation/South_config (0.00s)
    --- PASS: TestDirectionConfig_Creation/West_config (0.00s)
=== RUN   TestDirectionConfig_YAMLTags
=== RUN   TestDirectionConfig_YAMLTags/Value
=== RUN   TestDirectionConfig_YAMLTags/Name
=== RUN   TestDirectionConfig_YAMLTags/DegreeAngle
--- PASS: TestDirectionConfig_YAMLTags (0.00s)
    --- PASS: TestDirectionConfig_YAMLTags/Value (0.00s)
    --- PASS: TestDirectionConfig_YAMLTags/Name (0.00s)
    --- PASS: TestDirectionConfig_YAMLTags/DegreeAngle (0.00s)
=== RUN   TestDirection_TypeProperties
=== RUN   TestDirection_TypeProperties/Direction_type_is_integer
=== RUN   TestDirection_TypeProperties/Direction_values_are_sequential
--- PASS: TestDirection_TypeProperties (0.00s)
    --- PASS: TestDirection_TypeProperties/Direction_type_is_integer (0.00s)
    --- PASS: TestDirection_TypeProperties/Direction_values_are_sequential (0.00s)
=== RUN   TestGameObject_Interface
=== RUN   TestGameObject_Interface/GameObject_has_all_required_methods
=== RUN   TestGameObject_Interface/GameObject_method_count
--- PASS: TestGameObject_Interface (0.00s)
    --- PASS: TestGameObject_Interface/GameObject_has_all_required_methods (0.00s)
    --- PASS: TestGameObject_Interface/GameObject_method_count (0.00s)
=== RUN   TestGameObject_MethodSignatures
=== RUN   TestGameObject_MethodSignatures/GetID
=== RUN   TestGameObject_MethodSignatures/GetName
=== RUN   TestGameObject_MethodSignatures/GetDescription
=== RUN   TestGameObject_MethodSignatures/GetPosition
=== RUN   TestGameObject_MethodSignatures/SetPosition
=== RUN   TestGameObject_MethodSignatures/IsActive
=== RUN   TestGameObject_MethodSignatures/GetTags
=== RUN   TestGameObject_MethodSignatures/ToJSON
=== RUN   TestGameObject_MethodSignatures/FromJSON
=== RUN   TestGameObject_MethodSignatures/GetHealth
=== RUN   TestGameObject_MethodSignatures/SetHealth
=== RUN   TestGameObject_MethodSignatures/IsObstacle
--- PASS: TestGameObject_MethodSignatures (0.00s)
    --- PASS: TestGameObject_MethodSignatures/GetID (0.00s)
    --- PASS: TestGameObject_MethodSignatures/GetName (0.00s)
    --- PASS: TestGameObject_MethodSignatures/GetDescription (0.00s)
    --- PASS: TestGameObject_MethodSignatures/GetPosition (0.00s)
    --- PASS: TestGameObject_MethodSignatures/SetPosition (0.00s)
    --- PASS: TestGameObject_MethodSignatures/IsActive (0.00s)
    --- PASS: TestGameObject_MethodSignatures/GetTags (0.00s)
    --- PASS: TestGameObject_MethodSignatures/ToJSON (0.00s)
    --- PASS: TestGameObject_MethodSignatures/FromJSON (0.00s)
    --- PASS: TestGameObject_MethodSignatures/GetHealth (0.00s)
    --- PASS: TestGameObject_MethodSignatures/SetHealth (0.00s)
    --- PASS: TestGameObject_MethodSignatures/IsObstacle (0.00s)
=== RUN   TestPosition_EdgeCases
=== RUN   TestPosition_EdgeCases/Maximum_int_values
=== RUN   TestPosition_EdgeCases/Minimum_int_values
=== RUN   TestPosition_EdgeCases/Zero_values
--- PASS: TestPosition_EdgeCases (0.00s)
    --- PASS: TestPosition_EdgeCases/Maximum_int_values (0.00s)
    --- PASS: TestPosition_EdgeCases/Minimum_int_values (0.00s)
    --- PASS: TestPosition_EdgeCases/Zero_values (0.00s)
=== RUN   TestDirectionConfig_EdgeCases
=== RUN   TestDirectionConfig_EdgeCases/Empty_name
=== RUN   TestDirectionConfig_EdgeCases/Large_angle
=== RUN   TestDirectionConfig_EdgeCases/Negative_angle
=== RUN   TestDirectionConfig_EdgeCases/Long_name
--- PASS: TestDirectionConfig_EdgeCases (0.00s)
    --- PASS: TestDirectionConfig_EdgeCases/Empty_name (0.00s)
    --- PASS: TestDirectionConfig_EdgeCases/Large_angle (0.00s)
    --- PASS: TestDirectionConfig_EdgeCases/Negative_angle (0.00s)
    --- PASS: TestDirectionConfig_EdgeCases/Long_name (0.00s)
=== RUN   TestDirection_JSONSerialization
=== RUN   TestDirection_JSONSerialization/North_direction
=== RUN   TestDirection_JSONSerialization/East_direction
=== RUN   TestDirection_JSONSerialization/South_direction
=== RUN   TestDirection_JSONSerialization/West_direction
--- PASS: TestDirection_JSONSerialization (0.00s)
    --- PASS: TestDirection_JSONSerialization/North_direction (0.00s)
    --- PASS: TestDirection_JSONSerialization/East_direction (0.00s)
    --- PASS: TestDirection_JSONSerialization/South_direction (0.00s)
    --- PASS: TestDirection_JSONSerialization/West_direction (0.00s)
=== RUN   TestPosition_JSONSerialization
=== RUN   TestPosition_JSONSerialization/Basic_position
=== RUN   TestPosition_JSONSerialization/Zero_position
=== RUN   TestPosition_JSONSerialization/Negative_position
--- PASS: TestPosition_JSONSerialization (0.00s)
    --- PASS: TestPosition_JSONSerialization/Basic_position (0.00s)
    --- PASS: TestPosition_JSONSerialization/Zero_position (0.00s)
    --- PASS: TestPosition_JSONSerialization/Negative_position (0.00s)
=== RUN   TestNewUID
=== RUN   TestNewUID/GeneratesUniqueIdentifiers
=== RUN   TestNewUID/ReturnsCorrectFormat
=== RUN   TestNewUID/GeneratesNonEmptyUID
--- PASS: TestNewUID (0.00s)
    --- PASS: TestNewUID/GeneratesUniqueIdentifiers (0.00s)
    --- PASS: TestNewUID/ReturnsCorrectFormat (0.00s)
    --- PASS: TestNewUID/GeneratesNonEmptyUID (0.00s)
=== RUN   TestIsValidPosition
=== RUN   TestIsValidPosition/ValidPositionAllPositive
=== RUN   TestIsValidPosition/ValidPositionZeroValues
=== RUN   TestIsValidPosition/InvalidPositionNegativeX
=== RUN   TestIsValidPosition/InvalidPositionNegativeY
=== RUN   TestIsValidPosition/InvalidPositionNegativeLevel
=== RUN   TestIsValidPosition/InvalidPositionAllNegative
=== RUN   TestIsValidPosition/ValidPositionLargeValues
--- PASS: TestIsValidPosition (0.00s)
    --- PASS: TestIsValidPosition/ValidPositionAllPositive (0.00s)
    --- PASS: TestIsValidPosition/ValidPositionZeroValues (0.00s)
    --- PASS: TestIsValidPosition/InvalidPositionNegativeX (0.00s)
    --- PASS: TestIsValidPosition/InvalidPositionNegativeY (0.00s)
    --- PASS: TestIsValidPosition/InvalidPositionNegativeLevel (0.00s)
    --- PASS: TestIsValidPosition/InvalidPositionAllNegative (0.00s)
    --- PASS: TestIsValidPosition/ValidPositionLargeValues (0.00s)
=== RUN   TestCalculateLevel
=== RUN   TestCalculateLevel/Level1_MinimumExperience
=== RUN   TestCalculateLevel/Level1_MaximumExperience
=== RUN   TestCalculateLevel/Level2_MinimumExperience
=== RUN   TestCalculateLevel/Level2_MaximumExperience
=== RUN   TestCalculateLevel/Level3_MinimumExperience
=== RUN   TestCalculateLevel/Level4_MinimumExperience
=== RUN   TestCalculateLevel/Level5_MinimumExperience
=== RUN   TestCalculateLevel/Level6_MinimumExperience
=== RUN   TestCalculateLevel/Level7_MinimumExperience
=== RUN   TestCalculateLevel/MaxLevel_HighExperience
=== RUN   TestCalculateLevel/NegativeExperience_ReturnsLevel0
=== RUN   TestCalculateLevel/BoundaryTest_JustBelowLevel2
=== RUN   TestCalculateLevel/BoundaryTest_ExactlyLevel2
--- PASS: TestCalculateLevel (0.00s)
    --- PASS: TestCalculateLevel/Level1_MinimumExperience (0.00s)
    --- PASS: TestCalculateLevel/Level1_MaximumExperience (0.00s)
    --- PASS: TestCalculateLevel/Level2_MinimumExperience (0.00s)
    --- PASS: TestCalculateLevel/Level2_MaximumExperience (0.00s)
    --- PASS: TestCalculateLevel/Level3_MinimumExperience (0.00s)
    --- PASS: TestCalculateLevel/Level4_MinimumExperience (0.00s)
    --- PASS: TestCalculateLevel/Level5_MinimumExperience (0.00s)
    --- PASS: TestCalculateLevel/Level6_MinimumExperience (0.00s)
    --- PASS: TestCalculateLevel/Level7_MinimumExperience (0.00s)
    --- PASS: TestCalculateLevel/MaxLevel_HighExperience (0.00s)
    --- PASS: TestCalculateLevel/NegativeExperience_ReturnsLevel0 (0.00s)
    --- PASS: TestCalculateLevel/BoundaryTest_JustBelowLevel2 (0.00s)
    --- PASS: TestCalculateLevel/BoundaryTest_ExactlyLevel2 (0.00s)
=== RUN   TestCalculateHealthGain
=== RUN   TestCalculateHealthGain/Fighter_AverageConstitution
=== RUN   TestCalculateHealthGain/Fighter_HighConstitution
=== RUN   TestCalculateHealthGain/Fighter_LowConstitution
=== RUN   TestCalculateHealthGain/Mage_AverageConstitution
=== RUN   TestCalculateHealthGain/Mage_HighConstitution
=== RUN   TestCalculateHealthGain/Mage_LowConstitution
=== RUN   TestCalculateHealthGain/Cleric_AverageConstitution
=== RUN   TestCalculateHealthGain/Thief_AverageConstitution
=== RUN   TestCalculateHealthGain/Ranger_AverageConstitution
=== RUN   TestCalculateHealthGain/Paladin_AverageConstitution
=== RUN   TestCalculateHealthGain/Paladin_VeryHighConstitution
=== RUN   TestCalculateHealthGain/Thief_VeryLowConstitution
--- PASS: TestCalculateHealthGain (0.00s)
    --- PASS: TestCalculateHealthGain/Fighter_AverageConstitution (0.00s)
    --- PASS: TestCalculateHealthGain/Fighter_HighConstitution (0.00s)
    --- PASS: TestCalculateHealthGain/Fighter_LowConstitution (0.00s)
    --- PASS: TestCalculateHealthGain/Mage_AverageConstitution (0.00s)
    --- PASS: TestCalculateHealthGain/Mage_HighConstitution (0.00s)
    --- PASS: TestCalculateHealthGain/Mage_LowConstitution (0.00s)
    --- PASS: TestCalculateHealthGain/Cleric_AverageConstitution (0.00s)
    --- PASS: TestCalculateHealthGain/Thief_AverageConstitution (0.00s)
    --- PASS: TestCalculateHealthGain/Ranger_AverageConstitution (0.00s)
    --- PASS: TestCalculateHealthGain/Paladin_AverageConstitution (0.00s)
    --- PASS: TestCalculateHealthGain/Paladin_VeryHighConstitution (0.00s)
    --- PASS: TestCalculateHealthGain/Thief_VeryLowConstitution (0.00s)
=== RUN   TestCalculateHealthGain_AllClasses
=== RUN   TestCalculateHealthGain_AllClasses/Class_Fighter
=== RUN   TestCalculateHealthGain_AllClasses/Class_Mage
=== RUN   TestCalculateHealthGain_AllClasses/Class_Cleric
=== RUN   TestCalculateHealthGain_AllClasses/Class_Thief
=== RUN   TestCalculateHealthGain_AllClasses/Class_Ranger
=== RUN   TestCalculateHealthGain_AllClasses/Class_Paladin
--- PASS: TestCalculateHealthGain_AllClasses (0.00s)
    --- PASS: TestCalculateHealthGain_AllClasses/Class_Fighter (0.00s)
    --- PASS: TestCalculateHealthGain_AllClasses/Class_Mage (0.00s)
    --- PASS: TestCalculateHealthGain_AllClasses/Class_Cleric (0.00s)
    --- PASS: TestCalculateHealthGain_AllClasses/Class_Thief (0.00s)
    --- PASS: TestCalculateHealthGain_AllClasses/Class_Ranger (0.00s)
    --- PASS: TestCalculateHealthGain_AllClasses/Class_Paladin (0.00s)
=== RUN   TestWorld_SpatialIndexingIntegration
--- PASS: TestWorld_SpatialIndexingIntegration (0.00s)
=== RUN   TestWorld_SpatialIndexingFallback
--- PASS: TestWorld_SpatialIndexingFallback (0.00s)
=== RUN   TestWorld_SpatialIndexingClone
--- PASS: TestWorld_SpatialIndexingClone (0.00s)
=== RUN   TestWorld_LegacyCompatibility
--- PASS: TestWorld_LegacyCompatibility (0.00s)
=== RUN   TestNewWorld
--- PASS: TestNewWorld (0.00s)
=== RUN   TestWorld_AddObject
=== RUN   TestWorld_AddObject/Add_new_player
=== RUN   TestWorld_AddObject/Add_NPC
=== RUN   TestWorld_AddObject/Add_duplicate_object
--- PASS: TestWorld_AddObject (0.00s)
    --- PASS: TestWorld_AddObject/Add_new_player (0.00s)
    --- PASS: TestWorld_AddObject/Add_NPC (0.00s)
    --- PASS: TestWorld_AddObject/Add_duplicate_object (0.00s)
=== RUN   TestWorld_GetObjectsAt
=== RUN   TestWorld_GetObjectsAt/Empty_position
=== RUN   TestWorld_GetObjectsAt/Position_with_objects
=== RUN   TestWorld_GetObjectsAt/Different_position
--- PASS: TestWorld_GetObjectsAt (0.00s)
    --- PASS: TestWorld_GetObjectsAt/Empty_position (0.00s)
    --- PASS: TestWorld_GetObjectsAt/Position_with_objects (0.00s)
    --- PASS: TestWorld_GetObjectsAt/Different_position (0.00s)
=== RUN   TestWorld_isPositionWithinBounds
=== RUN   TestWorld_isPositionWithinBounds/Valid_position_(0,0)
=== RUN   TestWorld_isPositionWithinBounds/Valid_position_(5,5)
=== RUN   TestWorld_isPositionWithinBounds/Valid_position_(9,9)
=== RUN   TestWorld_isPositionWithinBounds/Invalid_position_-_negative_X
=== RUN   TestWorld_isPositionWithinBounds/Invalid_position_-_negative_Y
=== RUN   TestWorld_isPositionWithinBounds/Invalid_position_-_X_too_large
=== RUN   TestWorld_isPositionWithinBounds/Invalid_position_-_Y_too_large
=== RUN   TestWorld_isPositionWithinBounds/Invalid_position_-_both_out_of_bounds
--- PASS: TestWorld_isPositionWithinBounds (0.00s)
    --- PASS: TestWorld_isPositionWithinBounds/Valid_position_(0,0) (0.00s)
    --- PASS: TestWorld_isPositionWithinBounds/Valid_position_(5,5) (0.00s)
    --- PASS: TestWorld_isPositionWithinBounds/Valid_position_(9,9) (0.00s)
    --- PASS: TestWorld_isPositionWithinBounds/Invalid_position_-_negative_X (0.00s)
    --- PASS: TestWorld_isPositionWithinBounds/Invalid_position_-_negative_Y (0.00s)
    --- PASS: TestWorld_isPositionWithinBounds/Invalid_position_-_X_too_large (0.00s)
    --- PASS: TestWorld_isPositionWithinBounds/Invalid_position_-_Y_too_large (0.00s)
    --- PASS: TestWorld_isPositionWithinBounds/Invalid_position_-_both_out_of_bounds (0.00s)
=== RUN   TestWorld_ValidateMove
=== RUN   TestWorld_ValidateMove/Valid_move_within_bounds
=== RUN   TestWorld_ValidateMove/Invalid_move_-_out_of_bounds_(negative)
=== RUN   TestWorld_ValidateMove/Invalid_move_-_out_of_bounds_(too_large)
=== RUN   TestWorld_ValidateMove/Invalid_move_-_position_occupied_by_obstacle
=== RUN   TestWorld_ValidateMove/Valid_move_to_edge_position
=== RUN   TestWorld_ValidateMove/Valid_move_to_opposite_edge
--- PASS: TestWorld_ValidateMove (0.00s)
    --- PASS: TestWorld_ValidateMove/Valid_move_within_bounds (0.00s)
    --- PASS: TestWorld_ValidateMove/Invalid_move_-_out_of_bounds_(negative) (0.00s)
    --- PASS: TestWorld_ValidateMove/Invalid_move_-_out_of_bounds_(too_large) (0.00s)
    --- PASS: TestWorld_ValidateMove/Invalid_move_-_position_occupied_by_obstacle (0.00s)
    --- PASS: TestWorld_ValidateMove/Valid_move_to_edge_position (0.00s)
    --- PASS: TestWorld_ValidateMove/Valid_move_to_opposite_edge (0.00s)
=== RUN   TestWorld_Clone
--- PASS: TestWorld_Clone (0.00s)
=== RUN   TestWorld_Update
=== RUN   TestWorld_Update/Update_objects
=== RUN   TestWorld_Update/Update_players
=== RUN   TestWorld_Update/Update_NPCs
=== RUN   TestWorld_Update/Update_current_time
=== RUN   TestWorld_Update/Invalid_update_key
=== RUN   TestWorld_Update/Multiple_valid_updates
--- PASS: TestWorld_Update (0.00s)
    --- PASS: TestWorld_Update/Update_objects (0.00s)
    --- PASS: TestWorld_Update/Update_players (0.00s)
    --- PASS: TestWorld_Update/Update_NPCs (0.00s)
    --- PASS: TestWorld_Update/Update_current_time (0.00s)
    --- PASS: TestWorld_Update/Invalid_update_key (0.00s)
    --- PASS: TestWorld_Update/Multiple_valid_updates (0.00s)
=== RUN   TestWorld_Update_SpatialIndexIntegration
--- PASS: TestWorld_Update_SpatialIndexIntegration (0.00s)
=== RUN   TestWorld_Serialize
--- PASS: TestWorld_Serialize (0.00s)
=== RUN   TestGameTime_GetCombatTurn
=== RUN   TestGameTime_GetCombatTurn/Zero_GameTicks_Returns_Round0_Index0
=== RUN   TestGameTime_GetCombatTurn/SingleTurn_GameTicks_Returns_Round0_Index0
=== RUN   TestGameTime_GetCombatTurn/OneTurnComplete_GameTicks_Returns_Round0_Index1
=== RUN   TestGameTime_GetCombatTurn/FiveTurns_GameTicks_Returns_Round0_Index5
=== RUN   TestGameTime_GetCombatTurn/SixTurns_GameTicks_Returns_Round1_Index0
=== RUN   TestGameTime_GetCombatTurn/SevenTurns_GameTicks_Returns_Round1_Index1
=== RUN   TestGameTime_GetCombatTurn/LargeGameTicks_Returns_CorrectRoundAndIndex
--- PASS: TestGameTime_GetCombatTurn (0.00s)
    --- PASS: TestGameTime_GetCombatTurn/Zero_GameTicks_Returns_Round0_Index0 (0.00s)
    --- PASS: TestGameTime_GetCombatTurn/SingleTurn_GameTicks_Returns_Round0_Index0 (0.00s)
    --- PASS: TestGameTime_GetCombatTurn/OneTurnComplete_GameTicks_Returns_Round0_Index1 (0.00s)
    --- PASS: TestGameTime_GetCombatTurn/FiveTurns_GameTicks_Returns_Round0_Index5 (0.00s)
    --- PASS: TestGameTime_GetCombatTurn/SixTurns_GameTicks_Returns_Round1_Index0 (0.00s)
    --- PASS: TestGameTime_GetCombatTurn/SevenTurns_GameTicks_Returns_Round1_Index1 (0.00s)
    --- PASS: TestGameTime_GetCombatTurn/LargeGameTicks_Returns_CorrectRoundAndIndex (0.00s)
=== RUN   TestGameTime_IsSameTurn
=== RUN   TestGameTime_IsSameTurn/SameGameTicks_ReturnTrue
=== RUN   TestGameTime_IsSameTurn/SameTurnDifferentTicks_ReturnTrue
=== RUN   TestGameTime_IsSameTurn/DifferentTurns_ReturnFalse
=== RUN   TestGameTime_IsSameTurn/SameRoundSameTurn_ReturnTrue
=== RUN   TestGameTime_IsSameTurn/SameRoundDifferentTurn_ReturnFalse
=== RUN   TestGameTime_IsSameTurn/DifferentRoundsSameTurnIndex_ReturnFalse
=== RUN   TestGameTime_IsSameTurn/LargeTicksSameValues_ReturnTrue
--- PASS: TestGameTime_IsSameTurn (0.00s)
    --- PASS: TestGameTime_IsSameTurn/SameGameTicks_ReturnTrue (0.00s)
    --- PASS: TestGameTime_IsSameTurn/SameTurnDifferentTicks_ReturnTrue (0.00s)
    --- PASS: TestGameTime_IsSameTurn/DifferentTurns_ReturnFalse (0.00s)
    --- PASS: TestGameTime_IsSameTurn/SameRoundSameTurn_ReturnTrue (0.00s)
    --- PASS: TestGameTime_IsSameTurn/SameRoundDifferentTurn_ReturnFalse (0.00s)
    --- PASS: TestGameTime_IsSameTurn/DifferentRoundsSameTurnIndex_ReturnFalse (0.00s)
    --- PASS: TestGameTime_IsSameTurn/LargeTicksSameValues_ReturnTrue (0.00s)
=== RUN   TestGameTime_IsSameTurn_Symmetry
=== RUN   TestGameTime_IsSameTurn_Symmetry/ZeroTicks
=== RUN   TestGameTime_IsSameTurn_Symmetry/SameTurn
=== RUN   TestGameTime_IsSameTurn_Symmetry/DifferentTurn
=== RUN   TestGameTime_IsSameTurn_Symmetry/LargeValues
--- PASS: TestGameTime_IsSameTurn_Symmetry (0.00s)
    --- PASS: TestGameTime_IsSameTurn_Symmetry/ZeroTicks (0.00s)
    --- PASS: TestGameTime_IsSameTurn_Symmetry/SameTurn (0.00s)
    --- PASS: TestGameTime_IsSameTurn_Symmetry/DifferentTurn (0.00s)
    --- PASS: TestGameTime_IsSameTurn_Symmetry/LargeValues (0.00s)
=== RUN   TestLevel_StructFieldsInitialization
=== RUN   TestLevel_StructFieldsInitialization/EmptyLevel_InitializedCorrectly
=== RUN   TestLevel_StructFieldsInitialization/PopulatedLevel_InitializedCorrectly
--- PASS: TestLevel_StructFieldsInitialization (0.00s)
    --- PASS: TestLevel_StructFieldsInitialization/EmptyLevel_InitializedCorrectly (0.00s)
    --- PASS: TestLevel_StructFieldsInitialization/PopulatedLevel_InitializedCorrectly (0.00s)
=== RUN   TestGameTime_StructFieldsInitialization
=== RUN   TestGameTime_StructFieldsInitialization/ZeroGameTime_InitializedCorrectly
=== RUN   TestGameTime_StructFieldsInitialization/PopulatedGameTime_InitializedCorrectly
--- PASS: TestGameTime_StructFieldsInitialization (0.00s)
    --- PASS: TestGameTime_StructFieldsInitialization/ZeroGameTime_InitializedCorrectly (0.00s)
    --- PASS: TestGameTime_StructFieldsInitialization/PopulatedGameTime_InitializedCorrectly (0.00s)
=== RUN   TestNPC_StructFieldsInitialization
=== RUN   TestNPC_StructFieldsInitialization/EmptyNPC_InitializedCorrectly
=== RUN   TestNPC_StructFieldsInitialization/PopulatedNPC_InitializedCorrectly
--- PASS: TestNPC_StructFieldsInitialization (0.00s)
    --- PASS: TestNPC_StructFieldsInitialization/EmptyNPC_InitializedCorrectly (0.00s)
    --- PASS: TestNPC_StructFieldsInitialization/PopulatedNPC_InitializedCorrectly (0.00s)
=== RUN   TestDialogEntry_StructFieldsInitialization
=== RUN   TestDialogEntry_StructFieldsInitialization/EmptyDialogEntry_InitializedCorrectly
=== RUN   TestDialogEntry_StructFieldsInitialization/PopulatedDialogEntry_InitializedCorrectly
--- PASS: TestDialogEntry_StructFieldsInitialization (0.00s)
    --- PASS: TestDialogEntry_StructFieldsInitialization/EmptyDialogEntry_InitializedCorrectly (0.00s)
    --- PASS: TestDialogEntry_StructFieldsInitialization/PopulatedDialogEntry_InitializedCorrectly (0.00s)
=== RUN   TestDialogResponse_StructFieldsInitialization
=== RUN   TestDialogResponse_StructFieldsInitialization/EmptyDialogResponse_InitializedCorrectly
=== RUN   TestDialogResponse_StructFieldsInitialization/PopulatedDialogResponse_InitializedCorrectly
--- PASS: TestDialogResponse_StructFieldsInitialization (0.00s)
    --- PASS: TestDialogResponse_StructFieldsInitialization/EmptyDialogResponse_InitializedCorrectly (0.00s)
    --- PASS: TestDialogResponse_StructFieldsInitialization/PopulatedDialogResponse_InitializedCorrectly (0.00s)
=== RUN   TestDialogCondition_StructFieldsInitialization
=== RUN   TestDialogCondition_StructFieldsInitialization/EmptyDialogCondition_InitializedCorrectly
=== RUN   TestDialogCondition_StructFieldsInitialization/PopulatedDialogCondition_InitializedCorrectly
=== RUN   TestDialogCondition_StructFieldsInitialization/NumericValueDialogCondition_InitializedCorrectly
=== RUN   TestDialogCondition_StructFieldsInitialization/BooleanValueDialogCondition_InitializedCorrectly
--- PASS: TestDialogCondition_StructFieldsInitialization (0.00s)
    --- PASS: TestDialogCondition_StructFieldsInitialization/EmptyDialogCondition_InitializedCorrectly (0.00s)
    --- PASS: TestDialogCondition_StructFieldsInitialization/PopulatedDialogCondition_InitializedCorrectly (0.00s)
    --- PASS: TestDialogCondition_StructFieldsInitialization/NumericValueDialogCondition_InitializedCorrectly (0.00s)
    --- PASS: TestDialogCondition_StructFieldsInitialization/BooleanValueDialogCondition_InitializedCorrectly (0.00s)
=== RUN   TestLootEntry_StructFieldsInitialization
=== RUN   TestLootEntry_StructFieldsInitialization/EmptyLootEntry_InitializedCorrectly
=== RUN   TestLootEntry_StructFieldsInitialization/PopulatedLootEntry_InitializedCorrectly
=== RUN   TestLootEntry_StructFieldsInitialization/ZeroChanceLootEntry_InitializedCorrectly
=== RUN   TestLootEntry_StructFieldsInitialization/GuaranteedLootEntry_InitializedCorrectly
--- PASS: TestLootEntry_StructFieldsInitialization (0.00s)
    --- PASS: TestLootEntry_StructFieldsInitialization/EmptyLootEntry_InitializedCorrectly (0.00s)
    --- PASS: TestLootEntry_StructFieldsInitialization/PopulatedLootEntry_InitializedCorrectly (0.00s)
    --- PASS: TestLootEntry_StructFieldsInitialization/ZeroChanceLootEntry_InitializedCorrectly (0.00s)
    --- PASS: TestLootEntry_StructFieldsInitialization/GuaranteedLootEntry_InitializedCorrectly (0.00s)
PASS
ok  	goldbox-rpg/pkg/game	(cached)
=== RUN   TestNewGenerationMetrics
--- PASS: TestNewGenerationMetrics (0.00s)
=== RUN   TestRecordGeneration
--- PASS: TestRecordGeneration (0.00s)
=== RUN   TestRecordGenerationAveraging
--- PASS: TestRecordGenerationAveraging (0.00s)
=== RUN   TestRecordError
--- PASS: TestRecordError (0.00s)
=== RUN   TestCacheMetrics
--- PASS: TestCacheMetrics (0.00s)
=== RUN   TestGetStats
--- PASS: TestGetStats (0.00s)
=== RUN   TestReset
--- PASS: TestReset (0.00s)
=== RUN   TestConcurrency
--- PASS: TestConcurrency (0.00s)
=== RUN   TestGettersWithEmptyMetrics
--- PASS: TestGettersWithEmptyMetrics (0.00s)
=== RUN   TestMultipleContentTypes
--- PASS: TestMultipleContentTypes (0.00s)
PASS
ok  	goldbox-rpg/pkg/pcg	(cached)
?   	goldbox-rpg/pkg/pcg/levels/demo	[no test files]
=== RUN   TestNewEnchantmentSystem
--- PASS: TestNewEnchantmentSystem (0.00s)
=== RUN   TestEnchantmentSetSeed
--- PASS: TestEnchantmentSetSeed (0.00s)
=== RUN   TestApplyEnchantments
=== RUN   TestApplyEnchantments/weapon_with_common_rarity
=== RUN   TestApplyEnchantments/armor_with_uncommon_rarity
=== RUN   TestApplyEnchantments/weapon_with_legendary_rarity
=== RUN   TestApplyEnchantments/nil_random_generator
--- PASS: TestApplyEnchantments (0.00s)
    --- PASS: TestApplyEnchantments/weapon_with_common_rarity (0.00s)
    --- PASS: TestApplyEnchantments/armor_with_uncommon_rarity (0.00s)
    --- PASS: TestApplyEnchantments/weapon_with_legendary_rarity (0.00s)
    --- PASS: TestApplyEnchantments/nil_random_generator (0.00s)
=== RUN   TestGetAvailableEnchantments
=== RUN   TestGetAvailableEnchantments/weapon_enchantments
=== RUN   TestGetAvailableEnchantments/armor_enchantments
=== RUN   TestGetAvailableEnchantments/low_level_range
=== RUN   TestGetAvailableEnchantments/high_level_range
--- PASS: TestGetAvailableEnchantments (0.00s)
    --- PASS: TestGetAvailableEnchantments/weapon_enchantments (0.00s)
    --- PASS: TestGetAvailableEnchantments/armor_enchantments (0.00s)
    --- PASS: TestGetAvailableEnchantments/low_level_range (0.00s)
    --- PASS: TestGetAvailableEnchantments/high_level_range (0.00s)
=== RUN   TestApplyWeaponBonus
--- PASS: TestApplyWeaponBonus (0.00s)
=== RUN   TestApplyArmorBonus
--- PASS: TestApplyArmorBonus (0.00s)
=== RUN   TestApplyDamageType
--- PASS: TestApplyDamageType (0.00s)
=== RUN   TestApplyResistance
--- PASS: TestApplyResistance (0.00s)
=== RUN   TestIsEnchantmentCompatible
=== RUN   TestIsEnchantmentCompatible/weapon_bonus_on_weapon
=== RUN   TestIsEnchantmentCompatible/weapon_bonus_on_armor
=== RUN   TestIsEnchantmentCompatible/armor_bonus_on_armor
=== RUN   TestIsEnchantmentCompatible/armor_bonus_on_weapon
=== RUN   TestIsEnchantmentCompatible/utility_on_weapon
=== RUN   TestIsEnchantmentCompatible/utility_on_armor
--- PASS: TestIsEnchantmentCompatible (0.00s)
    --- PASS: TestIsEnchantmentCompatible/weapon_bonus_on_weapon (0.00s)
    --- PASS: TestIsEnchantmentCompatible/weapon_bonus_on_armor (0.00s)
    --- PASS: TestIsEnchantmentCompatible/armor_bonus_on_armor (0.00s)
    --- PASS: TestIsEnchantmentCompatible/armor_bonus_on_weapon (0.00s)
    --- PASS: TestIsEnchantmentCompatible/utility_on_weapon (0.00s)
    --- PASS: TestIsEnchantmentCompatible/utility_on_armor (0.00s)
=== RUN   TestEnchantmentSchools
--- PASS: TestEnchantmentSchools (0.00s)
=== RUN   TestDeterministicEnchantments
--- PASS: TestDeterministicEnchantments (0.00s)
=== RUN   TestNewTemplateBasedGenerator
--- PASS: TestNewTemplateBasedGenerator (0.00s)
=== RUN   TestSetSeed
--- PASS: TestSetSeed (0.00s)
=== RUN   TestGetType
--- PASS: TestGetType (0.00s)
=== RUN   TestGetVersion
--- PASS: TestGetVersion (0.00s)
=== RUN   TestValidate
=== RUN   TestValidate/valid_parameters
=== RUN   TestValidate/zero_seed
=== RUN   TestValidate/invalid_player_level_-_too_low
=== RUN   TestValidate/invalid_player_level_-_too_high
=== RUN   TestValidate/invalid_difficulty_-_too_low
=== RUN   TestValidate/invalid_difficulty_-_too_high
--- PASS: TestValidate (0.00s)
    --- PASS: TestValidate/valid_parameters (0.00s)
    --- PASS: TestValidate/zero_seed (0.00s)
    --- PASS: TestValidate/invalid_player_level_-_too_low (0.00s)
    --- PASS: TestValidate/invalid_player_level_-_too_high (0.00s)
    --- PASS: TestValidate/invalid_difficulty_-_too_low (0.00s)
    --- PASS: TestValidate/invalid_difficulty_-_too_high (0.00s)
=== RUN   TestGenerate
--- PASS: TestGenerate (0.00s)
=== RUN   TestGenerateItem
--- PASS: TestGenerateItem (0.00s)
=== RUN   TestGenerateItemSet
--- PASS: TestGenerateItemSet (0.00s)
=== RUN   TestSelectRandomRarity
=== RUN   TestSelectRandomRarity/common_to_uncommon
=== RUN   TestSelectRandomRarity/rare_to_epic
=== RUN   TestSelectRandomRarity/same_rarity
--- PASS: TestSelectRandomRarity (0.00s)
    --- PASS: TestSelectRandomRarity/common_to_uncommon (0.00s)
    --- PASS: TestSelectRandomRarity/rare_to_epic (0.00s)
    --- PASS: TestSelectRandomRarity/same_rarity (0.00s)
=== RUN   TestDeterministicGeneration
--- PASS: TestDeterministicGeneration (0.00s)
=== RUN   TestNewItemTemplateRegistry
--- PASS: TestNewItemTemplateRegistry (0.00s)
=== RUN   TestLoadDefaultTemplates
--- PASS: TestLoadDefaultTemplates (0.00s)
=== RUN   TestGetTemplate
=== RUN   TestGetTemplate/valid_sword_template
=== RUN   TestGetTemplate/valid_bow_template
=== RUN   TestGetTemplate/invalid_template
--- PASS: TestGetTemplate (0.00s)
    --- PASS: TestGetTemplate/valid_sword_template (0.00s)
    --- PASS: TestGetTemplate/valid_bow_template (0.00s)
    --- PASS: TestGetTemplate/invalid_template (0.00s)
=== RUN   TestGetRarityModifier
=== RUN   TestGetRarityModifier/common
=== RUN   TestGetRarityModifier/uncommon
=== RUN   TestGetRarityModifier/rare
=== RUN   TestGetRarityModifier/epic
=== RUN   TestGetRarityModifier/legendary
=== RUN   TestGetRarityModifier/artifact
--- PASS: TestGetRarityModifier (0.00s)
    --- PASS: TestGetRarityModifier/common (0.00s)
    --- PASS: TestGetRarityModifier/uncommon (0.00s)
    --- PASS: TestGetRarityModifier/rare (0.00s)
    --- PASS: TestGetRarityModifier/epic (0.00s)
    --- PASS: TestGetRarityModifier/legendary (0.00s)
    --- PASS: TestGetRarityModifier/artifact (0.00s)
=== RUN   TestGenerateItemName
=== RUN   TestGenerateItemName/common_rarity
=== RUN   TestGenerateItemName/uncommon_rarity
=== RUN   TestGenerateItemName/rare_rarity
=== RUN   TestGenerateItemName/epic_rarity
=== RUN   TestGenerateItemName/legendary_rarity
--- PASS: TestGenerateItemName (0.00s)
    --- PASS: TestGenerateItemName/common_rarity (0.00s)
    --- PASS: TestGenerateItemName/uncommon_rarity (0.00s)
    --- PASS: TestGenerateItemName/rare_rarity (0.00s)
    --- PASS: TestGenerateItemName/epic_rarity (0.00s)
    --- PASS: TestGenerateItemName/legendary_rarity (0.00s)
=== RUN   TestRarityModifierProgression
--- PASS: TestRarityModifierProgression (0.00s)
=== RUN   TestTemplateStructure
=== RUN   TestTemplateStructure/bow
=== RUN   TestTemplateStructure/armor
=== RUN   TestTemplateStructure/potion
=== RUN   TestTemplateStructure/sword
--- PASS: TestTemplateStructure (0.00s)
    --- PASS: TestTemplateStructure/bow (0.00s)
    --- PASS: TestTemplateStructure/armor (0.00s)
    --- PASS: TestTemplateStructure/potion (0.00s)
    --- PASS: TestTemplateStructure/sword (0.00s)
PASS
ok  	goldbox-rpg/pkg/pcg/items	1.033s
=== RUN   TestNewRoomCorridorGenerator
--- PASS: TestNewRoomCorridorGenerator (0.00s)
=== RUN   TestRoomCorridorGenerator_Validate
=== RUN   TestRoomCorridorGenerator_Validate/valid_parameters
=== RUN   TestRoomCorridorGenerator_Validate/invalid_min_rooms
=== RUN   TestRoomCorridorGenerator_Validate/invalid_max_rooms
=== RUN   TestRoomCorridorGenerator_Validate/invalid_difficulty
=== RUN   TestRoomCorridorGenerator_Validate/missing_level_params
--- PASS: TestRoomCorridorGenerator_Validate (0.00s)
    --- PASS: TestRoomCorridorGenerator_Validate/valid_parameters (0.00s)
    --- PASS: TestRoomCorridorGenerator_Validate/invalid_min_rooms (0.00s)
    --- PASS: TestRoomCorridorGenerator_Validate/invalid_max_rooms (0.00s)
    --- PASS: TestRoomCorridorGenerator_Validate/invalid_difficulty (0.00s)
    --- PASS: TestRoomCorridorGenerator_Validate/missing_level_params (0.00s)
=== RUN   TestRoomCorridorGenerator_Generate
--- PASS: TestRoomCorridorGenerator_Generate (0.01s)
=== RUN   TestRoomCorridorGenerator_GenerateLevel
--- PASS: TestRoomCorridorGenerator_GenerateLevel (0.01s)
=== RUN   TestRoomCorridorGenerator_GenerateRoom
--- PASS: TestRoomCorridorGenerator_GenerateRoom (0.00s)
=== RUN   TestCalculateLevelDimensions
=== RUN   TestCalculateLevelDimensions/classic_theme
=== RUN   TestCalculateLevelDimensions/horror_theme
=== RUN   TestCalculateLevelDimensions/mechanical_theme
--- PASS: TestCalculateLevelDimensions (0.00s)
    --- PASS: TestCalculateLevelDimensions/classic_theme (0.00s)
    --- PASS: TestCalculateLevelDimensions/horror_theme (0.00s)
    --- PASS: TestCalculateLevelDimensions/mechanical_theme (0.00s)
=== RUN   TestDeterministicGeneration
--- PASS: TestDeterministicGeneration (0.01s)
=== RUN   TestLevelGeneratorRegistryIntegration
--- PASS: TestLevelGeneratorRegistryIntegration (0.00s)
=== RUN   TestCorridorFeatureGeneration
=== RUN   TestCorridorFeatureGeneration/straight
=== RUN   TestCorridorFeatureGeneration/windy
=== RUN   TestCorridorFeatureGeneration/maze
=== RUN   TestCorridorFeatureGeneration/organic
=== RUN   TestCorridorFeatureGeneration/minimal
--- PASS: TestCorridorFeatureGeneration (0.01s)
    --- PASS: TestCorridorFeatureGeneration/straight (0.00s)
    --- PASS: TestCorridorFeatureGeneration/windy (0.00s)
    --- PASS: TestCorridorFeatureGeneration/maze (0.00s)
    --- PASS: TestCorridorFeatureGeneration/organic (0.00s)
    --- PASS: TestCorridorFeatureGeneration/minimal (0.00s)
=== RUN   TestDifferentThemes
=== RUN   TestDifferentThemes/classic
=== RUN   TestDifferentThemes/horror
=== RUN   TestDifferentThemes/natural
=== RUN   TestDifferentThemes/mechanical
=== RUN   TestDifferentThemes/magical
=== RUN   TestDifferentThemes/undead
=== RUN   TestDifferentThemes/elemental
--- PASS: TestDifferentThemes (0.02s)
    --- PASS: TestDifferentThemes/classic (0.00s)
    --- PASS: TestDifferentThemes/horror (0.00s)
    --- PASS: TestDifferentThemes/natural (0.00s)
    --- PASS: TestDifferentThemes/mechanical (0.00s)
    --- PASS: TestDifferentThemes/magical (0.00s)
    --- PASS: TestDifferentThemes/undead (0.00s)
    --- PASS: TestDifferentThemes/elemental (0.00s)
PASS
ok  	goldbox-rpg/pkg/pcg/levels	(cached)
=== RUN   TestNewObjectiveBasedGenerator
--- PASS: TestNewObjectiveBasedGenerator (0.00s)
=== RUN   TestObjectiveBasedGenerator_Validate
=== RUN   TestObjectiveBasedGenerator_Validate/valid_basic_parameters
=== RUN   TestObjectiveBasedGenerator_Validate/difficulty_too_low
=== RUN   TestObjectiveBasedGenerator_Validate/difficulty_too_high
=== RUN   TestObjectiveBasedGenerator_Validate/invalid_min_objectives
=== RUN   TestObjectiveBasedGenerator_Validate/max_objectives_less_than_min
--- PASS: TestObjectiveBasedGenerator_Validate (0.00s)
    --- PASS: TestObjectiveBasedGenerator_Validate/valid_basic_parameters (0.00s)
    --- PASS: TestObjectiveBasedGenerator_Validate/difficulty_too_low (0.00s)
    --- PASS: TestObjectiveBasedGenerator_Validate/difficulty_too_high (0.00s)
    --- PASS: TestObjectiveBasedGenerator_Validate/invalid_min_objectives (0.00s)
    --- PASS: TestObjectiveBasedGenerator_Validate/max_objectives_less_than_min (0.00s)
=== RUN   TestObjectiveBasedGenerator_Generate
--- PASS: TestObjectiveBasedGenerator_Generate (0.00s)
=== RUN   TestObjectiveBasedGenerator_GenerateQuest
=== RUN   TestObjectiveBasedGenerator_GenerateQuest/kill_quest
=== RUN   TestObjectiveBasedGenerator_GenerateQuest/fetch_quest
=== RUN   TestObjectiveBasedGenerator_GenerateQuest/explore_quest
--- PASS: TestObjectiveBasedGenerator_GenerateQuest (0.00s)
    --- PASS: TestObjectiveBasedGenerator_GenerateQuest/kill_quest (0.00s)
    --- PASS: TestObjectiveBasedGenerator_GenerateQuest/fetch_quest (0.00s)
    --- PASS: TestObjectiveBasedGenerator_GenerateQuest/explore_quest (0.00s)
=== RUN   TestObjectiveBasedGenerator_GenerateQuestChain
=== RUN   TestObjectiveBasedGenerator_GenerateQuestChain/single_quest_chain
=== RUN   TestObjectiveBasedGenerator_GenerateQuestChain/three_quest_chain
=== RUN   TestObjectiveBasedGenerator_GenerateQuestChain/invalid_chain_length
--- PASS: TestObjectiveBasedGenerator_GenerateQuestChain (0.00s)
    --- PASS: TestObjectiveBasedGenerator_GenerateQuestChain/single_quest_chain (0.00s)
    --- PASS: TestObjectiveBasedGenerator_GenerateQuestChain/three_quest_chain (0.00s)
    --- PASS: TestObjectiveBasedGenerator_GenerateQuestChain/invalid_chain_length (0.00s)
=== RUN   TestObjectiveBasedGenerator_GenerateObjectives
--- PASS: TestObjectiveBasedGenerator_GenerateObjectives (0.00s)
=== RUN   TestDeterministicGeneration
--- PASS: TestDeterministicGeneration (0.00s)
=== RUN   TestNewNarrativeEngine
--- PASS: TestNewNarrativeEngine (0.00s)
=== RUN   TestNarrativeEngine_GenerateQuestNarrative
--- PASS: TestNarrativeEngine_GenerateQuestNarrative (0.00s)
=== RUN   TestNarrativeEngine_GenerateQuestNarrativeUnsupportedType
--- PASS: TestNarrativeEngine_GenerateQuestNarrativeUnsupportedType (0.00s)
=== RUN   TestNarrativeEngine_SelectQuestGiver
--- PASS: TestNarrativeEngine_SelectQuestGiver (0.00s)
=== RUN   TestNarrativeEngine_GenerateTitle
=== RUN   TestNarrativeEngine_GenerateTitle/kill_quest
=== RUN   TestNarrativeEngine_GenerateTitle/fetch_quest
=== RUN   TestNarrativeEngine_GenerateTitle/explore_quest
=== RUN   TestNarrativeEngine_GenerateTitle/delivery_quest
=== RUN   TestNarrativeEngine_GenerateTitle/escort_quest
=== RUN   TestNarrativeEngine_GenerateTitle/defend_quest
=== RUN   TestNarrativeEngine_GenerateTitle/puzzle_quest
=== RUN   TestNarrativeEngine_GenerateTitle/unknown_quest
--- PASS: TestNarrativeEngine_GenerateTitle (0.00s)
    --- PASS: TestNarrativeEngine_GenerateTitle/kill_quest (0.00s)
    --- PASS: TestNarrativeEngine_GenerateTitle/fetch_quest (0.00s)
    --- PASS: TestNarrativeEngine_GenerateTitle/explore_quest (0.00s)
    --- PASS: TestNarrativeEngine_GenerateTitle/delivery_quest (0.00s)
    --- PASS: TestNarrativeEngine_GenerateTitle/escort_quest (0.00s)
    --- PASS: TestNarrativeEngine_GenerateTitle/defend_quest (0.00s)
    --- PASS: TestNarrativeEngine_GenerateTitle/puzzle_quest (0.00s)
    --- PASS: TestNarrativeEngine_GenerateTitle/unknown_quest (0.00s)
=== RUN   TestNarrativeEngine_GenerateDescription
=== RUN   TestNarrativeEngine_GenerateDescription/single_objective
=== RUN   TestNarrativeEngine_GenerateDescription/multiple_objectives
=== RUN   TestNarrativeEngine_GenerateDescription/no_objectives
--- PASS: TestNarrativeEngine_GenerateDescription (0.00s)
    --- PASS: TestNarrativeEngine_GenerateDescription/single_objective (0.00s)
    --- PASS: TestNarrativeEngine_GenerateDescription/multiple_objectives (0.00s)
    --- PASS: TestNarrativeEngine_GenerateDescription/no_objectives (0.00s)
=== RUN   TestNarrativeEngine_GenerateDialogue
--- PASS: TestNarrativeEngine_GenerateDialogue (0.00s)
=== RUN   TestNarrativeEngine_TemplateInitialization
--- PASS: TestNarrativeEngine_TemplateInitialization (0.00s)
=== RUN   TestDeterministicNarrative
--- PASS: TestDeterministicNarrative (0.00s)
=== RUN   TestNewObjectiveGenerator
--- PASS: TestNewObjectiveGenerator (0.00s)
=== RUN   TestGenerateKillObjective
=== RUN   TestGenerateKillObjective/valid_difficulty_5
=== RUN   TestGenerateKillObjective/low_difficulty_1
=== RUN   TestGenerateKillObjective/high_difficulty_10
=== RUN   TestGenerateKillObjective/invalid_difficulty_too_low
=== RUN   TestGenerateKillObjective/invalid_difficulty_too_high
=== RUN   TestGenerateKillObjective/nil_generation_context
--- PASS: TestGenerateKillObjective (0.00s)
    --- PASS: TestGenerateKillObjective/valid_difficulty_5 (0.00s)
    --- PASS: TestGenerateKillObjective/low_difficulty_1 (0.00s)
    --- PASS: TestGenerateKillObjective/high_difficulty_10 (0.00s)
    --- PASS: TestGenerateKillObjective/invalid_difficulty_too_low (0.00s)
    --- PASS: TestGenerateKillObjective/invalid_difficulty_too_high (0.00s)
    --- PASS: TestGenerateKillObjective/nil_generation_context (0.00s)
=== RUN   TestGenerateFetchObjective
=== RUN   TestGenerateFetchObjective/low_level_player
=== RUN   TestGenerateFetchObjective/mid_level_player
=== RUN   TestGenerateFetchObjective/high_level_player
=== RUN   TestGenerateFetchObjective/invalid_level_too_low
=== RUN   TestGenerateFetchObjective/invalid_level_too_high
=== RUN   TestGenerateFetchObjective/nil_generation_context
--- PASS: TestGenerateFetchObjective (0.00s)
    --- PASS: TestGenerateFetchObjective/low_level_player (0.00s)
    --- PASS: TestGenerateFetchObjective/mid_level_player (0.00s)
    --- PASS: TestGenerateFetchObjective/high_level_player (0.00s)
    --- PASS: TestGenerateFetchObjective/invalid_level_too_low (0.00s)
    --- PASS: TestGenerateFetchObjective/invalid_level_too_high (0.00s)
    --- PASS: TestGenerateFetchObjective/nil_generation_context (0.00s)
=== RUN   TestGenerateExploreObjective
=== RUN   TestGenerateExploreObjective/valid_world_state
=== RUN   TestGenerateExploreObjective/nil_generation_context
--- PASS: TestGenerateExploreObjective (0.00s)
    --- PASS: TestGenerateExploreObjective/valid_world_state (0.00s)
    --- PASS: TestGenerateExploreObjective/nil_generation_context (0.00s)
=== RUN   TestSelectEnemyTypesForDifficulty
=== RUN   TestSelectEnemyTypesForDifficulty/difficulty_1
=== RUN   TestSelectEnemyTypesForDifficulty/difficulty_5
=== RUN   TestSelectEnemyTypesForDifficulty/difficulty_10
--- PASS: TestSelectEnemyTypesForDifficulty (0.00s)
    --- PASS: TestSelectEnemyTypesForDifficulty/difficulty_1 (0.00s)
    --- PASS: TestSelectEnemyTypesForDifficulty/difficulty_5 (0.00s)
    --- PASS: TestSelectEnemyTypesForDifficulty/difficulty_10 (0.00s)
=== RUN   TestSelectItemTypesForLevel
=== RUN   TestSelectItemTypesForLevel/level_1
=== RUN   TestSelectItemTypesForLevel/level_5
=== RUN   TestSelectItemTypesForLevel/level_10
=== RUN   TestSelectItemTypesForLevel/level_15
=== RUN   TestSelectItemTypesForLevel/level_20
--- PASS: TestSelectItemTypesForLevel (0.00s)
    --- PASS: TestSelectItemTypesForLevel/level_1 (0.00s)
    --- PASS: TestSelectItemTypesForLevel/level_5 (0.00s)
    --- PASS: TestSelectItemTypesForLevel/level_10 (0.00s)
    --- PASS: TestSelectItemTypesForLevel/level_15 (0.00s)
    --- PASS: TestSelectItemTypesForLevel/level_20 (0.00s)
=== RUN   TestIsCommonItem
=== RUN   TestIsCommonItem/Health_Potion
=== RUN   TestIsCommonItem/Rope
=== RUN   TestIsCommonItem/Torch
=== RUN   TestIsCommonItem/Magic_Sword
=== RUN   TestIsCommonItem/Dragon_Scale
=== RUN   TestIsCommonItem/#00
--- PASS: TestIsCommonItem (0.00s)
    --- PASS: TestIsCommonItem/Health_Potion (0.00s)
    --- PASS: TestIsCommonItem/Rope (0.00s)
    --- PASS: TestIsCommonItem/Torch (0.00s)
    --- PASS: TestIsCommonItem/Magic_Sword (0.00s)
    --- PASS: TestIsCommonItem/Dragon_Scale (0.00s)
    --- PASS: TestIsCommonItem/#00 (0.00s)
=== RUN   TestObjectivesGeneratorDeterministicGeneration
--- PASS: TestObjectivesGeneratorDeterministicGeneration (0.00s)
PASS
ok  	goldbox-rpg/pkg/pcg/quests	(cached)
=== RUN   TestGetBiomeDefinition
=== RUN   TestGetBiomeDefinition/valid_cave_biome
=== RUN   TestGetBiomeDefinition/valid_dungeon_biome
=== RUN   TestGetBiomeDefinition/valid_forest_biome
=== RUN   TestGetBiomeDefinition/invalid_biome
--- PASS: TestGetBiomeDefinition (0.00s)
    --- PASS: TestGetBiomeDefinition/valid_cave_biome (0.00s)
    --- PASS: TestGetBiomeDefinition/valid_dungeon_biome (0.00s)
    --- PASS: TestGetBiomeDefinition/valid_forest_biome (0.00s)
    --- PASS: TestGetBiomeDefinition/invalid_biome (0.00s)
=== RUN   TestApplyBiomeModifications
=== RUN   TestApplyBiomeModifications/cave_biome_with_empty_params
=== RUN   TestApplyBiomeModifications/dungeon_biome_with_existing_density
--- PASS: TestApplyBiomeModifications (0.00s)
    --- PASS: TestApplyBiomeModifications/cave_biome_with_empty_params (0.00s)
    --- PASS: TestApplyBiomeModifications/dungeon_biome_with_existing_density (0.00s)
=== RUN   TestGetBiomeFeatures
--- PASS: TestGetBiomeFeatures (0.00s)
=== RUN   TestGetBiomeTileDistribution
--- PASS: TestGetBiomeTileDistribution (0.00s)
=== RUN   TestBiomeDefinitionCompleteness
=== RUN   TestBiomeDefinitionCompleteness/cave
=== RUN   TestBiomeDefinitionCompleteness/dungeon
=== RUN   TestBiomeDefinitionCompleteness/forest
=== RUN   TestBiomeDefinitionCompleteness/mountain
=== RUN   TestBiomeDefinitionCompleteness/swamp
=== RUN   TestBiomeDefinitionCompleteness/desert
--- PASS: TestBiomeDefinitionCompleteness (0.00s)
    --- PASS: TestBiomeDefinitionCompleteness/cave (0.00s)
    --- PASS: TestBiomeDefinitionCompleteness/dungeon (0.00s)
    --- PASS: TestBiomeDefinitionCompleteness/forest (0.00s)
    --- PASS: TestBiomeDefinitionCompleteness/mountain (0.00s)
    --- PASS: TestBiomeDefinitionCompleteness/swamp (0.00s)
    --- PASS: TestBiomeDefinitionCompleteness/desert (0.00s)
=== RUN   TestDefaultCAConfig
--- PASS: TestDefaultCAConfig (0.00s)
=== RUN   TestRunCellularAutomata
--- PASS: TestRunCellularAutomata (0.00s)
=== RUN   TestRunCellularAutomataWithNilConfig
--- PASS: TestRunCellularAutomataWithNilConfig (0.00s)
=== RUN   TestCountNeighborWalls
--- PASS: TestCountNeighborWalls (0.00s)
=== RUN   TestCountNeighborWallsEdgeCases
--- PASS: TestCountNeighborWallsEdgeCases (0.00s)
=== RUN   TestEnforceEdgeBoundaries
--- PASS: TestEnforceEdgeBoundaries (0.00s)
=== RUN   TestRemoveSmallAreas
--- PASS: TestRemoveSmallAreas (0.00s)
=== RUN   TestApplySmoothingPass
    cellular_automata_test.go:201: Original center walkable: false, new: true
--- PASS: TestApplySmoothingPass (0.00s)
=== RUN   TestDeterministicGeneration
--- PASS: TestDeterministicGeneration (0.00s)
=== RUN   TestNewMazeGenerator
--- PASS: TestNewMazeGenerator (0.00s)
=== RUN   TestMazeGenerator_Generate
=== RUN   TestMazeGenerator_Generate/valid_parameters
=== RUN   TestMazeGenerator_Generate/missing_terrain_params
=== RUN   TestMazeGenerator_Generate/default_dimensions
--- PASS: TestMazeGenerator_Generate (0.00s)
    --- PASS: TestMazeGenerator_Generate/valid_parameters (0.00s)
    --- PASS: TestMazeGenerator_Generate/missing_terrain_params (0.00s)
    --- PASS: TestMazeGenerator_Generate/default_dimensions (0.00s)
=== RUN   TestMazeGenerator_Validate
=== RUN   TestMazeGenerator_Validate/valid_parameters
=== RUN   TestMazeGenerator_Validate/nil_constraints
=== RUN   TestMazeGenerator_Validate/width_too_small
=== RUN   TestMazeGenerator_Validate/height_too_small
=== RUN   TestMazeGenerator_Validate/missing_constraints
--- PASS: TestMazeGenerator_Validate (0.00s)
    --- PASS: TestMazeGenerator_Validate/valid_parameters (0.00s)
    --- PASS: TestMazeGenerator_Validate/nil_constraints (0.00s)
    --- PASS: TestMazeGenerator_Validate/width_too_small (0.00s)
    --- PASS: TestMazeGenerator_Validate/height_too_small (0.00s)
    --- PASS: TestMazeGenerator_Validate/missing_constraints (0.00s)
=== RUN   TestMazeGenerator_GenerateTerrain
=== RUN   TestMazeGenerator_GenerateTerrain/small_maze
=== RUN   TestMazeGenerator_GenerateTerrain/large_maze
--- PASS: TestMazeGenerator_GenerateTerrain (0.00s)
    --- PASS: TestMazeGenerator_GenerateTerrain/small_maze (0.00s)
    --- PASS: TestMazeGenerator_GenerateTerrain/large_maze (0.00s)
=== RUN   TestMazeGenerator_ValidateConnectivity
=== RUN   TestMazeGenerator_ValidateConnectivity/connected_maze
=== RUN   TestMazeGenerator_ValidateConnectivity/disconnected_maze
=== RUN   TestMazeGenerator_ValidateConnectivity/no_walkable_tiles
=== RUN   TestMazeGenerator_ValidateConnectivity/single_walkable_tile
--- PASS: TestMazeGenerator_ValidateConnectivity (0.00s)
    --- PASS: TestMazeGenerator_ValidateConnectivity/connected_maze (0.00s)
    --- PASS: TestMazeGenerator_ValidateConnectivity/disconnected_maze (0.00s)
    --- PASS: TestMazeGenerator_ValidateConnectivity/no_walkable_tiles (0.00s)
    --- PASS: TestMazeGenerator_ValidateConnectivity/single_walkable_tile (0.00s)
=== RUN   TestMazeGenerator_GenerateBiome
=== RUN   TestMazeGenerator_GenerateBiome/dungeon_biome
=== RUN   TestMazeGenerator_GenerateBiome/cave_biome
--- PASS: TestMazeGenerator_GenerateBiome (0.00s)
    --- PASS: TestMazeGenerator_GenerateBiome/dungeon_biome (0.00s)
    --- PASS: TestMazeGenerator_GenerateBiome/cave_biome (0.00s)
=== RUN   TestMazeGenerator_InitializeAllWalls
--- PASS: TestMazeGenerator_InitializeAllWalls (0.00s)
=== RUN   TestMazeGenerator_GetUnvisitedNeighbors
--- PASS: TestMazeGenerator_GetUnvisitedNeighbors (0.00s)
=== RUN   TestMazeGenerator_GetUnvisitedNeighborsEdgeCases
--- PASS: TestMazeGenerator_GetUnvisitedNeighborsEdgeCases (0.00s)
=== RUN   TestMazeGenerator_AddSpecialFeatures
--- PASS: TestMazeGenerator_AddSpecialFeatures (0.00s)
=== RUN   TestMazeGenerator_BiomeSpecificFeatures
--- PASS: TestMazeGenerator_BiomeSpecificFeatures (0.00s)
=== RUN   TestMazeGenerator_DeterministicGeneration
--- PASS: TestMazeGenerator_DeterministicGeneration (0.00s)
PASS
ok  	goldbox-rpg/pkg/pcg/terrain	(cached)
=== RUN   TestNewPerlinNoise
--- PASS: TestNewPerlinNoise (0.00s)
=== RUN   TestPerlinNoiseDeterministic
--- PASS: TestPerlinNoiseDeterministic (0.00s)
=== RUN   TestPerlinNoiseBasicFunctionality
--- PASS: TestPerlinNoiseBasicFunctionality (0.00s)
=== RUN   TestNewSimplexNoise
--- PASS: TestNewSimplexNoise (0.00s)
=== RUN   TestSimplexNoiseDeterministic
--- PASS: TestSimplexNoiseDeterministic (0.00s)
=== RUN   TestSimplexNoiseBasicFunctionality
--- PASS: TestSimplexNoiseBasicFunctionality (0.00s)
=== RUN   TestAStarPathfind
--- PASS: TestAStarPathfind (0.00s)
=== RUN   TestAStarPathfindWithObstacles
--- PASS: TestAStarPathfindWithObstacles (0.00s)
=== RUN   TestAStarPathfindNoPath
--- PASS: TestAStarPathfindNoPath (0.00s)
=== RUN   TestAStarPathfindInvalidPositions
--- PASS: TestAStarPathfindInvalidPositions (0.00s)
=== RUN   TestFloodFill
--- PASS: TestFloodFill (0.00s)
=== RUN   TestFloodFillInvalidStart
--- PASS: TestFloodFillInvalidStart (0.00s)
=== RUN   TestValidateConnectivity
--- PASS: TestValidateConnectivity (0.00s)
=== RUN   TestValidateConnectivityEmptyMap
--- PASS: TestValidateConnectivityEmptyMap (0.00s)
=== RUN   TestManhattanDistance
--- PASS: TestManhattanDistance (0.00s)
=== RUN   TestGetNeighbors
--- PASS: TestGetNeighbors (0.00s)
=== RUN   TestIsValidPosition
--- PASS: TestIsValidPosition (0.00s)
=== RUN   TestPriorityQueue
--- PASS: TestPriorityQueue (0.00s)
PASS
ok  	goldbox-rpg/pkg/pcg/utils	(cached)
=== RUN   TestMovementBoundaryEnforcement
time="2025-07-15T23:46:58-04:00" level=info msg="loaded spells from YAML files" function=NewRPCServer spellCount=10 webDir=":8080"
time="2025-07-15T23:46:58-04:00" level=info msg="PCG manager initialized with seed" seed=1752637618532738296
time="2025-07-15T23:46:58-04:00" level=info msg="Registered PCG generator" content_type=quests generator=objective_based version=1.0.0
time="2025-07-15T23:46:58-04:00" level=info msg="Registered PCG generator" content_type=items generator=template_based version=1.0.0
time="2025-07-15T23:46:58-04:00" level=info msg="Registering default PCG generators"
time="2025-07-15T23:46:58-04:00" level=info msg="initialized PCG manager with default generators" function=NewRPCServer webDir=":8080"
time="2025-07-15T23:46:58-04:00" level=info msg="time manager initialized" function=NewTimeManager lastTick="2025-07-15 23:46:58.532982074 -0400 EDT m=+0.004892097" timeScale=1
time="2025-07-15T23:46:58-04:00" level=info msg="time manager initialized" function=NewTimeManager lastTick="2025-07-15 23:46:58.53303847 -0400 EDT m=+0.004948493" timeScale=1
time="2025-07-15T23:46:58-04:00" level=info msg="WebSocket broadcaster started and subscribed to game events"
time="2025-07-15T23:46:58-04:00" level=info msg="initialized new RPC server" function=NewRPCServer server="&{:8080 0xc0002345f0 0xc0000bc420 0xc00007ea00 {{0 0} 0 0 {{} 0} {{} 0}} 0xc00009c840 map[] 0xc0000a6540 0xc0000121f8 0xc00009b240 <nil> 0xc000241050}" webDir=":8080"
=== RUN   TestMovementBoundaryEnforcement/Movement_beyond_north_boundary_should_be_prevented
time="2025-07-15T23:46:58-04:00" level=info msg="calculating new position with bounds checking" function=calculateNewPosition
time="2025-07-15T23:46:58-04:00" level=info msg="validating player move" from="{2 2 0 0}" function=handleMove playerID=test_player to="{2 1 0 0}"
time="2025-07-15T23:46:58-04:00" level=info msg="emitting movement event" function=handleMove playerID=test_player
time="2025-07-15T23:46:58-04:00" level=info msg="calculating new position with bounds checking" function=calculateNewPosition
time="2025-07-15T23:46:58-04:00" level=info msg="validating player move" from="{2 1 0 0}" function=handleMove playerID=test_player to="{2 0 0 0}"
time="2025-07-15T23:46:58-04:00" level=info msg="emitting movement event" function=handleMove playerID=test_player
time="2025-07-15T23:46:58-04:00" level=info msg="calculating new position with bounds checking" function=calculateNewPosition
time="2025-07-15T23:46:58-04:00" level=warning msg="recovered from WebSocket write panic" error="panic during WebSocket write: runtime error: invalid memory address or nil pointer dereference" sessionID=test_session
time="2025-07-15T23:46:58-04:00" level=info msg="validating player move" from="{2 0 0 0}" function=handleMove playerID=test_player to="{2 0 0 0}"
time="2025-07-15T23:46:58-04:00" level=info msg="emitting movement event" function=handleMove playerID=test_player
=== RUN   TestMovementBoundaryEnforcement/Movement_beyond_south_boundary_should_be_prevented
time="2025-07-15T23:46:58-04:00" level=warning msg="recovered from WebSocket write panic" error="panic during WebSocket write: runtime error: invalid memory address or nil pointer dereference" sessionID=test_session
time="2025-07-15T23:46:58-04:00" level=warning msg="recovered from WebSocket write panic" error="panic during WebSocket write: runtime error: invalid memory address or nil pointer dereference" sessionID=test_session
time="2025-07-15T23:46:58-04:00" level=info msg="calculating new position with bounds checking" function=calculateNewPosition
time="2025-07-15T23:46:58-04:00" level=info msg="validating player move" from="{2 2 0 0}" function=handleMove playerID=test_player to="{2 3 0 0}"
time="2025-07-15T23:46:58-04:00" level=info msg="emitting movement event" function=handleMove playerID=test_player
time="2025-07-15T23:46:58-04:00" level=info msg="calculating new position with bounds checking" function=calculateNewPosition
time="2025-07-15T23:46:58-04:00" level=info msg="validating player move" from="{2 3 0 0}" function=handleMove playerID=test_player to="{2 4 0 0}"
time="2025-07-15T23:46:58-04:00" level=info msg="emitting movement event" function=handleMove playerID=test_player
time="2025-07-15T23:46:58-04:00" level=warning msg="recovered from WebSocket write panic" error="panic during WebSocket write: runtime error: invalid memory address or nil pointer dereference" sessionID=test_session
time="2025-07-15T23:46:58-04:00" level=info msg="calculating new position with bounds checking" function=calculateNewPosition
time="2025-07-15T23:46:58-04:00" level=info msg="validating player move" from="{2 4 0 0}" function=handleMove playerID=test_player to="{2 4 0 0}"
time="2025-07-15T23:46:58-04:00" level=info msg="emitting movement event" function=handleMove playerID=test_player
=== RUN   TestMovementBoundaryEnforcement/Movement_beyond_east_boundary_should_be_prevented
time="2025-07-15T23:46:58-04:00" level=warning msg="recovered from WebSocket write panic" error="panic during WebSocket write: runtime error: invalid memory address or nil pointer dereference" sessionID=test_session
time="2025-07-15T23:46:58-04:00" level=warning msg="recovered from WebSocket write panic" error="panic during WebSocket write: runtime error: invalid memory address or nil pointer dereference" sessionID=test_session
time="2025-07-15T23:46:58-04:00" level=info msg="calculating new position with bounds checking" function=calculateNewPosition
time="2025-07-15T23:46:58-04:00" level=info msg="validating player move" from="{2 2 0 0}" function=handleMove playerID=test_player to="{3 2 0 0}"
time="2025-07-15T23:46:58-04:00" level=info msg="emitting movement event" function=handleMove playerID=test_player
time="2025-07-15T23:46:58-04:00" level=info msg="calculating new position with bounds checking" function=calculateNewPosition
time="2025-07-15T23:46:58-04:00" level=info msg="validating player move" from="{3 2 0 0}" function=handleMove playerID=test_player to="{4 2 0 0}"
time="2025-07-15T23:46:58-04:00" level=info msg="emitting movement event" function=handleMove playerID=test_player
time="2025-07-15T23:46:58-04:00" level=warning msg="recovered from WebSocket write panic" error="panic during WebSocket write: runtime error: invalid memory address or nil pointer dereference" sessionID=test_session
time="2025-07-15T23:46:58-04:00" level=info msg="calculating new position with bounds checking" function=calculateNewPosition
time="2025-07-15T23:46:58-04:00" level=warning msg="recovered from WebSocket write panic" error="panic during WebSocket write: runtime error: invalid memory address or nil pointer dereference" sessionID=test_session
time="2025-07-15T23:46:58-04:00" level=info msg="validating player move" from="{4 2 0 0}" function=handleMove playerID=test_player to="{4 2 0 0}"
time="2025-07-15T23:46:58-04:00" level=info msg="emitting movement event" function=handleMove playerID=test_player
=== RUN   TestMovementBoundaryEnforcement/Movement_beyond_west_boundary_should_be_prevented
time="2025-07-15T23:46:58-04:00" level=warning msg="recovered from WebSocket write panic" error="panic during WebSocket write: runtime error: invalid memory address or nil pointer dereference" sessionID=test_session
time="2025-07-15T23:46:58-04:00" level=info msg="calculating new position with bounds checking" function=calculateNewPosition
time="2025-07-15T23:46:58-04:00" level=info msg="validating player move" from="{2 2 0 0}" function=handleMove playerID=test_player to="{1 2 0 0}"
time="2025-07-15T23:46:58-04:00" level=info msg="emitting movement event" function=handleMove playerID=test_player
time="2025-07-15T23:46:58-04:00" level=info msg="calculating new position with bounds checking" function=calculateNewPosition
time="2025-07-15T23:46:58-04:00" level=info msg="validating player move" from="{1 2 0 0}" function=handleMove playerID=test_player to="{0 2 0 0}"
time="2025-07-15T23:46:58-04:00" level=warning msg="recovered from WebSocket write panic" error="panic during WebSocket write: runtime error: invalid memory address or nil pointer dereference" sessionID=test_session
time="2025-07-15T23:46:58-04:00" level=info msg="emitting movement event" function=handleMove playerID=test_player
time="2025-07-15T23:46:58-04:00" level=info msg="calculating new position with bounds checking" function=calculateNewPosition
time="2025-07-15T23:46:58-04:00" level=info msg="validating player move" from="{0 2 0 0}" function=handleMove playerID=test_player to="{0 2 0 0}"
time="2025-07-15T23:46:58-04:00" level=warning msg="recovered from WebSocket write panic" error="panic during WebSocket write: runtime error: invalid memory address or nil pointer dereference" sessionID=test_session
time="2025-07-15T23:46:58-04:00" level=info msg="emitting movement event" function=handleMove playerID=test_player
time="2025-07-15T23:46:58-04:00" level=warning msg="recovered from WebSocket write panic" error="panic during WebSocket write: runtime error: invalid memory address or nil pointer dereference" sessionID=test_session
--- PASS: TestMovementBoundaryEnforcement (0.01s)
    --- PASS: TestMovementBoundaryEnforcement/Movement_beyond_north_boundary_should_be_prevented (0.00s)
    --- PASS: TestMovementBoundaryEnforcement/Movement_beyond_south_boundary_should_be_prevented (0.00s)
    --- PASS: TestMovementBoundaryEnforcement/Movement_beyond_east_boundary_should_be_prevented (0.00s)
    --- PASS: TestMovementBoundaryEnforcement/Movement_beyond_west_boundary_should_be_prevented (0.00s)
=== RUN   TestContextKey_Type
--- PASS: TestContextKey_Type (0.00s)
=== RUN   TestSessionConfiguration_Values
=== RUN   TestSessionConfiguration_Values/sessionCleanupInterval
=== RUN   TestSessionConfiguration_Values/sessionTimeout
=== RUN   TestSessionConfiguration_Values/MessageSendTimeout
--- PASS: TestSessionConfiguration_Values (0.00s)
    --- PASS: TestSessionConfiguration_Values/sessionCleanupInterval (0.00s)
    --- PASS: TestSessionConfiguration_Values/sessionTimeout (0.00s)
    --- PASS: TestSessionConfiguration_Values/MessageSendTimeout (0.00s)
=== RUN   TestMessageConfiguration_BufferSize
--- PASS: TestMessageConfiguration_BufferSize (0.00s)
=== RUN   TestRPCMethod_BasicMethods
=== RUN   TestRPCMethod_BasicMethods/MethodMove
=== RUN   TestRPCMethod_BasicMethods/MethodAttack
=== RUN   TestRPCMethod_BasicMethods/MethodCastSpell
=== RUN   TestRPCMethod_BasicMethods/MethodUseItem
=== RUN   TestRPCMethod_BasicMethods/MethodApplyEffect
=== RUN   TestRPCMethod_BasicMethods/MethodStartCombat
=== RUN   TestRPCMethod_BasicMethods/MethodEndTurn
=== RUN   TestRPCMethod_BasicMethods/MethodGetGameState
=== RUN   TestRPCMethod_BasicMethods/MethodJoinGame
=== RUN   TestRPCMethod_BasicMethods/MethodLeaveGame
=== RUN   TestRPCMethod_BasicMethods/MethodCreateCharacter
--- PASS: TestRPCMethod_BasicMethods (0.00s)
    --- PASS: TestRPCMethod_BasicMethods/MethodMove (0.00s)
    --- PASS: TestRPCMethod_BasicMethods/MethodAttack (0.00s)
    --- PASS: TestRPCMethod_BasicMethods/MethodCastSpell (0.00s)
    --- PASS: TestRPCMethod_BasicMethods/MethodUseItem (0.00s)
    --- PASS: TestRPCMethod_BasicMethods/MethodApplyEffect (0.00s)
    --- PASS: TestRPCMethod_BasicMethods/MethodStartCombat (0.00s)
    --- PASS: TestRPCMethod_BasicMethods/MethodEndTurn (0.00s)
    --- PASS: TestRPCMethod_BasicMethods/MethodGetGameState (0.00s)
    --- PASS: TestRPCMethod_BasicMethods/MethodJoinGame (0.00s)
    --- PASS: TestRPCMethod_BasicMethods/MethodLeaveGame (0.00s)
    --- PASS: TestRPCMethod_BasicMethods/MethodCreateCharacter (0.00s)
=== RUN   TestRPCMethod_EquipmentMethods
=== RUN   TestRPCMethod_EquipmentMethods/MethodEquipItem
=== RUN   TestRPCMethod_EquipmentMethods/MethodUnequipItem
=== RUN   TestRPCMethod_EquipmentMethods/MethodGetEquipment
--- PASS: TestRPCMethod_EquipmentMethods (0.00s)
    --- PASS: TestRPCMethod_EquipmentMethods/MethodEquipItem (0.00s)
    --- PASS: TestRPCMethod_EquipmentMethods/MethodUnequipItem (0.00s)
    --- PASS: TestRPCMethod_EquipmentMethods/MethodGetEquipment (0.00s)
=== RUN   TestRPCMethod_QuestMethods
=== RUN   TestRPCMethod_QuestMethods/MethodStartQuest
=== RUN   TestRPCMethod_QuestMethods/MethodCompleteQuest
=== RUN   TestRPCMethod_QuestMethods/MethodUpdateObjective
=== RUN   TestRPCMethod_QuestMethods/MethodFailQuest
=== RUN   TestRPCMethod_QuestMethods/MethodGetQuest
=== RUN   TestRPCMethod_QuestMethods/MethodGetActiveQuests
=== RUN   TestRPCMethod_QuestMethods/MethodGetCompletedQuests
=== RUN   TestRPCMethod_QuestMethods/MethodGetQuestLog
--- PASS: TestRPCMethod_QuestMethods (0.00s)
    --- PASS: TestRPCMethod_QuestMethods/MethodStartQuest (0.00s)
    --- PASS: TestRPCMethod_QuestMethods/MethodCompleteQuest (0.00s)
    --- PASS: TestRPCMethod_QuestMethods/MethodUpdateObjective (0.00s)
    --- PASS: TestRPCMethod_QuestMethods/MethodFailQuest (0.00s)
    --- PASS: TestRPCMethod_QuestMethods/MethodGetQuest (0.00s)
    --- PASS: TestRPCMethod_QuestMethods/MethodGetActiveQuests (0.00s)
    --- PASS: TestRPCMethod_QuestMethods/MethodGetCompletedQuests (0.00s)
    --- PASS: TestRPCMethod_QuestMethods/MethodGetQuestLog (0.00s)
=== RUN   TestRPCMethod_SpellMethods
=== RUN   TestRPCMethod_SpellMethods/MethodGetSpell
=== RUN   TestRPCMethod_SpellMethods/MethodGetSpellsByLevel
=== RUN   TestRPCMethod_SpellMethods/MethodGetSpellsBySchool
=== RUN   TestRPCMethod_SpellMethods/MethodGetAllSpells
=== RUN   TestRPCMethod_SpellMethods/MethodSearchSpells
--- PASS: TestRPCMethod_SpellMethods (0.00s)
    --- PASS: TestRPCMethod_SpellMethods/MethodGetSpell (0.00s)
    --- PASS: TestRPCMethod_SpellMethods/MethodGetSpellsByLevel (0.00s)
    --- PASS: TestRPCMethod_SpellMethods/MethodGetSpellsBySchool (0.00s)
    --- PASS: TestRPCMethod_SpellMethods/MethodGetAllSpells (0.00s)
    --- PASS: TestRPCMethod_SpellMethods/MethodSearchSpells (0.00s)
=== RUN   TestRPCMethod_SpatialMethods
=== RUN   TestRPCMethod_SpatialMethods/MethodGetObjectsInRange
=== RUN   TestRPCMethod_SpatialMethods/MethodGetObjectsInRadius
=== RUN   TestRPCMethod_SpatialMethods/MethodGetNearestObjects
--- PASS: TestRPCMethod_SpatialMethods (0.00s)
    --- PASS: TestRPCMethod_SpatialMethods/MethodGetObjectsInRange (0.00s)
    --- PASS: TestRPCMethod_SpatialMethods/MethodGetObjectsInRadius (0.00s)
    --- PASS: TestRPCMethod_SpatialMethods/MethodGetNearestObjects (0.00s)
=== RUN   TestRPCMethod_StringConversion
=== RUN   TestRPCMethod_StringConversion/string_to_RPCMethod
=== RUN   TestRPCMethod_StringConversion/empty_string
=== RUN   TestRPCMethod_StringConversion/special_characters
--- PASS: TestRPCMethod_StringConversion (0.00s)
    --- PASS: TestRPCMethod_StringConversion/string_to_RPCMethod (0.00s)
    --- PASS: TestRPCMethod_StringConversion/empty_string (0.00s)
    --- PASS: TestRPCMethod_StringConversion/special_characters (0.00s)
=== RUN   TestEventType_CombatEvents
=== RUN   TestEventType_CombatEvents/EventCombatStart
=== RUN   TestEventType_CombatEvents/EventCombatEnd
=== RUN   TestEventType_CombatEvents/EventTurnStart
=== RUN   TestEventType_CombatEvents/EventTurnEnd
=== RUN   TestEventType_CombatEvents/EventMovement
--- PASS: TestEventType_CombatEvents (0.00s)
    --- PASS: TestEventType_CombatEvents/EventCombatStart (0.00s)
    --- PASS: TestEventType_CombatEvents/EventCombatEnd (0.00s)
    --- PASS: TestEventType_CombatEvents/EventTurnStart (0.00s)
    --- PASS: TestEventType_CombatEvents/EventTurnEnd (0.00s)
    --- PASS: TestEventType_CombatEvents/EventMovement (0.00s)
=== RUN   TestEventType_Sequence
--- PASS: TestEventType_Sequence (0.00s)
=== RUN   TestConstants_TypeCompatibility
--- PASS: TestConstants_TypeCompatibility (0.00s)
=== RUN   TestRPCMethod_AllMethodsCovered
--- PASS: TestRPCMethod_AllMethodsCovered (0.00s)
=== RUN   TestSessionConfiguration_TimeUnits
--- PASS: TestSessionConfiguration_TimeUnits (0.00s)
=== RUN   TestMessageChanBufferSize_Range
--- PASS: TestMessageChanBufferSize_Range (0.00s)
=== RUN   TestRPCMethod_StringValues_NoDuplicates
--- PASS: TestRPCMethod_StringValues_NoDuplicates (0.00s)
=== RUN   TestEquipmentManagementIntegration
time="2025-07-15T23:46:58-04:00" level=info msg="loaded spells from YAML files" function=NewRPCServer spellCount=10 webDir=../web
time="2025-07-15T23:46:58-04:00" level=info msg="PCG manager initialized with seed" seed=1752637618543370613
time="2025-07-15T23:46:58-04:00" level=info msg="Registered PCG generator" content_type=quests generator=objective_based version=1.0.0
time="2025-07-15T23:46:58-04:00" level=info msg="Registered PCG generator" content_type=items generator=template_based version=1.0.0
time="2025-07-15T23:46:58-04:00" level=info msg="Registering default PCG generators"
time="2025-07-15T23:46:58-04:00" level=info msg="initialized PCG manager with default generators" function=NewRPCServer webDir=../web
time="2025-07-15T23:46:58-04:00" level=info msg="time manager initialized" function=NewTimeManager lastTick="2025-07-15 23:46:58.543607609 -0400 EDT m=+0.015517632" timeScale=1
time="2025-07-15T23:46:58-04:00" level=info msg="time manager initialized" function=NewTimeManager lastTick="2025-07-15 23:46:58.543658214 -0400 EDT m=+0.015568238" timeScale=1
time="2025-07-15T23:46:58-04:00" level=info msg="WebSocket broadcaster started and subscribed to game events"
time="2025-07-15T23:46:58-04:00" level=info msg="initialized new RPC server" function=NewRPCServer server="&{../web 0xc000320340 0xc0000bc790 0xc00007f620 {{0 0} 0 0 {{} 0} {{} 0}} 0xc00009d560 map[] 0xc00027e2a0 0xc000013098 0xc00009be80 <nil> 0xc00032b470}" webDir=../web
=== RUN   TestEquipmentManagementIntegration/equip_weapon_successfully
time="2025-07-15T23:46:58-04:00" level=info msg="item equipped successfully" equippedItem="Iron Sword" function=handleEquipItem itemID=sword001 sessionID=test-session-123 slot=weapon_main
=== RUN   TestEquipmentManagementIntegration/get_equipment_information
time="2025-07-15T23:46:58-04:00" level=info msg="equipment retrieved successfully" function=handleGetEquipment numItems=1 sessionID=test-session-123 totalWeight=5
=== RUN   TestEquipmentManagementIntegration/unequip_weapon_successfully
time="2025-07-15T23:46:58-04:00" level=info msg="item unequipped successfully" function=handleUnequipItem sessionID=test-session-123 slot=weapon_main unequippedItem="Iron Sword"
=== RUN   TestEquipmentManagementIntegration/equip_invalid_item_type
time="2025-07-15T23:46:58-04:00" level=error msg="failed to equip item" error="item Iron Helmet cannot be equipped in slot MainHand" function=handleEquipItem itemID=helmet001 slot=weapon_main
=== RUN   TestEquipmentManagementIntegration/equip_non-existent_item
time="2025-07-15T23:46:58-04:00" level=error msg="failed to equip item" error="item not found in inventory: nonexistent" function=handleEquipItem itemID=nonexistent slot=weapon_main
=== RUN   TestEquipmentManagementIntegration/invalid_session
--- PASS: TestEquipmentManagementIntegration (0.01s)
    --- PASS: TestEquipmentManagementIntegration/equip_weapon_successfully (0.00s)
    --- PASS: TestEquipmentManagementIntegration/get_equipment_information (0.00s)
    --- PASS: TestEquipmentManagementIntegration/unequip_weapon_successfully (0.00s)
    --- PASS: TestEquipmentManagementIntegration/equip_invalid_item_type (0.00s)
    --- PASS: TestEquipmentManagementIntegration/equip_non-existent_item (0.00s)
    --- PASS: TestEquipmentManagementIntegration/invalid_session (0.00s)
=== RUN   TestSlotParsing
=== RUN   TestSlotParsing/head_slot
=== RUN   TestSlotParsing/weapon_main
=== RUN   TestSlotParsing/main_hand_alternative
=== RUN   TestSlotParsing/off_hand
=== RUN   TestSlotParsing/invalid_slot
--- PASS: TestSlotParsing (0.00s)
    --- PASS: TestSlotParsing/head_slot (0.00s)
    --- PASS: TestSlotParsing/weapon_main (0.00s)
    --- PASS: TestSlotParsing/main_hand_alternative (0.00s)
    --- PASS: TestSlotParsing/off_hand (0.00s)
    --- PASS: TestSlotParsing/invalid_slot (0.00s)
=== RUN   TestSlotStringConversion
=== RUN   TestSlotStringConversion/head
=== RUN   TestSlotStringConversion/weapon_main
=== RUN   TestSlotStringConversion/weapon_off
=== RUN   TestSlotStringConversion/chest
--- PASS: TestSlotStringConversion (0.00s)
    --- PASS: TestSlotStringConversion/head (0.00s)
    --- PASS: TestSlotStringConversion/weapon_main (0.00s)
    --- PASS: TestSlotStringConversion/weapon_off (0.00s)
    --- PASS: TestSlotStringConversion/chest (0.00s)
=== RUN   TestHandleMissingMethods
=== RUN   TestHandleMissingMethods/useItem_with_valid_parameters
time="2025-07-15T23:46:58-04:00" level=info msg="handling use item method" function=handleMethod method=useItem
time="2025-07-15T23:46:58-04:00" level=warning msg="session not found" function=handleUseItem sessionID=test-session
time="2025-07-15T23:46:58-04:00" level=error msg="method handler failed" error="invalid session" function=handleMethod method=useItem
=== RUN   TestHandleMissingMethods/leaveGame_with_valid_parameters
time="2025-07-15T23:46:58-04:00" level=info msg="handling leave game method" function=handleMethod method=leaveGame
time="2025-07-15T23:46:58-04:00" level=warning msg="session not found" function=handleLeaveGame sessionID=test-session
time="2025-07-15T23:46:58-04:00" level=error msg="method handler failed" error="invalid session" function=handleMethod method=leaveGame
=== RUN   TestHandleMissingMethods/useItem_with_missing_item_id
time="2025-07-15T23:46:58-04:00" level=info msg="handling use item method" function=handleMethod method=useItem
time="2025-07-15T23:46:58-04:00" level=warning msg="empty item ID" function=handleUseItem
time="2025-07-15T23:46:58-04:00" level=error msg="method handler failed" error="item ID is required" function=handleMethod method=useItem
=== RUN   TestHandleMissingMethods/leaveGame_with_empty_session_id
time="2025-07-15T23:46:58-04:00" level=info msg="handling leave game method" function=handleMethod method=leaveGame
time="2025-07-15T23:46:58-04:00" level=warning msg="empty session ID" function=handleLeaveGame
time="2025-07-15T23:46:58-04:00" level=error msg="method handler failed" error="invalid session" function=handleMethod method=leaveGame
--- PASS: TestHandleMissingMethods (0.00s)
    --- PASS: TestHandleMissingMethods/useItem_with_valid_parameters (0.00s)
    --- PASS: TestHandleMissingMethods/leaveGame_with_valid_parameters (0.00s)
    --- PASS: TestHandleMissingMethods/useItem_with_missing_item_id (0.00s)
    --- PASS: TestHandleMissingMethods/leaveGame_with_empty_session_id (0.00s)
=== RUN   TestHandleUseItemWithValidSession
time="2025-07-15T23:46:58-04:00" level=info msg="handling use item method" function=handleMethod method=useItem
time="2025-07-15T23:46:58-04:00" level=info msg="using item from inventory" function=handleUseItem itemID=test-potion sessionID=test-session-valid targetID=player
time="2025-07-15T23:46:58-04:00" level=info msg="found inventory item" found=true function=findInventoryItem itemID=test-potion
time="2025-07-15T23:46:58-04:00" level=info msg="removing consumable item from inventory" function=handleUseItem itemID=test-potion
time="2025-07-15T23:46:58-04:00" level=info msg="item used successfully" effect="Used Test Potion on player" function=handleUseItem
--- PASS: TestHandleUseItemWithValidSession (0.00s)
=== RUN   TestHandleLeaveGameWithValidSession
time="2025-07-15T23:46:58-04:00" level=info msg="handling leave game method" function=handleMethod method=leaveGame
time="2025-07-15T23:46:58-04:00" level=info msg="player left game and session removed" function=handleLeaveGame sessionID=test-session-leave
--- PASS: TestHandleLeaveGameWithValidSession (0.00s)
=== RUN   TestHandleCompleteQuestWithRewards
time="2025-07-15T23:46:58-04:00" level=info msg="applied experience reward" exp_added=100 function=handleCompleteQuest quest_id=test-quest
time="2025-07-15T23:46:58-04:00" level=info msg="applied gold reward" function=handleCompleteQuest gold_added=50 new_gold=150 previous_gold=100 quest_id=test-quest
[GAME] 2025/07/15 23:46:58 Player test-player leveled up from 0 to 1
time="2025-07-15T23:46:58-04:00" level=info msg="applied item reward" function=handleCompleteQuest item_id=test-reward-item quest_id=test-quest
time="2025-07-15T23:46:58-04:00" level=info msg="quest completed and all rewards applied" function=handleCompleteQuest quest_id=test-quest reward_count=3
--- PASS: TestHandleCompleteQuestWithRewards (0.00s)
=== RUN   TestCalculateNewPositionOverflowScenarios
=== RUN   TestCalculateNewPositionOverflowScenarios/Large_world_coordinates_stay_within_bounds
time="2025-07-15T23:46:58-04:00" level=info msg="calculating new position with bounds checking" function=calculateNewPosition
=== RUN   TestCalculateNewPositionOverflowScenarios/Near_max_int_coordinates_are_handled_safely
time="2025-07-15T23:46:58-04:00" level=info msg="calculating new position with bounds checking" function=calculateNewPosition
=== RUN   TestCalculateNewPositionOverflowScenarios/Movement_at_world_edge_stays_within_bounds
time="2025-07-15T23:46:58-04:00" level=info msg="calculating new position with bounds checking" function=calculateNewPosition
=== RUN   TestCalculateNewPositionOverflowScenarios/Movement_at_coordinate_0_boundary
time="2025-07-15T23:46:58-04:00" level=info msg="calculating new position with bounds checking" function=calculateNewPosition
=== RUN   TestCalculateNewPositionOverflowScenarios/Movement_at_coordinate_0_boundary_North
time="2025-07-15T23:46:58-04:00" level=info msg="calculating new position with bounds checking" function=calculateNewPosition
--- PASS: TestCalculateNewPositionOverflowScenarios (0.00s)
    --- PASS: TestCalculateNewPositionOverflowScenarios/Large_world_coordinates_stay_within_bounds (0.00s)
    --- PASS: TestCalculateNewPositionOverflowScenarios/Near_max_int_coordinates_are_handled_safely (0.00s)
    --- PASS: TestCalculateNewPositionOverflowScenarios/Movement_at_world_edge_stays_within_bounds (0.00s)
    --- PASS: TestCalculateNewPositionOverflowScenarios/Movement_at_coordinate_0_boundary (0.00s)
    --- PASS: TestCalculateNewPositionOverflowScenarios/Movement_at_coordinate_0_boundary_North (0.00s)
=== RUN   TestCalculateNewPositionBoundsSafety
time="2025-07-15T23:46:58-04:00" level=info msg="calculating new position with bounds checking" function=calculateNewPosition
time="2025-07-15T23:46:58-04:00" level=info msg="calculating new position with bounds checking" function=calculateNewPosition
time="2025-07-15T23:46:58-04:00" level=info msg="calculating new position with bounds checking" function=calculateNewPosition
time="2025-07-15T23:46:58-04:00" level=info msg="calculating new position with bounds checking" function=calculateNewPosition
--- PASS: TestCalculateNewPositionBoundsSafety (0.00s)
=== RUN   TestCalculateNewPosition_AllDirections
=== RUN   TestCalculateNewPosition_AllDirections/Move_North_from_origin
=== RUN   TestCalculateNewPosition_AllDirections/Move_South_from_origin
=== RUN   TestCalculateNewPosition_AllDirections/Move_East_from_origin
=== RUN   TestCalculateNewPosition_AllDirections/Move_West_from_origin
=== RUN   TestCalculateNewPosition_AllDirections/Move_North_from_positive_coordinates
=== RUN   TestCalculateNewPosition_AllDirections/Move_South_from_positive_coordinates
=== RUN   TestCalculateNewPosition_AllDirections/Move_East_from_positive_coordinates
=== RUN   TestCalculateNewPosition_AllDirections/Move_West_from_positive_coordinates
=== RUN   TestCalculateNewPosition_AllDirections/Move_North_from_negative_coordinates
=== RUN   TestCalculateNewPosition_AllDirections/Move_South_from_negative_coordinates
=== RUN   TestCalculateNewPosition_AllDirections/Move_East_from_negative_coordinates
=== RUN   TestCalculateNewPosition_AllDirections/Move_West_from_negative_coordinates
--- PASS: TestCalculateNewPosition_AllDirections (0.00s)
    --- PASS: TestCalculateNewPosition_AllDirections/Move_North_from_origin (0.00s)
    --- PASS: TestCalculateNewPosition_AllDirections/Move_South_from_origin (0.00s)
    --- PASS: TestCalculateNewPosition_AllDirections/Move_East_from_origin (0.00s)
    --- PASS: TestCalculateNewPosition_AllDirections/Move_West_from_origin (0.00s)
    --- PASS: TestCalculateNewPosition_AllDirections/Move_North_from_positive_coordinates (0.00s)
    --- PASS: TestCalculateNewPosition_AllDirections/Move_South_from_positive_coordinates (0.00s)
    --- PASS: TestCalculateNewPosition_AllDirections/Move_East_from_positive_coordinates (0.00s)
    --- PASS: TestCalculateNewPosition_AllDirections/Move_West_from_positive_coordinates (0.00s)
    --- PASS: TestCalculateNewPosition_AllDirections/Move_North_from_negative_coordinates (0.00s)
    --- PASS: TestCalculateNewPosition_AllDirections/Move_South_from_negative_coordinates (0.00s)
    --- PASS: TestCalculateNewPosition_AllDirections/Move_East_from_negative_coordinates (0.00s)
    --- PASS: TestCalculateNewPosition_AllDirections/Move_West_from_negative_coordinates (0.00s)
=== RUN   TestCalculateNewPosition_LargeCoordinates
=== RUN   TestCalculateNewPosition_LargeCoordinates/Large_positive_coordinates_North
=== RUN   TestCalculateNewPosition_LargeCoordinates/Large_negative_coordinates_South
=== RUN   TestCalculateNewPosition_LargeCoordinates/Mixed_large_coordinates_East
=== RUN   TestCalculateNewPosition_LargeCoordinates/Mixed_large_coordinates_West
--- PASS: TestCalculateNewPosition_LargeCoordinates (0.00s)
    --- PASS: TestCalculateNewPosition_LargeCoordinates/Large_positive_coordinates_North (0.00s)
    --- PASS: TestCalculateNewPosition_LargeCoordinates/Large_negative_coordinates_South (0.00s)
    --- PASS: TestCalculateNewPosition_LargeCoordinates/Mixed_large_coordinates_East (0.00s)
    --- PASS: TestCalculateNewPosition_LargeCoordinates/Mixed_large_coordinates_West (0.00s)
=== RUN   TestCalculateNewPosition_MultipleMovements
--- PASS: TestCalculateNewPosition_MultipleMovements (0.00s)
=== RUN   TestCalculateNewPosition_NoMutation
--- PASS: TestCalculateNewPosition_NoMutation (0.00s)
=== RUN   TestCalculateNewPosition_BoundaryValues
=== RUN   TestCalculateNewPosition_BoundaryValues/Zero_coordinates_North
=== RUN   TestCalculateNewPosition_BoundaryValues/Zero_coordinates_South
=== RUN   TestCalculateNewPosition_BoundaryValues/Move_from_Y=-1_to_Y=-2
=== RUN   TestCalculateNewPosition_BoundaryValues/Move_from_Y=1_to_Y=2
=== RUN   TestCalculateNewPosition_BoundaryValues/Move_from_X=-1_to_X=0
=== RUN   TestCalculateNewPosition_BoundaryValues/Move_from_X=1_to_X=0
--- PASS: TestCalculateNewPosition_BoundaryValues (0.00s)
    --- PASS: TestCalculateNewPosition_BoundaryValues/Zero_coordinates_North (0.00s)
    --- PASS: TestCalculateNewPosition_BoundaryValues/Zero_coordinates_South (0.00s)
    --- PASS: TestCalculateNewPosition_BoundaryValues/Move_from_Y=-1_to_Y=-2 (0.00s)
    --- PASS: TestCalculateNewPosition_BoundaryValues/Move_from_Y=1_to_Y=2 (0.00s)
    --- PASS: TestCalculateNewPosition_BoundaryValues/Move_from_X=-1_to_X=0 (0.00s)
    --- PASS: TestCalculateNewPosition_BoundaryValues/Move_from_X=1_to_X=0 (0.00s)
=== RUN   TestCalculateNewPosition_DirectionConstants
--- PASS: TestCalculateNewPosition_DirectionConstants (0.00s)
=== RUN   TestCalculateNewPosition_BoundsEnforcement
=== RUN   TestCalculateNewPosition_BoundsEnforcement/Move_beyond_north_boundary
time="2025-07-15T23:46:58-04:00" level=info msg="calculating new position with bounds checking" function=calculateNewPosition
=== RUN   TestCalculateNewPosition_BoundsEnforcement/Move_beyond_south_boundary
time="2025-07-15T23:46:58-04:00" level=info msg="calculating new position with bounds checking" function=calculateNewPosition
=== RUN   TestCalculateNewPosition_BoundsEnforcement/Move_beyond_east_boundary
time="2025-07-15T23:46:58-04:00" level=info msg="calculating new position with bounds checking" function=calculateNewPosition
=== RUN   TestCalculateNewPosition_BoundsEnforcement/Move_beyond_west_boundary
time="2025-07-15T23:46:58-04:00" level=info msg="calculating new position with bounds checking" function=calculateNewPosition
=== RUN   TestCalculateNewPosition_BoundsEnforcement/Valid_movement_within_bounds
time="2025-07-15T23:46:58-04:00" level=info msg="calculating new position with bounds checking" function=calculateNewPosition
--- PASS: TestCalculateNewPosition_BoundsEnforcement (0.00s)
    --- PASS: TestCalculateNewPosition_BoundsEnforcement/Move_beyond_north_boundary (0.00s)
    --- PASS: TestCalculateNewPosition_BoundsEnforcement/Move_beyond_south_boundary (0.00s)
    --- PASS: TestCalculateNewPosition_BoundsEnforcement/Move_beyond_east_boundary (0.00s)
    --- PASS: TestCalculateNewPosition_BoundsEnforcement/Move_beyond_west_boundary (0.00s)
    --- PASS: TestCalculateNewPosition_BoundsEnforcement/Valid_movement_within_bounds (0.00s)
=== RUN   TestPCGHandlers
time="2025-07-15T23:46:58-04:00" level=info msg="loaded spells from YAML files" function=NewRPCServer spellCount=10 webDir=":8080"
time="2025-07-15T23:46:58-04:00" level=info msg="PCG manager initialized with seed" seed=1752637618554797106
time="2025-07-15T23:46:58-04:00" level=info msg="Registered PCG generator" content_type=quests generator=objective_based version=1.0.0
time="2025-07-15T23:46:58-04:00" level=info msg="Registered PCG generator" content_type=items generator=template_based version=1.0.0
time="2025-07-15T23:46:58-04:00" level=info msg="Registering default PCG generators"
time="2025-07-15T23:46:58-04:00" level=info msg="initialized PCG manager with default generators" function=NewRPCServer webDir=":8080"
time="2025-07-15T23:46:58-04:00" level=info msg="time manager initialized" function=NewTimeManager lastTick="2025-07-15 23:46:58.55503334 -0400 EDT m=+0.026943363" timeScale=1
time="2025-07-15T23:46:58-04:00" level=info msg="time manager initialized" function=NewTimeManager lastTick="2025-07-15 23:46:58.555077493 -0400 EDT m=+0.026987516" timeScale=1
time="2025-07-15T23:46:58-04:00" level=info msg="WebSocket broadcaster started and subscribed to game events"
time="2025-07-15T23:46:58-04:00" level=info msg="initialized new RPC server" function=NewRPCServer server="&{:8080 0xc000393ec0 0xc0000bcdc0 0xc0003987a0 {{0 0} 0 0 {{} 0} {{} 0}} 0xc000376ea0 map[] 0xc000375ea0 0xc00037e528 0xc000322b80 <nil> 0xc0003bc360}" webDir=":8080"
=== RUN   TestPCGHandlers/TestHandleGetPCGStats
time="2025-07-15T23:46:58-04:00" level=info msg="PCG stats retrieved successfully" function=handleGetPCGStats sessionID=test_session_pcg
time="2025-07-15T23:46:58-04:00" level=info msg="PCG stats test passed successfully"
=== RUN   TestPCGHandlers/TestHandleGenerateContent
time="2025-07-15T23:46:58-04:00" level=info msg="Starting content generation" content_type=quests difficulty=5 generator=objective_based seed=-8876713165428646903
time="2025-07-15T23:46:58-04:00" level=info msg="Content generation completed successfully" content_type=quests generator=objective_based
time="2025-07-15T23:46:58-04:00" level=info msg="content generated successfully" contentType=quests difficulty=5 function=handleGenerateContent locationID=test_location sessionID=test_session_pcg
time="2025-07-15T23:46:58-04:00" level=info msg="Content generation test passed successfully"
=== RUN   TestPCGHandlers/TestHandleGenerateItems
time="2025-07-15T23:46:58-04:00" level=info msg="Starting content generation" content_type=items difficulty=5 generator=template_based seed=3554663015383413329
time="2025-07-15T23:46:58-04:00" level=info msg="Content generation completed successfully" content_type=items generator=template_based
time="2025-07-15T23:46:58-04:00" level=info msg="items generated successfully" count=3 function=handleGenerateItems itemsGenerated=1 locationID=test_location playerLevel=5 sessionID=test_session_pcg
time="2025-07-15T23:46:58-04:00" level=info msg="Item generation test passed successfully"
=== RUN   TestPCGHandlers/TestHandleValidateContent
time="2025-07-15T23:46:58-04:00" level=info msg="content validated successfully" contentType=quests function=handleValidateContent sessionID=test_session_pcg validationResult=true
time="2025-07-15T23:46:58-04:00" level=info msg="Content validation test passed successfully"
--- PASS: TestPCGHandlers (0.01s)
    --- PASS: TestPCGHandlers/TestHandleGetPCGStats (0.00s)
    --- PASS: TestPCGHandlers/TestHandleGenerateContent (0.00s)
    --- PASS: TestPCGHandlers/TestHandleGenerateItems (0.00s)
    --- PASS: TestPCGHandlers/TestHandleValidateContent (0.00s)
=== RUN   TestPCGMethodConstants
time="2025-07-15T23:46:58-04:00" level=info msg="PCG method constants test passed successfully"
--- PASS: TestPCGMethodConstants (0.00s)
=== RUN   TestSessionCleanupRaceCondition
--- PASS: TestSessionCleanupRaceCondition (0.00s)
=== RUN   TestSessionCleanupRespectsInUse
--- PASS: TestSessionCleanupRespectsInUse (0.00s)
=== RUN   TestGetOrCreateSession_CreateNewSession
time="2025-07-15T23:46:58-04:00" level=info msg="New session created" func=getOrCreateSession sessionID=ecda8c2e-a424-41bc-a745-f2278cd0fae5
--- PASS: TestGetOrCreateSession_CreateNewSession (0.00s)
=== RUN   TestGetOrCreateSession_RetrieveExistingSession
--- PASS: TestGetOrCreateSession_RetrieveExistingSession (0.00s)
=== RUN   TestGetOrCreateSession_InvalidSessionCookie
time="2025-07-15T23:46:58-04:00" level=warning msg="Cookie exists but session not found" func=getOrCreateSession sessionID=invalid-session-id
time="2025-07-15T23:46:58-04:00" level=info msg="New session created" func=getOrCreateSession sessionID=ec8a22ae-f874-4b30-92c7-aa94aa722d3f
--- PASS: TestGetOrCreateSession_InvalidSessionCookie (0.00s)
=== RUN   TestGetOrCreateSession_ConcurrentAccess
time="2025-07-15T23:46:58-04:00" level=info msg="New session created" func=getOrCreateSession sessionID=3ca5b80c-70cf-47a5-b61d-cc68c952fe59
time="2025-07-15T23:46:58-04:00" level=info msg="New session created" func=getOrCreateSession sessionID=cd10ca4b-4042-4dab-b3e3-51a4eeccbace
time="2025-07-15T23:46:58-04:00" level=info msg="New session created" func=getOrCreateSession sessionID=0efe7944-fb59-470f-9e1d-f64681e8139e
time="2025-07-15T23:46:58-04:00" level=info msg="New session created" func=getOrCreateSession sessionID=f42e992f-d030-470a-9e3c-85de1a90e3a4
time="2025-07-15T23:46:58-04:00" level=info msg="New session created" func=getOrCreateSession sessionID=daaa3a17-fc23-4599-ae80-1644cfe8446d
time="2025-07-15T23:46:58-04:00" level=info msg="New session created" func=getOrCreateSession sessionID=cc65edf4-9e49-480b-9f78-167e1eeaf73d
time="2025-07-15T23:46:58-04:00" level=info msg="New session created" func=getOrCreateSession sessionID=3fe9c0f2-1774-479d-93d0-de431f8676b1
time="2025-07-15T23:46:58-04:00" level=info msg="New session created" func=getOrCreateSession sessionID=c838f365-909e-4a74-b3d9-59502ebf2def
time="2025-07-15T23:46:58-04:00" level=info msg="New session created" func=getOrCreateSession sessionID=1bb90845-d897-47b4-81bd-c44f9806e9ef
time="2025-07-15T23:46:58-04:00" level=info msg="New session created" func=getOrCreateSession sessionID=a531b462-9924-4414-bfca-f1f2eeb07b00
--- PASS: TestGetOrCreateSession_ConcurrentAccess (0.00s)
=== RUN   TestStartSessionCleanup
--- PASS: TestStartSessionCleanup (0.00s)
=== RUN   TestCleanupExpiredSessions
--- PASS: TestCleanupExpiredSessions (0.00s)
=== RUN   TestCleanupExpiredSessions_WithWebSocketConnection
--- PASS: TestCleanupExpiredSessions_WithWebSocketConnection (0.00s)
=== RUN   TestGetOrCreateSession_TableDriven
=== RUN   TestGetOrCreateSession_TableDriven/No_cookie_provided
time="2025-07-15T23:46:58-04:00" level=info msg="New session created" func=getOrCreateSession sessionID=746d9808-e00b-4f13-9eff-a55e1e90247a
=== RUN   TestGetOrCreateSession_TableDriven/Valid_cookie_with_existing_session
=== RUN   TestGetOrCreateSession_TableDriven/Invalid_cookie_value
time="2025-07-15T23:46:58-04:00" level=warning msg="Cookie exists but session not found" func=getOrCreateSession sessionID=invalid-session-456
time="2025-07-15T23:46:58-04:00" level=info msg="New session created" func=getOrCreateSession sessionID=86a101a4-949c-4119-b5f3-7af5e67f6eb8
=== RUN   TestGetOrCreateSession_TableDriven/Empty_cookie_value
time="2025-07-15T23:46:58-04:00" level=info msg="New session created" func=getOrCreateSession sessionID=6fc7379c-1b32-45b2-9879-d4ea1a9561ba
--- PASS: TestGetOrCreateSession_TableDriven (0.00s)
    --- PASS: TestGetOrCreateSession_TableDriven/No_cookie_provided (0.00s)
    --- PASS: TestGetOrCreateSession_TableDriven/Valid_cookie_with_existing_session (0.00s)
    --- PASS: TestGetOrCreateSession_TableDriven/Invalid_cookie_value (0.00s)
    --- PASS: TestGetOrCreateSession_TableDriven/Empty_cookie_value (0.00s)
=== RUN   TestSecureCookieSettings
=== RUN   TestSecureCookieSettings/HTTPS_connection_should_set_secure_cookie
time="2025-07-15T23:46:58-04:00" level=info msg="New session created" func=getOrCreateSession sessionID=fe7e4635-5777-4f34-b4dc-9ef840d1a19c
=== RUN   TestSecureCookieSettings/HTTP_with_X-Forwarded-Proto_https_should_set_secure_cookie
time="2025-07-15T23:46:58-04:00" level=info msg="New session created" func=getOrCreateSession sessionID=771d7975-8242-428d-9f92-36b39e9de1e2
=== RUN   TestSecureCookieSettings/HTTP_connection_should_not_set_secure_cookie
time="2025-07-15T23:46:58-04:00" level=info msg="New session created" func=getOrCreateSession sessionID=1adc158b-8585-4a82-8bc8-974e7c53dfce
=== RUN   TestSecureCookieSettings/HTTP_with_X-Forwarded-Proto_http_should_not_set_secure_cookie
time="2025-07-15T23:46:58-04:00" level=info msg="New session created" func=getOrCreateSession sessionID=552115d3-3fad-4e13-bc49-ebfaf51b8b64
--- PASS: TestSecureCookieSettings (0.00s)
    --- PASS: TestSecureCookieSettings/HTTPS_connection_should_set_secure_cookie (0.00s)
    --- PASS: TestSecureCookieSettings/HTTP_with_X-Forwarded-Proto_https_should_set_secure_cookie (0.00s)
    --- PASS: TestSecureCookieSettings/HTTP_connection_should_not_set_secure_cookie (0.00s)
    --- PASS: TestSecureCookieSettings/HTTP_with_X-Forwarded-Proto_http_should_not_set_secure_cookie (0.00s)
=== RUN   TestSafeSendMessage_ChannelFull
time="2025-07-15T23:46:58-04:00" level=warning msg="Message dropped: channel full or timeout reached" function=safeSendMessage sessionID=test-session
--- PASS: TestSafeSendMessage_ChannelFull (0.05s)
=== RUN   TestSafeSendMessage_NilSession
--- PASS: TestSafeSendMessage_NilSession (0.00s)
=== RUN   TestSafeSendMessage_NilChannel
--- PASS: TestSafeSendMessage_NilChannel (0.00s)
=== RUN   TestHandleCreateCharacter_SessionCollisionDetection
time="2025-07-15T23:46:58-04:00" level=info msg="character created successfully" characterName=TestCharacter class=fighter function=handleCreateCharacter sessionID=db248259a9499e30
--- PASS: TestHandleCreateCharacter_SessionCollisionDetection (0.00s)
=== RUN   TestSpatialIndexingRPCIntegration
time="2025-07-15T23:46:58-04:00" level=info msg="loaded spells from YAML files" function=NewRPCServer spellCount=10 webDir=":8080"
time="2025-07-15T23:46:58-04:00" level=info msg="PCG manager initialized with seed" seed=1752637618616481212
time="2025-07-15T23:46:58-04:00" level=info msg="Registered PCG generator" content_type=quests generator=objective_based version=1.0.0
time="2025-07-15T23:46:58-04:00" level=info msg="Registered PCG generator" content_type=items generator=template_based version=1.0.0
time="2025-07-15T23:46:58-04:00" level=info msg="Registering default PCG generators"
time="2025-07-15T23:46:58-04:00" level=info msg="initialized PCG manager with default generators" function=NewRPCServer webDir=":8080"
time="2025-07-15T23:46:58-04:00" level=info msg="time manager initialized" function=NewTimeManager lastTick="2025-07-15 23:46:58.616709281 -0400 EDT m=+0.088619304" timeScale=1
time="2025-07-15T23:46:58-04:00" level=info msg="time manager initialized" function=NewTimeManager lastTick="2025-07-15 23:46:58.616807676 -0400 EDT m=+0.088717699" timeScale=1
time="2025-07-15T23:46:58-04:00" level=info msg="WebSocket broadcaster started and subscribed to game events"
time="2025-07-15T23:46:58-04:00" level=info msg="initialized new RPC server" function=NewRPCServer server="&{:8080 0xc0003be9e0 0xc0000bc210 0xc00041a4e0 {{0 0} 0 0 {{} 0} {{} 0}} 0xc0003762a0 map[] 0xc00043e000 0xc0004404b0 0xc0003221c0 <nil> 0xc00019da10}" webDir=":8080"
=== RUN   TestSpatialIndexingRPCIntegration/GetObjectsInRange
time="2025-07-15T23:46:58-04:00" level=info msg="range query completed" maxX=110 maxY=110 minX=95 minY=95 objectCount=3 playerID=test_player sessionID=test_session
=== RUN   TestSpatialIndexingRPCIntegration/GetObjectsInRadius
time="2025-07-15T23:46:58-04:00" level=info msg="radius query completed" centerX=100 centerY=100 objectCount=2 playerID=test_player radius=10 sessionID=test_session
=== RUN   TestSpatialIndexingRPCIntegration/GetNearestObjects
time="2025-07-15T23:46:58-04:00" level=info msg="nearest objects query completed" centerX=100 centerY=100 k=2 objectCount=2 playerID=test_player sessionID=test_session
=== RUN   TestSpatialIndexingRPCIntegration/InvalidSession
time="2025-07-15T23:46:58-04:00" level=warning msg="range query attempted with invalid session" sessionID=invalid_session
--- PASS: TestSpatialIndexingRPCIntegration (0.01s)
    --- PASS: TestSpatialIndexingRPCIntegration/GetObjectsInRange (0.00s)
    --- PASS: TestSpatialIndexingRPCIntegration/GetObjectsInRadius (0.00s)
    --- PASS: TestSpatialIndexingRPCIntegration/GetNearestObjects (0.00s)
    --- PASS: TestSpatialIndexingRPCIntegration/InvalidSession (0.00s)
=== RUN   TestProcessSpellCast_ValidationError
time="2025-07-15T23:46:58-04:00" level=warning msg="insufficient level to cast spell" caster_level=1 function=validateSpellCast required_level=5
time="2025-07-15T23:46:58-04:00" level=error msg="spell validation failed" error="insufficient level to cast spell" function=processSpellCast
--- PASS: TestProcessSpellCast_ValidationError (0.00s)
=== RUN   TestProcessSpellCast_EvocationSpell
time="2025-07-15T23:46:58-04:00" level=info msg="processing spell by school" function=processSpellCast spellSchool=Evocation
time="2025-07-15T23:46:58-04:00" level=info msg="spell damage applied to NPC (simulated)" damage=60 function=applySpellDamage target_id=target1
time="2025-07-15T23:46:58-04:00" level=info msg="evocation spell processed successfully" damage=60 function=processEvocationSpell healing=0 spell_id=evocation_spell spell_power=20
--- PASS: TestProcessSpellCast_EvocationSpell (0.00s)
=== RUN   TestProcessSpellCast_EnchantmentSpell
time="2025-07-15T23:46:58-04:00" level=info msg="processing spell by school" function=processSpellCast spellSchool=Enchantment
--- PASS: TestProcessSpellCast_EnchantmentSpell (0.00s)
=== RUN   TestProcessSpellCast_IllusionSpell
time="2025-07-15T23:46:58-04:00" level=info msg="processing spell by school" function=processSpellCast spellSchool=Illusion
--- PASS: TestProcessSpellCast_IllusionSpell (0.00s)
=== RUN   TestProcessSpellCast_UnknownSchool
time="2025-07-15T23:46:58-04:00" level=info msg="processing spell by school" function=processSpellCast spellSchool=Necromancy
time="2025-07-15T23:46:58-04:00" level=warning msg="unknown spell school, using generic processing" function=processSpellCast spellSchool=Necromancy
--- PASS: TestProcessSpellCast_UnknownSchool (0.00s)
=== RUN   TestProcessSpellCast_TableDriven
=== RUN   TestProcessSpellCast_TableDriven/ValidEvocationSpell
time="2025-07-15T23:46:58-04:00" level=info msg="processing spell by school" function=processSpellCast spellSchool=Evocation
time="2025-07-15T23:46:58-04:00" level=info msg="spell damage applied to NPC (simulated)" damage=60 function=applySpellDamage target_id=enemy1
time="2025-07-15T23:46:58-04:00" level=info msg="evocation spell processed successfully" damage=60 function=processEvocationSpell healing=0 spell_id=test_ValidEvocationSpell spell_power=20
=== RUN   TestProcessSpellCast_TableDriven/ValidEnchantmentSpell
time="2025-07-15T23:46:58-04:00" level=info msg="processing spell by school" function=processSpellCast spellSchool=Enchantment
=== RUN   TestProcessSpellCast_TableDriven/ValidIllusionSpell
time="2025-07-15T23:46:58-04:00" level=info msg="processing spell by school" function=processSpellCast spellSchool=Illusion
=== RUN   TestProcessSpellCast_TableDriven/InvalidSpellTooHighLevel
time="2025-07-15T23:46:58-04:00" level=warning msg="insufficient level to cast spell" caster_level=2 function=validateSpellCast required_level=9
time="2025-07-15T23:46:58-04:00" level=error msg="spell validation failed" error="insufficient level to cast spell" function=processSpellCast
=== RUN   TestProcessSpellCast_TableDriven/UnknownSchoolSpell
time="2025-07-15T23:46:58-04:00" level=info msg="processing spell by school" function=processSpellCast spellSchool=Abjuration
time="2025-07-15T23:46:58-04:00" level=warning msg="unknown spell school, using generic processing" function=processSpellCast spellSchool=Abjuration
--- PASS: TestProcessSpellCast_TableDriven (0.00s)
    --- PASS: TestProcessSpellCast_TableDriven/ValidEvocationSpell (0.00s)
    --- PASS: TestProcessSpellCast_TableDriven/ValidEnchantmentSpell (0.00s)
    --- PASS: TestProcessSpellCast_TableDriven/ValidIllusionSpell (0.00s)
    --- PASS: TestProcessSpellCast_TableDriven/InvalidSpellTooHighLevel (0.00s)
    --- PASS: TestProcessSpellCast_TableDriven/UnknownSchoolSpell (0.00s)
=== RUN   TestProcessSpellCast_ParameterValidation
=== RUN   TestProcessSpellCast_ParameterValidation/NilCaster
    spell_test.go:281: Function panicked with nil caster (expected behavior): runtime error: invalid memory address or nil pointer dereference
=== RUN   TestProcessSpellCast_ParameterValidation/NilSpell
    spell_test.go:293: Function panicked with nil spell (expected behavior): runtime error: invalid memory address or nil pointer dereference
=== RUN   TestProcessSpellCast_ParameterValidation/EmptyTargetID
time="2025-07-15T23:46:58-04:00" level=info msg="processing spell by school" function=processSpellCast spellSchool=Evocation
time="2025-07-15T23:46:58-04:00" level=info msg="spell damage applied to NPC (simulated)" damage=10 function=applySpellDamage target_id=
time="2025-07-15T23:46:58-04:00" level=info msg="evocation spell processed successfully" damage=10 function=processEvocationSpell healing=0 spell_id=spell1 spell_power=10
--- PASS: TestProcessSpellCast_ParameterValidation (0.00s)
    --- PASS: TestProcessSpellCast_ParameterValidation/NilCaster (0.00s)
    --- PASS: TestProcessSpellCast_ParameterValidation/NilSpell (0.00s)
    --- PASS: TestProcessSpellCast_ParameterValidation/EmptyTargetID (0.00s)
=== RUN   TestProcessSpellCast_SpellSchoolCodePaths
=== RUN   TestProcessSpellCast_SpellSchoolCodePaths/EvocationSchool
time="2025-07-15T23:46:58-04:00" level=info msg="processing spell by school" function=processSpellCast spellSchool=Evocation
time="2025-07-15T23:46:58-04:00" level=info msg="spell damage applied to NPC (simulated)" damage=15 function=applySpellDamage target_id=testTarget
time="2025-07-15T23:46:58-04:00" level=info msg="evocation spell processed successfully" damage=15 function=processEvocationSpell healing=0 spell_id=test_Evocation spell_power=15
    spell_test.go:355: Processed Evocation school spell successfully
=== RUN   TestProcessSpellCast_SpellSchoolCodePaths/EnchantmentSchool
time="2025-07-15T23:46:58-04:00" level=info msg="processing spell by school" function=processSpellCast spellSchool=Enchantment
    spell_test.go:355: Processed Enchantment school spell successfully
=== RUN   TestProcessSpellCast_SpellSchoolCodePaths/IllusionSchool
time="2025-07-15T23:46:58-04:00" level=info msg="processing spell by school" function=processSpellCast spellSchool=Illusion
    spell_test.go:355: Processed Illusion school spell successfully
=== RUN   TestProcessSpellCast_SpellSchoolCodePaths/AbjurationSchool
time="2025-07-15T23:46:58-04:00" level=info msg="processing spell by school" function=processSpellCast spellSchool=Abjuration
time="2025-07-15T23:46:58-04:00" level=warning msg="unknown spell school, using generic processing" function=processSpellCast spellSchool=Abjuration
    spell_test.go:355: Processed Abjuration school spell successfully
=== RUN   TestProcessSpellCast_SpellSchoolCodePaths/ConjurationSchool
time="2025-07-15T23:46:58-04:00" level=info msg="processing spell by school" function=processSpellCast spellSchool=Conjuration
time="2025-07-15T23:46:58-04:00" level=warning msg="unknown spell school, using generic processing" function=processSpellCast spellSchool=Conjuration
    spell_test.go:355: Processed Conjuration school spell successfully
=== RUN   TestProcessSpellCast_SpellSchoolCodePaths/DivinationSchool
time="2025-07-15T23:46:58-04:00" level=info msg="processing spell by school" function=processSpellCast spellSchool=Divination
time="2025-07-15T23:46:58-04:00" level=warning msg="unknown spell school, using generic processing" function=processSpellCast spellSchool=Divination
    spell_test.go:355: Processed Divination school spell successfully
=== RUN   TestProcessSpellCast_SpellSchoolCodePaths/NecromancySchool
time="2025-07-15T23:46:58-04:00" level=info msg="processing spell by school" function=processSpellCast spellSchool=Necromancy
time="2025-07-15T23:46:58-04:00" level=warning msg="unknown spell school, using generic processing" function=processSpellCast spellSchool=Necromancy
    spell_test.go:355: Processed Necromancy school spell successfully
=== RUN   TestProcessSpellCast_SpellSchoolCodePaths/TransmutationSchool
time="2025-07-15T23:46:58-04:00" level=info msg="processing spell by school" function=processSpellCast spellSchool=Transmutation
time="2025-07-15T23:46:58-04:00" level=warning msg="unknown spell school, using generic processing" function=processSpellCast spellSchool=Transmutation
    spell_test.go:355: Processed Transmutation school spell successfully
--- PASS: TestProcessSpellCast_SpellSchoolCodePaths (0.00s)
    --- PASS: TestProcessSpellCast_SpellSchoolCodePaths/EvocationSchool (0.00s)
    --- PASS: TestProcessSpellCast_SpellSchoolCodePaths/EnchantmentSchool (0.00s)
    --- PASS: TestProcessSpellCast_SpellSchoolCodePaths/IllusionSchool (0.00s)
    --- PASS: TestProcessSpellCast_SpellSchoolCodePaths/AbjurationSchool (0.00s)
    --- PASS: TestProcessSpellCast_SpellSchoolCodePaths/ConjurationSchool (0.00s)
    --- PASS: TestProcessSpellCast_SpellSchoolCodePaths/DivinationSchool (0.00s)
    --- PASS: TestProcessSpellCast_SpellSchoolCodePaths/NecromancySchool (0.00s)
    --- PASS: TestProcessSpellCast_SpellSchoolCodePaths/TransmutationSchool (0.00s)
=== RUN   TestRPCServer_hasSpellComponent
=== RUN   TestRPCServer_hasSpellComponent/MaterialComponent_ComponentFound
=== RUN   TestRPCServer_hasSpellComponent/MaterialComponent_ComponentNotFound
time="2025-07-15T23:46:58-04:00" level=warning msg="spell component not found in inventory" component=Material function=hasSpellComponent
=== RUN   TestRPCServer_hasSpellComponent/MaterialComponent_EmptyInventory
time="2025-07-15T23:46:58-04:00" level=warning msg="spell component not found in inventory" component=Material function=hasSpellComponent
=== RUN   TestRPCServer_hasSpellComponent/VerbalComponent_AvailableWhenNotStunned
=== RUN   TestRPCServer_hasSpellComponent/SomaticComponent_AvailableWhenNotStunned
--- PASS: TestRPCServer_hasSpellComponent (0.00s)
    --- PASS: TestRPCServer_hasSpellComponent/MaterialComponent_ComponentFound (0.00s)
    --- PASS: TestRPCServer_hasSpellComponent/MaterialComponent_ComponentNotFound (0.00s)
    --- PASS: TestRPCServer_hasSpellComponent/MaterialComponent_EmptyInventory (0.00s)
    --- PASS: TestRPCServer_hasSpellComponent/VerbalComponent_AvailableWhenNotStunned (0.00s)
    --- PASS: TestRPCServer_hasSpellComponent/SomaticComponent_AvailableWhenNotStunned (0.00s)
=== RUN   TestRPCServer_validateSpellCast
=== RUN   TestRPCServer_validateSpellCast/ValidSpellCast_NoComponents
=== RUN   TestRPCServer_validateSpellCast/InvalidSpellCast_InsufficientLevel
time="2025-07-15T23:46:58-04:00" level=warning msg="insufficient level to cast spell" caster_level=2 function=validateSpellCast required_level=5
=== RUN   TestRPCServer_validateSpellCast/ValidSpellCast_WithMaterialComponent
=== RUN   TestRPCServer_validateSpellCast/InvalidSpellCast_MissingMaterialComponent
time="2025-07-15T23:46:58-04:00" level=warning msg="spell component not found in inventory" component=Material function=hasSpellComponent
time="2025-07-15T23:46:58-04:00" level=warning msg="missing required spell component" component=Material function=validateSpellCast
=== RUN   TestRPCServer_validateSpellCast/ValidSpellCast_WithVerbalComponent
=== RUN   TestRPCServer_validateSpellCast/ValidSpellCast_ExactLevel
--- PASS: TestRPCServer_validateSpellCast (0.00s)
    --- PASS: TestRPCServer_validateSpellCast/ValidSpellCast_NoComponents (0.00s)
    --- PASS: TestRPCServer_validateSpellCast/InvalidSpellCast_InsufficientLevel (0.00s)
    --- PASS: TestRPCServer_validateSpellCast/ValidSpellCast_WithMaterialComponent (0.00s)
    --- PASS: TestRPCServer_validateSpellCast/InvalidSpellCast_MissingMaterialComponent (0.00s)
    --- PASS: TestRPCServer_validateSpellCast/ValidSpellCast_WithVerbalComponent (0.00s)
    --- PASS: TestRPCServer_validateSpellCast/ValidSpellCast_ExactLevel (0.00s)
=== RUN   TestRPCServer_processEvocationSpell
=== RUN   TestRPCServer_processEvocationSpell/EvocationSpell_ValidInput
time="2025-07-15T23:46:58-04:00" level=info msg="spell damage applied to NPC (simulated)" damage=0 function=applySpellDamage target_id=target-1
time="2025-07-15T23:46:58-04:00" level=info msg="evocation spell processed successfully" damage=0 function=processEvocationSpell healing=0 spell_id=fireball spell_power=0
=== RUN   TestRPCServer_processEvocationSpell/EvocationSpell_EmptyTargetID
time="2025-07-15T23:46:58-04:00" level=info msg="spell damage applied to NPC (simulated)" damage=0 function=applySpellDamage target_id=
time="2025-07-15T23:46:58-04:00" level=info msg="evocation spell processed successfully" damage=0 function=processEvocationSpell healing=0 spell_id=magic_missile spell_power=0
--- PASS: TestRPCServer_processEvocationSpell (0.00s)
    --- PASS: TestRPCServer_processEvocationSpell/EvocationSpell_ValidInput (0.00s)
    --- PASS: TestRPCServer_processEvocationSpell/EvocationSpell_EmptyTargetID (0.00s)
=== RUN   TestRPCServer_processEnchantmentSpell
=== RUN   TestRPCServer_processEnchantmentSpell/EnchantmentSpell_ValidInput
=== RUN   TestRPCServer_processEnchantmentSpell/EnchantmentSpell_SelfTarget
--- PASS: TestRPCServer_processEnchantmentSpell (0.00s)
    --- PASS: TestRPCServer_processEnchantmentSpell/EnchantmentSpell_ValidInput (0.00s)
    --- PASS: TestRPCServer_processEnchantmentSpell/EnchantmentSpell_SelfTarget (0.00s)
=== RUN   TestRPCServer_processIllusionSpell
=== RUN   TestRPCServer_processIllusionSpell/IllusionSpell_ValidInput
=== RUN   TestRPCServer_processIllusionSpell/IllusionSpell_ZeroPosition
--- PASS: TestRPCServer_processIllusionSpell (0.00s)
    --- PASS: TestRPCServer_processIllusionSpell/IllusionSpell_ValidInput (0.00s)
    --- PASS: TestRPCServer_processIllusionSpell/IllusionSpell_ZeroPosition (0.00s)
=== RUN   TestRPCServer_processGenericSpell
=== RUN   TestRPCServer_processGenericSpell/GenericSpell_ValidInput
=== RUN   TestRPCServer_processGenericSpell/GenericSpell_NoTarget
--- PASS: TestRPCServer_processGenericSpell (0.00s)
    --- PASS: TestRPCServer_processGenericSpell/GenericSpell_ValidInput (0.00s)
    --- PASS: TestRPCServer_processGenericSpell/GenericSpell_NoTarget (0.00s)
=== RUN   TestRPCServer_SpellProcessing_TableDriven
=== RUN   TestRPCServer_SpellProcessing_TableDriven/AllSpellTypes_SuccessfulProcessing
time="2025-07-15T23:46:58-04:00" level=info msg="spell damage applied to NPC (simulated)" damage=0 function=applySpellDamage target_id=target
time="2025-07-15T23:46:58-04:00" level=info msg="evocation spell processed successfully" damage=0 function=processEvocationSpell healing=0 spell_id=test_spell spell_power=0
=== RUN   TestRPCServer_SpellProcessing_TableDriven/NilSpell_HandledGracefully
=== RUN   TestRPCServer_SpellProcessing_TableDriven/NilPlayer_HandledGracefully
--- PASS: TestRPCServer_SpellProcessing_TableDriven (0.00s)
    --- PASS: TestRPCServer_SpellProcessing_TableDriven/AllSpellTypes_SuccessfulProcessing (0.00s)
    --- PASS: TestRPCServer_SpellProcessing_TableDriven/NilSpell_HandledGracefully (0.00s)
    --- PASS: TestRPCServer_SpellProcessing_TableDriven/NilPlayer_HandledGracefully (0.00s)
=== RUN   TestRPCServer_ComponentValidation_EdgeCases
=== RUN   TestRPCServer_ComponentValidation_EdgeCases/MultipleSpellComponents_InInventory
=== RUN   TestRPCServer_ComponentValidation_EdgeCases/CaseInsensitive_ComponentType
time="2025-07-15T23:46:58-04:00" level=warning msg="spell component not found in inventory" component=Material function=hasSpellComponent
=== RUN   TestRPCServer_ComponentValidation_EdgeCases/ComplexSpell_MultipleComponents
--- PASS: TestRPCServer_ComponentValidation_EdgeCases (0.00s)
    --- PASS: TestRPCServer_ComponentValidation_EdgeCases/MultipleSpellComponents_InInventory (0.00s)
    --- PASS: TestRPCServer_ComponentValidation_EdgeCases/CaseInsensitive_ComponentType (0.00s)
    --- PASS: TestRPCServer_ComponentValidation_EdgeCases/ComplexSpell_MultipleComponents (0.00s)
=== RUN   TestTurnBasedCombatEnforcement
time="2025-07-15T23:46:58-04:00" level=info msg="loaded spells from YAML files" function=NewRPCServer spellCount=10 webDir=":8080"
time="2025-07-15T23:46:58-04:00" level=info msg="PCG manager initialized with seed" seed=1752637618625204016
time="2025-07-15T23:46:58-04:00" level=info msg="Registered PCG generator" content_type=quests generator=objective_based version=1.0.0
time="2025-07-15T23:46:58-04:00" level=info msg="Registered PCG generator" content_type=items generator=template_based version=1.0.0
time="2025-07-15T23:46:58-04:00" level=info msg="Registering default PCG generators"
time="2025-07-15T23:46:58-04:00" level=info msg="initialized PCG manager with default generators" function=NewRPCServer webDir=":8080"
time="2025-07-15T23:46:58-04:00" level=info msg="time manager initialized" function=NewTimeManager lastTick="2025-07-15 23:46:58.625466611 -0400 EDT m=+0.097376634" timeScale=1
time="2025-07-15T23:46:58-04:00" level=info msg="time manager initialized" function=NewTimeManager lastTick="2025-07-15 23:46:58.62551966 -0400 EDT m=+0.097429683" timeScale=1
time="2025-07-15T23:46:58-04:00" level=info msg="WebSocket broadcaster started and subscribed to game events"
time="2025-07-15T23:46:58-04:00" level=info msg="initialized new RPC server" function=NewRPCServer server="&{:8080 0xc000235b70 0xc0000bc630 0xc00041b960 {{0 0} 0 0 {{} 0} {{} 0}} 0xc000377da0 map[] 0xc0000a7b90 0xc0004410f8 0xc000322f40 <nil> 0xc00032bc50}" webDir=":8080"
=== RUN   TestTurnBasedCombatEnforcement/Actions_allowed_when_not_in_combat
time="2025-07-15T23:46:58-04:00" level=warning msg="attempted attack while not in combat" function=handleAttack
=== RUN   TestTurnBasedCombatEnforcement/Combat_actions_restricted_by_turn_order
time="2025-07-15T23:46:58-04:00" level=info msg="combat started successfully" function=StartCombat round=1
time="2025-07-15T23:46:58-04:00" level=info msg="processing combat action" function=handleAttack playerID=player1 targetID=player2 weaponID=
time="2025-07-15T23:46:58-04:00" level=info msg="unarmed damage calculation completed" baseDamage=1 function=calculateWeaponDamage strBonus=-5 totalDamage=1
time="2025-07-15T23:46:58-04:00" level=info msg="calculated weapon damage" damage=1 function=processCombatAction
time="2025-07-15T23:46:58-04:00" level=info msg="damage applied to character" charID=player2 damage=1 function=applyDamage newHP=99 oldHP=100
time="2025-07-15T23:46:58-04:00" level=info msg="consumed action points for attack" consumedAP=1 function=handleAttack playerID=player1 remainingAP=1
time="2025-07-15T23:46:58-04:00" level=warning msg="player attempted attack when not their turn" function=handleAttack playerID=player2
time="2025-07-15T23:46:58-04:00" level=info msg="combat ended via TurnManager" function=EndCombat rounds=1
=== RUN   TestTurnBasedCombatEnforcement/Spell_casting_restricted_by_turn_order
time="2025-07-15T23:46:58-04:00" level=info msg="combat started successfully" function=StartCombat round=1
time="2025-07-15T23:46:58-04:00" level=warning msg="player attempted to cast spell when not their turn" function=handleCastSpell playerID=player2
time="2025-07-15T23:46:58-04:00" level=warning msg="player does not know this spell" function=handleCastSpell playerID=player1 spellID=fireball
time="2025-07-15T23:46:58-04:00" level=info msg="combat ended via TurnManager" function=EndCombat rounds=1
=== RUN   TestTurnBasedCombatEnforcement/Item_usage_restricted_by_turn_order
time="2025-07-15T23:46:58-04:00" level=info msg="combat started successfully" function=StartCombat round=1
time="2025-07-15T23:46:58-04:00" level=warning msg="player attempted to use item when not their turn" function=handleUseItem playerID=player2
time="2025-07-15T23:46:58-04:00" level=info msg="using item from inventory" function=handleUseItem itemID=healing_potion sessionID=session1 targetID=player1
time="2025-07-15T23:46:58-04:00" level=info msg="item not found in inventory" found=false function=findInventoryItem itemID=healing_potion
time="2025-07-15T23:46:58-04:00" level=error msg="failed to find item in inventory" function=handleUseItem itemID=healing_potion
time="2025-07-15T23:46:58-04:00" level=info msg="combat ended via TurnManager" function=EndCombat rounds=1
=== RUN   TestTurnBasedCombatEnforcement/Turn_advancement_allows_next_player_to_act
time="2025-07-15T23:46:58-04:00" level=info msg="combat started successfully" function=StartCombat round=1
time="2025-07-15T23:46:58-04:00" level=info msg="processing combat action" function=handleAttack playerID=player2 targetID=player1 weaponID=
time="2025-07-15T23:46:58-04:00" level=info msg="unarmed damage calculation completed" baseDamage=1 function=calculateWeaponDamage strBonus=-5 totalDamage=1
time="2025-07-15T23:46:58-04:00" level=info msg="calculated weapon damage" damage=1 function=processCombatAction
time="2025-07-15T23:46:58-04:00" level=info msg="damage applied to character" charID=player1 damage=1 function=applyDamage newHP=99 oldHP=100
time="2025-07-15T23:46:58-04:00" level=info msg="consumed action points for attack" consumedAP=1 function=handleAttack playerID=player2 remainingAP=1
time="2025-07-15T23:46:58-04:00" level=warning msg="player attempted attack when not their turn" function=handleAttack playerID=player1
time="2025-07-15T23:46:58-04:00" level=info msg="combat ended via TurnManager" function=EndCombat rounds=1
=== RUN   TestTurnBasedCombatEnforcement/EndTurn_works_regardless_of_current_turn
time="2025-07-15T23:46:58-04:00" level=info msg="combat started successfully" function=StartCombat round=1
time="2025-07-15T23:46:58-04:00" level=info msg="processing end of turn effects" function=handleEndTurn playerID=player1
time="2025-07-15T23:46:58-04:00" level=info msg="checking effects" charID=player1 function=processEndTurnEffects numEffects=0
time="2025-07-15T23:46:58-04:00" level=info msg="advanced to next turn" function=handleEndTurn nextTurn=player2
time="2025-07-15T23:46:58-04:00" level=info msg="restored action points for next player" function=handleEndTurn nextPlayerID=player2 restoredAP=2
time="2025-07-15T23:46:58-04:00" level=info msg="combat ended via TurnManager" function=EndCombat rounds=1
--- PASS: TestTurnBasedCombatEnforcement (0.01s)
    --- PASS: TestTurnBasedCombatEnforcement/Actions_allowed_when_not_in_combat (0.00s)
    --- PASS: TestTurnBasedCombatEnforcement/Combat_actions_restricted_by_turn_order (0.00s)
    --- PASS: TestTurnBasedCombatEnforcement/Spell_casting_restricted_by_turn_order (0.00s)
    --- PASS: TestTurnBasedCombatEnforcement/Item_usage_restricted_by_turn_order (0.00s)
    --- PASS: TestTurnBasedCombatEnforcement/Turn_advancement_allows_next_player_to_act (0.00s)
    --- PASS: TestTurnBasedCombatEnforcement/EndTurn_works_regardless_of_current_turn (0.00s)
=== RUN   TestCombatTurnValidationEdgeCases
time="2025-07-15T23:46:58-04:00" level=info msg="loaded spells from YAML files" function=NewRPCServer spellCount=10 webDir=":8080"
time="2025-07-15T23:46:58-04:00" level=info msg="PCG manager initialized with seed" seed=1752637618631402320
time="2025-07-15T23:46:58-04:00" level=info msg="Registered PCG generator" content_type=quests generator=objective_based version=1.0.0
time="2025-07-15T23:46:58-04:00" level=info msg="Registered PCG generator" content_type=items generator=template_based version=1.0.0
time="2025-07-15T23:46:58-04:00" level=info msg="Registering default PCG generators"
time="2025-07-15T23:46:58-04:00" level=info msg="initialized PCG manager with default generators" function=NewRPCServer webDir=":8080"
time="2025-07-15T23:46:58-04:00" level=info msg="time manager initialized" function=NewTimeManager lastTick="2025-07-15 23:46:58.63159377 -0400 EDT m=+0.103503794" timeScale=1
time="2025-07-15T23:46:58-04:00" level=info msg="time manager initialized" function=NewTimeManager lastTick="2025-07-15 23:46:58.631645778 -0400 EDT m=+0.103555801" timeScale=1
time="2025-07-15T23:46:58-04:00" level=info msg="WebSocket broadcaster started and subscribed to game events"
time="2025-07-15T23:46:58-04:00" level=info msg="initialized new RPC server" function=NewRPCServer server="&{:8080 0xc000321780 0xc0000bc9a0 0xc00007ec00 {{0 0} 0 0 {{} 0} {{} 0}} 0xc000112f00 map[] 0xc00027e230 0xc0004418d8 0xc0003239c0 <nil> 0xc000413e00}" webDir=":8080"
=== RUN   TestCombatTurnValidationEdgeCases/Invalid_session_handled_gracefully
time="2025-07-15T23:46:58-04:00" level=warning msg="invalid session ID" function=handleAttack sessionID=invalid_session
=== RUN   TestCombatTurnValidationEdgeCases/Combat_state_transitions_handled_properly
time="2025-07-15T23:46:58-04:00" level=info msg="combat started successfully" function=StartCombat round=1
time="2025-07-15T23:46:58-04:00" level=warning msg="player attempted to attack without enough action points" currentAP=0 function=handleAttack playerID=test_player requiredAP=1
time="2025-07-15T23:46:58-04:00" level=info msg="combat ended via TurnManager" function=EndCombat rounds=1
time="2025-07-15T23:46:58-04:00" level=warning msg="attempted attack while not in combat" function=handleAttack
--- PASS: TestCombatTurnValidationEdgeCases (0.00s)
    --- PASS: TestCombatTurnValidationEdgeCases/Invalid_session_handled_gracefully (0.00s)
    --- PASS: TestCombatTurnValidationEdgeCases/Combat_state_transitions_handled_properly (0.00s)
=== RUN   TestPlayerSession_Update_ValidUpdates
=== RUN   TestPlayerSession_Update_ValidUpdates/Update_connected_status_to_true
=== RUN   TestPlayerSession_Update_ValidUpdates/Update_connected_status_to_false
=== RUN   TestPlayerSession_Update_ValidUpdates/Update_lastActive_timestamp
=== RUN   TestPlayerSession_Update_ValidUpdates/Update_sessionId
=== RUN   TestPlayerSession_Update_ValidUpdates/Update_player_data
=== RUN   TestPlayerSession_Update_ValidUpdates/Update_multiple_fields_at_once
--- PASS: TestPlayerSession_Update_ValidUpdates (0.00s)
    --- PASS: TestPlayerSession_Update_ValidUpdates/Update_connected_status_to_true (0.00s)
    --- PASS: TestPlayerSession_Update_ValidUpdates/Update_connected_status_to_false (0.00s)
    --- PASS: TestPlayerSession_Update_ValidUpdates/Update_lastActive_timestamp (0.00s)
    --- PASS: TestPlayerSession_Update_ValidUpdates/Update_sessionId (0.00s)
    --- PASS: TestPlayerSession_Update_ValidUpdates/Update_player_data (0.00s)
    --- PASS: TestPlayerSession_Update_ValidUpdates/Update_multiple_fields_at_once (0.00s)
=== RUN   TestPlayerSession_Update_ErrorCases
=== RUN   TestPlayerSession_Update_ErrorCases/Update_nil_session
=== RUN   TestPlayerSession_Update_ErrorCases/Update_with_wrong_type_for_connected
=== RUN   TestPlayerSession_Update_ErrorCases/Update_with_wrong_type_for_lastActive
=== RUN   TestPlayerSession_Update_ErrorCases/Update_with_wrong_type_for_sessionId
--- PASS: TestPlayerSession_Update_ErrorCases (0.00s)
    --- PASS: TestPlayerSession_Update_ErrorCases/Update_nil_session (0.00s)
    --- PASS: TestPlayerSession_Update_ErrorCases/Update_with_wrong_type_for_connected (0.00s)
    --- PASS: TestPlayerSession_Update_ErrorCases/Update_with_wrong_type_for_lastActive (0.00s)
    --- PASS: TestPlayerSession_Update_ErrorCases/Update_with_wrong_type_for_sessionId (0.00s)
=== RUN   TestPlayerSession_Clone_ValidSession
--- PASS: TestPlayerSession_Clone_ValidSession (0.00s)
=== RUN   TestPlayerSession_Clone_NilSession
--- PASS: TestPlayerSession_Clone_NilSession (0.00s)
=== RUN   TestPlayerSession_PublicData
--- PASS: TestPlayerSession_PublicData (0.00s)
=== RUN   TestRPCMethod_Constants
=== RUN   TestRPCMethod_Constants/MethodMove
=== RUN   TestRPCMethod_Constants/MethodAttack
=== RUN   TestRPCMethod_Constants/MethodCastSpell
=== RUN   TestRPCMethod_Constants/MethodUseItem
=== RUN   TestRPCMethod_Constants/MethodApplyEffect
=== RUN   TestRPCMethod_Constants/MethodStartCombat
=== RUN   TestRPCMethod_Constants/MethodEndTurn
=== RUN   TestRPCMethod_Constants/MethodGetGameState
=== RUN   TestRPCMethod_Constants/MethodJoinGame
=== RUN   TestRPCMethod_Constants/MethodLeaveGame
=== RUN   TestRPCMethod_Constants/MethodCreateCharacter
--- PASS: TestRPCMethod_Constants (0.00s)
    --- PASS: TestRPCMethod_Constants/MethodMove (0.00s)
    --- PASS: TestRPCMethod_Constants/MethodAttack (0.00s)
    --- PASS: TestRPCMethod_Constants/MethodCastSpell (0.00s)
    --- PASS: TestRPCMethod_Constants/MethodUseItem (0.00s)
    --- PASS: TestRPCMethod_Constants/MethodApplyEffect (0.00s)
    --- PASS: TestRPCMethod_Constants/MethodStartCombat (0.00s)
    --- PASS: TestRPCMethod_Constants/MethodEndTurn (0.00s)
    --- PASS: TestRPCMethod_Constants/MethodGetGameState (0.00s)
    --- PASS: TestRPCMethod_Constants/MethodJoinGame (0.00s)
    --- PASS: TestRPCMethod_Constants/MethodLeaveGame (0.00s)
    --- PASS: TestRPCMethod_Constants/MethodCreateCharacter (0.00s)
=== RUN   TestRPCMethod_TypeConversion
--- PASS: TestRPCMethod_TypeConversion (0.00s)
=== RUN   TestPlayerSession_StructureIntegrity
--- PASS: TestPlayerSession_StructureIntegrity (0.00s)
=== RUN   TestPlayerSession_ZeroValues
--- PASS: TestPlayerSession_ZeroValues (0.00s)
=== RUN   TestIsTimeToExecute
=== RUN   TestIsTimeToExecute/Current_time_equals_trigger_time
time="2025-07-15T23:46:58-04:00" level=info msg="time check complete" currentTicks=100 function=isTimeToExecute result=true triggerTicks=100
=== RUN   TestIsTimeToExecute/Current_time_greater_than_trigger_time
time="2025-07-15T23:46:58-04:00" level=info msg="time check complete" currentTicks=150 function=isTimeToExecute result=true triggerTicks=100
=== RUN   TestIsTimeToExecute/Current_time_less_than_trigger_time
time="2025-07-15T23:46:58-04:00" level=info msg="time check complete" currentTicks=50 function=isTimeToExecute result=false triggerTicks=100
=== RUN   TestIsTimeToExecute/Zero_values
time="2025-07-15T23:46:58-04:00" level=info msg="time check complete" currentTicks=0 function=isTimeToExecute result=true triggerTicks=0
=== RUN   TestIsTimeToExecute/Large_tick_values
time="2025-07-15T23:46:58-04:00" level=info msg="time check complete" currentTicks=999999 function=isTimeToExecute result=true triggerTicks=999998
--- PASS: TestIsTimeToExecute (0.00s)
    --- PASS: TestIsTimeToExecute/Current_time_equals_trigger_time (0.00s)
    --- PASS: TestIsTimeToExecute/Current_time_greater_than_trigger_time (0.00s)
    --- PASS: TestIsTimeToExecute/Current_time_less_than_trigger_time (0.00s)
    --- PASS: TestIsTimeToExecute/Zero_values (0.00s)
    --- PASS: TestIsTimeToExecute/Large_tick_values (0.00s)
=== RUN   TestFindSpell
=== RUN   TestFindSpell/Find_existing_spell_by_ID
time="2025-07-15T23:46:58-04:00" level=info msg="found spell" found=true function=findSpell spellID=fireball
=== RUN   TestFindSpell/Find_another_existing_spell
time="2025-07-15T23:46:58-04:00" level=info msg="found spell" found=true function=findSpell spellID=heal
=== RUN   TestFindSpell/Spell_not_found
time="2025-07-15T23:46:58-04:00" level=info msg="spell not found" found=false function=findSpell spellID=nonexistent
=== RUN   TestFindSpell/Empty_spell_slice
time="2025-07-15T23:46:58-04:00" level=info msg="spell not found" found=false function=findSpell spellID=fireball
=== RUN   TestFindSpell/Empty_spell_ID
time="2025-07-15T23:46:58-04:00" level=info msg="spell not found" found=false function=findSpell spellID=
=== RUN   TestFindSpell/Case_sensitive_search
time="2025-07-15T23:46:58-04:00" level=info msg="spell not found" found=false function=findSpell spellID=FIREBALL
--- PASS: TestFindSpell (0.00s)
    --- PASS: TestFindSpell/Find_existing_spell_by_ID (0.00s)
    --- PASS: TestFindSpell/Find_another_existing_spell (0.00s)
    --- PASS: TestFindSpell/Spell_not_found (0.00s)
    --- PASS: TestFindSpell/Empty_spell_slice (0.00s)
    --- PASS: TestFindSpell/Empty_spell_ID (0.00s)
    --- PASS: TestFindSpell/Case_sensitive_search (0.00s)
=== RUN   TestFindInventoryItem
=== RUN   TestFindInventoryItem/Find_existing_item_by_ID
time="2025-07-15T23:46:58-04:00" level=info msg="found inventory item" found=true function=findInventoryItem itemID=sword1
=== RUN   TestFindInventoryItem/Find_consumable_item
time="2025-07-15T23:46:58-04:00" level=info msg="found inventory item" found=true function=findInventoryItem itemID=potion1
=== RUN   TestFindInventoryItem/Item_not_found
time="2025-07-15T23:46:58-04:00" level=info msg="item not found in inventory" found=false function=findInventoryItem itemID=nonexistent
=== RUN   TestFindInventoryItem/Empty_inventory
time="2025-07-15T23:46:58-04:00" level=info msg="item not found in inventory" found=false function=findInventoryItem itemID=sword1
=== RUN   TestFindInventoryItem/Empty_item_ID
time="2025-07-15T23:46:58-04:00" level=info msg="item not found in inventory" found=false function=findInventoryItem itemID=
=== RUN   TestFindInventoryItem/Case_sensitive_search
time="2025-07-15T23:46:58-04:00" level=info msg="item not found in inventory" found=false function=findInventoryItem itemID=SWORD1
--- PASS: TestFindInventoryItem (0.00s)
    --- PASS: TestFindInventoryItem/Find_existing_item_by_ID (0.00s)
    --- PASS: TestFindInventoryItem/Find_consumable_item (0.00s)
    --- PASS: TestFindInventoryItem/Item_not_found (0.00s)
    --- PASS: TestFindInventoryItem/Empty_inventory (0.00s)
    --- PASS: TestFindInventoryItem/Empty_item_ID (0.00s)
    --- PASS: TestFindInventoryItem/Case_sensitive_search (0.00s)
=== RUN   TestParseDamageString
=== RUN   TestParseDamageString/Plain_number_5
time="2025-07-15T23:46:58-04:00" level=info msg="parsed plain number" damage=5 function=parseDamageString value=5
=== RUN   TestParseDamageString/Plain_number_0
time="2025-07-15T23:46:58-04:00" level=info msg="parsed plain number" damage=0 function=parseDamageString value=0
=== RUN   TestParseDamageString/Large_plain_number
time="2025-07-15T23:46:58-04:00" level=info msg="parsed plain number" damage=100 function=parseDamageString value=100
=== RUN   TestParseDamageString/1d6_dice
time="2025-07-15T23:46:58-04:00" level=info msg="calculated average damage" damage=1d6 dieSize=6 function=parseDamageString modifier=0 numDice=1 result=3
=== RUN   TestParseDamageString/d8_dice_(implicit_1)
time="2025-07-15T23:46:58-04:00" level=info msg="calculated average damage" damage=d8 dieSize=8 function=parseDamageString modifier=0 numDice=1 result=4
=== RUN   TestParseDamageString/2d6_dice
time="2025-07-15T23:46:58-04:00" level=info msg="calculated average damage" damage=2d6 dieSize=6 function=parseDamageString modifier=0 numDice=2 result=7
=== RUN   TestParseDamageString/3d4_dice
time="2025-07-15T23:46:58-04:00" level=info msg="calculated average damage" damage=3d4 dieSize=4 function=parseDamageString modifier=0 numDice=3 result=7
=== RUN   TestParseDamageString/1d6+1
time="2025-07-15T23:46:58-04:00" level=info msg="calculated average damage" damage=1d6+1 dieSize=6 function=parseDamageString modifier=1 numDice=1 result=4
=== RUN   TestParseDamageString/2d8+5
time="2025-07-15T23:46:58-04:00" level=info msg="calculated average damage" damage=2d8+5 dieSize=8 function=parseDamageString modifier=5 numDice=2 result=14
=== RUN   TestParseDamageString/d4+2
time="2025-07-15T23:46:58-04:00" level=info msg="calculated average damage" damage=d4+2 dieSize=4 function=parseDamageString modifier=2 numDice=1 result=4
=== RUN   TestParseDamageString/10d10+10
time="2025-07-15T23:46:58-04:00" level=info msg="calculated average damage" damage=10d10+10 dieSize=10 function=parseDamageString modifier=10 numDice=10 result=65
=== RUN   TestParseDamageString/Invalid_format_-_letters
time="2025-07-15T23:46:58-04:00" level=warning msg="invalid dice notation format" damage=abc function=parseDamageString
=== RUN   TestParseDamageString/Invalid_format_-_mixed
time="2025-07-15T23:46:58-04:00" level=warning msg="invalid dice notation format" damage=2x6 function=parseDamageString
=== RUN   TestParseDamageString/Empty_string
time="2025-07-15T23:46:58-04:00" level=warning msg="invalid dice notation format" damage= function=parseDamageString
=== RUN   TestParseDamageString/Invalid_dice_notation_-_no_die_size
time="2025-07-15T23:46:58-04:00" level=warning msg="invalid dice notation format" damage=2d function=parseDamageString
=== RUN   TestParseDamageString/Invalid_dice_notation_-_no_d
time="2025-07-15T23:46:58-04:00" level=info msg="parsed plain number" damage=26 function=parseDamageString value=26
=== RUN   TestParseDamageString/Complex_invalid_format
time="2025-07-15T23:46:58-04:00" level=warning msg="invalid dice notation format" damage=2d6+abc function=parseDamageString
--- PASS: TestParseDamageString (0.00s)
    --- PASS: TestParseDamageString/Plain_number_5 (0.00s)
    --- PASS: TestParseDamageString/Plain_number_0 (0.00s)
    --- PASS: TestParseDamageString/Large_plain_number (0.00s)
    --- PASS: TestParseDamageString/1d6_dice (0.00s)
    --- PASS: TestParseDamageString/d8_dice_(implicit_1) (0.00s)
    --- PASS: TestParseDamageString/2d6_dice (0.00s)
    --- PASS: TestParseDamageString/3d4_dice (0.00s)
    --- PASS: TestParseDamageString/1d6+1 (0.00s)
    --- PASS: TestParseDamageString/2d8+5 (0.00s)
    --- PASS: TestParseDamageString/d4+2 (0.00s)
    --- PASS: TestParseDamageString/10d10+10 (0.00s)
    --- PASS: TestParseDamageString/Invalid_format_-_letters (0.00s)
    --- PASS: TestParseDamageString/Invalid_format_-_mixed (0.00s)
    --- PASS: TestParseDamageString/Empty_string (0.00s)
    --- PASS: TestParseDamageString/Invalid_dice_notation_-_no_die_size (0.00s)
    --- PASS: TestParseDamageString/Invalid_dice_notation_-_no_d (0.00s)
    --- PASS: TestParseDamageString/Complex_invalid_format (0.00s)
=== RUN   TestParseDamageString_TableDriven
=== RUN   TestParseDamageString_TableDriven/Minimum_die_size
time="2025-07-15T23:46:58-04:00" level=info msg="calculated average damage" damage=1d1 dieSize=1 function=parseDamageString modifier=0 numDice=1 result=1
=== RUN   TestParseDamageString_TableDriven/d2_average
time="2025-07-15T23:46:58-04:00" level=info msg="calculated average damage" damage=1d2 dieSize=2 function=parseDamageString modifier=0 numDice=1 result=1
=== RUN   TestParseDamageString_TableDriven/d20_average
time="2025-07-15T23:46:58-04:00" level=info msg="calculated average damage" damage=1d20 dieSize=20 function=parseDamageString modifier=0 numDice=1 result=10
=== RUN   TestParseDamageString_TableDriven/Many_d1_dice
time="2025-07-15T23:46:58-04:00" level=info msg="calculated average damage" damage=100d1 dieSize=1 function=parseDamageString modifier=0 numDice=100 result=100
=== RUN   TestParseDamageString_TableDriven/d100_average
time="2025-07-15T23:46:58-04:00" level=info msg="calculated average damage" damage=1d100 dieSize=100 function=parseDamageString modifier=0 numDice=1 result=50
=== RUN   TestParseDamageString_TableDriven/Zero_dice
time="2025-07-15T23:46:58-04:00" level=info msg="calculated average damage" damage=0d6 dieSize=6 function=parseDamageString modifier=0 numDice=0 result=0
=== RUN   TestParseDamageString_TableDriven/Invalid_zero-sided_die_(average_calculation_still_works)
time="2025-07-15T23:46:58-04:00" level=info msg="calculated average damage" damage=1d0+5 dieSize=0 function=parseDamageString modifier=5 numDice=1 result=5
=== RUN   TestParseDamageString_TableDriven/Negative_plain_number
time="2025-07-15T23:46:58-04:00" level=info msg="parsed plain number" damage=-5 function=parseDamageString value=-5
=== RUN   TestParseDamageString_TableDriven/Invalid_modifier_format
time="2025-07-15T23:46:58-04:00" level=warning msg="invalid dice notation format" damage=1d6+-3 function=parseDamageString
--- PASS: TestParseDamageString_TableDriven (0.00s)
    --- PASS: TestParseDamageString_TableDriven/Minimum_die_size (0.00s)
    --- PASS: TestParseDamageString_TableDriven/d2_average (0.00s)
    --- PASS: TestParseDamageString_TableDriven/d20_average (0.00s)
    --- PASS: TestParseDamageString_TableDriven/Many_d1_dice (0.00s)
    --- PASS: TestParseDamageString_TableDriven/d100_average (0.00s)
    --- PASS: TestParseDamageString_TableDriven/Zero_dice (0.00s)
    --- PASS: TestParseDamageString_TableDriven/Invalid_zero-sided_die_(average_calculation_still_works) (0.00s)
    --- PASS: TestParseDamageString_TableDriven/Negative_plain_number (0.00s)
    --- PASS: TestParseDamageString_TableDriven/Invalid_modifier_format (0.00s)
=== RUN   TestParseDamageString_ErrorHandling
=== RUN   TestParseDamageString_ErrorHandling/Invalid_dice_notation_without_die_number
time="2025-07-15T23:46:58-04:00" level=warning msg="invalid dice notation format" damage=d+5 function=parseDamageString
=== RUN   TestParseDamageString_ErrorHandling/Invalid_dice_notation_format
time="2025-07-15T23:46:58-04:00" level=warning msg="invalid dice notation format" damage=d+ function=parseDamageString
=== RUN   TestParseDamageString_ErrorHandling/Missing_die_size
time="2025-07-15T23:46:58-04:00" level=warning msg="invalid dice notation format" damage=1d+5 function=parseDamageString
=== RUN   TestParseDamageString_ErrorHandling/Invalid_modifier_-_empty_plus
time="2025-07-15T23:46:58-04:00" level=warning msg="invalid dice notation format" damage=1d6+ function=parseDamageString
--- PASS: TestParseDamageString_ErrorHandling (0.00s)
    --- PASS: TestParseDamageString_ErrorHandling/Invalid_dice_notation_without_die_number (0.00s)
    --- PASS: TestParseDamageString_ErrorHandling/Invalid_dice_notation_format (0.00s)
    --- PASS: TestParseDamageString_ErrorHandling/Missing_die_size (0.00s)
    --- PASS: TestParseDamageString_ErrorHandling/Invalid_modifier_-_empty_plus (0.00s)
=== RUN   TestParseDamageString_Coverage
time="2025-07-15T23:46:58-04:00" level=error msg="failed to parse number of dice" damage=99999999999999999999d6 error="strconv.Atoi: parsing \"99999999999999999999\": value out of range" function=parseDamageString
time="2025-07-15T23:46:58-04:00" level=error msg="failed to parse die size" damage=1d99999999999999999999 error="strconv.Atoi: parsing \"99999999999999999999\": value out of range" function=parseDamageString
time="2025-07-15T23:46:58-04:00" level=error msg="failed to parse modifier" damage=1d6+99999999999999999999 error="strconv.Atoi: parsing \"99999999999999999999\": value out of range" function=parseDamageString
--- PASS: TestParseDamageString_Coverage (0.00s)
=== RUN   TestMin
=== RUN   TestMin/First_number_smaller
=== RUN   TestMin/Second_number_smaller
=== RUN   TestMin/Equal_numbers
=== RUN   TestMin/Zero_and_positive
=== RUN   TestMin/Negative_numbers
=== RUN   TestMin/Negative_and_positive
=== RUN   TestMin/Large_numbers
--- PASS: TestMin (0.00s)
    --- PASS: TestMin/First_number_smaller (0.00s)
    --- PASS: TestMin/Second_number_smaller (0.00s)
    --- PASS: TestMin/Equal_numbers (0.00s)
    --- PASS: TestMin/Zero_and_positive (0.00s)
    --- PASS: TestMin/Negative_numbers (0.00s)
    --- PASS: TestMin/Negative_and_positive (0.00s)
    --- PASS: TestMin/Large_numbers (0.00s)
=== RUN   TestIsStaticFileRequest
=== RUN   TestIsStaticFileRequest/HTML_file
time="2025-07-15T23:46:58-04:00" level=info msg="serving static file" extension=.html function=isStaticFileRequest path=/index.html
=== RUN   TestIsStaticFileRequest/Nested_HTML_file
time="2025-07-15T23:46:58-04:00" level=info msg="serving static file" extension=.html function=isStaticFileRequest path=/pages/about.html
=== RUN   TestIsStaticFileRequest/CSS_file
time="2025-07-15T23:46:58-04:00" level=info msg="serving static file" extension=.css function=isStaticFileRequest path=/styles/main.css
=== RUN   TestIsStaticFileRequest/JavaScript_file
time="2025-07-15T23:46:58-04:00" level=info msg="serving static file" extension=.js function=isStaticFileRequest path=/scripts/app.js
=== RUN   TestIsStaticFileRequest/JPEG_image
time="2025-07-15T23:46:58-04:00" level=info msg="serving static file" extension=.jpg function=isStaticFileRequest path=/images/photo.jpg
=== RUN   TestIsStaticFileRequest/PNG_image
time="2025-07-15T23:46:58-04:00" level=info msg="serving static file" extension=.png function=isStaticFileRequest path=/images/logo.png
=== RUN   TestIsStaticFileRequest/GIF_image
time="2025-07-15T23:46:58-04:00" level=info msg="serving static file" extension=.gif function=isStaticFileRequest path=/images/animation.gif
=== RUN   TestIsStaticFileRequest/SVG_image
time="2025-07-15T23:46:58-04:00" level=info msg="serving static file" extension=.svg function=isStaticFileRequest path=/icons/arrow.svg
=== RUN   TestIsStaticFileRequest/ICO_file
time="2025-07-15T23:46:58-04:00" level=info msg="serving static file" extension=.ico function=isStaticFileRequest path=/favicon.ico
=== RUN   TestIsStaticFileRequest/WOFF_font
time="2025-07-15T23:46:58-04:00" level=info msg="serving static file" extension=.woff function=isStaticFileRequest path=/fonts/arial.woff
=== RUN   TestIsStaticFileRequest/WOFF2_font
time="2025-07-15T23:46:58-04:00" level=info msg="serving static file" extension=.woff2 function=isStaticFileRequest path=/fonts/arial.woff2
=== RUN   TestIsStaticFileRequest/TTF_font
time="2025-07-15T23:46:58-04:00" level=info msg="serving static file" extension=.ttf function=isStaticFileRequest path=/fonts/arial.ttf
=== RUN   TestIsStaticFileRequest/EOT_font
time="2025-07-15T23:46:58-04:00" level=info msg="serving static file" extension=.eot function=isStaticFileRequest path=/fonts/arial.eot
=== RUN   TestIsStaticFileRequest/API_endpoint
=== RUN   TestIsStaticFileRequest/Root_path
=== RUN   TestIsStaticFileRequest/Path_without_extension
=== RUN   TestIsStaticFileRequest/Unknown_extension
=== RUN   TestIsStaticFileRequest/Text_file
=== RUN   TestIsStaticFileRequest/Empty_path
=== RUN   TestIsStaticFileRequest/Uppercase_extension
=== RUN   TestIsStaticFileRequest/Mixed_case_extension
=== RUN   TestIsStaticFileRequest/Multiple_dots_in_filename
time="2025-07-15T23:46:58-04:00" level=info msg="serving static file" extension=.js function=isStaticFileRequest path=/file.min.js
=== RUN   TestIsStaticFileRequest/Hidden_file_with_extension
time="2025-07-15T23:46:58-04:00" level=info msg="serving static file" extension=.html function=isStaticFileRequest path=/.htaccess.html
=== RUN   TestIsStaticFileRequest/File_in_deep_path
time="2025-07-15T23:46:58-04:00" level=info msg="serving static file" extension=.css function=isStaticFileRequest path=/very/deep/nested/path/file.css
--- PASS: TestIsStaticFileRequest (0.00s)
    --- PASS: TestIsStaticFileRequest/HTML_file (0.00s)
    --- PASS: TestIsStaticFileRequest/Nested_HTML_file (0.00s)
    --- PASS: TestIsStaticFileRequest/CSS_file (0.00s)
    --- PASS: TestIsStaticFileRequest/JavaScript_file (0.00s)
    --- PASS: TestIsStaticFileRequest/JPEG_image (0.00s)
    --- PASS: TestIsStaticFileRequest/PNG_image (0.00s)
    --- PASS: TestIsStaticFileRequest/GIF_image (0.00s)
    --- PASS: TestIsStaticFileRequest/SVG_image (0.00s)
    --- PASS: TestIsStaticFileRequest/ICO_file (0.00s)
    --- PASS: TestIsStaticFileRequest/WOFF_font (0.00s)
    --- PASS: TestIsStaticFileRequest/WOFF2_font (0.00s)
    --- PASS: TestIsStaticFileRequest/TTF_font (0.00s)
    --- PASS: TestIsStaticFileRequest/EOT_font (0.00s)
    --- PASS: TestIsStaticFileRequest/API_endpoint (0.00s)
    --- PASS: TestIsStaticFileRequest/Root_path (0.00s)
    --- PASS: TestIsStaticFileRequest/Path_without_extension (0.00s)
    --- PASS: TestIsStaticFileRequest/Unknown_extension (0.00s)
    --- PASS: TestIsStaticFileRequest/Text_file (0.00s)
    --- PASS: TestIsStaticFileRequest/Empty_path (0.00s)
    --- PASS: TestIsStaticFileRequest/Uppercase_extension (0.00s)
    --- PASS: TestIsStaticFileRequest/Mixed_case_extension (0.00s)
    --- PASS: TestIsStaticFileRequest/Multiple_dots_in_filename (0.00s)
    --- PASS: TestIsStaticFileRequest/Hidden_file_with_extension (0.00s)
    --- PASS: TestIsStaticFileRequest/File_in_deep_path (0.00s)
=== RUN   TestIsStaticFileRequest_AllExtensions
=== RUN   TestIsStaticFileRequest_AllExtensions/Extension_.html
time="2025-07-15T23:46:58-04:00" level=info msg="serving static file" extension=.html function=isStaticFileRequest path=/test.html
=== RUN   TestIsStaticFileRequest_AllExtensions/Extension_.css
time="2025-07-15T23:46:58-04:00" level=info msg="serving static file" extension=.css function=isStaticFileRequest path=/test.css
=== RUN   TestIsStaticFileRequest_AllExtensions/Extension_.js
time="2025-07-15T23:46:58-04:00" level=info msg="serving static file" extension=.js function=isStaticFileRequest path=/test.js
=== RUN   TestIsStaticFileRequest_AllExtensions/Extension_.jpg
time="2025-07-15T23:46:58-04:00" level=info msg="serving static file" extension=.jpg function=isStaticFileRequest path=/test.jpg
=== RUN   TestIsStaticFileRequest_AllExtensions/Extension_.jpeg
time="2025-07-15T23:46:58-04:00" level=info msg="serving static file" extension=.jpeg function=isStaticFileRequest path=/test.jpeg
=== RUN   TestIsStaticFileRequest_AllExtensions/Extension_.png
time="2025-07-15T23:46:58-04:00" level=info msg="serving static file" extension=.png function=isStaticFileRequest path=/test.png
=== RUN   TestIsStaticFileRequest_AllExtensions/Extension_.gif
time="2025-07-15T23:46:58-04:00" level=info msg="serving static file" extension=.gif function=isStaticFileRequest path=/test.gif
=== RUN   TestIsStaticFileRequest_AllExtensions/Extension_.svg
time="2025-07-15T23:46:58-04:00" level=info msg="serving static file" extension=.svg function=isStaticFileRequest path=/test.svg
=== RUN   TestIsStaticFileRequest_AllExtensions/Extension_.ico
time="2025-07-15T23:46:58-04:00" level=info msg="serving static file" extension=.ico function=isStaticFileRequest path=/test.ico
=== RUN   TestIsStaticFileRequest_AllExtensions/Extension_.woff
time="2025-07-15T23:46:58-04:00" level=info msg="serving static file" extension=.woff function=isStaticFileRequest path=/test.woff
=== RUN   TestIsStaticFileRequest_AllExtensions/Extension_.woff2
time="2025-07-15T23:46:58-04:00" level=info msg="serving static file" extension=.woff2 function=isStaticFileRequest path=/test.woff2
=== RUN   TestIsStaticFileRequest_AllExtensions/Extension_.ttf
time="2025-07-15T23:46:58-04:00" level=info msg="serving static file" extension=.ttf function=isStaticFileRequest path=/test.ttf
=== RUN   TestIsStaticFileRequest_AllExtensions/Extension_.eot
time="2025-07-15T23:46:58-04:00" level=info msg="serving static file" extension=.eot function=isStaticFileRequest path=/test.eot
--- PASS: TestIsStaticFileRequest_AllExtensions (0.00s)
    --- PASS: TestIsStaticFileRequest_AllExtensions/Extension_.html (0.00s)
    --- PASS: TestIsStaticFileRequest_AllExtensions/Extension_.css (0.00s)
    --- PASS: TestIsStaticFileRequest_AllExtensions/Extension_.js (0.00s)
    --- PASS: TestIsStaticFileRequest_AllExtensions/Extension_.jpg (0.00s)
    --- PASS: TestIsStaticFileRequest_AllExtensions/Extension_.jpeg (0.00s)
    --- PASS: TestIsStaticFileRequest_AllExtensions/Extension_.png (0.00s)
    --- PASS: TestIsStaticFileRequest_AllExtensions/Extension_.gif (0.00s)
    --- PASS: TestIsStaticFileRequest_AllExtensions/Extension_.svg (0.00s)
    --- PASS: TestIsStaticFileRequest_AllExtensions/Extension_.ico (0.00s)
    --- PASS: TestIsStaticFileRequest_AllExtensions/Extension_.woff (0.00s)
    --- PASS: TestIsStaticFileRequest_AllExtensions/Extension_.woff2 (0.00s)
    --- PASS: TestIsStaticFileRequest_AllExtensions/Extension_.ttf (0.00s)
    --- PASS: TestIsStaticFileRequest_AllExtensions/Extension_.eot (0.00s)
=== RUN   TestNewResponse
=== RUN   TestNewResponse/string_id_and_result
=== RUN   TestNewResponse/numeric_id_with_map_result
=== RUN   TestNewResponse/nil_id_with_slice_result
=== RUN   TestNewResponse/float_id_with_nil_result
=== RUN   TestNewResponse/complex_object_result
--- PASS: TestNewResponse (0.00s)
    --- PASS: TestNewResponse/string_id_and_result (0.00s)
    --- PASS: TestNewResponse/numeric_id_with_map_result (0.00s)
    --- PASS: TestNewResponse/nil_id_with_slice_result (0.00s)
    --- PASS: TestNewResponse/float_id_with_nil_result (0.00s)
    --- PASS: TestNewResponse/complex_object_result (0.00s)
=== RUN   TestNewErrorResponse
=== RUN   TestNewErrorResponse/simple_error_with_string_id
=== RUN   TestNewErrorResponse/error_with_numeric_id
=== RUN   TestNewErrorResponse/error_with_nil_id
=== RUN   TestNewErrorResponse/empty_error_message
--- PASS: TestNewErrorResponse (0.00s)
    --- PASS: TestNewErrorResponse/simple_error_with_string_id (0.00s)
    --- PASS: TestNewErrorResponse/error_with_numeric_id (0.00s)
    --- PASS: TestNewErrorResponse/error_with_nil_id (0.00s)
    --- PASS: TestNewErrorResponse/empty_error_message (0.00s)
=== RUN   TestNewResponseJSONSerialization
--- PASS: TestNewResponseJSONSerialization (0.00s)
=== RUN   TestNewErrorResponseJSONSerialization
--- PASS: TestNewErrorResponseJSONSerialization (0.00s)
=== RUN   TestRPCRequestStructure
=== RUN   TestRPCRequestStructure/valid_complete_request
=== RUN   TestRPCRequestStructure/request_without_params
=== RUN   TestRPCRequestStructure/request_with_null_id
=== RUN   TestRPCRequestStructure/invalid_json
--- PASS: TestRPCRequestStructure (0.00s)
    --- PASS: TestRPCRequestStructure/valid_complete_request (0.00s)
    --- PASS: TestRPCRequestStructure/request_without_params (0.00s)
    --- PASS: TestRPCRequestStructure/request_with_null_id (0.00s)
    --- PASS: TestRPCRequestStructure/invalid_json (0.00s)
=== RUN   TestWSConnectionStructure
--- PASS: TestWSConnectionStructure (0.00s)
=== RUN   TestUpgraderConfiguration
time="2025-07-15T23:46:58-04:00" level=warning msg="WebSocket connection rejected: origin not allowed" allowedOrigins="[http://localhost:8080 https://localhost:8080 http://127.0.0.1:8080 https://127.0.0.1:8080]" origin="https://malicious.site"
--- PASS: TestUpgraderConfiguration (0.00s)
=== RUN   TestRPCRequestMarshalUnmarshal
--- PASS: TestRPCRequestMarshalUnmarshal (0.00s)
=== RUN   TestNewResponseEdgeCases
--- PASS: TestNewResponseEdgeCases (0.00s)
=== RUN   TestNewErrorResponseEdgeCases
--- PASS: TestNewErrorResponseEdgeCases (0.00s)
=== RUN   TestGetAllowedOrigins
--- PASS: TestGetAllowedOrigins (0.00s)
=== RUN   TestIsOriginAllowed
=== RUN   TestIsOriginAllowed/allowed_origin
=== RUN   TestIsOriginAllowed/localhost_allowed
=== RUN   TestIsOriginAllowed/subdomain_allowed
=== RUN   TestIsOriginAllowed/disallowed_origin
=== RUN   TestIsOriginAllowed/case_sensitive
=== RUN   TestIsOriginAllowed/empty_origin
--- PASS: TestIsOriginAllowed (0.00s)
    --- PASS: TestIsOriginAllowed/allowed_origin (0.00s)
    --- PASS: TestIsOriginAllowed/localhost_allowed (0.00s)
    --- PASS: TestIsOriginAllowed/subdomain_allowed (0.00s)
    --- PASS: TestIsOriginAllowed/disallowed_origin (0.00s)
    --- PASS: TestIsOriginAllowed/case_sensitive (0.00s)
    --- PASS: TestIsOriginAllowed/empty_origin (0.00s)
=== RUN   TestGetSessionSafely_TOCTOU
--- PASS: TestGetSessionSafely_TOCTOU (0.00s)
=== RUN   TestGetSessionSafely_ValidSession
--- PASS: TestGetSessionSafely_ValidSession (0.00s)
=== RUN   TestGetSessionSafely_InvalidSession
--- PASS: TestGetSessionSafely_InvalidSession (0.00s)
=== RUN   TestGetSessionSafely_EmptySessionID
--- PASS: TestGetSessionSafely_EmptySessionID (0.00s)
=== RUN   TestGetSessionSafely_NoWebSocketConnection
--- PASS: TestGetSessionSafely_NoWebSocketConnection (0.00s)
PASS
ok  	goldbox-rpg/pkg/server	1.133s
=== RUN   TestFindUntestedFiles_EmptyDirectory_ReturnsEmptySlice
--- PASS: TestFindUntestedFiles_EmptyDirectory_ReturnsEmptySlice (0.00s)
=== RUN   TestFindUntestedFiles_NonexistentDirectory_ReturnsError
--- PASS: TestFindUntestedFiles_NonexistentDirectory_ReturnsError (0.00s)
=== RUN   TestFindUntestedFiles_OnlyTestFiles_ReturnsEmptySlice
--- PASS: TestFindUntestedFiles_OnlyTestFiles_ReturnsEmptySlice (0.00s)
=== RUN   TestFindUntestedFiles_SourceWithoutTests_ReturnsUntestedFiles
--- PASS: TestFindUntestedFiles_SourceWithoutTests_ReturnsUntestedFiles (0.00s)
=== RUN   TestFindUntestedFiles_MixedFiles_ReturnsOnlyUntested
--- PASS: TestFindUntestedFiles_MixedFiles_ReturnsOnlyUntested (0.00s)
=== RUN   TestFindUntestedFiles_MainGoFiles_ExcludesMainFiles
--- PASS: TestFindUntestedFiles_MainGoFiles_ExcludesMainFiles (0.00s)
=== RUN   TestFindUntestedFiles_NestedDirectories_TraversesRecursively
--- PASS: TestFindUntestedFiles_NestedDirectories_TraversesRecursively (0.00s)
=== RUN   TestFindUntestedFiles_NonGoFiles_IgnoresNonGoFiles
--- PASS: TestFindUntestedFiles_NonGoFiles_IgnoresNonGoFiles (0.00s)
=== RUN   TestFindUntestedFiles_ResultsSorted_ReturnsAlphabeticallySortedResults
--- PASS: TestFindUntestedFiles_ResultsSorted_ReturnsAlphabeticallySortedResults (0.00s)
=== RUN   TestFindUntestedFiles_EdgeCases_TableDriven
=== RUN   TestFindUntestedFiles_EdgeCases_TableDriven/EmptyFileNames
=== RUN   TestFindUntestedFiles_EdgeCases_TableDriven/OnlyTestFiles
=== RUN   TestFindUntestedFiles_EdgeCases_TableDriven/OnlyMainFiles
=== RUN   TestFindUntestedFiles_EdgeCases_TableDriven/MixedScenario
--- PASS: TestFindUntestedFiles_EdgeCases_TableDriven (0.00s)
    --- PASS: TestFindUntestedFiles_EdgeCases_TableDriven/EmptyFileNames (0.00s)
    --- PASS: TestFindUntestedFiles_EdgeCases_TableDriven/OnlyTestFiles (0.00s)
    --- PASS: TestFindUntestedFiles_EdgeCases_TableDriven/OnlyMainFiles (0.00s)
    --- PASS: TestFindUntestedFiles_EdgeCases_TableDriven/MixedScenario (0.00s)
PASS
ok  	goldbox-rpg/scripts	(cached)
